OpenJDK 64-Bit Server VM (25.312-b07) for linux-amd64 JRE (1.8.0_312-8u312-b07-0ubuntu1~18.04-b07), built on Nov  3 2021 13:54:59 by "buildd" with gcc 7.5.0
Memory: 4k page, physical 164941188k(114177908k free), swap 3145724k(3145724k free)
CommandLine flags: -XX:+AlwaysPreTouch -XX:+CMSClassUnloadingEnabled -XX:+CMSEdenChunksRecordAlways -XX:CMSInitiatingOccupancyFraction=75 -XX:+CMSParallelInitialMarkEnabled -XX:+CMSParallelRemarkEnabled -XX:CMSWaitDuration=10000 -XX:CompileCommandFile=/tmp/dtest-qai5g6wo/test/node1/conf/hotspot_compiler -XX:GCLogFileSize=10485760 -XX:+HeapDumpOnOutOfMemoryError -XX:InitialHeapSize=524288000 -XX:InitialTenuringThreshold=1 -XX:+ManagementServer -XX:MaxHeapSize=524288000 -XX:MaxNewSize=52428800 -XX:MaxTenuringThreshold=1 -XX:NewSize=52428800 -XX:NumberOfGCLogFiles=10 -XX:OldPLABSize=16 -XX:OnOutOfMemoryError=kill -9 %p -XX:-PerfDisableSharedMem -XX:+PrintGC -XX:+PrintGCApplicationStoppedTime -XX:+PrintGCDateStamps -XX:+PrintGCDetails -XX:+PrintGCTimeStamps -XX:+PrintHeapAtGC -XX:+PrintPromotionFailure -XX:+PrintTenuringDistribution -XX:+ResizeTLAB -XX:SurvivorRatio=8 -XX:ThreadPriorityPolicy=42 -XX:ThreadStackSize=256 -XX:-UseBiasedLocking -XX:+UseCMSInitiatingOccupancyOnly -XX:+UseCompressedClassPointers -XX:+UseCompressedOops -XX:+UseConcMarkSweepGC -XX:+UseCondCardMark -XX:+UseGCLogFileRotation -XX:-UseNUMA -XX:+UseParNewGC -XX:+UseTLAB -XX:+UseThreadPriorities 
2022-02-08T17:25:46.024+0000: 0.546: Total time for which application threads were stopped: 0.0002271 seconds, Stopping threads took: 0.0000438 seconds
2022-02-08T17:25:46.087+0000: 0.609: Total time for which application threads were stopped: 0.0002087 seconds, Stopping threads took: 0.0000324 seconds
{Heap before GC invocations=0 (full 0):
 par new generation   total 46080K, used 40960K [0x00000000e0c00000, 0x00000000e3e00000, 0x00000000e3e00000)
  eden space 40960K, 100% used [0x00000000e0c00000, 0x00000000e3400000, 0x00000000e3400000)
  from space 5120K,   0% used [0x00000000e3400000, 0x00000000e3400000, 0x00000000e3900000)
  to   space 5120K,   0% used [0x00000000e3900000, 0x00000000e3900000, 0x00000000e3e00000)
 concurrent mark-sweep generation total 460800K, used 0K [0x00000000e3e00000, 0x0000000100000000, 0x0000000100000000)
 Metaspace       used 12565K, capacity 12710K, committed 13056K, reserved 1060864K
  class space    used 1434K, capacity 1485K, committed 1536K, reserved 1048576K
2022-02-08T17:25:46.402+0000: 0.924: [GC (Allocation Failure) 2022-02-08T17:25:46.402+0000: 0.924: [ParNew
Desired survivor size 2621440 bytes, new threshold 1 (max 1)
- age   1:    5115616 bytes,    5115616 total
: 40960K->5119K(46080K), 0.0097606 secs] 40960K->5575K(506880K), 0.0098704 secs] [Times: user=0.13 sys=0.00, real=0.01 secs] 
Heap after GC invocations=1 (full 0):
 par new generation   total 46080K, used 5119K [0x00000000e0c00000, 0x00000000e3e00000, 0x00000000e3e00000)
  eden space 40960K,   0% used [0x00000000e0c00000, 0x00000000e0c00000, 0x00000000e3400000)
  from space 5120K,  99% used [0x00000000e3900000, 0x00000000e3dffff8, 0x00000000e3e00000)
  to   space 5120K,   0% used [0x00000000e3400000, 0x00000000e3400000, 0x00000000e3900000)
 concurrent mark-sweep generation total 460800K, used 455K [0x00000000e3e00000, 0x0000000100000000, 0x0000000100000000)
 Metaspace       used 12565K, capacity 12710K, committed 13056K, reserved 1060864K
  class space    used 1434K, capacity 1485K, committed 1536K, reserved 1048576K
}
2022-02-08T17:25:46.412+0000: 0.934: Total time for which application threads were stopped: 0.0102811 seconds, Stopping threads took: 0.0000373 seconds
2022-02-08T17:25:46.492+0000: 1.014: Total time for which application threads were stopped: 0.0003210 seconds, Stopping threads took: 0.0000240 seconds
2022-02-08T17:25:46.537+0000: 1.059: Total time for which application threads were stopped: 0.0001932 seconds, Stopping threads took: 0.0000194 seconds
2022-02-08T17:25:46.625+0000: 1.147: Total time for which application threads were stopped: 0.0006324 seconds, Stopping threads took: 0.0000456 seconds
2022-02-08T17:25:46.626+0000: 1.147: Total time for which application threads were stopped: 0.0001279 seconds, Stopping threads took: 0.0000206 seconds
2022-02-08T17:25:46.634+0000: 1.156: Total time for which application threads were stopped: 0.0001725 seconds, Stopping threads took: 0.0000279 seconds
2022-02-08T17:25:46.668+0000: 1.190: Total time for which application threads were stopped: 0.0002368 seconds, Stopping threads took: 0.0000348 seconds
2022-02-08T17:25:46.708+0000: 1.230: Total time for which application threads were stopped: 0.0002486 seconds, Stopping threads took: 0.0000324 seconds
2022-02-08T17:25:46.770+0000: 1.292: Total time for which application threads were stopped: 0.0003469 seconds, Stopping threads took: 0.0000320 seconds
2022-02-08T17:25:46.808+0000: 1.330: Total time for which application threads were stopped: 0.0003132 seconds, Stopping threads took: 0.0000251 seconds
{Heap before GC invocations=1 (full 0):
 par new generation   total 46080K, used 46079K [0x00000000e0c00000, 0x00000000e3e00000, 0x00000000e3e00000)
  eden space 40960K, 100% used [0x00000000e0c00000, 0x00000000e3400000, 0x00000000e3400000)
  from space 5120K,  99% used [0x00000000e3900000, 0x00000000e3dffff8, 0x00000000e3e00000)
  to   space 5120K,   0% used [0x00000000e3400000, 0x00000000e3400000, 0x00000000e3900000)
 concurrent mark-sweep generation total 460800K, used 455K [0x00000000e3e00000, 0x0000000100000000, 0x0000000100000000)
 Metaspace       used 19242K, capacity 19488K, committed 19840K, reserved 1067008K
  class space    used 2251K, capacity 2360K, committed 2432K, reserved 1048576K
2022-02-08T17:25:46.847+0000: 1.369: [GC (Allocation Failure) 2022-02-08T17:25:46.847+0000: 1.369: [ParNew
Desired survivor size 2621440 bytes, new threshold 1 (max 1)
- age   1:    4089368 bytes,    4089368 total
: 46079K->5119K(46080K), 0.0479194 secs] 46535K->9395K(506880K), 0.0480774 secs] [Times: user=0.37 sys=0.03, real=0.04 secs] 
Heap after GC invocations=2 (full 0):
 par new generation   total 46080K, used 5119K [0x00000000e0c00000, 0x00000000e3e00000, 0x00000000e3e00000)
  eden space 40960K,   0% used [0x00000000e0c00000, 0x00000000e0c00000, 0x00000000e3400000)
  from space 5120K,  99% used [0x00000000e3400000, 0x00000000e38ffff8, 0x00000000e3900000)
  to   space 5120K,   0% used [0x00000000e3900000, 0x00000000e3900000, 0x00000000e3e00000)
 concurrent mark-sweep generation total 460800K, used 4275K [0x00000000e3e00000, 0x0000000100000000, 0x0000000100000000)
 Metaspace       used 19242K, capacity 19488K, committed 19840K, reserved 1067008K
  class space    used 2251K, capacity 2360K, committed 2432K, reserved 1048576K
}
2022-02-08T17:25:46.895+0000: 1.417: Total time for which application threads were stopped: 0.0483097 seconds, Stopping threads took: 0.0000240 seconds
2022-02-08T17:25:46.966+0000: 1.487: Total time for which application threads were stopped: 0.0004237 seconds, Stopping threads took: 0.0000525 seconds
2022-02-08T17:25:47.048+0000: 1.570: Total time for which application threads were stopped: 0.0003341 seconds, Stopping threads took: 0.0000216 seconds
2022-02-08T17:25:47.065+0000: 1.587: Total time for which application threads were stopped: 0.0002033 seconds, Stopping threads took: 0.0000173 seconds
2022-02-08T17:25:47.087+0000: 1.609: Total time for which application threads were stopped: 0.0001934 seconds, Stopping threads took: 0.0000106 seconds
2022-02-08T17:25:47.117+0000: 1.639: Total time for which application threads were stopped: 0.0003922 seconds, Stopping threads took: 0.0000594 seconds
2022-02-08T17:25:47.135+0000: 1.657: Total time for which application threads were stopped: 0.0001536 seconds, Stopping threads took: 0.0000173 seconds
2022-02-08T17:25:47.155+0000: 1.677: Total time for which application threads were stopped: 0.0002601 seconds, Stopping threads took: 0.0000481 seconds
2022-02-08T17:25:47.203+0000: 1.724: Total time for which application threads were stopped: 0.0003432 seconds, Stopping threads took: 0.0000294 seconds
2022-02-08T17:25:47.212+0000: 1.734: Total time for which application threads were stopped: 0.0001811 seconds, Stopping threads took: 0.0000232 seconds
2022-02-08T17:25:47.222+0000: 1.744: Total time for which application threads were stopped: 0.0002971 seconds, Stopping threads took: 0.0000247 seconds
2022-02-08T17:25:47.223+0000: 1.745: Total time for which application threads were stopped: 0.0003637 seconds, Stopping threads took: 0.0000247 seconds
2022-02-08T17:25:47.235+0000: 1.757: Total time for which application threads were stopped: 0.0002759 seconds, Stopping threads took: 0.0000262 seconds
2022-02-08T17:25:47.245+0000: 1.767: Total time for which application threads were stopped: 0.0003271 seconds, Stopping threads took: 0.0000389 seconds
2022-02-08T17:25:47.271+0000: 1.793: Total time for which application threads were stopped: 0.0004246 seconds, Stopping threads took: 0.0000760 seconds
2022-02-08T17:25:47.273+0000: 1.795: Total time for which application threads were stopped: 0.0003688 seconds, Stopping threads took: 0.0000314 seconds
2022-02-08T17:25:47.283+0000: 1.805: Total time for which application threads were stopped: 0.0003152 seconds, Stopping threads took: 0.0000509 seconds
2022-02-08T17:25:47.316+0000: 1.838: Total time for which application threads were stopped: 0.0003116 seconds, Stopping threads took: 0.0000183 seconds
2022-02-08T17:25:47.349+0000: 1.871: Total time for which application threads were stopped: 0.0002378 seconds, Stopping threads took: 0.0000348 seconds
2022-02-08T17:25:47.384+0000: 1.906: Total time for which application threads were stopped: 0.0003938 seconds, Stopping threads took: 0.0000314 seconds
2022-02-08T17:25:47.390+0000: 1.912: Total time for which application threads were stopped: 0.0002942 seconds, Stopping threads took: 0.0000278 seconds
2022-02-08T17:25:47.413+0000: 1.935: Total time for which application threads were stopped: 0.0003001 seconds, Stopping threads took: 0.0000295 seconds
{Heap before GC invocations=2 (full 0):
 par new generation   total 46080K, used 46079K [0x00000000e0c00000, 0x00000000e3e00000, 0x00000000e3e00000)
  eden space 40960K, 100% used [0x00000000e0c00000, 0x00000000e3400000, 0x00000000e3400000)
  from space 5120K,  99% used [0x00000000e3400000, 0x00000000e38ffff8, 0x00000000e3900000)
  to   space 5120K,   0% used [0x00000000e3900000, 0x00000000e3900000, 0x00000000e3e00000)
 concurrent mark-sweep generation total 460800K, used 4275K [0x00000000e3e00000, 0x0000000100000000, 0x0000000100000000)
 Metaspace       used 25791K, capacity 26116K, committed 26276K, reserved 1073152K
  class space    used 2997K, capacity 3128K, committed 3144K, reserved 1048576K
2022-02-08T17:25:47.443+0000: 1.964: [GC (Allocation Failure) 2022-02-08T17:25:47.443+0000: 1.964: [ParNew
Desired survivor size 2621440 bytes, new threshold 1 (max 1)
- age   1:    4709048 bytes,    4709048 total
: 46079K->5119K(46080K), 0.0129298 secs] 50355K->12046K(506880K), 0.0129941 secs] [Times: user=0.16 sys=0.01, real=0.01 secs] 
Heap after GC invocations=3 (full 0):
 par new generation   total 46080K, used 5119K [0x00000000e0c00000, 0x00000000e3e00000, 0x00000000e3e00000)
  eden space 40960K,   0% used [0x00000000e0c00000, 0x00000000e0c00000, 0x00000000e3400000)
  from space 5120K,  99% used [0x00000000e3900000, 0x00000000e3dffff8, 0x00000000e3e00000)
  to   space 5120K,   0% used [0x00000000e3400000, 0x00000000e3400000, 0x00000000e3900000)
 concurrent mark-sweep generation total 460800K, used 6926K [0x00000000e3e00000, 0x0000000100000000, 0x0000000100000000)
 Metaspace       used 25791K, capacity 26116K, committed 26276K, reserved 1073152K
  class space    used 2997K, capacity 3128K, committed 3144K, reserved 1048576K
}
2022-02-08T17:25:47.456+0000: 1.978: Total time for which application threads were stopped: 0.0138814 seconds, Stopping threads took: 0.0006752 seconds
2022-02-08T17:25:47.456+0000: 1.978: [GC (CMS Initial Mark) [1 CMS-initial-mark: 6926K(460800K)] 12046K(506880K), 0.0011213 secs] [Times: user=0.01 sys=0.00, real=0.00 secs] 
2022-02-08T17:25:47.457+0000: 1.979: Total time for which application threads were stopped: 0.0012503 seconds, Stopping threads took: 0.0000493 seconds
2022-02-08T17:25:47.457+0000: 1.979: [CMS-concurrent-mark-start]
2022-02-08T17:25:47.458+0000: 1.979: Total time for which application threads were stopped: 0.0002451 seconds, Stopping threads took: 0.0000252 seconds
2022-02-08T17:25:47.463+0000: 1.985: [CMS-concurrent-mark: 0.005/0.006 secs] [Times: user=0.05 sys=0.00, real=0.01 secs] 
2022-02-08T17:25:47.464+0000: 1.985: [CMS-concurrent-preclean-start]
2022-02-08T17:25:47.464+0000: 1.986: [CMS-concurrent-preclean: 0.001/0.001 secs] [Times: user=0.00 sys=0.00, real=0.00 secs] 
2022-02-08T17:25:47.467+0000: 1.988: [GC (CMS Final Remark) [YG occupancy: 6706 K (46080 K)]2022-02-08T17:25:47.467+0000: 1.988: [Rescan (parallel) , 0.0018169 secs]2022-02-08T17:25:47.468+0000: 1.990: [weak refs processing, 0.0002098 secs]2022-02-08T17:25:47.469+0000: 1.990: [class unloading, 0.0044728 secs]2022-02-08T17:25:47.473+0000: 1.995: [scrub symbol table, 0.0032535 secs]2022-02-08T17:25:47.476+0000: 1.998: [scrub string table, 0.0004889 secs][1 CMS-remark: 6926K(460800K)] 13633K(506880K), 0.0104242 secs] [Times: user=0.02 sys=0.00, real=0.00 secs] 
2022-02-08T17:25:47.477+0000: 1.999: Total time for which application threads were stopped: 0.0126332 seconds, Stopping threads took: 0.0021028 seconds
2022-02-08T17:25:47.477+0000: 1.999: [CMS-concurrent-sweep-start]
2022-02-08T17:25:47.481+0000: 2.003: [CMS-concurrent-sweep: 0.004/0.004 secs] [Times: user=0.01 sys=0.00, real=0.01 secs] 
2022-02-08T17:25:47.481+0000: 2.003: [CMS-concurrent-reset-start]
2022-02-08T17:25:47.482+0000: 2.004: [CMS-concurrent-reset: 0.001/0.001 secs] [Times: user=0.00 sys=0.00, real=0.00 secs] 
2022-02-08T17:25:47.952+0000: 2.474: Total time for which application threads were stopped: 0.0016149 seconds, Stopping threads took: 0.0000646 seconds
{Heap before GC invocations=3 (full 1):
 par new generation   total 46080K, used 46079K [0x00000000e0c00000, 0x00000000e3e00000, 0x00000000e3e00000)
  eden space 40960K, 100% used [0x00000000e0c00000, 0x00000000e3400000, 0x00000000e3400000)
  from space 5120K,  99% used [0x00000000e3900000, 0x00000000e3dffff8, 0x00000000e3e00000)
  to   space 5120K,   0% used [0x00000000e3400000, 0x00000000e3400000, 0x00000000e3900000)
 concurrent mark-sweep generation total 460800K, used 5140K [0x00000000e3e00000, 0x0000000100000000, 0x0000000100000000)
 Metaspace       used 30608K, capacity 31320K, committed 31628K, reserved 1077248K
  class space    used 3535K, capacity 3730K, committed 3784K, reserved 1048576K
2022-02-08T17:25:48.186+0000: 2.708: [GC (Allocation Failure) 2022-02-08T17:25:48.187+0000: 2.708: [ParNew
Desired survivor size 2621440 bytes, new threshold 1 (max 1)
- age   1:    5235600 bytes,    5235600 total
: 46079K->5120K(46080K), 0.0372753 secs] 51220K->18052K(506880K), 0.0373852 secs] [Times: user=0.27 sys=0.01, real=0.04 secs] 
Heap after GC invocations=4 (full 1):
 par new generation   total 46080K, used 5120K [0x00000000e0c00000, 0x00000000e3e00000, 0x00000000e3e00000)
  eden space 40960K,   0% used [0x00000000e0c00000, 0x00000000e0c00000, 0x00000000e3400000)
  from space 5120K, 100% used [0x00000000e3400000, 0x00000000e3900000, 0x00000000e3900000)
  to   space 5120K,   0% used [0x00000000e3900000, 0x00000000e3900000, 0x00000000e3e00000)
 concurrent mark-sweep generation total 460800K, used 12932K [0x00000000e3e00000, 0x0000000100000000, 0x0000000100000000)
 Metaspace       used 30608K, capacity 31320K, committed 31628K, reserved 1077248K
  class space    used 3535K, capacity 3730K, committed 3784K, reserved 1048576K
}
2022-02-08T17:25:48.224+0000: 2.746: Total time for which application threads were stopped: 0.0377715 seconds, Stopping threads took: 0.0000666 seconds
{Heap before GC invocations=4 (full 1):
 par new generation   total 46080K, used 46080K [0x00000000e0c00000, 0x00000000e3e00000, 0x00000000e3e00000)
  eden space 40960K, 100% used [0x00000000e0c00000, 0x00000000e3400000, 0x00000000e3400000)
  from space 5120K, 100% used [0x00000000e3400000, 0x00000000e3900000, 0x00000000e3900000)
  to   space 5120K,   0% used [0x00000000e3900000, 0x00000000e3900000, 0x00000000e3e00000)
 concurrent mark-sweep generation total 460800K, used 12932K [0x00000000e3e00000, 0x0000000100000000, 0x0000000100000000)
 Metaspace       used 30630K, capacity 31320K, committed 31628K, reserved 1077248K
  class space    used 3536K, capacity 3730K, committed 3784K, reserved 1048576K
2022-02-08T17:25:48.413+0000: 2.934: [GC (Allocation Failure) 2022-02-08T17:25:48.413+0000: 2.934: [ParNew
Desired survivor size 2621440 bytes, new threshold 1 (max 1)
- age   1:    3007648 bytes,    3007648 total
: 46080K->5120K(46080K), 0.0180826 secs] 59012K->23792K(506880K), 0.0182003 secs] [Times: user=0.23 sys=0.00, real=0.02 secs] 
Heap after GC invocations=5 (full 1):
 par new generation   total 46080K, used 5120K [0x00000000e0c00000, 0x00000000e3e00000, 0x00000000e3e00000)
  eden space 40960K,   0% used [0x00000000e0c00000, 0x00000000e0c00000, 0x00000000e3400000)
  from space 5120K, 100% used [0x00000000e3900000, 0x00000000e3e00000, 0x00000000e3e00000)
  to   space 5120K,   0% used [0x00000000e3400000, 0x00000000e3400000, 0x00000000e3900000)
 concurrent mark-sweep generation total 460800K, used 18672K [0x00000000e3e00000, 0x0000000100000000, 0x0000000100000000)
 Metaspace       used 30630K, capacity 31320K, committed 31628K, reserved 1077248K
  class space    used 3536K, capacity 3730K, committed 3784K, reserved 1048576K
}
2022-02-08T17:25:48.431+0000: 2.953: Total time for which application threads were stopped: 0.0184869 seconds, Stopping threads took: 0.0000434 seconds
{Heap before GC invocations=5 (full 1):
 par new generation   total 46080K, used 46080K [0x00000000e0c00000, 0x00000000e3e00000, 0x00000000e3e00000)
  eden space 40960K, 100% used [0x00000000e0c00000, 0x00000000e3400000, 0x00000000e3400000)
  from space 5120K, 100% used [0x00000000e3900000, 0x00000000e3e00000, 0x00000000e3e00000)
  to   space 5120K,   0% used [0x00000000e3400000, 0x00000000e3400000, 0x00000000e3900000)
 concurrent mark-sweep generation total 460800K, used 18672K [0x00000000e3e00000, 0x0000000100000000, 0x0000000100000000)
 Metaspace       used 30630K, capacity 31320K, committed 31628K, reserved 1077248K
  class space    used 3536K, capacity 3730K, committed 3784K, reserved 1048576K
2022-02-08T17:25:48.512+0000: 3.034: [GC (Allocation Failure) 2022-02-08T17:25:48.512+0000: 3.034: [ParNew
Desired survivor size 2621440 bytes, new threshold 1 (max 1)
- age   1:    2097376 bytes,    2097376 total
: 46080K->2372K(46080K), 0.0256835 secs] 64752K->23561K(506880K), 0.0257664 secs] [Times: user=0.54 sys=0.01, real=0.02 secs] 
Heap after GC invocations=6 (full 1):
 par new generation   total 46080K, used 2372K [0x00000000e0c00000, 0x00000000e3e00000, 0x00000000e3e00000)
  eden space 40960K,   0% used [0x00000000e0c00000, 0x00000000e0c00000, 0x00000000e3400000)
  from space 5120K,  46% used [0x00000000e3400000, 0x00000000e3651000, 0x00000000e3900000)
  to   space 5120K,   0% used [0x00000000e3900000, 0x00000000e3900000, 0x00000000e3e00000)
 concurrent mark-sweep generation total 460800K, used 21189K [0x00000000e3e00000, 0x0000000100000000, 0x0000000100000000)
 Metaspace       used 30630K, capacity 31320K, committed 31628K, reserved 1077248K
  class space    used 3536K, capacity 3730K, committed 3784K, reserved 1048576K
}
2022-02-08T17:25:48.538+0000: 3.060: Total time for which application threads were stopped: 0.0260329 seconds, Stopping threads took: 0.0000586 seconds
{Heap before GC invocations=6 (full 1):
 par new generation   total 46080K, used 43332K [0x00000000e0c00000, 0x00000000e3e00000, 0x00000000e3e00000)
  eden space 40960K, 100% used [0x00000000e0c00000, 0x00000000e3400000, 0x00000000e3400000)
  from space 5120K,  46% used [0x00000000e3400000, 0x00000000e3651000, 0x00000000e3900000)
  to   space 5120K,   0% used [0x00000000e3900000, 0x00000000e3900000, 0x00000000e3e00000)
 concurrent mark-sweep generation total 460800K, used 21189K [0x00000000e3e00000, 0x0000000100000000, 0x0000000100000000)
 Metaspace       used 30630K, capacity 31320K, committed 31628K, reserved 1077248K
  class space    used 3536K, capacity 3730K, committed 3784K, reserved 1048576K
2022-02-08T17:25:48.596+0000: 3.118: [GC (Allocation Failure) 2022-02-08T17:25:48.596+0000: 3.118: [ParNew
Desired survivor size 2621440 bytes, new threshold 1 (max 1)
- age   1:    4194416 bytes,    4194416 total
: 43332K->4144K(46080K), 0.0349210 secs] 64521K->25333K(506880K), 0.0350392 secs] [Times: user=0.97 sys=0.00, real=0.04 secs] 
Heap after GC invocations=7 (full 1):
 par new generation   total 46080K, used 4144K [0x00000000e0c00000, 0x00000000e3e00000, 0x00000000e3e00000)
  eden space 40960K,   0% used [0x00000000e0c00000, 0x00000000e0c00000, 0x00000000e3400000)
  from space 5120K,  80% used [0x00000000e3900000, 0x00000000e3d0c268, 0x00000000e3e00000)
  to   space 5120K,   0% used [0x00000000e3400000, 0x00000000e3400000, 0x00000000e3900000)
 concurrent mark-sweep generation total 460800K, used 21189K [0x00000000e3e00000, 0x0000000100000000, 0x0000000100000000)
 Metaspace       used 30630K, capacity 31320K, committed 31628K, reserved 1077248K
  class space    used 3536K, capacity 3730K, committed 3784K, reserved 1048576K
}
2022-02-08T17:25:48.631+0000: 3.153: Total time for which application threads were stopped: 0.0352976 seconds, Stopping threads took: 0.0000453 seconds
{Heap before GC invocations=7 (full 1):
 par new generation   total 46080K, used 45104K [0x00000000e0c00000, 0x00000000e3e00000, 0x00000000e3e00000)
  eden space 40960K, 100% used [0x00000000e0c00000, 0x00000000e3400000, 0x00000000e3400000)
  from space 5120K,  80% used [0x00000000e3900000, 0x00000000e3d0c268, 0x00000000e3e00000)
  to   space 5120K,   0% used [0x00000000e3400000, 0x00000000e3400000, 0x00000000e3900000)
 concurrent mark-sweep generation total 460800K, used 21189K [0x00000000e3e00000, 0x0000000100000000, 0x0000000100000000)
 Metaspace       used 30630K, capacity 31320K, committed 31628K, reserved 1077248K
  class space    used 3536K, capacity 3730K, committed 3784K, reserved 1048576K
2022-02-08T17:25:48.684+0000: 3.206: [GC (Allocation Failure) 2022-02-08T17:25:48.684+0000: 3.206: [ParNew
Desired survivor size 2621440 bytes, new threshold 1 (max 1)
- age   1:        424 bytes,        424 total
: 45104K->12K(46080K), 0.0392659 secs] 66293K->25297K(506880K), 0.0393487 secs] [Times: user=1.05 sys=0.01, real=0.04 secs] 
Heap after GC invocations=8 (full 1):
 par new generation   total 46080K, used 12K [0x00000000e0c00000, 0x00000000e3e00000, 0x00000000e3e00000)
  eden space 40960K,   0% used [0x00000000e0c00000, 0x00000000e0c00000, 0x00000000e3400000)
  from space 5120K,   0% used [0x00000000e3400000, 0x00000000e3403090, 0x00000000e3900000)
  to   space 5120K,   0% used [0x00000000e3900000, 0x00000000e3900000, 0x00000000e3e00000)
 concurrent mark-sweep generation total 460800K, used 25285K [0x00000000e3e00000, 0x0000000100000000, 0x0000000100000000)
 Metaspace       used 30630K, capacity 31320K, committed 31628K, reserved 1077248K
  class space    used 3536K, capacity 3730K, committed 3784K, reserved 1048576K
}
2022-02-08T17:25:48.723+0000: 3.245: Total time for which application threads were stopped: 0.0395921 seconds, Stopping threads took: 0.0000293 seconds
{Heap before GC invocations=8 (full 1):
 par new generation   total 46080K, used 40972K [0x00000000e0c00000, 0x00000000e3e00000, 0x00000000e3e00000)
  eden space 40960K, 100% used [0x00000000e0c00000, 0x00000000e3400000, 0x00000000e3400000)
  from space 5120K,   0% used [0x00000000e3400000, 0x00000000e3403090, 0x00000000e3900000)
  to   space 5120K,   0% used [0x00000000e3900000, 0x00000000e3900000, 0x00000000e3e00000)
 concurrent mark-sweep generation total 460800K, used 25285K [0x00000000e3e00000, 0x0000000100000000, 0x0000000100000000)
 Metaspace       used 30630K, capacity 31320K, committed 31628K, reserved 1077248K
  class space    used 3536K, capacity 3730K, committed 3784K, reserved 1048576K
2022-02-08T17:25:48.775+0000: 3.297: [GC (Allocation Failure) 2022-02-08T17:25:48.775+0000: 3.297: [ParNew
Desired survivor size 2621440 bytes, new threshold 1 (max 1)
- age   1:        496 bytes,        496 total
: 40972K->8K(46080K), 0.0023568 secs] 66257K->25293K(506880K), 0.0024563 secs] [Times: user=0.02 sys=0.00, real=0.00 secs] 
Heap after GC invocations=9 (full 1):
 par new generation   total 46080K, used 8K [0x00000000e0c00000, 0x00000000e3e00000, 0x00000000e3e00000)
  eden space 40960K,   0% used [0x00000000e0c00000, 0x00000000e0c00000, 0x00000000e3400000)
  from space 5120K,   0% used [0x00000000e3900000, 0x00000000e3902040, 0x00000000e3e00000)
  to   space 5120K,   0% used [0x00000000e3400000, 0x00000000e3400000, 0x00000000e3900000)
 concurrent mark-sweep generation total 460800K, used 25285K [0x00000000e3e00000, 0x0000000100000000, 0x0000000100000000)
 Metaspace       used 30630K, capacity 31320K, committed 31628K, reserved 1077248K
  class space    used 3536K, capacity 3730K, committed 3784K, reserved 1048576K
}
2022-02-08T17:25:48.778+0000: 3.299: Total time for which application threads were stopped: 0.0026802 seconds, Stopping threads took: 0.0000315 seconds
2022-02-08T17:25:48.843+0000: 3.365: Total time for which application threads were stopped: 0.0005173 seconds, Stopping threads took: 0.0000231 seconds
{Heap before GC invocations=9 (full 1):
 par new generation   total 46080K, used 40968K [0x00000000e0c00000, 0x00000000e3e00000, 0x00000000e3e00000)
  eden space 40960K, 100% used [0x00000000e0c00000, 0x00000000e3400000, 0x00000000e3400000)
  from space 5120K,   0% used [0x00000000e3900000, 0x00000000e3902040, 0x00000000e3e00000)
  to   space 5120K,   0% used [0x00000000e3400000, 0x00000000e3400000, 0x00000000e3900000)
 concurrent mark-sweep generation total 460800K, used 25285K [0x00000000e3e00000, 0x0000000100000000, 0x0000000100000000)
 Metaspace       used 31750K, capacity 32462K, committed 32524K, reserved 1077248K
  class space    used 3675K, capacity 3891K, committed 3912K, reserved 1048576K
2022-02-08T17:25:48.941+0000: 3.463: [GC (Allocation Failure) 2022-02-08T17:25:48.941+0000: 3.463: [ParNew
Desired survivor size 2621440 bytes, new threshold 1 (max 1)
- age   1:    1420816 bytes,    1420816 total
: 40968K->1429K(46080K), 0.0975938 secs] 66253K->34906K(506880K), 0.0976878 secs] [Times: user=2.38 sys=0.04, real=0.10 secs] 
Heap after GC invocations=10 (full 1):
 par new generation   total 46080K, used 1429K [0x00000000e0c00000, 0x00000000e3e00000, 0x00000000e3e00000)
  eden space 40960K,   0% used [0x00000000e0c00000, 0x00000000e0c00000, 0x00000000e3400000)
  from space 5120K,  27% used [0x00000000e3400000, 0x00000000e3565570, 0x00000000e3900000)
  to   space 5120K,   0% used [0x00000000e3900000, 0x00000000e3900000, 0x00000000e3e00000)
 concurrent mark-sweep generation total 460800K, used 33477K [0x00000000e3e00000, 0x0000000100000000, 0x0000000100000000)
 Metaspace       used 31750K, capacity 32462K, committed 32524K, reserved 1077248K
  class space    used 3675K, capacity 3891K, committed 3912K, reserved 1048576K
}
2022-02-08T17:25:49.039+0000: 3.561: Total time for which application threads were stopped: 0.0979537 seconds, Stopping threads took: 0.0000341 seconds
{Heap before GC invocations=10 (full 1):
 par new generation   total 46080K, used 42389K [0x00000000e0c00000, 0x00000000e3e00000, 0x00000000e3e00000)
  eden space 40960K, 100% used [0x00000000e0c00000, 0x00000000e3400000, 0x00000000e3400000)
  from space 5120K,  27% used [0x00000000e3400000, 0x00000000e3565570, 0x00000000e3900000)
  to   space 5120K,   0% used [0x00000000e3900000, 0x00000000e3900000, 0x00000000e3e00000)
 concurrent mark-sweep generation total 460800K, used 33477K [0x00000000e3e00000, 0x0000000100000000, 0x0000000100000000)
 Metaspace       used 32048K, capacity 32856K, committed 33164K, reserved 1079296K
  class space    used 3694K, capacity 3930K, committed 4040K, reserved 1048576K
2022-02-08T17:25:49.215+0000: 3.737: [GC (Allocation Failure) 2022-02-08T17:25:49.215+0000: 3.737: [ParNew
Desired survivor size 2621440 bytes, new threshold 1 (max 1)
- age   1:    5223816 bytes,    5223816 total
: 42389K->5120K(46080K), 0.0104380 secs] 75866K->40164K(506880K), 0.0105311 secs] [Times: user=0.10 sys=0.01, real=0.01 secs] 
Heap after GC invocations=11 (full 1):
 par new generation   total 46080K, used 5120K [0x00000000e0c00000, 0x00000000e3e00000, 0x00000000e3e00000)
  eden space 40960K,   0% used [0x00000000e0c00000, 0x00000000e0c00000, 0x00000000e3400000)
  from space 5120K, 100% used [0x00000000e3900000, 0x00000000e3e00000, 0x00000000e3e00000)
  to   space 5120K,   0% used [0x00000000e3400000, 0x00000000e3400000, 0x00000000e3900000)
 concurrent mark-sweep generation total 460800K, used 35044K [0x00000000e3e00000, 0x0000000100000000, 0x0000000100000000)
 Metaspace       used 32048K, capacity 32856K, committed 33164K, reserved 1079296K
  class space    used 3694K, capacity 3930K, committed 4040K, reserved 1048576K
}
2022-02-08T17:25:49.225+0000: 3.747: Total time for which application threads were stopped: 0.0108742 seconds, Stopping threads took: 0.0000559 seconds
2022-02-08T17:25:49.527+0000: 4.049: Total time for which application threads were stopped: 0.0007655 seconds, Stopping threads took: 0.0000364 seconds
{Heap before GC invocations=11 (full 1):
 par new generation   total 46080K, used 46080K [0x00000000e0c00000, 0x00000000e3e00000, 0x00000000e3e00000)
  eden space 40960K, 100% used [0x00000000e0c00000, 0x00000000e3400000, 0x00000000e3400000)
  from space 5120K, 100% used [0x00000000e3900000, 0x00000000e3e00000, 0x00000000e3e00000)
  to   space 5120K,   0% used [0x00000000e3400000, 0x00000000e3400000, 0x00000000e3900000)
 concurrent mark-sweep generation total 460800K, used 35044K [0x00000000e3e00000, 0x0000000100000000, 0x0000000100000000)
 Metaspace       used 36118K, capacity 36954K, committed 37260K, reserved 1081344K
  class space    used 4970K, capacity 5209K, committed 5320K, reserved 1048576K
2022-02-08T17:25:49.633+0000: 4.155: [GC (Allocation Failure) 2022-02-08T17:25:49.633+0000: 4.155: [ParNew
Desired survivor size 2621440 bytes, new threshold 1 (max 1)
- age   1:    3528808 bytes,    3528808 total
: 46080K->5120K(46080K), 0.0302387 secs] 81124K->47895K(506880K), 0.0303574 secs] [Times: user=0.17 sys=0.02, real=0.03 secs] 
Heap after GC invocations=12 (full 1):
 par new generation   total 46080K, used 5120K [0x00000000e0c00000, 0x00000000e3e00000, 0x00000000e3e00000)
  eden space 40960K,   0% used [0x00000000e0c00000, 0x00000000e0c00000, 0x00000000e3400000)
  from space 5120K, 100% used [0x00000000e3400000, 0x00000000e3900000, 0x00000000e3900000)
  to   space 5120K,   0% used [0x00000000e3900000, 0x00000000e3900000, 0x00000000e3e00000)
 concurrent mark-sweep generation total 460800K, used 42775K [0x00000000e3e00000, 0x0000000100000000, 0x0000000100000000)
 Metaspace       used 36118K, capacity 36954K, committed 37260K, reserved 1081344K
  class space    used 4970K, capacity 5209K, committed 5320K, reserved 1048576K
}
2022-02-08T17:25:49.663+0000: 4.185: Total time for which application threads were stopped: 0.0307227 seconds, Stopping threads took: 0.0000828 seconds
2022-02-08T17:25:49.965+0000: 4.487: Total time for which application threads were stopped: 0.0004251 seconds, Stopping threads took: 0.0001116 seconds
{Heap before GC invocations=12 (full 1):
 par new generation   total 46080K, used 46080K [0x00000000e0c00000, 0x00000000e3e00000, 0x00000000e3e00000)
  eden space 40960K, 100% used [0x00000000e0c00000, 0x00000000e3400000, 0x00000000e3400000)
  from space 5120K, 100% used [0x00000000e3400000, 0x00000000e3900000, 0x00000000e3900000)
  to   space 5120K,   0% used [0x00000000e3900000, 0x00000000e3900000, 0x00000000e3e00000)
 concurrent mark-sweep generation total 460800K, used 42775K [0x00000000e3e00000, 0x0000000100000000, 0x0000000100000000)
 Metaspace       used 38949K, capacity 40042K, committed 40204K, reserved 1083392K
  class space    used 5299K, capacity 5582K, committed 5704K, reserved 1048576K
2022-02-08T17:25:50.025+0000: 4.547: [GC (Allocation Failure) 2022-02-08T17:25:50.025+0000: 4.547: [ParNew
Desired survivor size 2621440 bytes, new threshold 1 (max 1)
- age   1:    3715536 bytes,    3715536 total
: 46080K->5120K(46080K), 0.0219384 secs] 88855K->62236K(506880K), 0.0220384 secs] [Times: user=0.25 sys=0.02, real=0.03 secs] 
Heap after GC invocations=13 (full 1):
 par new generation   total 46080K, used 5120K [0x00000000e0c00000, 0x00000000e3e00000, 0x00000000e3e00000)
  eden space 40960K,   0% used [0x00000000e0c00000, 0x00000000e0c00000, 0x00000000e3400000)
  from space 5120K, 100% used [0x00000000e3900000, 0x00000000e3e00000, 0x00000000e3e00000)
  to   space 5120K,   0% used [0x00000000e3400000, 0x00000000e3400000, 0x00000000e3900000)
 concurrent mark-sweep generation total 460800K, used 57116K [0x00000000e3e00000, 0x0000000100000000, 0x0000000100000000)
 Metaspace       used 38949K, capacity 40042K, committed 40204K, reserved 1083392K
  class space    used 5299K, capacity 5582K, committed 5704K, reserved 1048576K
}
2022-02-08T17:25:50.047+0000: 4.569: Total time for which application threads were stopped: 0.0225494 seconds, Stopping threads took: 0.0000775 seconds
2022-02-08T17:25:50.106+0000: 4.628: Total time for which application threads were stopped: 0.0007712 seconds, Stopping threads took: 0.0000582 seconds
2022-02-08T17:25:50.107+0000: 4.629: Total time for which application threads were stopped: 0.0002477 seconds, Stopping threads took: 0.0000185 seconds
2022-02-08T17:25:50.130+0000: 4.651: Total time for which application threads were stopped: 0.0007545 seconds, Stopping threads took: 0.0000375 seconds
2022-02-08T17:25:50.132+0000: 4.654: Total time for which application threads were stopped: 0.0003538 seconds, Stopping threads took: 0.0000256 seconds
2022-02-08T17:25:50.391+0000: 4.913: Total time for which application threads were stopped: 0.0008057 seconds, Stopping threads took: 0.0000351 seconds
2022-02-08T17:25:50.966+0000: 5.488: Total time for which application threads were stopped: 0.0008947 seconds, Stopping threads took: 0.0000445 seconds
2022-02-08T17:25:51.071+0000: 5.593: Total time for which application threads were stopped: 0.0009639 seconds, Stopping threads took: 0.0000409 seconds
2022-02-08T17:25:51.148+0000: 5.670: Total time for which application threads were stopped: 0.0003821 seconds, Stopping threads took: 0.0000406 seconds
{Heap before GC invocations=13 (full 1):
 par new generation   total 46080K, used 46080K [0x00000000e0c00000, 0x00000000e3e00000, 0x00000000e3e00000)
  eden space 40960K, 100% used [0x00000000e0c00000, 0x00000000e3400000, 0x00000000e3400000)
  from space 5120K, 100% used [0x00000000e3900000, 0x00000000e3e00000, 0x00000000e3e00000)
  to   space 5120K,   0% used [0x00000000e3400000, 0x00000000e3400000, 0x00000000e3900000)
 concurrent mark-sweep generation total 460800K, used 57116K [0x00000000e3e00000, 0x0000000100000000, 0x0000000100000000)
 Metaspace       used 43014K, capacity 44469K, committed 44552K, reserved 1087488K
  class space    used 5868K, capacity 6287K, committed 6344K, reserved 1048576K
2022-02-08T17:25:51.182+0000: 5.704: [GC (Allocation Failure) 2022-02-08T17:25:51.182+0000: 5.704: [ParNew
Desired survivor size 2621440 bytes, new threshold 1 (max 1)
- age   1:    4519888 bytes,    4519888 total
: 46080K->5120K(46080K), 0.0356705 secs] 103196K->69056K(506880K), 0.0358165 secs] [Times: user=0.20 sys=0.03, real=0.03 secs] 
Heap after GC invocations=14 (full 1):
 par new generation   total 46080K, used 5120K [0x00000000e0c00000, 0x00000000e3e00000, 0x00000000e3e00000)
  eden space 40960K,   0% used [0x00000000e0c00000, 0x00000000e0c00000, 0x00000000e3400000)
  from space 5120K, 100% used [0x00000000e3400000, 0x00000000e3900000, 0x00000000e3900000)
  to   space 5120K,   0% used [0x00000000e3900000, 0x00000000e3900000, 0x00000000e3e00000)
 concurrent mark-sweep generation total 460800K, used 63936K [0x00000000e3e00000, 0x0000000100000000, 0x0000000100000000)
 Metaspace       used 43014K, capacity 44469K, committed 44552K, reserved 1087488K
  class space    used 5868K, capacity 6287K, committed 6344K, reserved 1048576K
}
2022-02-08T17:25:51.218+0000: 5.740: Total time for which application threads were stopped: 0.0362055 seconds, Stopping threads took: 0.0000424 seconds
2022-02-08T17:25:51.219+0000: 5.741: [GC (CMS Initial Mark) [1 CMS-initial-mark: 63936K(460800K)] 70199K(506880K), 0.0032835 secs] [Times: user=0.02 sys=0.00, real=0.00 secs] 
2022-02-08T17:25:51.222+0000: 5.744: Total time for which application threads were stopped: 0.0041907 seconds, Stopping threads took: 0.0006518 seconds
2022-02-08T17:25:51.222+0000: 5.744: [CMS-concurrent-mark-start]
2022-02-08T17:25:51.228+0000: 5.750: Total time for which application threads were stopped: 0.0004104 seconds, Stopping threads took: 0.0000320 seconds
2022-02-08T17:25:51.236+0000: 5.757: [CMS-concurrent-mark: 0.012/0.013 secs] [Times: user=0.10 sys=0.02, real=0.01 secs] 
2022-02-08T17:25:51.236+0000: 5.757: [CMS-concurrent-preclean-start]
2022-02-08T17:25:51.238+0000: 5.760: [CMS-concurrent-preclean: 0.002/0.002 secs] [Times: user=0.00 sys=0.00, real=0.00 secs] 
2022-02-08T17:25:51.238+0000: 5.760: [GC (CMS Final Remark) [YG occupancy: 6980 K (46080 K)]2022-02-08T17:25:51.238+0000: 5.760: [Rescan (parallel) , 0.0015160 secs]2022-02-08T17:25:51.240+0000: 5.761: [weak refs processing, 0.0009014 secs]2022-02-08T17:25:51.241+0000: 5.762: [class unloading, 0.0120861 secs]2022-02-08T17:25:51.253+0000: 5.774: [scrub symbol table, 0.0052843 secs]2022-02-08T17:25:51.258+0000: 5.780: [scrub string table, 0.0008541 secs][1 CMS-remark: 63936K(460800K)] 70917K(506880K), 0.0207923 secs] [Times: user=0.04 sys=0.00, real=0.03 secs] 
2022-02-08T17:25:51.259+0000: 5.781: Total time for which application threads were stopped: 0.0209700 seconds, Stopping threads took: 0.0000476 seconds
2022-02-08T17:25:51.259+0000: 5.781: [CMS-concurrent-sweep-start]
2022-02-08T17:25:51.290+0000: 5.812: [CMS-concurrent-sweep: 0.031/0.031 secs] [Times: user=0.06 sys=0.00, real=0.03 secs] 
2022-02-08T17:25:51.290+0000: 5.812: [CMS-concurrent-reset-start]
2022-02-08T17:25:51.294+0000: 5.816: [CMS-concurrent-reset: 0.004/0.004 secs] [Times: user=0.02 sys=0.00, real=0.00 secs] 
2022-02-08T17:25:51.692+0000: 6.214: Total time for which application threads were stopped: 0.0004973 seconds, Stopping threads took: 0.0000799 seconds
2022-02-08T17:25:51.931+0000: 6.453: Total time for which application threads were stopped: 0.0009901 seconds, Stopping threads took: 0.0000408 seconds
2022-02-08T17:25:51.935+0000: 6.457: Total time for which application threads were stopped: 0.0004413 seconds, Stopping threads took: 0.0000257 seconds
{Heap before GC invocations=14 (full 2):
 par new generation   total 46080K, used 46067K [0x00000000e0c00000, 0x00000000e3e00000, 0x00000000e3e00000)
  eden space 40960K,  99% used [0x00000000e0c00000, 0x00000000e33fcf00, 0x00000000e3400000)
  from space 5120K, 100% used [0x00000000e3400000, 0x00000000e3900000, 0x00000000e3900000)
  to   space 5120K,   0% used [0x00000000e3900000, 0x00000000e3900000, 0x00000000e3e00000)
 concurrent mark-sweep generation total 460800K, used 34774K [0x00000000e3e00000, 0x0000000100000000, 0x0000000100000000)
 Metaspace       used 45100K, capacity 46899K, committed 47116K, reserved 1089536K
  class space    used 6177K, capacity 6632K, committed 6728K, reserved 1048576K
2022-02-08T17:25:52.768+0000: 7.289: [GC (Allocation Failure) 2022-02-08T17:25:52.768+0000: 7.290: [ParNew
Desired survivor size 2621440 bytes, new threshold 1 (max 1)
- age   1:    3027616 bytes,    3027616 total
: 46067K->5119K(46080K), 0.0139419 secs] 80842K->47025K(506880K), 0.0140890 secs] [Times: user=0.11 sys=0.01, real=0.01 secs] 
Heap after GC invocations=15 (full 2):
 par new generation   total 46080K, used 5119K [0x00000000e0c00000, 0x00000000e3e00000, 0x00000000e3e00000)
  eden space 40960K,   0% used [0x00000000e0c00000, 0x00000000e0c00000, 0x00000000e3400000)
  from space 5120K,  99% used [0x00000000e3900000, 0x00000000e3dffff8, 0x00000000e3e00000)
  to   space 5120K,   0% used [0x00000000e3400000, 0x00000000e3400000, 0x00000000e3900000)
 concurrent mark-sweep generation total 460800K, used 41905K [0x00000000e3e00000, 0x0000000100000000, 0x0000000100000000)
 Metaspace       used 45100K, capacity 46899K, committed 47116K, reserved 1089536K
  class space    used 6177K, capacity 6632K, committed 6728K, reserved 1048576K
}
2022-02-08T17:25:52.782+0000: 7.304: Total time for which application threads were stopped: 0.0146613 seconds, Stopping threads took: 0.0000566 seconds
2022-02-08T17:25:53.782+0000: 8.304: Total time for which application threads were stopped: 0.0003004 seconds, Stopping threads took: 0.0000533 seconds
2022-02-08T17:25:54.783+0000: 9.305: Total time for which application threads were stopped: 0.0003408 seconds, Stopping threads took: 0.0000747 seconds
{Heap before GC invocations=15 (full 2):
 par new generation   total 46080K, used 46079K [0x00000000e0c00000, 0x00000000e3e00000, 0x00000000e3e00000)
  eden space 40960K, 100% used [0x00000000e0c00000, 0x00000000e3400000, 0x00000000e3400000)
  from space 5120K,  99% used [0x00000000e3900000, 0x00000000e3dffff8, 0x00000000e3e00000)
  to   space 5120K,   0% used [0x00000000e3400000, 0x00000000e3400000, 0x00000000e3900000)
 concurrent mark-sweep generation total 460800K, used 41905K [0x00000000e3e00000, 0x0000000100000000, 0x0000000100000000)
 Metaspace       used 45508K, capacity 47433K, committed 47628K, reserved 1089536K
  class space    used 6222K, capacity 6701K, committed 6728K, reserved 1048576K
2022-02-08T17:25:55.619+0000: 10.141: [GC (Allocation Failure) 2022-02-08T17:25:55.619+0000: 10.141: [ParNew
Desired survivor size 2621440 bytes, new threshold 1 (max 1)
- age   1:    4452328 bytes,    4452328 total
: 46079K->5007K(46080K), 0.0095287 secs] 87985K->48082K(506880K), 0.0096713 secs] [Times: user=0.12 sys=0.01, real=0.01 secs] 
Heap after GC invocations=16 (full 2):
 par new generation   total 46080K, used 5007K [0x00000000e0c00000, 0x00000000e3e00000, 0x00000000e3e00000)
  eden space 40960K,   0% used [0x00000000e0c00000, 0x00000000e0c00000, 0x00000000e3400000)
  from space 5120K,  97% used [0x00000000e3400000, 0x00000000e38e3d70, 0x00000000e3900000)
  to   space 5120K,   0% used [0x00000000e3900000, 0x00000000e3900000, 0x00000000e3e00000)
 concurrent mark-sweep generation total 460800K, used 43074K [0x00000000e3e00000, 0x0000000100000000, 0x0000000100000000)
 Metaspace       used 45508K, capacity 47433K, committed 47628K, reserved 1089536K
  class space    used 6222K, capacity 6701K, committed 6728K, reserved 1048576K
}
2022-02-08T17:25:55.629+0000: 10.150: Total time for which application threads were stopped: 0.0104728 seconds, Stopping threads took: 0.0001457 seconds
2022-02-08T17:25:56.630+0000: 11.152: Total time for which application threads were stopped: 0.0013047 seconds, Stopping threads took: 0.0004037 seconds
2022-02-08T17:25:56.763+0000: 11.285: Total time for which application threads were stopped: 0.0033148 seconds, Stopping threads took: 0.0000492 seconds
2022-02-08T17:25:57.764+0000: 12.285: Total time for which application threads were stopped: 0.0004252 seconds, Stopping threads took: 0.0000745 seconds
2022-02-08T17:25:58.764+0000: 13.286: Total time for which application threads were stopped: 0.0003256 seconds, Stopping threads took: 0.0000517 seconds
2022-02-08T17:25:59.765+0000: 14.286: Total time for which application threads were stopped: 0.0003439 seconds, Stopping threads took: 0.0000557 seconds
2022-02-08T17:26:01.765+0000: 16.287: Total time for which application threads were stopped: 0.0003028 seconds, Stopping threads took: 0.0000557 seconds
2022-02-08T17:26:06.766+0000: 21.288: Total time for which application threads were stopped: 0.0003459 seconds, Stopping threads took: 0.0000848 seconds
{Heap before GC invocations=16 (full 2):
 par new generation   total 46080K, used 45890K [0x00000000e0c00000, 0x00000000e3e00000, 0x00000000e3e00000)
  eden space 40960K,  99% used [0x00000000e0c00000, 0x00000000e33ece00, 0x00000000e3400000)
  from space 5120K,  97% used [0x00000000e3400000, 0x00000000e38e3d70, 0x00000000e3900000)
  to   space 5120K,   0% used [0x00000000e3900000, 0x00000000e3900000, 0x00000000e3e00000)
 concurrent mark-sweep generation total 460800K, used 43074K [0x00000000e3e00000, 0x0000000100000000, 0x0000000100000000)
 Metaspace       used 47726K, capacity 49941K, committed 50060K, reserved 1091584K
  class space    used 6543K, capacity 7065K, committed 7112K, reserved 1048576K
2022-02-08T17:26:06.872+0000: 21.393: [GC (Allocation Failure) 2022-02-08T17:26:06.872+0000: 21.393: [ParNew
Desired survivor size 2621440 bytes, new threshold 1 (max 1)
- age   1:    4092248 bytes,    4092248 total
: 45890K->5120K(46080K), 0.0245887 secs] 88965K->58356K(506880K), 0.0247479 secs] [Times: user=0.12 sys=0.05, real=0.02 secs] 
Heap after GC invocations=17 (full 2):
 par new generation   total 46080K, used 5120K [0x00000000e0c00000, 0x00000000e3e00000, 0x00000000e3e00000)
  eden space 40960K,   0% used [0x00000000e0c00000, 0x00000000e0c00000, 0x00000000e3400000)
  from space 5120K, 100% used [0x00000000e3900000, 0x00000000e3e00000, 0x00000000e3e00000)
  to   space 5120K,   0% used [0x00000000e3400000, 0x00000000e3400000, 0x00000000e3900000)
 concurrent mark-sweep generation total 460800K, used 53236K [0x00000000e3e00000, 0x0000000100000000, 0x0000000100000000)
 Metaspace       used 47726K, capacity 49941K, committed 50060K, reserved 1091584K
  class space    used 6543K, capacity 7065K, committed 7112K, reserved 1048576K
}
2022-02-08T17:26:06.896+0000: 21.418: Total time for which application threads were stopped: 0.0253021 seconds, Stopping threads took: 0.0001069 seconds
2022-02-08T17:26:06.900+0000: 21.422: Total time for which application threads were stopped: 0.0011926 seconds, Stopping threads took: 0.0000617 seconds
2022-02-08T17:26:07.280+0000: 21.801: Total time for which application threads were stopped: 0.0006485 seconds, Stopping threads took: 0.0001721 seconds
2022-02-08T17:26:08.280+0000: 22.802: Total time for which application threads were stopped: 0.0007855 seconds, Stopping threads took: 0.0001059 seconds
2022-02-08T17:26:08.423+0000: 22.945: Total time for which application threads were stopped: 0.0050257 seconds, Stopping threads took: 0.0003642 seconds
2022-02-08T17:26:09.424+0000: 23.946: Total time for which application threads were stopped: 0.0006025 seconds, Stopping threads took: 0.0001483 seconds
{Heap before GC invocations=17 (full 2):
 par new generation   total 46080K, used 45720K [0x00000000e0c00000, 0x00000000e3e00000, 0x00000000e3e00000)
  eden space 40960K,  99% used [0x00000000e0c00000, 0x00000000e33a60e8, 0x00000000e3400000)
  from space 5120K, 100% used [0x00000000e3900000, 0x00000000e3e00000, 0x00000000e3e00000)
  to   space 5120K,   0% used [0x00000000e3400000, 0x00000000e3400000, 0x00000000e3900000)
 concurrent mark-sweep generation total 460800K, used 53236K [0x00000000e3e00000, 0x0000000100000000, 0x0000000100000000)
 Metaspace       used 48998K, capacity 51663K, committed 51852K, reserved 1093632K
  class space    used 6738K, capacity 7350K, committed 7368K, reserved 1048576K
2022-02-08T17:26:09.731+0000: 24.253: [GC (Allocation Failure) 2022-02-08T17:26:09.731+0000: 24.253: [ParNew
Desired survivor size 2621440 bytes, new threshold 1 (max 1)
- age   1:    3722784 bytes,    3722784 total
: 45720K->5120K(46080K), 0.0199755 secs] 98956K->72628K(506880K), 0.0201953 secs] [Times: user=0.20 sys=0.11, real=0.02 secs] 
