OpenJDK 64-Bit Server VM (25.312-b07) for linux-amd64 JRE (1.8.0_312-8u312-b07-0ubuntu1~18.04-b07), built on Nov  3 2021 13:54:59 by "buildd" with gcc 7.5.0
Memory: 4k page, physical 164941188k(113613040k free), swap 3145724k(3145724k free)
CommandLine flags: -XX:+AlwaysPreTouch -XX:+CMSClassUnloadingEnabled -XX:+CMSEdenChunksRecordAlways -XX:CMSInitiatingOccupancyFraction=75 -XX:+CMSParallelInitialMarkEnabled -XX:+CMSParallelRemarkEnabled -XX:CMSWaitDuration=10000 -XX:CompileCommandFile=/tmp/dtest-qai5g6wo/test/node2/conf/hotspot_compiler -XX:GCLogFileSize=10485760 -XX:+HeapDumpOnOutOfMemoryError -XX:InitialHeapSize=524288000 -XX:InitialTenuringThreshold=1 -XX:+ManagementServer -XX:MaxHeapSize=524288000 -XX:MaxNewSize=52428800 -XX:MaxTenuringThreshold=1 -XX:NewSize=52428800 -XX:NumberOfGCLogFiles=10 -XX:OldPLABSize=16 -XX:OnOutOfMemoryError=kill -9 %p -XX:-PerfDisableSharedMem -XX:+PrintGC -XX:+PrintGCApplicationStoppedTime -XX:+PrintGCDateStamps -XX:+PrintGCDetails -XX:+PrintGCTimeStamps -XX:+PrintHeapAtGC -XX:+PrintPromotionFailure -XX:+PrintTenuringDistribution -XX:+ResizeTLAB -XX:SurvivorRatio=8 -XX:ThreadPriorityPolicy=42 -XX:ThreadStackSize=256 -XX:-UseBiasedLocking -XX:+UseCMSInitiatingOccupancyOnly -XX:+UseCompressedClassPointers -XX:+UseCompressedOops -XX:+UseConcMarkSweepGC -XX:+UseCondCardMark -XX:+UseGCLogFileRotation -XX:-UseNUMA -XX:+UseParNewGC -XX:+UseTLAB -XX:+UseThreadPriorities 
2022-02-08T17:25:46.523+0000: 0.536: Total time for which application threads were stopped: 0.0002057 seconds, Stopping threads took: 0.0000362 seconds
2022-02-08T17:25:46.580+0000: 0.594: Total time for which application threads were stopped: 0.0001535 seconds, Stopping threads took: 0.0000242 seconds
{Heap before GC invocations=0 (full 0):
 par new generation   total 46080K, used 40960K [0x00000000e0c00000, 0x00000000e3e00000, 0x00000000e3e00000)
  eden space 40960K, 100% used [0x00000000e0c00000, 0x00000000e3400000, 0x00000000e3400000)
  from space 5120K,   0% used [0x00000000e3400000, 0x00000000e3400000, 0x00000000e3900000)
  to   space 5120K,   0% used [0x00000000e3900000, 0x00000000e3900000, 0x00000000e3e00000)
 concurrent mark-sweep generation total 460800K, used 0K [0x00000000e3e00000, 0x0000000100000000, 0x0000000100000000)
 Metaspace       used 12571K, capacity 12710K, committed 13056K, reserved 1060864K
  class space    used 1434K, capacity 1485K, committed 1536K, reserved 1048576K
2022-02-08T17:25:46.906+0000: 0.920: [GC (Allocation Failure) 2022-02-08T17:25:46.906+0000: 0.920: [ParNew
Desired survivor size 2621440 bytes, new threshold 1 (max 1)
- age   1:    5112968 bytes,    5112968 total
: 40960K->5119K(46080K), 0.0086840 secs] 40960K->5576K(506880K), 0.0087811 secs] [Times: user=0.13 sys=0.01, real=0.01 secs] 
Heap after GC invocations=1 (full 0):
 par new generation   total 46080K, used 5119K [0x00000000e0c00000, 0x00000000e3e00000, 0x00000000e3e00000)
  eden space 40960K,   0% used [0x00000000e0c00000, 0x00000000e0c00000, 0x00000000e3400000)
  from space 5120K,  99% used [0x00000000e3900000, 0x00000000e3dffff8, 0x00000000e3e00000)
  to   space 5120K,   0% used [0x00000000e3400000, 0x00000000e3400000, 0x00000000e3900000)
 concurrent mark-sweep generation total 460800K, used 456K [0x00000000e3e00000, 0x0000000100000000, 0x0000000100000000)
 Metaspace       used 12571K, capacity 12710K, committed 13056K, reserved 1060864K
  class space    used 1434K, capacity 1485K, committed 1536K, reserved 1048576K
}
2022-02-08T17:25:46.915+0000: 0.929: Total time for which application threads were stopped: 0.0091476 seconds, Stopping threads took: 0.0000205 seconds
2022-02-08T17:25:46.993+0000: 1.007: Total time for which application threads were stopped: 0.0003375 seconds, Stopping threads took: 0.0000269 seconds
2022-02-08T17:25:47.043+0000: 1.057: Total time for which application threads were stopped: 0.0008806 seconds, Stopping threads took: 0.0000234 seconds
2022-02-08T17:25:47.123+0000: 1.137: Total time for which application threads were stopped: 0.0003012 seconds, Stopping threads took: 0.0000271 seconds
2022-02-08T17:25:47.124+0000: 1.137: Total time for which application threads were stopped: 0.0001046 seconds, Stopping threads took: 0.0000181 seconds
2022-02-08T17:25:47.132+0000: 1.145: Total time for which application threads were stopped: 0.0001264 seconds, Stopping threads took: 0.0000226 seconds
2022-02-08T17:25:47.161+0000: 1.174: Total time for which application threads were stopped: 0.0002581 seconds, Stopping threads took: 0.0000430 seconds
2022-02-08T17:25:47.193+0000: 1.207: Total time for which application threads were stopped: 0.0002854 seconds, Stopping threads took: 0.0000395 seconds
2022-02-08T17:25:47.248+0000: 1.261: Total time for which application threads were stopped: 0.0003635 seconds, Stopping threads took: 0.0000319 seconds
2022-02-08T17:25:47.283+0000: 1.297: Total time for which application threads were stopped: 0.0003802 seconds, Stopping threads took: 0.0000441 seconds
{Heap before GC invocations=1 (full 0):
 par new generation   total 46080K, used 46079K [0x00000000e0c00000, 0x00000000e3e00000, 0x00000000e3e00000)
  eden space 40960K, 100% used [0x00000000e0c00000, 0x00000000e3400000, 0x00000000e3400000)
  from space 5120K,  99% used [0x00000000e3900000, 0x00000000e3dffff8, 0x00000000e3e00000)
  to   space 5120K,   0% used [0x00000000e3400000, 0x00000000e3400000, 0x00000000e3900000)
 concurrent mark-sweep generation total 460800K, used 456K [0x00000000e3e00000, 0x0000000100000000, 0x0000000100000000)
 Metaspace       used 19244K, capacity 19488K, committed 19840K, reserved 1067008K
  class space    used 2248K, capacity 2360K, committed 2432K, reserved 1048576K
2022-02-08T17:25:47.324+0000: 1.338: [GC (Allocation Failure) 2022-02-08T17:25:47.324+0000: 1.338: [ParNew
Desired survivor size 2621440 bytes, new threshold 1 (max 1)
- age   1:    4186376 bytes,    4186376 total
: 46079K->5120K(46080K), 0.0591553 secs] 46536K->9295K(506880K), 0.0592817 secs] [Times: user=0.42 sys=0.03, real=0.06 secs] 
Heap after GC invocations=2 (full 0):
 par new generation   total 46080K, used 5120K [0x00000000e0c00000, 0x00000000e3e00000, 0x00000000e3e00000)
  eden space 40960K,   0% used [0x00000000e0c00000, 0x00000000e0c00000, 0x00000000e3400000)
  from space 5120K, 100% used [0x00000000e3400000, 0x00000000e3900000, 0x00000000e3900000)
  to   space 5120K,   0% used [0x00000000e3900000, 0x00000000e3900000, 0x00000000e3e00000)
 concurrent mark-sweep generation total 460800K, used 4175K [0x00000000e3e00000, 0x0000000100000000, 0x0000000100000000)
 Metaspace       used 19244K, capacity 19488K, committed 19840K, reserved 1067008K
  class space    used 2248K, capacity 2360K, committed 2432K, reserved 1048576K
}
2022-02-08T17:25:47.383+0000: 1.397: Total time for which application threads were stopped: 0.0595014 seconds, Stopping threads took: 0.0000234 seconds
2022-02-08T17:25:47.458+0000: 1.472: Total time for which application threads were stopped: 0.0003990 seconds, Stopping threads took: 0.0000389 seconds
2022-02-08T17:25:47.542+0000: 1.556: Total time for which application threads were stopped: 0.0004237 seconds, Stopping threads took: 0.0000271 seconds
2022-02-08T17:25:47.562+0000: 1.576: Total time for which application threads were stopped: 0.0002717 seconds, Stopping threads took: 0.0000330 seconds
2022-02-08T17:25:47.573+0000: 1.587: Total time for which application threads were stopped: 0.0003458 seconds, Stopping threads took: 0.0000275 seconds
2022-02-08T17:25:47.611+0000: 1.624: Total time for which application threads were stopped: 0.0003263 seconds, Stopping threads took: 0.0000431 seconds
2022-02-08T17:25:47.630+0000: 1.643: Total time for which application threads were stopped: 0.0001874 seconds, Stopping threads took: 0.0000260 seconds
2022-02-08T17:25:47.643+0000: 1.656: Total time for which application threads were stopped: 0.0002974 seconds, Stopping threads took: 0.0000190 seconds
2022-02-08T17:25:47.685+0000: 1.699: Total time for which application threads were stopped: 0.0002953 seconds, Stopping threads took: 0.0000267 seconds
2022-02-08T17:25:47.695+0000: 1.708: Total time for which application threads were stopped: 0.0003092 seconds, Stopping threads took: 0.0000243 seconds
2022-02-08T17:25:47.702+0000: 1.716: Total time for which application threads were stopped: 0.0003238 seconds, Stopping threads took: 0.0000196 seconds
2022-02-08T17:25:47.704+0000: 1.718: Total time for which application threads were stopped: 0.0003446 seconds, Stopping threads took: 0.0000292 seconds
2022-02-08T17:25:47.712+0000: 1.725: Total time for which application threads were stopped: 0.0003033 seconds, Stopping threads took: 0.0000664 seconds
2022-02-08T17:25:47.725+0000: 1.739: Total time for which application threads were stopped: 0.0004722 seconds, Stopping threads took: 0.0001136 seconds
2022-02-08T17:25:47.744+0000: 1.758: Total time for which application threads were stopped: 0.0002608 seconds, Stopping threads took: 0.0000366 seconds
2022-02-08T17:25:47.748+0000: 1.762: Total time for which application threads were stopped: 0.0003593 seconds, Stopping threads took: 0.0000316 seconds
2022-02-08T17:25:47.753+0000: 1.767: Total time for which application threads were stopped: 0.0003007 seconds, Stopping threads took: 0.0000943 seconds
2022-02-08T17:25:47.787+0000: 1.801: Total time for which application threads were stopped: 0.0003894 seconds, Stopping threads took: 0.0000255 seconds
2022-02-08T17:25:47.821+0000: 1.835: Total time for which application threads were stopped: 0.0003744 seconds, Stopping threads took: 0.0000360 seconds
2022-02-08T17:25:47.842+0000: 1.856: Total time for which application threads were stopped: 0.0003605 seconds, Stopping threads took: 0.0000411 seconds
2022-02-08T17:25:47.854+0000: 1.868: Total time for which application threads were stopped: 0.0002510 seconds, Stopping threads took: 0.0000349 seconds
2022-02-08T17:25:47.867+0000: 1.881: Total time for which application threads were stopped: 0.0003993 seconds, Stopping threads took: 0.0000360 seconds
{Heap before GC invocations=2 (full 0):
 par new generation   total 46080K, used 46080K [0x00000000e0c00000, 0x00000000e3e00000, 0x00000000e3e00000)
  eden space 40960K, 100% used [0x00000000e0c00000, 0x00000000e3400000, 0x00000000e3400000)
  from space 5120K, 100% used [0x00000000e3400000, 0x00000000e3900000, 0x00000000e3900000)
  to   space 5120K,   0% used [0x00000000e3900000, 0x00000000e3900000, 0x00000000e3e00000)
 concurrent mark-sweep generation total 460800K, used 4175K [0x00000000e3e00000, 0x0000000100000000, 0x0000000100000000)
 Metaspace       used 25733K, capacity 26116K, committed 26276K, reserved 1073152K
  class space    used 2988K, capacity 3128K, committed 3172K, reserved 1048576K
2022-02-08T17:25:47.889+0000: 1.902: [GC (Allocation Failure) 2022-02-08T17:25:47.889+0000: 1.902: [ParNew
Desired survivor size 2621440 bytes, new threshold 1 (max 1)
- age   1:    4404984 bytes,    4404984 total
: 46080K->5120K(46080K), 0.0204790 secs] 50255K->12111K(506880K), 0.0205539 secs] [Times: user=0.26 sys=0.03, real=0.02 secs] 
Heap after GC invocations=3 (full 0):
 par new generation   total 46080K, used 5120K [0x00000000e0c00000, 0x00000000e3e00000, 0x00000000e3e00000)
  eden space 40960K,   0% used [0x00000000e0c00000, 0x00000000e0c00000, 0x00000000e3400000)
  from space 5120K, 100% used [0x00000000e3900000, 0x00000000e3e00000, 0x00000000e3e00000)
  to   space 5120K,   0% used [0x00000000e3400000, 0x00000000e3400000, 0x00000000e3900000)
 concurrent mark-sweep generation total 460800K, used 6991K [0x00000000e3e00000, 0x0000000100000000, 0x0000000100000000)
 Metaspace       used 25733K, capacity 26116K, committed 26276K, reserved 1073152K
  class space    used 2988K, capacity 3128K, committed 3172K, reserved 1048576K
}
2022-02-08T17:25:47.909+0000: 1.923: Total time for which application threads were stopped: 0.0208383 seconds, Stopping threads took: 0.0000699 seconds
2022-02-08T17:25:47.909+0000: 1.923: [GC (CMS Initial Mark) [1 CMS-initial-mark: 6991K(460800K)] 12111K(506880K), 0.0013148 secs] [Times: user=0.01 sys=0.00, real=0.00 secs] 
2022-02-08T17:25:47.911+0000: 1.924: Total time for which application threads were stopped: 0.0014398 seconds, Stopping threads took: 0.0000442 seconds
2022-02-08T17:25:47.911+0000: 1.924: [CMS-concurrent-mark-start]
2022-02-08T17:25:47.916+0000: 1.930: Total time for which application threads were stopped: 0.0002192 seconds, Stopping threads took: 0.0000255 seconds
2022-02-08T17:25:47.918+0000: 1.931: [CMS-concurrent-mark: 0.006/0.007 secs] [Times: user=0.05 sys=0.01, real=0.00 secs] 
2022-02-08T17:25:47.918+0000: 1.931: [CMS-concurrent-preclean-start]
2022-02-08T17:25:47.919+0000: 1.933: [CMS-concurrent-preclean: 0.001/0.001 secs] [Times: user=0.00 sys=0.00, real=0.01 secs] 
2022-02-08T17:25:47.919+0000: 1.933: [GC (CMS Final Remark) [YG occupancy: 6708 K (46080 K)]2022-02-08T17:25:47.919+0000: 1.933: [Rescan (parallel) , 0.0016691 secs]2022-02-08T17:25:47.921+0000: 1.935: [weak refs processing, 0.0005243 secs]2022-02-08T17:25:47.921+0000: 1.935: [class unloading, 0.0051433 secs]2022-02-08T17:25:47.927+0000: 1.940: [scrub symbol table, 0.0044816 secs]2022-02-08T17:25:47.931+0000: 1.945: [scrub string table, 0.0007442 secs][1 CMS-remark: 6991K(460800K)] 13699K(506880K), 0.0128574 secs] [Times: user=0.05 sys=0.00, real=0.01 secs] 
2022-02-08T17:25:47.932+0000: 1.946: Total time for which application threads were stopped: 0.0130343 seconds, Stopping threads took: 0.0000923 seconds
2022-02-08T17:25:47.932+0000: 1.946: [CMS-concurrent-sweep-start]
2022-02-08T17:25:47.936+0000: 1.949: [CMS-concurrent-sweep: 0.003/0.003 secs] [Times: user=0.00 sys=0.00, real=0.00 secs] 
2022-02-08T17:25:47.936+0000: 1.949: [CMS-concurrent-reset-start]
2022-02-08T17:25:47.937+0000: 1.951: [CMS-concurrent-reset: 0.001/0.001 secs] [Times: user=0.01 sys=0.00, real=0.00 secs] 
2022-02-08T17:25:48.356+0000: 2.369: Total time for which application threads were stopped: 0.0032138 seconds, Stopping threads took: 0.0002272 seconds
{Heap before GC invocations=3 (full 1):
 par new generation   total 46080K, used 46080K [0x00000000e0c00000, 0x00000000e3e00000, 0x00000000e3e00000)
  eden space 40960K, 100% used [0x00000000e0c00000, 0x00000000e3400000, 0x00000000e3400000)
  from space 5120K, 100% used [0x00000000e3900000, 0x00000000e3e00000, 0x00000000e3e00000)
  to   space 5120K,   0% used [0x00000000e3400000, 0x00000000e3400000, 0x00000000e3900000)
 concurrent mark-sweep generation total 460800K, used 5304K [0x00000000e3e00000, 0x0000000100000000, 0x0000000100000000)
 Metaspace       used 30595K, capacity 31320K, committed 31424K, reserved 1077248K
  class space    used 3532K, capacity 3730K, committed 3812K, reserved 1048576K
2022-02-08T17:25:48.573+0000: 2.587: [GC (Allocation Failure) 2022-02-08T17:25:48.574+0000: 2.587: [ParNew
Desired survivor size 2621440 bytes, new threshold 1 (max 1)
- age   1:    5239808 bytes,    5239808 total
: 46080K->5120K(46080K), 0.0648423 secs] 51384K->17889K(506880K), 0.0649516 secs] [Times: user=0.54 sys=0.03, real=0.06 secs] 
Heap after GC invocations=4 (full 1):
 par new generation   total 46080K, used 5120K [0x00000000e0c00000, 0x00000000e3e00000, 0x00000000e3e00000)
  eden space 40960K,   0% used [0x00000000e0c00000, 0x00000000e0c00000, 0x00000000e3400000)
  from space 5120K, 100% used [0x00000000e3400000, 0x00000000e3900000, 0x00000000e3900000)
  to   space 5120K,   0% used [0x00000000e3900000, 0x00000000e3900000, 0x00000000e3e00000)
 concurrent mark-sweep generation total 460800K, used 12769K [0x00000000e3e00000, 0x0000000100000000, 0x0000000100000000)
 Metaspace       used 30595K, capacity 31320K, committed 31424K, reserved 1077248K
  class space    used 3532K, capacity 3730K, committed 3812K, reserved 1048576K
}
2022-02-08T17:25:48.638+0000: 2.652: Total time for which application threads were stopped: 0.0654006 seconds, Stopping threads took: 0.0000381 seconds
{Heap before GC invocations=4 (full 1):
 par new generation   total 46080K, used 46080K [0x00000000e0c00000, 0x00000000e3e00000, 0x00000000e3e00000)
  eden space 40960K, 100% used [0x00000000e0c00000, 0x00000000e3400000, 0x00000000e3400000)
  from space 5120K, 100% used [0x00000000e3400000, 0x00000000e3900000, 0x00000000e3900000)
  to   space 5120K,   0% used [0x00000000e3900000, 0x00000000e3900000, 0x00000000e3e00000)
 concurrent mark-sweep generation total 460800K, used 12769K [0x00000000e3e00000, 0x0000000100000000, 0x0000000100000000)
 Metaspace       used 30620K, capacity 31320K, committed 31424K, reserved 1077248K
  class space    used 3533K, capacity 3730K, committed 3812K, reserved 1048576K
2022-02-08T17:25:48.811+0000: 2.825: [GC (Allocation Failure) 2022-02-08T17:25:48.811+0000: 2.825: [ParNew
Desired survivor size 2621440 bytes, new threshold 1 (max 1)
- age   1:    2611160 bytes,    2611160 total
: 46080K->5120K(46080K), 0.0219398 secs] 58849K->24329K(506880K), 0.0220640 secs] [Times: user=0.28 sys=0.03, real=0.02 secs] 
Heap after GC invocations=5 (full 1):
 par new generation   total 46080K, used 5120K [0x00000000e0c00000, 0x00000000e3e00000, 0x00000000e3e00000)
  eden space 40960K,   0% used [0x00000000e0c00000, 0x00000000e0c00000, 0x00000000e3400000)
  from space 5120K, 100% used [0x00000000e3900000, 0x00000000e3e00000, 0x00000000e3e00000)
  to   space 5120K,   0% used [0x00000000e3400000, 0x00000000e3400000, 0x00000000e3900000)
 concurrent mark-sweep generation total 460800K, used 19209K [0x00000000e3e00000, 0x0000000100000000, 0x0000000100000000)
 Metaspace       used 30620K, capacity 31320K, committed 31424K, reserved 1077248K
  class space    used 3533K, capacity 3730K, committed 3812K, reserved 1048576K
}
2022-02-08T17:25:48.833+0000: 2.847: Total time for which application threads were stopped: 0.0223372 seconds, Stopping threads took: 0.0000379 seconds
{Heap before GC invocations=5 (full 1):
 par new generation   total 46080K, used 46080K [0x00000000e0c00000, 0x00000000e3e00000, 0x00000000e3e00000)
  eden space 40960K, 100% used [0x00000000e0c00000, 0x00000000e3400000, 0x00000000e3400000)
  from space 5120K, 100% used [0x00000000e3900000, 0x00000000e3e00000, 0x00000000e3e00000)
  to   space 5120K,   0% used [0x00000000e3400000, 0x00000000e3400000, 0x00000000e3900000)
 concurrent mark-sweep generation total 460800K, used 19209K [0x00000000e3e00000, 0x0000000100000000, 0x0000000100000000)
 Metaspace       used 30620K, capacity 31320K, committed 31424K, reserved 1077248K
  class space    used 3533K, capacity 3730K, committed 3812K, reserved 1048576K
2022-02-08T17:25:48.926+0000: 2.940: [GC (Allocation Failure) 2022-02-08T17:25:48.926+0000: 2.940: [ParNew
Desired survivor size 2621440 bytes, new threshold 1 (max 1)
- age   1:    2097264 bytes,    2097264 total
: 46080K->2266K(46080K), 0.0305337 secs] 65289K->24847K(506880K), 0.0306432 secs] [Times: user=0.54 sys=0.01, real=0.03 secs] 
Heap after GC invocations=6 (full 1):
 par new generation   total 46080K, used 2266K [0x00000000e0c00000, 0x00000000e3e00000, 0x00000000e3e00000)
  eden space 40960K,   0% used [0x00000000e0c00000, 0x00000000e0c00000, 0x00000000e3400000)
  from space 5120K,  44% used [0x00000000e3400000, 0x00000000e3636970, 0x00000000e3900000)
  to   space 5120K,   0% used [0x00000000e3900000, 0x00000000e3900000, 0x00000000e3e00000)
 concurrent mark-sweep generation total 460800K, used 22581K [0x00000000e3e00000, 0x0000000100000000, 0x0000000100000000)
 Metaspace       used 30620K, capacity 31320K, committed 31424K, reserved 1077248K
  class space    used 3533K, capacity 3730K, committed 3812K, reserved 1048576K
}
2022-02-08T17:25:48.957+0000: 2.970: Total time for which application threads were stopped: 0.0309516 seconds, Stopping threads took: 0.0000460 seconds
{Heap before GC invocations=6 (full 1):
 par new generation   total 46080K, used 43226K [0x00000000e0c00000, 0x00000000e3e00000, 0x00000000e3e00000)
  eden space 40960K, 100% used [0x00000000e0c00000, 0x00000000e3400000, 0x00000000e3400000)
  from space 5120K,  44% used [0x00000000e3400000, 0x00000000e3636970, 0x00000000e3900000)
  to   space 5120K,   0% used [0x00000000e3900000, 0x00000000e3900000, 0x00000000e3e00000)
 concurrent mark-sweep generation total 460800K, used 22581K [0x00000000e3e00000, 0x0000000100000000, 0x0000000100000000)
 Metaspace       used 30620K, capacity 31320K, committed 31424K, reserved 1077248K
  class space    used 3533K, capacity 3730K, committed 3812K, reserved 1048576K
2022-02-08T17:25:49.012+0000: 3.025: [GC (Allocation Failure) 2022-02-08T17:25:49.012+0000: 3.025: [ParNew
Desired survivor size 2621440 bytes, new threshold 1 (max 1)
- age   1:    4194600 bytes,    4194600 total
: 43226K->4132K(46080K), 0.0265855 secs] 65807K->26713K(506880K), 0.0267211 secs] [Times: user=0.37 sys=0.00, real=0.02 secs] 
Heap after GC invocations=7 (full 1):
 par new generation   total 46080K, used 4132K [0x00000000e0c00000, 0x00000000e3e00000, 0x00000000e3e00000)
  eden space 40960K,   0% used [0x00000000e0c00000, 0x00000000e0c00000, 0x00000000e3400000)
  from space 5120K,  80% used [0x00000000e3900000, 0x00000000e3d091a0, 0x00000000e3e00000)
  to   space 5120K,   0% used [0x00000000e3400000, 0x00000000e3400000, 0x00000000e3900000)
 concurrent mark-sweep generation total 460800K, used 22581K [0x00000000e3e00000, 0x0000000100000000, 0x0000000100000000)
 Metaspace       used 30620K, capacity 31320K, committed 31424K, reserved 1077248K
  class space    used 3533K, capacity 3730K, committed 3812K, reserved 1048576K
}
2022-02-08T17:25:49.038+0000: 3.052: Total time for which application threads were stopped: 0.0270085 seconds, Stopping threads took: 0.0000500 seconds
{Heap before GC invocations=7 (full 1):
 par new generation   total 46080K, used 45092K [0x00000000e0c00000, 0x00000000e3e00000, 0x00000000e3e00000)
  eden space 40960K, 100% used [0x00000000e0c00000, 0x00000000e3400000, 0x00000000e3400000)
  from space 5120K,  80% used [0x00000000e3900000, 0x00000000e3d091a0, 0x00000000e3e00000)
  to   space 5120K,   0% used [0x00000000e3400000, 0x00000000e3400000, 0x00000000e3900000)
 concurrent mark-sweep generation total 460800K, used 22581K [0x00000000e3e00000, 0x0000000100000000, 0x0000000100000000)
 Metaspace       used 30620K, capacity 31320K, committed 31424K, reserved 1077248K
  class space    used 3533K, capacity 3730K, committed 3812K, reserved 1048576K
2022-02-08T17:25:49.087+0000: 3.100: [GC (Allocation Failure) 2022-02-08T17:25:49.087+0000: 3.101: [ParNew
Desired survivor size 2621440 bytes, new threshold 1 (max 1)
- age   1:        344 bytes,        344 total
: 45092K->9K(46080K), 0.0416202 secs] 67673K->26686K(506880K), 0.0422282 secs] [Times: user=1.11 sys=0.01, real=0.05 secs] 
Heap after GC invocations=8 (full 1):
 par new generation   total 46080K, used 9K [0x00000000e0c00000, 0x00000000e3e00000, 0x00000000e3e00000)
  eden space 40960K,   0% used [0x00000000e0c00000, 0x00000000e0c00000, 0x00000000e3400000)
  from space 5120K,   0% used [0x00000000e3400000, 0x00000000e3402460, 0x00000000e3900000)
  to   space 5120K,   0% used [0x00000000e3900000, 0x00000000e3900000, 0x00000000e3e00000)
 concurrent mark-sweep generation total 460800K, used 26677K [0x00000000e3e00000, 0x0000000100000000, 0x0000000100000000)
 Metaspace       used 30620K, capacity 31320K, committed 31424K, reserved 1077248K
  class space    used 3533K, capacity 3730K, committed 3812K, reserved 1048576K
}
2022-02-08T17:25:49.129+0000: 3.143: Total time for which application threads were stopped: 0.0424468 seconds, Stopping threads took: 0.0000268 seconds
{Heap before GC invocations=8 (full 1):
 par new generation   total 46080K, used 40969K [0x00000000e0c00000, 0x00000000e3e00000, 0x00000000e3e00000)
  eden space 40960K, 100% used [0x00000000e0c00000, 0x00000000e3400000, 0x00000000e3400000)
  from space 5120K,   0% used [0x00000000e3400000, 0x00000000e3402460, 0x00000000e3900000)
  to   space 5120K,   0% used [0x00000000e3900000, 0x00000000e3900000, 0x00000000e3e00000)
 concurrent mark-sweep generation total 460800K, used 26677K [0x00000000e3e00000, 0x0000000100000000, 0x0000000100000000)
 Metaspace       used 30620K, capacity 31320K, committed 31424K, reserved 1077248K
  class space    used 3533K, capacity 3730K, committed 3812K, reserved 1048576K
2022-02-08T17:25:49.177+0000: 3.190: [GC (Allocation Failure) 2022-02-08T17:25:49.177+0000: 3.191: [ParNew
Desired survivor size 2621440 bytes, new threshold 1 (max 1)
- age   1:        192 bytes,        192 total
: 40969K->4K(46080K), 0.0022719 secs] 67646K->26681K(506880K), 0.0023944 secs] [Times: user=0.02 sys=0.01, real=0.01 secs] 
Heap after GC invocations=9 (full 1):
 par new generation   total 46080K, used 4K [0x00000000e0c00000, 0x00000000e3e00000, 0x00000000e3e00000)
  eden space 40960K,   0% used [0x00000000e0c00000, 0x00000000e0c00000, 0x00000000e3400000)
  from space 5120K,   0% used [0x00000000e3900000, 0x00000000e3901020, 0x00000000e3e00000)
  to   space 5120K,   0% used [0x00000000e3400000, 0x00000000e3400000, 0x00000000e3900000)
 concurrent mark-sweep generation total 460800K, used 26677K [0x00000000e3e00000, 0x0000000100000000, 0x0000000100000000)
 Metaspace       used 30620K, capacity 31320K, committed 31424K, reserved 1077248K
  class space    used 3533K, capacity 3730K, committed 3812K, reserved 1048576K
}
2022-02-08T17:25:49.179+0000: 3.193: Total time for which application threads were stopped: 0.0026462 seconds, Stopping threads took: 0.0000320 seconds
2022-02-08T17:25:49.246+0000: 3.260: Total time for which application threads were stopped: 0.0006187 seconds, Stopping threads took: 0.0000323 seconds
{Heap before GC invocations=9 (full 1):
 par new generation   total 46080K, used 40964K [0x00000000e0c00000, 0x00000000e3e00000, 0x00000000e3e00000)
  eden space 40960K, 100% used [0x00000000e0c00000, 0x00000000e3400000, 0x00000000e3400000)
  from space 5120K,   0% used [0x00000000e3900000, 0x00000000e3901020, 0x00000000e3e00000)
  to   space 5120K,   0% used [0x00000000e3400000, 0x00000000e3400000, 0x00000000e3900000)
 concurrent mark-sweep generation total 460800K, used 26677K [0x00000000e3e00000, 0x0000000100000000, 0x0000000100000000)
 Metaspace       used 31752K, capacity 32520K, committed 32576K, reserved 1077248K
  class space    used 3671K, capacity 3890K, committed 3940K, reserved 1048576K
2022-02-08T17:25:49.345+0000: 3.358: [GC (Allocation Failure) 2022-02-08T17:25:49.345+0000: 3.358: [ParNew
Desired survivor size 2621440 bytes, new threshold 1 (max 1)
- age   1:    1340968 bytes,    1340968 total
: 40964K->1354K(46080K), 0.0874908 secs] 67641K->36223K(506880K), 0.0875746 secs] [Times: user=2.38 sys=0.02, real=0.09 secs] 
Heap after GC invocations=10 (full 1):
 par new generation   total 46080K, used 1354K [0x00000000e0c00000, 0x00000000e3e00000, 0x00000000e3e00000)
  eden space 40960K,   0% used [0x00000000e0c00000, 0x00000000e0c00000, 0x00000000e3400000)
  from space 5120K,  26% used [0x00000000e3400000, 0x00000000e3552910, 0x00000000e3900000)
  to   space 5120K,   0% used [0x00000000e3900000, 0x00000000e3900000, 0x00000000e3e00000)
 concurrent mark-sweep generation total 460800K, used 34869K [0x00000000e3e00000, 0x0000000100000000, 0x0000000100000000)
 Metaspace       used 31752K, capacity 32520K, committed 32576K, reserved 1077248K
  class space    used 3671K, capacity 3890K, committed 3940K, reserved 1048576K
}
2022-02-08T17:25:49.432+0000: 3.446: Total time for which application threads were stopped: 0.0878582 seconds, Stopping threads took: 0.0000397 seconds
{Heap before GC invocations=10 (full 1):
 par new generation   total 46080K, used 42314K [0x00000000e0c00000, 0x00000000e3e00000, 0x00000000e3e00000)
  eden space 40960K, 100% used [0x00000000e0c00000, 0x00000000e3400000, 0x00000000e3400000)
  from space 5120K,  26% used [0x00000000e3400000, 0x00000000e3552910, 0x00000000e3900000)
  to   space 5120K,   0% used [0x00000000e3900000, 0x00000000e3900000, 0x00000000e3e00000)
 concurrent mark-sweep generation total 460800K, used 34869K [0x00000000e3e00000, 0x0000000100000000, 0x0000000100000000)
 Metaspace       used 32035K, capacity 32760K, committed 32832K, reserved 1079296K
  class space    used 3691K, capacity 3898K, committed 3940K, reserved 1048576K
2022-02-08T17:25:49.588+0000: 3.602: [GC (Allocation Failure) 2022-02-08T17:25:49.588+0000: 3.602: [ParNew
Desired survivor size 2621440 bytes, new threshold 1 (max 1)
- age   1:    5220608 bytes,    5220608 total
: 42314K->5120K(46080K), 0.0101365 secs] 77183K->41562K(506880K), 0.0102210 secs] [Times: user=0.11 sys=0.01, real=0.00 secs] 
Heap after GC invocations=11 (full 1):
 par new generation   total 46080K, used 5120K [0x00000000e0c00000, 0x00000000e3e00000, 0x00000000e3e00000)
  eden space 40960K,   0% used [0x00000000e0c00000, 0x00000000e0c00000, 0x00000000e3400000)
  from space 5120K, 100% used [0x00000000e3900000, 0x00000000e3e00000, 0x00000000e3e00000)
  to   space 5120K,   0% used [0x00000000e3400000, 0x00000000e3400000, 0x00000000e3900000)
 concurrent mark-sweep generation total 460800K, used 36442K [0x00000000e3e00000, 0x0000000100000000, 0x0000000100000000)
 Metaspace       used 32035K, capacity 32760K, committed 32832K, reserved 1079296K
  class space    used 3691K, capacity 3898K, committed 3940K, reserved 1048576K
}
2022-02-08T17:25:49.598+0000: 3.612: Total time for which application threads were stopped: 0.0105977 seconds, Stopping threads took: 0.0000565 seconds
2022-02-08T17:25:49.885+0000: 3.899: Total time for which application threads were stopped: 0.0007872 seconds, Stopping threads took: 0.0000419 seconds
{Heap before GC invocations=11 (full 1):
 par new generation   total 46080K, used 46080K [0x00000000e0c00000, 0x00000000e3e00000, 0x00000000e3e00000)
  eden space 40960K, 100% used [0x00000000e0c00000, 0x00000000e3400000, 0x00000000e3400000)
  from space 5120K, 100% used [0x00000000e3900000, 0x00000000e3e00000, 0x00000000e3e00000)
  to   space 5120K,   0% used [0x00000000e3400000, 0x00000000e3400000, 0x00000000e3900000)
 concurrent mark-sweep generation total 460800K, used 36442K [0x00000000e3e00000, 0x0000000100000000, 0x0000000100000000)
 Metaspace       used 36110K, capacity 36954K, committed 37184K, reserved 1081344K
  class space    used 4972K, capacity 5209K, committed 5220K, reserved 1048576K
2022-02-08T17:25:49.992+0000: 4.005: [GC (Allocation Failure) 2022-02-08T17:25:49.992+0000: 4.006: [ParNew
Desired survivor size 2621440 bytes, new threshold 1 (max 1)
- age   1:    3604784 bytes,    3604784 total
: 46080K->5120K(46080K), 0.0281079 secs] 82522K->49211K(506880K), 0.0282103 secs] [Times: user=0.18 sys=0.03, real=0.03 secs] 
Heap after GC invocations=12 (full 1):
 par new generation   total 46080K, used 5120K [0x00000000e0c00000, 0x00000000e3e00000, 0x00000000e3e00000)
  eden space 40960K,   0% used [0x00000000e0c00000, 0x00000000e0c00000, 0x00000000e3400000)
  from space 5120K, 100% used [0x00000000e3400000, 0x00000000e3900000, 0x00000000e3900000)
  to   space 5120K,   0% used [0x00000000e3900000, 0x00000000e3900000, 0x00000000e3e00000)
 concurrent mark-sweep generation total 460800K, used 44091K [0x00000000e3e00000, 0x0000000100000000, 0x0000000100000000)
 Metaspace       used 36110K, capacity 36954K, committed 37184K, reserved 1081344K
  class space    used 4972K, capacity 5209K, committed 5220K, reserved 1048576K
}
2022-02-08T17:25:50.020+0000: 4.034: Total time for which application threads were stopped: 0.0285043 seconds, Stopping threads took: 0.0000400 seconds
2022-02-08T17:25:50.363+0000: 4.377: Total time for which application threads were stopped: 0.0003703 seconds, Stopping threads took: 0.0000705 seconds
{Heap before GC invocations=12 (full 1):
 par new generation   total 46080K, used 46080K [0x00000000e0c00000, 0x00000000e3e00000, 0x00000000e3e00000)
  eden space 40960K, 100% used [0x00000000e0c00000, 0x00000000e3400000, 0x00000000e3400000)
  from space 5120K, 100% used [0x00000000e3400000, 0x00000000e3900000, 0x00000000e3900000)
  to   space 5120K,   0% used [0x00000000e3900000, 0x00000000e3900000, 0x00000000e3e00000)
 concurrent mark-sweep generation total 460800K, used 44091K [0x00000000e3e00000, 0x0000000100000000, 0x0000000100000000)
 Metaspace       used 38949K, capacity 40042K, committed 40128K, reserved 1083392K
  class space    used 5301K, capacity 5582K, committed 5604K, reserved 1048576K
2022-02-08T17:25:50.416+0000: 4.430: [GC (Allocation Failure) 2022-02-08T17:25:50.416+0000: 4.430: [ParNew
Desired survivor size 2621440 bytes, new threshold 1 (max 1)
- age   1:    3650768 bytes,    3650768 total
: 46080K->5120K(46080K), 0.0287639 secs] 90171K->63612K(506880K), 0.0288788 secs] [Times: user=0.36 sys=0.05, real=0.03 secs] 
Heap after GC invocations=13 (full 1):
 par new generation   total 46080K, used 5120K [0x00000000e0c00000, 0x00000000e3e00000, 0x00000000e3e00000)
  eden space 40960K,   0% used [0x00000000e0c00000, 0x00000000e0c00000, 0x00000000e3400000)
  from space 5120K, 100% used [0x00000000e3900000, 0x00000000e3e00000, 0x00000000e3e00000)
  to   space 5120K,   0% used [0x00000000e3400000, 0x00000000e3400000, 0x00000000e3900000)
 concurrent mark-sweep generation total 460800K, used 58492K [0x00000000e3e00000, 0x0000000100000000, 0x0000000100000000)
 Metaspace       used 38949K, capacity 40042K, committed 40128K, reserved 1083392K
  class space    used 5301K, capacity 5582K, committed 5604K, reserved 1048576K
}
2022-02-08T17:25:50.445+0000: 4.459: Total time for which application threads were stopped: 0.0292593 seconds, Stopping threads took: 0.0000705 seconds
2022-02-08T17:25:50.499+0000: 4.513: Total time for which application threads were stopped: 0.0009291 seconds, Stopping threads took: 0.0000625 seconds
2022-02-08T17:25:50.500+0000: 4.514: Total time for which application threads were stopped: 0.0002764 seconds, Stopping threads took: 0.0000240 seconds
2022-02-08T17:25:50.518+0000: 4.532: Total time for which application threads were stopped: 0.0007579 seconds, Stopping threads took: 0.0000317 seconds
2022-02-08T17:25:50.522+0000: 4.535: Total time for which application threads were stopped: 0.0005051 seconds, Stopping threads took: 0.0000297 seconds
2022-02-08T17:25:50.921+0000: 4.935: Total time for which application threads were stopped: 0.0007236 seconds, Stopping threads took: 0.0000291 seconds
2022-02-08T17:25:51.371+0000: 5.384: Total time for which application threads were stopped: 0.0010261 seconds, Stopping threads took: 0.0000387 seconds
2022-02-08T17:25:51.479+0000: 5.493: Total time for which application threads were stopped: 0.0009491 seconds, Stopping threads took: 0.0000369 seconds
2022-02-08T17:25:51.573+0000: 5.587: Total time for which application threads were stopped: 0.0004919 seconds, Stopping threads took: 0.0000398 seconds
{Heap before GC invocations=13 (full 1):
 par new generation   total 46080K, used 46080K [0x00000000e0c00000, 0x00000000e3e00000, 0x00000000e3e00000)
  eden space 40960K, 100% used [0x00000000e0c00000, 0x00000000e3400000, 0x00000000e3400000)
  from space 5120K, 100% used [0x00000000e3900000, 0x00000000e3e00000, 0x00000000e3e00000)
  to   space 5120K,   0% used [0x00000000e3400000, 0x00000000e3400000, 0x00000000e3900000)
 concurrent mark-sweep generation total 460800K, used 58492K [0x00000000e3e00000, 0x0000000100000000, 0x0000000100000000)
 Metaspace       used 43029K, capacity 44468K, committed 44552K, reserved 1087488K
  class space    used 5872K, capacity 6286K, committed 6368K, reserved 1048576K
2022-02-08T17:25:51.598+0000: 5.612: [GC (Allocation Failure) 2022-02-08T17:25:51.598+0000: 5.612: [ParNew
Desired survivor size 2621440 bytes, new threshold 1 (max 1)
- age   1:    4389864 bytes,    4389864 total
: 46080K->5120K(46080K), 0.0298412 secs] 104572K->70539K(506880K), 0.0299558 secs] [Times: user=0.18 sys=0.02, real=0.04 secs] 
Heap after GC invocations=14 (full 1):
 par new generation   total 46080K, used 5120K [0x00000000e0c00000, 0x00000000e3e00000, 0x00000000e3e00000)
  eden space 40960K,   0% used [0x00000000e0c00000, 0x00000000e0c00000, 0x00000000e3400000)
  from space 5120K, 100% used [0x00000000e3400000, 0x00000000e3900000, 0x00000000e3900000)
  to   space 5120K,   0% used [0x00000000e3900000, 0x00000000e3900000, 0x00000000e3e00000)
 concurrent mark-sweep generation total 460800K, used 65419K [0x00000000e3e00000, 0x0000000100000000, 0x0000000100000000)
 Metaspace       used 43029K, capacity 44468K, committed 44552K, reserved 1087488K
  class space    used 5872K, capacity 6286K, committed 6368K, reserved 1048576K
}
2022-02-08T17:25:51.628+0000: 5.642: Total time for which application threads were stopped: 0.0303010 seconds, Stopping threads took: 0.0000346 seconds
2022-02-08T17:25:51.628+0000: 5.642: [GC (CMS Initial Mark) [1 CMS-initial-mark: 65419K(460800K)] 71663K(506880K), 0.0015315 secs] [Times: user=0.01 sys=0.00, real=0.00 secs] 
2022-02-08T17:25:51.630+0000: 5.644: Total time for which application threads were stopped: 0.0018229 seconds, Stopping threads took: 0.0000926 seconds
2022-02-08T17:25:51.630+0000: 5.644: [CMS-concurrent-mark-start]
2022-02-08T17:25:51.634+0000: 5.647: Total time for which application threads were stopped: 0.0004677 seconds, Stopping threads took: 0.0001599 seconds
2022-02-08T17:25:51.644+0000: 5.658: [CMS-concurrent-mark: 0.013/0.014 secs] [Times: user=0.14 sys=0.00, real=0.01 secs] 
2022-02-08T17:25:51.644+0000: 5.658: [CMS-concurrent-preclean-start]
2022-02-08T17:25:51.646+0000: 5.659: [CMS-concurrent-preclean: 0.001/0.001 secs] [Times: user=0.00 sys=0.00, real=0.00 secs] 
2022-02-08T17:25:51.646+0000: 5.660: [GC (CMS Final Remark) [YG occupancy: 6961 K (46080 K)]2022-02-08T17:25:51.646+0000: 5.660: [Rescan (parallel) , 0.0020570 secs]2022-02-08T17:25:51.648+0000: 5.662: [weak refs processing, 0.0007667 secs]2022-02-08T17:25:51.649+0000: 5.662: [class unloading, 0.0098865 secs]2022-02-08T17:25:51.659+0000: 5.672: [scrub symbol table, 0.0056226 secs]2022-02-08T17:25:51.664+0000: 5.678: [scrub string table, 0.0008684 secs][1 CMS-remark: 65419K(460800K)] 72380K(506880K), 0.0193549 secs] [Times: user=0.05 sys=0.00, real=0.02 secs] 
2022-02-08T17:25:51.665+0000: 5.679: Total time for which application threads were stopped: 0.0196194 seconds, Stopping threads took: 0.0001418 seconds
2022-02-08T17:25:51.665+0000: 5.679: [CMS-concurrent-sweep-start]
2022-02-08T17:25:51.695+0000: 5.709: [CMS-concurrent-sweep: 0.030/0.030 secs] [Times: user=0.07 sys=0.00, real=0.03 secs] 
2022-02-08T17:25:51.695+0000: 5.709: [CMS-concurrent-reset-start]
2022-02-08T17:25:51.699+0000: 5.713: [CMS-concurrent-reset: 0.004/0.004 secs] [Times: user=0.02 sys=0.01, real=0.01 secs] 
2022-02-08T17:25:51.756+0000: 5.770: Total time for which application threads were stopped: 0.0009652 seconds, Stopping threads took: 0.0000401 seconds
2022-02-08T17:25:51.762+0000: 5.775: Total time for which application threads were stopped: 0.0006132 seconds, Stopping threads took: 0.0000179 seconds
2022-02-08T17:25:52.762+0000: 6.776: Total time for which application threads were stopped: 0.0003221 seconds, Stopping threads took: 0.0000534 seconds
2022-02-08T17:25:53.337+0000: 7.350: Total time for which application threads were stopped: 0.0004914 seconds, Stopping threads took: 0.0000719 seconds
2022-02-08T17:25:54.337+0000: 8.351: Total time for which application threads were stopped: 0.0002192 seconds, Stopping threads took: 0.0000317 seconds
2022-02-08T17:25:55.337+0000: 9.351: Total time for which application threads were stopped: 0.0003262 seconds, Stopping threads took: 0.0000570 seconds
{Heap before GC invocations=14 (full 2):
 par new generation   total 46080K, used 46080K [0x00000000e0c00000, 0x00000000e3e00000, 0x00000000e3e00000)
  eden space 40960K, 100% used [0x00000000e0c00000, 0x00000000e3400000, 0x00000000e3400000)
  from space 5120K, 100% used [0x00000000e3400000, 0x00000000e3900000, 0x00000000e3900000)
  to   space 5120K,   0% used [0x00000000e3900000, 0x00000000e3900000, 0x00000000e3e00000)
 concurrent mark-sweep generation total 460800K, used 35069K [0x00000000e3e00000, 0x0000000100000000, 0x0000000100000000)
 Metaspace       used 45165K, capacity 47006K, committed 47164K, reserved 1089536K
  class space    used 6186K, capacity 6665K, committed 6752K, reserved 1048576K
2022-02-08T17:25:55.442+0000: 9.456: [GC (Allocation Failure) 2022-02-08T17:25:55.442+0000: 9.456: [ParNew
Desired survivor size 2621440 bytes, new threshold 1 (max 1)
- age   1:    2898496 bytes,    2898496 total
: 46080K->5120K(46080K), 0.0152245 secs] 81149K->47407K(506880K), 0.0154042 secs] [Times: user=0.11 sys=0.03, real=0.01 secs] 
Heap after GC invocations=15 (full 2):
 par new generation   total 46080K, used 5120K [0x00000000e0c00000, 0x00000000e3e00000, 0x00000000e3e00000)
  eden space 40960K,   0% used [0x00000000e0c00000, 0x00000000e0c00000, 0x00000000e3400000)
  from space 5120K, 100% used [0x00000000e3900000, 0x00000000e3e00000, 0x00000000e3e00000)
  to   space 5120K,   0% used [0x00000000e3400000, 0x00000000e3400000, 0x00000000e3900000)
 concurrent mark-sweep generation total 460800K, used 42287K [0x00000000e3e00000, 0x0000000100000000, 0x0000000100000000)
 Metaspace       used 45165K, capacity 47006K, committed 47164K, reserved 1089536K
  class space    used 6186K, capacity 6665K, committed 6752K, reserved 1048576K
}
2022-02-08T17:25:55.458+0000: 9.471: Total time for which application threads were stopped: 0.0159153 seconds, Stopping threads took: 0.0000442 seconds
2022-02-08T17:25:56.459+0000: 10.472: Total time for which application threads were stopped: 0.0008143 seconds, Stopping threads took: 0.0000830 seconds
2022-02-08T17:25:57.459+0000: 11.473: Total time for which application threads were stopped: 0.0005412 seconds, Stopping threads took: 0.0001207 seconds
{Heap before GC invocations=15 (full 2):
 par new generation   total 46080K, used 46080K [0x00000000e0c00000, 0x00000000e3e00000, 0x00000000e3e00000)
  eden space 40960K, 100% used [0x00000000e0c00000, 0x00000000e3400000, 0x00000000e3400000)
  from space 5120K, 100% used [0x00000000e3900000, 0x00000000e3e00000, 0x00000000e3e00000)
  to   space 5120K,   0% used [0x00000000e3400000, 0x00000000e3400000, 0x00000000e3900000)
 concurrent mark-sweep generation total 460800K, used 42287K [0x00000000e3e00000, 0x0000000100000000, 0x0000000100000000)
 Metaspace       used 45747K, capacity 47686K, committed 47932K, reserved 1091584K
  class space    used 6267K, capacity 6743K, committed 6752K, reserved 1048576K
2022-02-08T17:25:57.765+0000: 11.779: [GC (Allocation Failure) 2022-02-08T17:25:57.765+0000: 11.779: [ParNew
Desired survivor size 2621440 bytes, new threshold 1 (max 1)
- age   1:    4859312 bytes,    4859312 total
: 46080K->5120K(46080K), 0.0105043 secs] 88367K->49875K(506880K), 0.0106114 secs] [Times: user=0.14 sys=0.01, real=0.01 secs] 
Heap after GC invocations=16 (full 2):
 par new generation   total 46080K, used 5120K [0x00000000e0c00000, 0x00000000e3e00000, 0x00000000e3e00000)
  eden space 40960K,   0% used [0x00000000e0c00000, 0x00000000e0c00000, 0x00000000e3400000)
  from space 5120K, 100% used [0x00000000e3400000, 0x00000000e3900000, 0x00000000e3900000)
  to   space 5120K,   0% used [0x00000000e3900000, 0x00000000e3900000, 0x00000000e3e00000)
 concurrent mark-sweep generation total 460800K, used 44755K [0x00000000e3e00000, 0x0000000100000000, 0x0000000100000000)
 Metaspace       used 45747K, capacity 47686K, committed 47932K, reserved 1091584K
  class space    used 6267K, capacity 6743K, committed 6752K, reserved 1048576K
}
2022-02-08T17:25:57.776+0000: 11.789: Total time for which application threads were stopped: 0.0111908 seconds, Stopping threads took: 0.0000570 seconds
2022-02-08T17:25:58.776+0000: 12.790: Total time for which application threads were stopped: 0.0004808 seconds, Stopping threads took: 0.0000475 seconds
2022-02-08T17:25:59.777+0000: 13.790: Total time for which application threads were stopped: 0.0002903 seconds, Stopping threads took: 0.0000477 seconds
2022-02-08T17:26:00.777+0000: 14.791: Total time for which application threads were stopped: 0.0001852 seconds, Stopping threads took: 0.0000370 seconds
2022-02-08T17:26:01.777+0000: 15.791: Total time for which application threads were stopped: 0.0002802 seconds, Stopping threads took: 0.0000565 seconds
2022-02-08T17:26:06.479+0000: 20.493: Total time for which application threads were stopped: 0.0014347 seconds, Stopping threads took: 0.0000496 seconds
2022-02-08T17:26:07.480+0000: 21.493: Total time for which application threads were stopped: 0.0002800 seconds, Stopping threads took: 0.0000477 seconds
{Heap before GC invocations=16 (full 2):
 par new generation   total 46080K, used 46080K [0x00000000e0c00000, 0x00000000e3e00000, 0x00000000e3e00000)
  eden space 40960K, 100% used [0x00000000e0c00000, 0x00000000e3400000, 0x00000000e3400000)
  from space 5120K, 100% used [0x00000000e3400000, 0x00000000e3900000, 0x00000000e3900000)
  to   space 5120K,   0% used [0x00000000e3900000, 0x00000000e3900000, 0x00000000e3e00000)
 concurrent mark-sweep generation total 460800K, used 44755K [0x00000000e3e00000, 0x0000000100000000, 0x0000000100000000)
 Metaspace       used 47484K, capacity 49744K, committed 49852K, reserved 1091584K
  class space    used 6512K, capacity 7052K, committed 7136K, reserved 1048576K
2022-02-08T17:26:08.041+0000: 22.055: [GC (Allocation Failure) 2022-02-08T17:26:08.041+0000: 22.055: [ParNew
Desired survivor size 2621440 bytes, new threshold 1 (max 1)
- age   1:    4712424 bytes,    4712424 total
: 46080K->5120K(46080K), 0.0213854 secs] 90835K->57620K(506880K), 0.0215427 secs] [Times: user=0.13 sys=0.01, real=0.02 secs] 
Heap after GC invocations=17 (full 2):
 par new generation   total 46080K, used 5120K [0x00000000e0c00000, 0x00000000e3e00000, 0x00000000e3e00000)
  eden space 40960K,   0% used [0x00000000e0c00000, 0x00000000e0c00000, 0x00000000e3400000)
  from space 5120K, 100% used [0x00000000e3900000, 0x00000000e3e00000, 0x00000000e3e00000)
  to   space 5120K,   0% used [0x00000000e3400000, 0x00000000e3400000, 0x00000000e3900000)
 concurrent mark-sweep generation total 460800K, used 52500K [0x00000000e3e00000, 0x0000000100000000, 0x0000000100000000)
 Metaspace       used 47484K, capacity 49744K, committed 49852K, reserved 1091584K
  class space    used 6512K, capacity 7052K, committed 7136K, reserved 1048576K
}
2022-02-08T17:26:08.063+0000: 22.077: Total time for which application threads were stopped: 0.0220834 seconds, Stopping threads took: 0.0000541 seconds
2022-02-08T17:26:09.064+0000: 23.078: Total time for which application threads were stopped: 0.0007989 seconds, Stopping threads took: 0.0001492 seconds
2022-02-08T17:26:10.065+0000: 24.078: Total time for which application threads were stopped: 0.0005021 seconds, Stopping threads took: 0.0001520 seconds
2022-02-08T17:26:11.065+0000: 25.079: Total time for which application threads were stopped: 0.0003870 seconds, Stopping threads took: 0.0000583 seconds
2022-02-08T17:26:12.066+0000: 26.079: Total time for which application threads were stopped: 0.0004300 seconds, Stopping threads took: 0.0000555 seconds
{Heap before GC invocations=17 (full 2):
 par new generation   total 46080K, used 46080K [0x00000000e0c00000, 0x00000000e3e00000, 0x00000000e3e00000)
  eden space 40960K, 100% used [0x00000000e0c00000, 0x00000000e3400000, 0x00000000e3400000)
  from space 5120K, 100% used [0x00000000e3900000, 0x00000000e3e00000, 0x00000000e3e00000)
  to   space 5120K,   0% used [0x00000000e3400000, 0x00000000e3400000, 0x00000000e3900000)
 concurrent mark-sweep generation total 460800K, used 52500K [0x00000000e3e00000, 0x0000000100000000, 0x0000000100000000)
 Metaspace       used 48608K, capacity 51176K, committed 51260K, reserved 1093632K
  class space    used 6672K, capacity 7264K, committed 7264K, reserved 1048576K
2022-02-08T17:26:12.737+0000: 26.750: [GC (Allocation Failure) 2022-02-08T17:26:12.737+0000: 26.751: [ParNew
Desired survivor size 2621440 bytes, new threshold 1 (max 1)
- age   1:    3197704 bytes,    3197704 total
: 46080K->5120K(46080K), 0.0157770 secs] 98580K->69862K(506880K), 0.0159130 secs] [Times: user=0.12 sys=0.04, real=0.02 secs] 
