OpenJDK 64-Bit Server VM (25.312-b07) for linux-amd64 JRE (1.8.0_312-8u312-b07-0ubuntu1~18.04-b07), built on Nov  3 2021 13:54:59 by "buildd" with gcc 7.5.0
Memory: 4k page, physical 164941188k(115858264k free), swap 3145724k(3145724k free)
CommandLine flags: -XX:+AlwaysPreTouch -XX:+CMSClassUnloadingEnabled -XX:+CMSEdenChunksRecordAlways -XX:CMSInitiatingOccupancyFraction=75 -XX:+CMSParallelInitialMarkEnabled -XX:+CMSParallelRemarkEnabled -XX:CMSWaitDuration=10000 -XX:CompileCommandFile=/tmp/dtest-tqoo5920/test/node3/conf/hotspot_compiler -XX:GCLogFileSize=10485760 -XX:+HeapDumpOnOutOfMemoryError -XX:InitialHeapSize=524288000 -XX:InitialTenuringThreshold=1 -XX:+ManagementServer -XX:MaxHeapSize=524288000 -XX:MaxNewSize=52428800 -XX:MaxTenuringThreshold=1 -XX:NewSize=52428800 -XX:NumberOfGCLogFiles=10 -XX:OldPLABSize=16 -XX:OnOutOfMemoryError=kill -9 %p -XX:+PerfDisableSharedMem -XX:+PrintGC -XX:+PrintGCApplicationStoppedTime -XX:+PrintGCDateStamps -XX:+PrintGCDetails -XX:+PrintGCTimeStamps -XX:+PrintHeapAtGC -XX:+PrintPromotionFailure -XX:+PrintTenuringDistribution -XX:+ResizeTLAB -XX:SurvivorRatio=8 -XX:ThreadPriorityPolicy=42 -XX:ThreadStackSize=256 -XX:-UseBiasedLocking -XX:+UseCMSInitiatingOccupancyOnly -XX:+UseCompressedClassPointers -XX:+UseCompressedOops -XX:+UseConcMarkSweepGC -XX:+UseCondCardMark -XX:+UseGCLogFileRotation -XX:-UseNUMA -XX:+UseParNewGC -XX:+UseTLAB -XX:+UseThreadPriorities 
2022-02-07T22:20:03.992+0000: 0.577: Total time for which application threads were stopped: 0.0002486 seconds, Stopping threads took: 0.0000910 seconds
2022-02-07T22:20:04.057+0000: 0.642: Total time for which application threads were stopped: 0.0001330 seconds, Stopping threads took: 0.0000192 seconds
{Heap before GC invocations=0 (full 0):
 par new generation   total 46080K, used 40960K [0x00000000e0c00000, 0x00000000e3e00000, 0x00000000e3e00000)
  eden space 40960K, 100% used [0x00000000e0c00000, 0x00000000e3400000, 0x00000000e3400000)
  from space 5120K,   0% used [0x00000000e3400000, 0x00000000e3400000, 0x00000000e3900000)
  to   space 5120K,   0% used [0x00000000e3900000, 0x00000000e3900000, 0x00000000e3e00000)
 concurrent mark-sweep generation total 460800K, used 0K [0x00000000e3e00000, 0x0000000100000000, 0x0000000100000000)
 Metaspace       used 12571K, capacity 12710K, committed 13056K, reserved 1060864K
  class space    used 1433K, capacity 1485K, committed 1536K, reserved 1048576K
2022-02-07T22:20:04.423+0000: 1.008: [GC (Allocation Failure) 2022-02-07T22:20:04.423+0000: 1.008: [ParNew
Desired survivor size 2621440 bytes, new threshold 1 (max 1)
- age   1:    5100856 bytes,    5100856 total
: 40960K->5120K(46080K), 0.0077527 secs] 40960K->5560K(506880K), 0.0078589 secs] [Times: user=0.09 sys=0.00, real=0.01 secs] 
Heap after GC invocations=1 (full 0):
 par new generation   total 46080K, used 5120K [0x00000000e0c00000, 0x00000000e3e00000, 0x00000000e3e00000)
  eden space 40960K,   0% used [0x00000000e0c00000, 0x00000000e0c00000, 0x00000000e3400000)
  from space 5120K, 100% used [0x00000000e3900000, 0x00000000e3e00000, 0x00000000e3e00000)
  to   space 5120K,   0% used [0x00000000e3400000, 0x00000000e3400000, 0x00000000e3900000)
 concurrent mark-sweep generation total 460800K, used 440K [0x00000000e3e00000, 0x0000000100000000, 0x0000000100000000)
 Metaspace       used 12571K, capacity 12710K, committed 13056K, reserved 1060864K
  class space    used 1433K, capacity 1485K, committed 1536K, reserved 1048576K
}
2022-02-07T22:20:04.431+0000: 1.016: Total time for which application threads were stopped: 0.0082933 seconds, Stopping threads took: 0.0000327 seconds
2022-02-07T22:20:04.529+0000: 1.114: Total time for which application threads were stopped: 0.0011175 seconds, Stopping threads took: 0.0000311 seconds
2022-02-07T22:20:04.582+0000: 1.167: Total time for which application threads were stopped: 0.0002982 seconds, Stopping threads took: 0.0000242 seconds
2022-02-07T22:20:04.668+0000: 1.253: Total time for which application threads were stopped: 0.0003641 seconds, Stopping threads took: 0.0000963 seconds
2022-02-07T22:20:04.669+0000: 1.254: Total time for which application threads were stopped: 0.0001680 seconds, Stopping threads took: 0.0000287 seconds
2022-02-07T22:20:04.677+0000: 1.262: Total time for which application threads were stopped: 0.0002687 seconds, Stopping threads took: 0.0000343 seconds
2022-02-07T22:20:04.708+0000: 1.293: Total time for which application threads were stopped: 0.0002780 seconds, Stopping threads took: 0.0000675 seconds
2022-02-07T22:20:04.740+0000: 1.325: Total time for which application threads were stopped: 0.0002743 seconds, Stopping threads took: 0.0000340 seconds
2022-02-07T22:20:04.792+0000: 1.377: Total time for which application threads were stopped: 0.0003334 seconds, Stopping threads took: 0.0000325 seconds
2022-02-07T22:20:04.833+0000: 1.418: Total time for which application threads were stopped: 0.0002217 seconds, Stopping threads took: 0.0000196 seconds
{Heap before GC invocations=1 (full 0):
 par new generation   total 46080K, used 46080K [0x00000000e0c00000, 0x00000000e3e00000, 0x00000000e3e00000)
  eden space 40960K, 100% used [0x00000000e0c00000, 0x00000000e3400000, 0x00000000e3400000)
  from space 5120K, 100% used [0x00000000e3900000, 0x00000000e3e00000, 0x00000000e3e00000)
  to   space 5120K,   0% used [0x00000000e3400000, 0x00000000e3400000, 0x00000000e3900000)
 concurrent mark-sweep generation total 460800K, used 440K [0x00000000e3e00000, 0x0000000100000000, 0x0000000100000000)
 Metaspace       used 19240K, capacity 19488K, committed 19840K, reserved 1067008K
  class space    used 2248K, capacity 2360K, committed 2432K, reserved 1048576K
2022-02-07T22:20:04.875+0000: 1.460: [GC (Allocation Failure) 2022-02-07T22:20:04.875+0000: 1.460: [ParNew
Desired survivor size 2621440 bytes, new threshold 1 (max 1)
- age   1:    4001152 bytes,    4001152 total
: 46080K->5119K(46080K), 0.0499764 secs] 46520K->9464K(506880K), 0.0500932 secs] [Times: user=0.42 sys=0.05, real=0.05 secs] 
Heap after GC invocations=2 (full 0):
 par new generation   total 46080K, used 5119K [0x00000000e0c00000, 0x00000000e3e00000, 0x00000000e3e00000)
  eden space 40960K,   0% used [0x00000000e0c00000, 0x00000000e0c00000, 0x00000000e3400000)
  from space 5120K,  99% used [0x00000000e3400000, 0x00000000e38ffff8, 0x00000000e3900000)
  to   space 5120K,   0% used [0x00000000e3900000, 0x00000000e3900000, 0x00000000e3e00000)
 concurrent mark-sweep generation total 460800K, used 4344K [0x00000000e3e00000, 0x0000000100000000, 0x0000000100000000)
 Metaspace       used 19240K, capacity 19488K, committed 19840K, reserved 1067008K
  class space    used 2248K, capacity 2360K, committed 2432K, reserved 1048576K
}
2022-02-07T22:20:04.925+0000: 1.510: Total time for which application threads were stopped: 0.0503514 seconds, Stopping threads took: 0.0000230 seconds
2022-02-07T22:20:04.998+0000: 1.583: Total time for which application threads were stopped: 0.0004290 seconds, Stopping threads took: 0.0000301 seconds
2022-02-07T22:20:05.102+0000: 1.687: Total time for which application threads were stopped: 0.0004082 seconds, Stopping threads took: 0.0000256 seconds
2022-02-07T22:20:05.128+0000: 1.713: Total time for which application threads were stopped: 0.0002792 seconds, Stopping threads took: 0.0000215 seconds
2022-02-07T22:20:05.151+0000: 1.736: Total time for which application threads were stopped: 0.0003610 seconds, Stopping threads took: 0.0000293 seconds
2022-02-07T22:20:05.172+0000: 1.757: Total time for which application threads were stopped: 0.0002731 seconds, Stopping threads took: 0.0000239 seconds
2022-02-07T22:20:05.201+0000: 1.786: Total time for which application threads were stopped: 0.0004070 seconds, Stopping threads took: 0.0000310 seconds
2022-02-07T22:20:05.258+0000: 1.843: Total time for which application threads were stopped: 0.0006988 seconds, Stopping threads took: 0.0000350 seconds
2022-02-07T22:20:05.283+0000: 1.868: Total time for which application threads were stopped: 0.0004777 seconds, Stopping threads took: 0.0000298 seconds
2022-02-07T22:20:05.305+0000: 1.890: Total time for which application threads were stopped: 0.0003214 seconds, Stopping threads took: 0.0000209 seconds
2022-02-07T22:20:05.320+0000: 1.905: Total time for which application threads were stopped: 0.0004169 seconds, Stopping threads took: 0.0000947 seconds
2022-02-07T22:20:05.361+0000: 1.946: Total time for which application threads were stopped: 0.0003067 seconds, Stopping threads took: 0.0000231 seconds
2022-02-07T22:20:05.419+0000: 2.004: Total time for which application threads were stopped: 0.0003575 seconds, Stopping threads took: 0.0000253 seconds
2022-02-07T22:20:05.566+0000: 2.151: Total time for which application threads were stopped: 0.0001757 seconds, Stopping threads took: 0.0000194 seconds
2022-02-07T22:20:05.588+0000: 2.173: Total time for which application threads were stopped: 0.0005997 seconds, Stopping threads took: 0.0001720 seconds
2022-02-07T22:20:05.622+0000: 2.207: Total time for which application threads were stopped: 0.0002907 seconds, Stopping threads took: 0.0000225 seconds
{Heap before GC invocations=2 (full 0):
 par new generation   total 46080K, used 46079K [0x00000000e0c00000, 0x00000000e3e00000, 0x00000000e3e00000)
  eden space 40960K, 100% used [0x00000000e0c00000, 0x00000000e3400000, 0x00000000e3400000)
  from space 5120K,  99% used [0x00000000e3400000, 0x00000000e38ffff8, 0x00000000e3900000)
  to   space 5120K,   0% used [0x00000000e3900000, 0x00000000e3900000, 0x00000000e3e00000)
 concurrent mark-sweep generation total 460800K, used 4344K [0x00000000e3e00000, 0x0000000100000000, 0x0000000100000000)
 Metaspace       used 25248K, capacity 25556K, committed 25868K, reserved 1073152K
  class space    used 2874K, capacity 3012K, committed 3044K, reserved 1048576K
2022-02-07T22:20:05.627+0000: 2.212: [GC (Allocation Failure) 2022-02-07T22:20:05.627+0000: 2.212: [ParNew
Desired survivor size 2621440 bytes, new threshold 1 (max 1)
- age   1:    4539888 bytes,    4539888 total
: 46079K->5120K(46080K), 0.0155829 secs] 50424K->12613K(506880K), 0.0156797 secs] [Times: user=0.14 sys=0.01, real=0.01 secs] 
Heap after GC invocations=3 (full 0):
 par new generation   total 46080K, used 5120K [0x00000000e0c00000, 0x00000000e3e00000, 0x00000000e3e00000)
  eden space 40960K,   0% used [0x00000000e0c00000, 0x00000000e0c00000, 0x00000000e3400000)
  from space 5120K, 100% used [0x00000000e3900000, 0x00000000e3e00000, 0x00000000e3e00000)
  to   space 5120K,   0% used [0x00000000e3400000, 0x00000000e3400000, 0x00000000e3900000)
 concurrent mark-sweep generation total 460800K, used 7493K [0x00000000e3e00000, 0x0000000100000000, 0x0000000100000000)
 Metaspace       used 25248K, capacity 25556K, committed 25868K, reserved 1073152K
  class space    used 2874K, capacity 3012K, committed 3044K, reserved 1048576K
}
2022-02-07T22:20:05.643+0000: 2.228: Total time for which application threads were stopped: 0.0160324 seconds, Stopping threads took: 0.0000228 seconds
2022-02-07T22:20:05.643+0000: 2.228: [GC (CMS Initial Mark) [1 CMS-initial-mark: 7493K(460800K)] 13387K(506880K), 0.0014437 secs] [Times: user=0.00 sys=0.00, real=0.00 secs] 
2022-02-07T22:20:05.644+0000: 2.229: Total time for which application threads were stopped: 0.0016061 seconds, Stopping threads took: 0.0000418 seconds
2022-02-07T22:20:05.645+0000: 2.230: [CMS-concurrent-mark-start]
2022-02-07T22:20:05.648+0000: 2.233: [CMS-concurrent-mark: 0.004/0.004 secs] [Times: user=0.03 sys=0.00, real=0.01 secs] 
2022-02-07T22:20:05.648+0000: 2.233: [CMS-concurrent-preclean-start]
2022-02-07T22:20:05.650+0000: 2.235: [CMS-concurrent-preclean: 0.001/0.001 secs] [Times: user=0.01 sys=0.00, real=0.00 secs] 
2022-02-07T22:20:05.650+0000: 2.235: [GC (CMS Final Remark) [YG occupancy: 5894 K (46080 K)]2022-02-07T22:20:05.650+0000: 2.235: [Rescan (parallel) , 0.0023277 secs]2022-02-07T22:20:05.652+0000: 2.237: [weak refs processing, 0.0003572 secs]2022-02-07T22:20:05.653+0000: 2.238: [class unloading, 0.0112182 secs]2022-02-07T22:20:05.664+0000: 2.249: [scrub symbol table, 0.0051959 secs]2022-02-07T22:20:05.669+0000: 2.254: [scrub string table, 0.0006262 secs][1 CMS-remark: 7493K(460800K)] 13387K(506880K), 0.0199605 secs] [Times: user=0.04 sys=0.00, real=0.02 secs] 
2022-02-07T22:20:05.670+0000: 2.255: Total time for which application threads were stopped: 0.0201032 seconds, Stopping threads took: 0.0000490 seconds
2022-02-07T22:20:05.670+0000: 2.255: [CMS-concurrent-sweep-start]
2022-02-07T22:20:05.675+0000: 2.260: [CMS-concurrent-sweep: 0.005/0.005 secs] [Times: user=0.01 sys=0.00, real=0.00 secs] 
2022-02-07T22:20:05.675+0000: 2.260: [CMS-concurrent-reset-start]
2022-02-07T22:20:05.690+0000: 2.275: [CMS-concurrent-reset: 0.015/0.015 secs] [Times: user=0.03 sys=0.02, real=0.02 secs] 
2022-02-07T22:20:05.768+0000: 2.353: Total time for which application threads were stopped: 0.0005564 seconds, Stopping threads took: 0.0000589 seconds
2022-02-07T22:20:05.806+0000: 2.391: Total time for which application threads were stopped: 0.0002749 seconds, Stopping threads took: 0.0000208 seconds
2022-02-07T22:20:05.816+0000: 2.401: Total time for which application threads were stopped: 0.0002769 seconds, Stopping threads took: 0.0000337 seconds
2022-02-07T22:20:05.859+0000: 2.444: Total time for which application threads were stopped: 0.0003423 seconds, Stopping threads took: 0.0000214 seconds
2022-02-07T22:20:05.870+0000: 2.455: Total time for which application threads were stopped: 0.0002048 seconds, Stopping threads took: 0.0000273 seconds
2022-02-07T22:20:05.870+0000: 2.455: Total time for which application threads were stopped: 0.0001768 seconds, Stopping threads took: 0.0000200 seconds
2022-02-07T22:20:05.974+0000: 2.559: Total time for which application threads were stopped: 0.0005261 seconds, Stopping threads took: 0.0000343 seconds
2022-02-07T22:20:06.168+0000: 2.753: Total time for which application threads were stopped: 0.0006791 seconds, Stopping threads took: 0.0000463 seconds
{Heap before GC invocations=3 (full 1):
 par new generation   total 46080K, used 46080K [0x00000000e0c00000, 0x00000000e3e00000, 0x00000000e3e00000)
  eden space 40960K, 100% used [0x00000000e0c00000, 0x00000000e3400000, 0x00000000e3400000)
  from space 5120K, 100% used [0x00000000e3900000, 0x00000000e3e00000, 0x00000000e3e00000)
  to   space 5120K,   0% used [0x00000000e3400000, 0x00000000e3400000, 0x00000000e3900000)
 concurrent mark-sweep generation total 460800K, used 5621K [0x00000000e3e00000, 0x0000000100000000, 0x0000000100000000)
 Metaspace       used 30741K, capacity 31424K, committed 31680K, reserved 1077248K
  class space    used 3544K, capacity 3766K, committed 3812K, reserved 1048576K
2022-02-07T22:20:06.313+0000: 2.898: [GC (Allocation Failure) 2022-02-07T22:20:06.313+0000: 2.898: [ParNew
Desired survivor size 2621440 bytes, new threshold 1 (max 1)
- age   1:    5241360 bytes,    5241360 total
: 46080K->5120K(46080K), 0.0399863 secs] 51701K->17654K(506880K), 0.0400951 secs] [Times: user=0.24 sys=0.03, real=0.04 secs] 
Heap after GC invocations=4 (full 1):
 par new generation   total 46080K, used 5120K [0x00000000e0c00000, 0x00000000e3e00000, 0x00000000e3e00000)
  eden space 40960K,   0% used [0x00000000e0c00000, 0x00000000e0c00000, 0x00000000e3400000)
  from space 5120K, 100% used [0x00000000e3400000, 0x00000000e3900000, 0x00000000e3900000)
  to   space 5120K,   0% used [0x00000000e3900000, 0x00000000e3900000, 0x00000000e3e00000)
 concurrent mark-sweep generation total 460800K, used 12534K [0x00000000e3e00000, 0x0000000100000000, 0x0000000100000000)
 Metaspace       used 30741K, capacity 31424K, committed 31680K, reserved 1077248K
  class space    used 3544K, capacity 3766K, committed 3812K, reserved 1048576K
}
2022-02-07T22:20:06.353+0000: 2.938: Total time for which application threads were stopped: 0.0404919 seconds, Stopping threads took: 0.0000774 seconds
{Heap before GC invocations=4 (full 1):
 par new generation   total 46080K, used 46080K [0x00000000e0c00000, 0x00000000e3e00000, 0x00000000e3e00000)
  eden space 40960K, 100% used [0x00000000e0c00000, 0x00000000e3400000, 0x00000000e3400000)
  from space 5120K, 100% used [0x00000000e3400000, 0x00000000e3900000, 0x00000000e3900000)
  to   space 5120K,   0% used [0x00000000e3900000, 0x00000000e3900000, 0x00000000e3e00000)
 concurrent mark-sweep generation total 460800K, used 12534K [0x00000000e3e00000, 0x0000000100000000, 0x0000000100000000)
 Metaspace       used 30794K, capacity 31488K, committed 31680K, reserved 1077248K
  class space    used 3545K, capacity 3766K, committed 3812K, reserved 1048576K
2022-02-07T22:20:06.550+0000: 3.135: [GC (Allocation Failure) 2022-02-07T22:20:06.550+0000: 3.135: [ParNew
Desired survivor size 2621440 bytes, new threshold 1 (max 1)
- age   1:    3784312 bytes,    3784312 total
: 46080K->5120K(46080K), 0.0199030 secs] 58614K->23257K(506880K), 0.0200228 secs] [Times: user=0.25 sys=0.03, real=0.02 secs] 
Heap after GC invocations=5 (full 1):
 par new generation   total 46080K, used 5120K [0x00000000e0c00000, 0x00000000e3e00000, 0x00000000e3e00000)
  eden space 40960K,   0% used [0x00000000e0c00000, 0x00000000e0c00000, 0x00000000e3400000)
  from space 5120K, 100% used [0x00000000e3900000, 0x00000000e3e00000, 0x00000000e3e00000)
  to   space 5120K,   0% used [0x00000000e3400000, 0x00000000e3400000, 0x00000000e3900000)
 concurrent mark-sweep generation total 460800K, used 18137K [0x00000000e3e00000, 0x0000000100000000, 0x0000000100000000)
 Metaspace       used 30794K, capacity 31488K, committed 31680K, reserved 1077248K
  class space    used 3545K, capacity 3766K, committed 3812K, reserved 1048576K
}
2022-02-07T22:20:06.570+0000: 3.155: Total time for which application threads were stopped: 0.0203667 seconds, Stopping threads took: 0.0000377 seconds
{Heap before GC invocations=5 (full 1):
 par new generation   total 46080K, used 46080K [0x00000000e0c00000, 0x00000000e3e00000, 0x00000000e3e00000)
  eden space 40960K, 100% used [0x00000000e0c00000, 0x00000000e3400000, 0x00000000e3400000)
  from space 5120K, 100% used [0x00000000e3900000, 0x00000000e3e00000, 0x00000000e3e00000)
  to   space 5120K,   0% used [0x00000000e3400000, 0x00000000e3400000, 0x00000000e3900000)
 concurrent mark-sweep generation total 460800K, used 18137K [0x00000000e3e00000, 0x0000000100000000, 0x0000000100000000)
 Metaspace       used 30794K, capacity 31488K, committed 31680K, reserved 1077248K
  class space    used 3545K, capacity 3766K, committed 3812K, reserved 1048576K
2022-02-07T22:20:06.658+0000: 3.243: [GC (Allocation Failure) 2022-02-07T22:20:06.658+0000: 3.243: [ParNew
Desired survivor size 2621440 bytes, new threshold 1 (max 1)
- age   1:    2097536 bytes,    2097536 total
: 46080K->2600K(46080K), 0.0234047 secs] 64217K->24186K(506880K), 0.0234988 secs] [Times: user=0.41 sys=0.01, real=0.03 secs] 
Heap after GC invocations=6 (full 1):
 par new generation   total 46080K, used 2600K [0x00000000e0c00000, 0x00000000e3e00000, 0x00000000e3e00000)
  eden space 40960K,   0% used [0x00000000e0c00000, 0x00000000e0c00000, 0x00000000e3400000)
  from space 5120K,  50% used [0x00000000e3400000, 0x00000000e368a2d8, 0x00000000e3900000)
  to   space 5120K,   0% used [0x00000000e3900000, 0x00000000e3900000, 0x00000000e3e00000)
 concurrent mark-sweep generation total 460800K, used 21586K [0x00000000e3e00000, 0x0000000100000000, 0x0000000100000000)
 Metaspace       used 30794K, capacity 31488K, committed 31680K, reserved 1077248K
  class space    used 3545K, capacity 3766K, committed 3812K, reserved 1048576K
}
2022-02-07T22:20:06.681+0000: 3.266: Total time for which application threads were stopped: 0.0238634 seconds, Stopping threads took: 0.0000614 seconds
{Heap before GC invocations=6 (full 1):
 par new generation   total 46080K, used 43560K [0x00000000e0c00000, 0x00000000e3e00000, 0x00000000e3e00000)
  eden space 40960K, 100% used [0x00000000e0c00000, 0x00000000e3400000, 0x00000000e3400000)
  from space 5120K,  50% used [0x00000000e3400000, 0x00000000e368a2d8, 0x00000000e3900000)
  to   space 5120K,   0% used [0x00000000e3900000, 0x00000000e3900000, 0x00000000e3e00000)
 concurrent mark-sweep generation total 460800K, used 21586K [0x00000000e3e00000, 0x0000000100000000, 0x0000000100000000)
 Metaspace       used 30794K, capacity 31488K, committed 31680K, reserved 1077248K
  class space    used 3545K, capacity 3766K, committed 3812K, reserved 1048576K
2022-02-07T22:20:06.744+0000: 3.329: [GC (Allocation Failure) 2022-02-07T22:20:06.744+0000: 3.329: [ParNew
Desired survivor size 2621440 bytes, new threshold 1 (max 1)
- age   1:    4194512 bytes,    4194512 total
: 43560K->4234K(46080K), 0.0299131 secs] 65146K->25820K(506880K), 0.0300047 secs] [Times: user=0.79 sys=0.01, real=0.03 secs] 
Heap after GC invocations=7 (full 1):
 par new generation   total 46080K, used 4234K [0x00000000e0c00000, 0x00000000e3e00000, 0x00000000e3e00000)
  eden space 40960K,   0% used [0x00000000e0c00000, 0x00000000e0c00000, 0x00000000e3400000)
  from space 5120K,  82% used [0x00000000e3900000, 0x00000000e3d228b8, 0x00000000e3e00000)
  to   space 5120K,   0% used [0x00000000e3400000, 0x00000000e3400000, 0x00000000e3900000)
 concurrent mark-sweep generation total 460800K, used 21586K [0x00000000e3e00000, 0x0000000100000000, 0x0000000100000000)
 Metaspace       used 30794K, capacity 31488K, committed 31680K, reserved 1077248K
  class space    used 3545K, capacity 3766K, committed 3812K, reserved 1048576K
}
2022-02-07T22:20:06.774+0000: 3.359: Total time for which application threads were stopped: 0.0302921 seconds, Stopping threads took: 0.0000598 seconds
{Heap before GC invocations=7 (full 1):
 par new generation   total 46080K, used 45194K [0x00000000e0c00000, 0x00000000e3e00000, 0x00000000e3e00000)
  eden space 40960K, 100% used [0x00000000e0c00000, 0x00000000e3400000, 0x00000000e3400000)
  from space 5120K,  82% used [0x00000000e3900000, 0x00000000e3d228b8, 0x00000000e3e00000)
  to   space 5120K,   0% used [0x00000000e3400000, 0x00000000e3400000, 0x00000000e3900000)
 concurrent mark-sweep generation total 460800K, used 21586K [0x00000000e3e00000, 0x0000000100000000, 0x0000000100000000)
 Metaspace       used 30794K, capacity 31488K, committed 31680K, reserved 1077248K
  class space    used 3545K, capacity 3766K, committed 3812K, reserved 1048576K
2022-02-07T22:20:06.820+0000: 3.405: [GC (Allocation Failure) 2022-02-07T22:20:06.820+0000: 3.405: [ParNew
Desired survivor size 2621440 bytes, new threshold 1 (max 1)
- age   1:         96 bytes,         96 total
: 45194K->13K(46080K), 0.0334781 secs] 66780K->25696K(506880K), 0.0335565 secs] [Times: user=0.92 sys=0.00, real=0.03 secs] 
Heap after GC invocations=8 (full 1):
 par new generation   total 46080K, used 13K [0x00000000e0c00000, 0x00000000e3e00000, 0x00000000e3e00000)
  eden space 40960K,   0% used [0x00000000e0c00000, 0x00000000e0c00000, 0x00000000e3400000)
  from space 5120K,   0% used [0x00000000e3400000, 0x00000000e3403740, 0x00000000e3900000)
  to   space 5120K,   0% used [0x00000000e3900000, 0x00000000e3900000, 0x00000000e3e00000)
 concurrent mark-sweep generation total 460800K, used 25682K [0x00000000e3e00000, 0x0000000100000000, 0x0000000100000000)
 Metaspace       used 30794K, capacity 31488K, committed 31680K, reserved 1077248K
  class space    used 3545K, capacity 3766K, committed 3812K, reserved 1048576K
}
2022-02-07T22:20:06.854+0000: 3.439: Total time for which application threads were stopped: 0.0338092 seconds, Stopping threads took: 0.0000353 seconds
{Heap before GC invocations=8 (full 1):
 par new generation   total 46080K, used 40973K [0x00000000e0c00000, 0x00000000e3e00000, 0x00000000e3e00000)
  eden space 40960K, 100% used [0x00000000e0c00000, 0x00000000e3400000, 0x00000000e3400000)
  from space 5120K,   0% used [0x00000000e3400000, 0x00000000e3403740, 0x00000000e3900000)
  to   space 5120K,   0% used [0x00000000e3900000, 0x00000000e3900000, 0x00000000e3e00000)
 concurrent mark-sweep generation total 460800K, used 25682K [0x00000000e3e00000, 0x0000000100000000, 0x0000000100000000)
 Metaspace       used 30797K, capacity 31488K, committed 31680K, reserved 1077248K
  class space    used 3545K, capacity 3766K, committed 3812K, reserved 1048576K
2022-02-07T22:20:06.902+0000: 3.487: [GC (Allocation Failure) 2022-02-07T22:20:06.902+0000: 3.487: [ParNew
Desired survivor size 2621440 bytes, new threshold 1 (max 1)
- age   1:        168 bytes,        168 total
: 40973K->8K(46080K), 0.0033112 secs] 66656K->25690K(506880K), 0.0034211 secs] [Times: user=0.03 sys=0.00, real=0.00 secs] 
Heap after GC invocations=9 (full 1):
 par new generation   total 46080K, used 8K [0x00000000e0c00000, 0x00000000e3e00000, 0x00000000e3e00000)
  eden space 40960K,   0% used [0x00000000e0c00000, 0x00000000e0c00000, 0x00000000e3400000)
  from space 5120K,   0% used [0x00000000e3900000, 0x00000000e3902040, 0x00000000e3e00000)
  to   space 5120K,   0% used [0x00000000e3400000, 0x00000000e3400000, 0x00000000e3900000)
 concurrent mark-sweep generation total 460800K, used 25682K [0x00000000e3e00000, 0x0000000100000000, 0x0000000100000000)
 Metaspace       used 30797K, capacity 31488K, committed 31680K, reserved 1077248K
  class space    used 3545K, capacity 3766K, committed 3812K, reserved 1048576K
}
2022-02-07T22:20:06.906+0000: 3.491: Total time for which application threads were stopped: 0.0037340 seconds, Stopping threads took: 0.0000320 seconds
2022-02-07T22:20:06.980+0000: 3.565: Total time for which application threads were stopped: 0.0006422 seconds, Stopping threads took: 0.0000410 seconds
{Heap before GC invocations=9 (full 1):
 par new generation   total 46080K, used 40968K [0x00000000e0c00000, 0x00000000e3e00000, 0x00000000e3e00000)
  eden space 40960K, 100% used [0x00000000e0c00000, 0x00000000e3400000, 0x00000000e3400000)
  from space 5120K,   0% used [0x00000000e3900000, 0x00000000e3902040, 0x00000000e3e00000)
  to   space 5120K,   0% used [0x00000000e3400000, 0x00000000e3400000, 0x00000000e3900000)
 concurrent mark-sweep generation total 460800K, used 25682K [0x00000000e3e00000, 0x0000000100000000, 0x0000000100000000)
 Metaspace       used 31821K, capacity 32586K, committed 32832K, reserved 1079296K
  class space    used 3671K, capacity 3893K, committed 3940K, reserved 1048576K
2022-02-07T22:20:07.073+0000: 3.658: [GC (Allocation Failure) 2022-02-07T22:20:07.073+0000: 3.658: [ParNew
Desired survivor size 2621440 bytes, new threshold 1 (max 1)
- age   1:    1196784 bytes,    1196784 total
: 40968K->1211K(46080K), 0.0699823 secs] 66650K->35086K(506880K), 0.0700880 secs] [Times: user=1.91 sys=0.00, real=0.07 secs] 
Heap after GC invocations=10 (full 1):
 par new generation   total 46080K, used 1211K [0x00000000e0c00000, 0x00000000e3e00000, 0x00000000e3e00000)
  eden space 40960K,   0% used [0x00000000e0c00000, 0x00000000e0c00000, 0x00000000e3400000)
  from space 5120K,  23% used [0x00000000e3400000, 0x00000000e352eea0, 0x00000000e3900000)
  to   space 5120K,   0% used [0x00000000e3900000, 0x00000000e3900000, 0x00000000e3e00000)
 concurrent mark-sweep generation total 460800K, used 33874K [0x00000000e3e00000, 0x0000000100000000, 0x0000000100000000)
 Metaspace       used 31821K, capacity 32586K, committed 32832K, reserved 1079296K
  class space    used 3671K, capacity 3893K, committed 3940K, reserved 1048576K
}
2022-02-07T22:20:07.143+0000: 3.728: Total time for which application threads were stopped: 0.0705314 seconds, Stopping threads took: 0.0001421 seconds
{Heap before GC invocations=10 (full 1):
 par new generation   total 46080K, used 42171K [0x00000000e0c00000, 0x00000000e3e00000, 0x00000000e3e00000)
  eden space 40960K, 100% used [0x00000000e0c00000, 0x00000000e3400000, 0x00000000e3400000)
  from space 5120K,  23% used [0x00000000e3400000, 0x00000000e352eea0, 0x00000000e3900000)
  to   space 5120K,   0% used [0x00000000e3900000, 0x00000000e3900000, 0x00000000e3e00000)
 concurrent mark-sweep generation total 460800K, used 33874K [0x00000000e3e00000, 0x0000000100000000, 0x0000000100000000)
 Metaspace       used 36181K, capacity 37028K, committed 37184K, reserved 1081344K
  class space    used 4957K, capacity 5178K, committed 5220K, reserved 1048576K
2022-02-07T22:20:07.572+0000: 4.157: [GC (Allocation Failure) 2022-02-07T22:20:07.572+0000: 4.157: [ParNew
Desired survivor size 2621440 bytes, new threshold 1 (max 1)
- age   1:    5098512 bytes,    5098512 total
: 42171K->5119K(46080K), 0.0083826 secs] 76046K->40124K(506880K), 0.0084634 secs] [Times: user=0.08 sys=0.01, real=0.01 secs] 
Heap after GC invocations=11 (full 1):
 par new generation   total 46080K, used 5119K [0x00000000e0c00000, 0x00000000e3e00000, 0x00000000e3e00000)
  eden space 40960K,   0% used [0x00000000e0c00000, 0x00000000e0c00000, 0x00000000e3400000)
  from space 5120K,  99% used [0x00000000e3900000, 0x00000000e3dffff8, 0x00000000e3e00000)
  to   space 5120K,   0% used [0x00000000e3400000, 0x00000000e3400000, 0x00000000e3900000)
 concurrent mark-sweep generation total 460800K, used 35004K [0x00000000e3e00000, 0x0000000100000000, 0x0000000100000000)
 Metaspace       used 36181K, capacity 37028K, committed 37184K, reserved 1081344K
  class space    used 4957K, capacity 5178K, committed 5220K, reserved 1048576K
}
2022-02-07T22:20:07.580+0000: 4.165: Total time for which application threads were stopped: 0.0088820 seconds, Stopping threads took: 0.0000331 seconds
2022-02-07T22:20:07.769+0000: 4.354: Total time for which application threads were stopped: 0.0006137 seconds, Stopping threads took: 0.0000311 seconds
{Heap before GC invocations=11 (full 1):
 par new generation   total 46080K, used 46079K [0x00000000e0c00000, 0x00000000e3e00000, 0x00000000e3e00000)
  eden space 40960K, 100% used [0x00000000e0c00000, 0x00000000e3400000, 0x00000000e3400000)
  from space 5120K,  99% used [0x00000000e3900000, 0x00000000e3dffff8, 0x00000000e3e00000)
  to   space 5120K,   0% used [0x00000000e3400000, 0x00000000e3400000, 0x00000000e3900000)
 concurrent mark-sweep generation total 460800K, used 35004K [0x00000000e3e00000, 0x0000000100000000, 0x0000000100000000)
 Metaspace       used 37328K, capacity 38160K, committed 38336K, reserved 1083392K
  class space    used 5098K, capacity 5320K, committed 5348K, reserved 1048576K
2022-02-07T22:20:07.809+0000: 4.394: [GC (Allocation Failure) 2022-02-07T22:20:07.809+0000: 4.394: [ParNew
Desired survivor size 2621440 bytes, new threshold 1 (max 1)
- age   1:    5084712 bytes,    5084712 total
: 46079K->5120K(46080K), 0.0117739 secs] 81084K->43599K(506880K), 0.0119326 secs] [Times: user=0.13 sys=0.02, real=0.01 secs] 
Heap after GC invocations=12 (full 1):
 par new generation   total 46080K, used 5120K [0x00000000e0c00000, 0x00000000e3e00000, 0x00000000e3e00000)
  eden space 40960K,   0% used [0x00000000e0c00000, 0x00000000e0c00000, 0x00000000e3400000)
  from space 5120K, 100% used [0x00000000e3400000, 0x00000000e3900000, 0x00000000e3900000)
  to   space 5120K,   0% used [0x00000000e3900000, 0x00000000e3900000, 0x00000000e3e00000)
 concurrent mark-sweep generation total 460800K, used 38479K [0x00000000e3e00000, 0x0000000100000000, 0x0000000100000000)
 Metaspace       used 37328K, capacity 38160K, committed 38336K, reserved 1083392K
  class space    used 5098K, capacity 5320K, committed 5348K, reserved 1048576K
}
2022-02-07T22:20:07.821+0000: 4.406: Total time for which application threads were stopped: 0.0123466 seconds, Stopping threads took: 0.0001012 seconds
2022-02-07T22:20:08.185+0000: 4.770: Total time for which application threads were stopped: 0.0002907 seconds, Stopping threads took: 0.0000337 seconds
{Heap before GC invocations=12 (full 1):
 par new generation   total 46080K, used 46080K [0x00000000e0c00000, 0x00000000e3e00000, 0x00000000e3e00000)
  eden space 40960K, 100% used [0x00000000e0c00000, 0x00000000e3400000, 0x00000000e3400000)
  from space 5120K, 100% used [0x00000000e3400000, 0x00000000e3900000, 0x00000000e3900000)
  to   space 5120K,   0% used [0x00000000e3900000, 0x00000000e3900000, 0x00000000e3e00000)
 concurrent mark-sweep generation total 460800K, used 38479K [0x00000000e3e00000, 0x0000000100000000, 0x0000000100000000)
 Metaspace       used 39466K, capacity 40532K, committed 40768K, reserved 1085440K
  class space    used 5385K, capacity 5668K, committed 5732K, reserved 1048576K
2022-02-07T22:20:08.208+0000: 4.793: [GC (Allocation Failure) 2022-02-07T22:20:08.209+0000: 4.794: [ParNew
Desired survivor size 2621440 bytes, new threshold 1 (max 1)
- age   1:    3780648 bytes,    3780648 total
: 46080K->5120K(46080K), 0.0276569 secs] 84559K->51306K(506880K), 0.0277618 secs] [Times: user=0.20 sys=0.01, real=0.02 secs] 
Heap after GC invocations=13 (full 1):
 par new generation   total 46080K, used 5120K [0x00000000e0c00000, 0x00000000e3e00000, 0x00000000e3e00000)
  eden space 40960K,   0% used [0x00000000e0c00000, 0x00000000e0c00000, 0x00000000e3400000)
  from space 5120K, 100% used [0x00000000e3900000, 0x00000000e3e00000, 0x00000000e3e00000)
  to   space 5120K,   0% used [0x00000000e3400000, 0x00000000e3400000, 0x00000000e3900000)
 concurrent mark-sweep generation total 460800K, used 46186K [0x00000000e3e00000, 0x0000000100000000, 0x0000000100000000)
 Metaspace       used 39466K, capacity 40532K, committed 40768K, reserved 1085440K
  class space    used 5385K, capacity 5668K, committed 5732K, reserved 1048576K
}
2022-02-07T22:20:08.236+0000: 4.821: Total time for which application threads were stopped: 0.0281596 seconds, Stopping threads took: 0.0000760 seconds
2022-02-07T22:20:08.456+0000: 5.041: Total time for which application threads were stopped: 0.0004724 seconds, Stopping threads took: 0.0000689 seconds
{Heap before GC invocations=13 (full 1):
 par new generation   total 46080K, used 45706K [0x00000000e0c00000, 0x00000000e3e00000, 0x00000000e3e00000)
  eden space 40960K,  99% used [0x00000000e0c00000, 0x00000000e33a29d0, 0x00000000e3400000)
  from space 5120K, 100% used [0x00000000e3900000, 0x00000000e3e00000, 0x00000000e3e00000)
  to   space 5120K,   0% used [0x00000000e3400000, 0x00000000e3400000, 0x00000000e3900000)
 concurrent mark-sweep generation total 460800K, used 46186K [0x00000000e3e00000, 0x0000000100000000, 0x0000000100000000)
 Metaspace       used 40326K, capacity 41450K, committed 41664K, reserved 1085440K
  class space    used 5491K, capacity 5772K, committed 5860K, reserved 1048576K
2022-02-07T22:20:08.500+0000: 5.085: [GC (Allocation Failure) 2022-02-07T22:20:08.500+0000: 5.085: [ParNew
Desired survivor size 2621440 bytes, new threshold 1 (max 1)
- age   1:    4070264 bytes,    4070264 total
: 45706K->5120K(46080K), 0.0201655 secs] 91893K->63933K(506880K), 0.0202696 secs] [Times: user=0.11 sys=0.02, real=0.02 secs] 
Heap after GC invocations=14 (full 1):
 par new generation   total 46080K, used 5120K [0x00000000e0c00000, 0x00000000e3e00000, 0x00000000e3e00000)
  eden space 40960K,   0% used [0x00000000e0c00000, 0x00000000e0c00000, 0x00000000e3400000)
  from space 5120K, 100% used [0x00000000e3400000, 0x00000000e3900000, 0x00000000e3900000)
  to   space 5120K,   0% used [0x00000000e3900000, 0x00000000e3900000, 0x00000000e3e00000)
 concurrent mark-sweep generation total 460800K, used 58813K [0x00000000e3e00000, 0x0000000100000000, 0x0000000100000000)
 Metaspace       used 40326K, capacity 41450K, committed 41664K, reserved 1085440K
  class space    used 5491K, capacity 5772K, committed 5860K, reserved 1048576K
}
2022-02-07T22:20:08.520+0000: 5.105: Total time for which application threads were stopped: 0.0207180 seconds, Stopping threads took: 0.0000565 seconds
2022-02-07T22:20:08.660+0000: 5.245: Total time for which application threads were stopped: 0.0005351 seconds, Stopping threads took: 0.0001781 seconds
2022-02-07T22:20:08.675+0000: 5.260: Total time for which application threads were stopped: 0.0009317 seconds, Stopping threads took: 0.0000298 seconds
2022-02-07T22:20:08.681+0000: 5.266: Total time for which application threads were stopped: 0.0004140 seconds, Stopping threads took: 0.0000324 seconds
2022-02-07T22:20:08.861+0000: 5.446: Total time for which application threads were stopped: 0.0003424 seconds, Stopping threads took: 0.0000246 seconds
2022-02-07T22:20:08.893+0000: 5.478: Total time for which application threads were stopped: 0.0008968 seconds, Stopping threads took: 0.0000200 seconds
2022-02-07T22:20:09.553+0000: 6.138: Total time for which application threads were stopped: 0.0006062 seconds, Stopping threads took: 0.0000454 seconds
2022-02-07T22:20:09.614+0000: 6.199: Total time for which application threads were stopped: 0.0005344 seconds, Stopping threads took: 0.0000458 seconds
2022-02-07T22:20:09.644+0000: 6.229: Total time for which application threads were stopped: 0.0003819 seconds, Stopping threads took: 0.0000511 seconds
2022-02-07T22:20:09.672+0000: 6.257: Total time for which application threads were stopped: 0.0003947 seconds, Stopping threads took: 0.0000919 seconds
2022-02-07T22:20:09.687+0000: 6.272: Total time for which application threads were stopped: 0.0003987 seconds, Stopping threads took: 0.0000379 seconds
2022-02-07T22:20:09.704+0000: 6.289: Total time for which application threads were stopped: 0.0010315 seconds, Stopping threads took: 0.0000756 seconds
2022-02-07T22:20:09.744+0000: 6.329: Total time for which application threads were stopped: 0.0004327 seconds, Stopping threads took: 0.0000356 seconds
2022-02-07T22:20:09.774+0000: 6.359: Total time for which application threads were stopped: 0.0004359 seconds, Stopping threads took: 0.0000300 seconds
{Heap before GC invocations=14 (full 1):
 par new generation   total 46080K, used 46080K [0x00000000e0c00000, 0x00000000e3e00000, 0x00000000e3e00000)
  eden space 40960K, 100% used [0x00000000e0c00000, 0x00000000e3400000, 0x00000000e3400000)
  from space 5120K, 100% used [0x00000000e3400000, 0x00000000e3900000, 0x00000000e3900000)
  to   space 5120K,   0% used [0x00000000e3900000, 0x00000000e3900000, 0x00000000e3e00000)
 concurrent mark-sweep generation total 460800K, used 58813K [0x00000000e3e00000, 0x0000000100000000, 0x0000000100000000)
 Metaspace       used 44299K, capacity 45859K, committed 46104K, reserved 1089536K
  class space    used 6012K, capacity 6454K, committed 6516K, reserved 1048576K
2022-02-07T22:20:09.781+0000: 6.366: [GC (Allocation Failure) 2022-02-07T22:20:09.781+0000: 6.366: [ParNew
Desired survivor size 2621440 bytes, new threshold 1 (max 1)
- age   1:    4023264 bytes,    4023264 total
: 46080K->5120K(46080K), 0.0271786 secs] 104893K->73222K(506880K), 0.0273093 secs] [Times: user=0.14 sys=0.02, real=0.03 secs] 
Heap after GC invocations=15 (full 1):
 par new generation   total 46080K, used 5120K [0x00000000e0c00000, 0x00000000e3e00000, 0x00000000e3e00000)
  eden space 40960K,   0% used [0x00000000e0c00000, 0x00000000e0c00000, 0x00000000e3400000)
  from space 5120K, 100% used [0x00000000e3900000, 0x00000000e3e00000, 0x00000000e3e00000)
  to   space 5120K,   0% used [0x00000000e3400000, 0x00000000e3400000, 0x00000000e3900000)
 concurrent mark-sweep generation total 460800K, used 68102K [0x00000000e3e00000, 0x0000000100000000, 0x0000000100000000)
 Metaspace       used 44299K, capacity 45859K, committed 46104K, reserved 1089536K
  class space    used 6012K, capacity 6454K, committed 6516K, reserved 1048576K
}
2022-02-07T22:20:09.808+0000: 6.393: Total time for which application threads were stopped: 0.0276922 seconds, Stopping threads took: 0.0000289 seconds
2022-02-07T22:20:09.809+0000: 6.394: [GC (CMS Initial Mark) [1 CMS-initial-mark: 68102K(460800K)] 74350K(506880K), 0.0019897 secs] [Times: user=0.00 sys=0.00, real=0.00 secs] 
2022-02-07T22:20:09.811+0000: 6.396: Total time for which application threads were stopped: 0.0023219 seconds, Stopping threads took: 0.0000851 seconds
2022-02-07T22:20:09.811+0000: 6.396: [CMS-concurrent-mark-start]
2022-02-07T22:20:09.825+0000: 6.410: [CMS-concurrent-mark: 0.014/0.014 secs] [Times: user=0.13 sys=0.01, real=0.01 secs] 
2022-02-07T22:20:09.825+0000: 6.410: [CMS-concurrent-preclean-start]
2022-02-07T22:20:09.826+0000: 6.411: Total time for which application threads were stopped: 0.0003092 seconds, Stopping threads took: 0.0000226 seconds
2022-02-07T22:20:09.828+0000: 6.413: [CMS-concurrent-preclean: 0.002/0.002 secs] [Times: user=0.01 sys=0.00, real=0.01 secs] 
2022-02-07T22:20:09.828+0000: 6.413: [CMS-concurrent-abortable-preclean-start]
2022-02-07T22:20:09.880+0000: 6.465: Total time for which application threads were stopped: 0.0007689 seconds, Stopping threads took: 0.0000842 seconds
2022-02-07T22:20:09.893+0000: 6.478: Total time for which application threads were stopped: 0.0008505 seconds, Stopping threads took: 0.0000371 seconds
2022-02-07T22:20:09.896+0000: 6.481: Total time for which application threads were stopped: 0.0005169 seconds, Stopping threads took: 0.0000302 seconds
2022-02-07T22:20:09.909+0000: 6.494: Total time for which application threads were stopped: 0.0004836 seconds, Stopping threads took: 0.0001043 seconds
2022-02-07T22:20:09.937+0000: 6.522: Total time for which application threads were stopped: 0.0005113 seconds, Stopping threads took: 0.0000350 seconds
2022-02-07T22:20:10.108+0000: 6.693: Total time for which application threads were stopped: 0.0003903 seconds, Stopping threads took: 0.0000435 seconds
2022-02-07T22:20:10.141+0000: 6.726: Total time for which application threads were stopped: 0.0004563 seconds, Stopping threads took: 0.0000371 seconds
2022-02-07T22:20:11.142+0000: 7.727: Total time for which application threads were stopped: 0.0009844 seconds, Stopping threads took: 0.0000962 seconds
2022-02-07T22:20:11.348+0000: 7.933: Total time for which application threads were stopped: 0.0005664 seconds, Stopping threads took: 0.0000920 seconds
2022-02-07T22:20:11.348+0000: 7.933: [CMS-concurrent-abortable-preclean: 0.311/1.520 secs] [Times: user=1.77 sys=0.13, real=1.52 secs] 
2022-02-07T22:20:11.348+0000: 7.933: [GC (CMS Final Remark) [YG occupancy: 30563 K (46080 K)]2022-02-07T22:20:11.348+0000: 7.933: [Rescan (parallel) , 0.0059538 secs]2022-02-07T22:20:11.354+0000: 7.939: [weak refs processing, 0.0014656 secs]2022-02-07T22:20:11.356+0000: 7.941: [class unloading, 0.0245211 secs]2022-02-07T22:20:11.380+0000: 7.965: [scrub symbol table, 0.0105758 secs]2022-02-07T22:20:11.391+0000: 7.976: [scrub string table, 0.0013626 secs][1 CMS-remark: 68102K(460800K)] 98666K(506880K), 0.0442203 secs] [Times: user=0.11 sys=0.01, real=0.04 secs] 
2022-02-07T22:20:11.392+0000: 7.977: Total time for which application threads were stopped: 0.0444464 seconds, Stopping threads took: 0.0000624 seconds
2022-02-07T22:20:11.393+0000: 7.978: [CMS-concurrent-sweep-start]
2022-02-07T22:20:11.432+0000: 8.017: [CMS-concurrent-sweep: 0.039/0.039 secs] [Times: user=0.11 sys=0.01, real=0.04 secs] 
2022-02-07T22:20:11.432+0000: 8.017: [CMS-concurrent-reset-start]
2022-02-07T22:20:11.436+0000: 8.021: [CMS-concurrent-reset: 0.004/0.004 secs] [Times: user=0.01 sys=0.01, real=0.00 secs] 
2022-02-07T22:20:12.295+0000: 8.881: Total time for which application threads were stopped: 0.0015818 seconds, Stopping threads took: 0.0001335 seconds
2022-02-07T22:20:13.296+0000: 9.881: Total time for which application threads were stopped: 0.0003283 seconds, Stopping threads took: 0.0000456 seconds
2022-02-07T22:20:14.297+0000: 10.882: Total time for which application threads were stopped: 0.0003811 seconds, Stopping threads took: 0.0001416 seconds
2022-02-07T22:20:15.297+0000: 11.882: Total time for which application threads were stopped: 0.0001884 seconds, Stopping threads took: 0.0000343 seconds
2022-02-07T22:20:17.297+0000: 13.882: Total time for which application threads were stopped: 0.0003041 seconds, Stopping threads took: 0.0000420 seconds
2022-02-07T22:20:18.298+0000: 14.883: Total time for which application threads were stopped: 0.0002756 seconds, Stopping threads took: 0.0000435 seconds
{Heap before GC invocations=15 (full 2):
 par new generation   total 46080K, used 45874K [0x00000000e0c00000, 0x00000000e3e00000, 0x00000000e3e00000)
  eden space 40960K,  99% used [0x00000000e0c00000, 0x00000000e33cc958, 0x00000000e3400000)
  from space 5120K, 100% used [0x00000000e3900000, 0x00000000e3e00000, 0x00000000e3e00000)
  to   space 5120K,   0% used [0x00000000e3400000, 0x00000000e3400000, 0x00000000e3900000)
 concurrent mark-sweep generation total 460800K, used 39174K [0x00000000e3e00000, 0x0000000100000000, 0x0000000100000000)
 Metaspace       used 46625K, capacity 48697K, committed 48992K, reserved 1091584K
  class space    used 6377K, capacity 6867K, committed 6924K, reserved 1048576K
2022-02-07T22:20:19.133+0000: 15.718: [GC (Allocation Failure) 2022-02-07T22:20:19.133+0000: 15.718: [ParNew
Desired survivor size 2621440 bytes, new threshold 1 (max 1)
- age   1:    2840976 bytes,    2840976 total
: 45874K->5120K(46080K), 0.0203783 secs] 85048K->53101K(506880K), 0.0205327 secs] [Times: user=0.17 sys=0.05, real=0.02 secs] 
Heap after GC invocations=16 (full 2):
 par new generation   total 46080K, used 5120K [0x00000000e0c00000, 0x00000000e3e00000, 0x00000000e3e00000)
  eden space 40960K,   0% used [0x00000000e0c00000, 0x00000000e0c00000, 0x00000000e3400000)
  from space 5120K, 100% used [0x00000000e3400000, 0x00000000e3900000, 0x00000000e3900000)
  to   space 5120K,   0% used [0x00000000e3900000, 0x00000000e3900000, 0x00000000e3e00000)
 concurrent mark-sweep generation total 460800K, used 47981K [0x00000000e3e00000, 0x0000000100000000, 0x0000000100000000)
 Metaspace       used 46625K, capacity 48697K, committed 48992K, reserved 1091584K
  class space    used 6377K, capacity 6867K, committed 6924K, reserved 1048576K
}
2022-02-07T22:20:19.153+0000: 15.738: Total time for which application threads were stopped: 0.0210793 seconds, Stopping threads took: 0.0000422 seconds
2022-02-07T22:20:20.154+0000: 16.739: Total time for which application threads were stopped: 0.0002783 seconds, Stopping threads took: 0.0000361 seconds
2022-02-07T22:20:21.154+0000: 17.739: Total time for which application threads were stopped: 0.0002073 seconds, Stopping threads took: 0.0000352 seconds
Heap
 par new generation   total 46080K, used 37295K [0x00000000e0c00000, 0x00000000e3e00000, 0x00000000e3e00000)
  eden space 40960K,  78% used [0x00000000e0c00000, 0x00000000e2b6be40, 0x00000000e3400000)
  from space 5120K, 100% used [0x00000000e3400000, 0x00000000e3900000, 0x00000000e3900000)
  to   space 5120K,   0% used [0x00000000e3900000, 0x00000000e3900000, 0x00000000e3e00000)
 concurrent mark-sweep generation total 460800K, used 47981K [0x00000000e3e00000, 0x0000000100000000, 0x0000000100000000)
 Metaspace       used 46771K, capacity 48841K, committed 48992K, reserved 1091584K
  class space    used 6387K, capacity 6871K, committed 6924K, reserved 1048576K
