OpenJDK 64-Bit Server VM (25.312-b07) for linux-amd64 JRE (1.8.0_312-8u312-b07-0ubuntu1~18.04-b07), built on Nov  3 2021 13:54:59 by "buildd" with gcc 7.5.0
Memory: 4k page, physical 164941188k(115843892k free), swap 3145724k(3145724k free)
CommandLine flags: -XX:+AlwaysPreTouch -XX:+CMSClassUnloadingEnabled -XX:+CMSEdenChunksRecordAlways -XX:CMSInitiatingOccupancyFraction=75 -XX:+CMSParallelInitialMarkEnabled -XX:+CMSParallelRemarkEnabled -XX:CMSWaitDuration=10000 -XX:CompileCommandFile=/tmp/dtest-tqoo5920/test/node2/conf/hotspot_compiler -XX:GCLogFileSize=10485760 -XX:+HeapDumpOnOutOfMemoryError -XX:InitialHeapSize=524288000 -XX:InitialTenuringThreshold=1 -XX:+ManagementServer -XX:MaxHeapSize=524288000 -XX:MaxNewSize=52428800 -XX:MaxTenuringThreshold=1 -XX:NewSize=52428800 -XX:NumberOfGCLogFiles=10 -XX:OldPLABSize=16 -XX:OnOutOfMemoryError=kill -9 %p -XX:+PerfDisableSharedMem -XX:+PrintGC -XX:+PrintGCApplicationStoppedTime -XX:+PrintGCDateStamps -XX:+PrintGCDetails -XX:+PrintGCTimeStamps -XX:+PrintHeapAtGC -XX:+PrintPromotionFailure -XX:+PrintTenuringDistribution -XX:+ResizeTLAB -XX:SurvivorRatio=8 -XX:ThreadPriorityPolicy=42 -XX:ThreadStackSize=256 -XX:-UseBiasedLocking -XX:+UseCMSInitiatingOccupancyOnly -XX:+UseCompressedClassPointers -XX:+UseCompressedOops -XX:+UseConcMarkSweepGC -XX:+UseCondCardMark -XX:+UseGCLogFileRotation -XX:-UseNUMA -XX:+UseParNewGC -XX:+UseTLAB -XX:+UseThreadPriorities 
2022-02-07T22:18:15.854+0000: 0.547: Total time for which application threads were stopped: 0.0002289 seconds, Stopping threads took: 0.0000679 seconds
2022-02-07T22:18:15.914+0000: 0.607: Total time for which application threads were stopped: 0.0001795 seconds, Stopping threads took: 0.0000281 seconds
{Heap before GC invocations=0 (full 0):
 par new generation   total 46080K, used 40960K [0x00000000e0c00000, 0x00000000e3e00000, 0x00000000e3e00000)
  eden space 40960K, 100% used [0x00000000e0c00000, 0x00000000e3400000, 0x00000000e3400000)
  from space 5120K,   0% used [0x00000000e3400000, 0x00000000e3400000, 0x00000000e3900000)
  to   space 5120K,   0% used [0x00000000e3900000, 0x00000000e3900000, 0x00000000e3e00000)
 concurrent mark-sweep generation total 460800K, used 0K [0x00000000e3e00000, 0x0000000100000000, 0x0000000100000000)
 Metaspace       used 12570K, capacity 12710K, committed 13056K, reserved 1060864K
  class space    used 1434K, capacity 1485K, committed 1536K, reserved 1048576K
2022-02-07T22:18:16.233+0000: 0.926: [GC (Allocation Failure) 2022-02-07T22:18:16.233+0000: 0.926: [ParNew
Desired survivor size 2621440 bytes, new threshold 1 (max 1)
- age   1:    5110152 bytes,    5110152 total
: 40960K->5119K(46080K), 0.0077375 secs] 40960K->5578K(506880K), 0.0078609 secs] [Times: user=0.09 sys=0.00, real=0.01 secs] 
Heap after GC invocations=1 (full 0):
 par new generation   total 46080K, used 5119K [0x00000000e0c00000, 0x00000000e3e00000, 0x00000000e3e00000)
  eden space 40960K,   0% used [0x00000000e0c00000, 0x00000000e0c00000, 0x00000000e3400000)
  from space 5120K,  99% used [0x00000000e3900000, 0x00000000e3dffff8, 0x00000000e3e00000)
  to   space 5120K,   0% used [0x00000000e3400000, 0x00000000e3400000, 0x00000000e3900000)
 concurrent mark-sweep generation total 460800K, used 458K [0x00000000e3e00000, 0x0000000100000000, 0x0000000100000000)
 Metaspace       used 12570K, capacity 12710K, committed 13056K, reserved 1060864K
  class space    used 1434K, capacity 1485K, committed 1536K, reserved 1048576K
}
2022-02-07T22:18:16.241+0000: 0.934: Total time for which application threads were stopped: 0.0083140 seconds, Stopping threads took: 0.0000341 seconds
2022-02-07T22:18:16.318+0000: 1.012: Total time for which application threads were stopped: 0.0003279 seconds, Stopping threads took: 0.0000250 seconds
2022-02-07T22:18:16.363+0000: 1.057: Total time for which application threads were stopped: 0.0002252 seconds, Stopping threads took: 0.0000305 seconds
2022-02-07T22:18:16.447+0000: 1.140: Total time for which application threads were stopped: 0.0006022 seconds, Stopping threads took: 0.0000336 seconds
2022-02-07T22:18:16.447+0000: 1.141: Total time for which application threads were stopped: 0.0001175 seconds, Stopping threads took: 0.0000179 seconds
2022-02-07T22:18:16.456+0000: 1.149: Total time for which application threads were stopped: 0.0001562 seconds, Stopping threads took: 0.0000270 seconds
2022-02-07T22:18:16.486+0000: 1.179: Total time for which application threads were stopped: 0.0002531 seconds, Stopping threads took: 0.0000372 seconds
2022-02-07T22:18:16.518+0000: 1.211: Total time for which application threads were stopped: 0.0003071 seconds, Stopping threads took: 0.0002007 seconds
2022-02-07T22:18:16.570+0000: 1.263: Total time for which application threads were stopped: 0.0002301 seconds, Stopping threads took: 0.0000295 seconds
2022-02-07T22:18:16.607+0000: 1.300: Total time for which application threads were stopped: 0.0002237 seconds, Stopping threads took: 0.0000211 seconds
{Heap before GC invocations=1 (full 0):
 par new generation   total 46080K, used 46079K [0x00000000e0c00000, 0x00000000e3e00000, 0x00000000e3e00000)
  eden space 40960K, 100% used [0x00000000e0c00000, 0x00000000e3400000, 0x00000000e3400000)
  from space 5120K,  99% used [0x00000000e3900000, 0x00000000e3dffff8, 0x00000000e3e00000)
  to   space 5120K,   0% used [0x00000000e3400000, 0x00000000e3400000, 0x00000000e3900000)
 concurrent mark-sweep generation total 460800K, used 458K [0x00000000e3e00000, 0x0000000100000000, 0x0000000100000000)
 Metaspace       used 19241K, capacity 19488K, committed 19840K, reserved 1067008K
  class space    used 2248K, capacity 2360K, committed 2432K, reserved 1048576K
2022-02-07T22:18:16.645+0000: 1.339: [GC (Allocation Failure) 2022-02-07T22:18:16.645+0000: 1.339: [ParNew
Desired survivor size 2621440 bytes, new threshold 1 (max 1)
- age   1:    4086792 bytes,    4086792 total
: 46079K->5120K(46080K), 0.0512793 secs] 46538K->9394K(506880K), 0.0513833 secs] [Times: user=0.33 sys=0.03, real=0.05 secs] 
Heap after GC invocations=2 (full 0):
 par new generation   total 46080K, used 5120K [0x00000000e0c00000, 0x00000000e3e00000, 0x00000000e3e00000)
  eden space 40960K,   0% used [0x00000000e0c00000, 0x00000000e0c00000, 0x00000000e3400000)
  from space 5120K, 100% used [0x00000000e3400000, 0x00000000e3900000, 0x00000000e3900000)
  to   space 5120K,   0% used [0x00000000e3900000, 0x00000000e3900000, 0x00000000e3e00000)
 concurrent mark-sweep generation total 460800K, used 4274K [0x00000000e3e00000, 0x0000000100000000, 0x0000000100000000)
 Metaspace       used 19241K, capacity 19488K, committed 19840K, reserved 1067008K
  class space    used 2248K, capacity 2360K, committed 2432K, reserved 1048576K
}
2022-02-07T22:18:16.697+0000: 1.390: Total time for which application threads were stopped: 0.0515799 seconds, Stopping threads took: 0.0000167 seconds
2022-02-07T22:18:16.769+0000: 1.462: Total time for which application threads were stopped: 0.0004927 seconds, Stopping threads took: 0.0000410 seconds
2022-02-07T22:18:16.858+0000: 1.551: Total time for which application threads were stopped: 0.0004248 seconds, Stopping threads took: 0.0000298 seconds
2022-02-07T22:18:16.878+0000: 1.572: Total time for which application threads were stopped: 0.0003892 seconds, Stopping threads took: 0.0000298 seconds
2022-02-07T22:18:16.893+0000: 1.586: Total time for which application threads were stopped: 0.0003405 seconds, Stopping threads took: 0.0000206 seconds
2022-02-07T22:18:16.911+0000: 1.605: Total time for which application threads were stopped: 0.0004097 seconds, Stopping threads took: 0.0000599 seconds
2022-02-07T22:18:16.949+0000: 1.642: Total time for which application threads were stopped: 0.0004251 seconds, Stopping threads took: 0.0000333 seconds
2022-02-07T22:18:17.005+0000: 1.698: Total time for which application threads were stopped: 0.0003150 seconds, Stopping threads took: 0.0000355 seconds
2022-02-07T22:18:17.028+0000: 1.721: Total time for which application threads were stopped: 0.0004744 seconds, Stopping threads took: 0.0000417 seconds
2022-02-07T22:18:17.044+0000: 1.738: Total time for which application threads were stopped: 0.0002395 seconds, Stopping threads took: 0.0000177 seconds
2022-02-07T22:18:17.047+0000: 1.741: Total time for which application threads were stopped: 0.0003575 seconds, Stopping threads took: 0.0000121 seconds
2022-02-07T22:18:17.053+0000: 1.746: Total time for which application threads were stopped: 0.0002080 seconds, Stopping threads took: 0.0000118 seconds
2022-02-07T22:18:17.058+0000: 1.752: Total time for which application threads were stopped: 0.0003341 seconds, Stopping threads took: 0.0000242 seconds
2022-02-07T22:18:17.081+0000: 1.775: Total time for which application threads were stopped: 0.0003502 seconds, Stopping threads took: 0.0000335 seconds
2022-02-07T22:18:17.099+0000: 1.792: Total time for which application threads were stopped: 0.0004859 seconds, Stopping threads took: 0.0000373 seconds
2022-02-07T22:18:17.110+0000: 1.803: Total time for which application threads were stopped: 0.0003920 seconds, Stopping threads took: 0.0000414 seconds
2022-02-07T22:18:17.119+0000: 1.813: Total time for which application threads were stopped: 0.0002356 seconds, Stopping threads took: 0.0000246 seconds
2022-02-07T22:18:17.194+0000: 1.888: Total time for which application threads were stopped: 0.0003580 seconds, Stopping threads took: 0.0000212 seconds
2022-02-07T22:18:17.238+0000: 1.932: Total time for which application threads were stopped: 0.0002579 seconds, Stopping threads took: 0.0000225 seconds
2022-02-07T22:18:17.241+0000: 1.935: Total time for which application threads were stopped: 0.0004435 seconds, Stopping threads took: 0.0000195 seconds
2022-02-07T22:18:17.272+0000: 1.966: Total time for which application threads were stopped: 0.0003526 seconds, Stopping threads took: 0.0000609 seconds
2022-02-07T22:18:17.298+0000: 1.992: Total time for which application threads were stopped: 0.0002801 seconds, Stopping threads took: 0.0000201 seconds
{Heap before GC invocations=2 (full 0):
 par new generation   total 46080K, used 46060K [0x00000000e0c00000, 0x00000000e3e00000, 0x00000000e3e00000)
  eden space 40960K,  99% used [0x00000000e0c00000, 0x00000000e33fb378, 0x00000000e3400000)
  from space 5120K, 100% used [0x00000000e3400000, 0x00000000e3900000, 0x00000000e3900000)
  to   space 5120K,   0% used [0x00000000e3900000, 0x00000000e3900000, 0x00000000e3e00000)
 concurrent mark-sweep generation total 460800K, used 4274K [0x00000000e3e00000, 0x0000000100000000, 0x0000000100000000)
 Metaspace       used 25606K, capacity 25988K, committed 26200K, reserved 1073152K
  class space    used 2988K, capacity 3128K, committed 3144K, reserved 1048576K
2022-02-07T22:18:17.309+0000: 2.003: [GC (Allocation Failure) 2022-02-07T22:18:17.309+0000: 2.003: [ParNew
Desired survivor size 2621440 bytes, new threshold 1 (max 1)
- age   1:    4639632 bytes,    4639632 total
: 46060K->5119K(46080K), 0.0148077 secs] 50335K->12068K(506880K), 0.0148742 secs] [Times: user=0.23 sys=0.00, real=0.01 secs] 
Heap after GC invocations=3 (full 0):
 par new generation   total 46080K, used 5119K [0x00000000e0c00000, 0x00000000e3e00000, 0x00000000e3e00000)
  eden space 40960K,   0% used [0x00000000e0c00000, 0x00000000e0c00000, 0x00000000e3400000)
  from space 5120K,  99% used [0x00000000e3900000, 0x00000000e3dffff8, 0x00000000e3e00000)
  to   space 5120K,   0% used [0x00000000e3400000, 0x00000000e3400000, 0x00000000e3900000)
 concurrent mark-sweep generation total 460800K, used 6948K [0x00000000e3e00000, 0x0000000100000000, 0x0000000100000000)
 Metaspace       used 25606K, capacity 25988K, committed 26200K, reserved 1073152K
  class space    used 2988K, capacity 3128K, committed 3144K, reserved 1048576K
}
2022-02-07T22:18:17.324+0000: 2.018: Total time for which application threads were stopped: 0.0150738 seconds, Stopping threads took: 0.0000177 seconds
2022-02-07T22:18:17.324+0000: 2.018: [GC (CMS Initial Mark) [1 CMS-initial-mark: 6948K(460800K)] 12178K(506880K), 0.0016579 secs] [Times: user=0.01 sys=0.00, real=0.00 secs] 
2022-02-07T22:18:17.326+0000: 2.020: Total time for which application threads were stopped: 0.0018359 seconds, Stopping threads took: 0.0000814 seconds
2022-02-07T22:18:17.326+0000: 2.020: [CMS-concurrent-mark-start]
2022-02-07T22:18:17.330+0000: 2.023: [CMS-concurrent-mark: 0.003/0.003 secs] [Times: user=0.03 sys=0.00, real=0.01 secs] 
2022-02-07T22:18:17.330+0000: 2.023: [CMS-concurrent-preclean-start]
2022-02-07T22:18:17.331+0000: 2.024: [CMS-concurrent-preclean: 0.001/0.001 secs] [Times: user=0.01 sys=0.00, real=0.00 secs] 
2022-02-07T22:18:17.331+0000: 2.024: [GC (CMS Final Remark) [YG occupancy: 6809 K (46080 K)]2022-02-07T22:18:17.331+0000: 2.024: [Rescan (parallel) , 0.0013188 secs]2022-02-07T22:18:17.332+0000: 2.026: [weak refs processing, 0.0003256 secs]2022-02-07T22:18:17.332+0000: 2.026: [class unloading, 0.0082941 secs]2022-02-07T22:18:17.341+0000: 2.034: [scrub symbol table, 0.0041594 secs]2022-02-07T22:18:17.345+0000: 2.039: [scrub string table, 0.0005957 secs][1 CMS-remark: 6948K(460800K)] 13757K(506880K), 0.0149322 secs] [Times: user=0.02 sys=0.00, real=0.01 secs] 
2022-02-07T22:18:17.346+0000: 2.039: Total time for which application threads were stopped: 0.0151110 seconds, Stopping threads took: 0.0000425 seconds
2022-02-07T22:18:17.346+0000: 2.040: [CMS-concurrent-sweep-start]
2022-02-07T22:18:17.350+0000: 2.044: [CMS-concurrent-sweep: 0.004/0.004 secs] [Times: user=0.01 sys=0.00, real=0.01 secs] 
2022-02-07T22:18:17.350+0000: 2.044: [CMS-concurrent-reset-start]
2022-02-07T22:18:17.364+0000: 2.057: [CMS-concurrent-reset: 0.013/0.013 secs] [Times: user=0.03 sys=0.02, real=0.01 secs] 
2022-02-07T22:18:17.822+0000: 2.516: Total time for which application threads were stopped: 0.0020564 seconds, Stopping threads took: 0.0000836 seconds
{Heap before GC invocations=3 (full 1):
 par new generation   total 46080K, used 46079K [0x00000000e0c00000, 0x00000000e3e00000, 0x00000000e3e00000)
  eden space 40960K, 100% used [0x00000000e0c00000, 0x00000000e3400000, 0x00000000e3400000)
  from space 5120K,  99% used [0x00000000e3900000, 0x00000000e3dffff8, 0x00000000e3e00000)
  to   space 5120K,   0% used [0x00000000e3400000, 0x00000000e3400000, 0x00000000e3900000)
 concurrent mark-sweep generation total 460800K, used 5163K [0x00000000e3e00000, 0x0000000100000000, 0x0000000100000000)
 Metaspace       used 30551K, capacity 31224K, committed 31372K, reserved 1077248K
  class space    used 3527K, capacity 3698K, committed 3784K, reserved 1048576K
2022-02-07T22:18:18.038+0000: 2.732: [GC (Allocation Failure) 2022-02-07T22:18:18.038+0000: 2.732: [ParNew
Desired survivor size 2621440 bytes, new threshold 1 (max 1)
- age   1:    5238344 bytes,    5238344 total
: 46079K->5120K(46080K), 0.0261031 secs] 51243K->17795K(506880K), 0.0261938 secs] [Times: user=0.21 sys=0.03, real=0.03 secs] 
Heap after GC invocations=4 (full 1):
 par new generation   total 46080K, used 5120K [0x00000000e0c00000, 0x00000000e3e00000, 0x00000000e3e00000)
  eden space 40960K,   0% used [0x00000000e0c00000, 0x00000000e0c00000, 0x00000000e3400000)
  from space 5120K, 100% used [0x00000000e3400000, 0x00000000e3900000, 0x00000000e3900000)
  to   space 5120K,   0% used [0x00000000e3900000, 0x00000000e3900000, 0x00000000e3e00000)
 concurrent mark-sweep generation total 460800K, used 12675K [0x00000000e3e00000, 0x0000000100000000, 0x0000000100000000)
 Metaspace       used 30551K, capacity 31224K, committed 31372K, reserved 1077248K
  class space    used 3527K, capacity 3698K, committed 3784K, reserved 1048576K
}
2022-02-07T22:18:18.065+0000: 2.758: Total time for which application threads were stopped: 0.0266048 seconds, Stopping threads took: 0.0000422 seconds
{Heap before GC invocations=4 (full 1):
 par new generation   total 46080K, used 46080K [0x00000000e0c00000, 0x00000000e3e00000, 0x00000000e3e00000)
  eden space 40960K, 100% used [0x00000000e0c00000, 0x00000000e3400000, 0x00000000e3400000)
  from space 5120K, 100% used [0x00000000e3400000, 0x00000000e3900000, 0x00000000e3900000)
  to   space 5120K,   0% used [0x00000000e3900000, 0x00000000e3900000, 0x00000000e3e00000)
 concurrent mark-sweep generation total 460800K, used 12675K [0x00000000e3e00000, 0x0000000100000000, 0x0000000100000000)
 Metaspace       used 30575K, capacity 31224K, committed 31372K, reserved 1077248K
  class space    used 3529K, capacity 3698K, committed 3784K, reserved 1048576K
2022-02-07T22:18:18.238+0000: 2.932: [GC (Allocation Failure) 2022-02-07T22:18:18.239+0000: 2.932: [ParNew
Desired survivor size 2621440 bytes, new threshold 1 (max 1)
- age   1:    3482488 bytes,    3482488 total
: 46080K->5120K(46080K), 0.0168879 secs] 58755K->23369K(506880K), 0.0170082 secs] [Times: user=0.24 sys=0.01, real=0.02 secs] 
Heap after GC invocations=5 (full 1):
 par new generation   total 46080K, used 5120K [0x00000000e0c00000, 0x00000000e3e00000, 0x00000000e3e00000)
  eden space 40960K,   0% used [0x00000000e0c00000, 0x00000000e0c00000, 0x00000000e3400000)
  from space 5120K, 100% used [0x00000000e3900000, 0x00000000e3e00000, 0x00000000e3e00000)
  to   space 5120K,   0% used [0x00000000e3400000, 0x00000000e3400000, 0x00000000e3900000)
 concurrent mark-sweep generation total 460800K, used 18249K [0x00000000e3e00000, 0x0000000100000000, 0x0000000100000000)
 Metaspace       used 30575K, capacity 31224K, committed 31372K, reserved 1077248K
  class space    used 3529K, capacity 3698K, committed 3784K, reserved 1048576K
}
2022-02-07T22:18:18.256+0000: 2.949: Total time for which application threads were stopped: 0.0173091 seconds, Stopping threads took: 0.0000386 seconds
{Heap before GC invocations=5 (full 1):
 par new generation   total 46080K, used 46080K [0x00000000e0c00000, 0x00000000e3e00000, 0x00000000e3e00000)
  eden space 40960K, 100% used [0x00000000e0c00000, 0x00000000e3400000, 0x00000000e3400000)
  from space 5120K, 100% used [0x00000000e3900000, 0x00000000e3e00000, 0x00000000e3e00000)
  to   space 5120K,   0% used [0x00000000e3400000, 0x00000000e3400000, 0x00000000e3900000)
 concurrent mark-sweep generation total 460800K, used 18249K [0x00000000e3e00000, 0x0000000100000000, 0x0000000100000000)
 Metaspace       used 30575K, capacity 31224K, committed 31372K, reserved 1077248K
  class space    used 3529K, capacity 3698K, committed 3784K, reserved 1048576K
2022-02-07T22:18:18.358+0000: 3.052: [GC (Allocation Failure) 2022-02-07T22:18:18.358+0000: 3.052: [ParNew
Desired survivor size 2621440 bytes, new threshold 1 (max 1)
- age   1:    2097664 bytes,    2097664 total
: 46080K->2258K(46080K), 0.0196501 secs] 64329K->23611K(506880K), 0.0197220 secs] [Times: user=0.33 sys=0.01, real=0.02 secs] 
Heap after GC invocations=6 (full 1):
 par new generation   total 46080K, used 2258K [0x00000000e0c00000, 0x00000000e3e00000, 0x00000000e3e00000)
  eden space 40960K,   0% used [0x00000000e0c00000, 0x00000000e0c00000, 0x00000000e3400000)
  from space 5120K,  44% used [0x00000000e3400000, 0x00000000e3634960, 0x00000000e3900000)
  to   space 5120K,   0% used [0x00000000e3900000, 0x00000000e3900000, 0x00000000e3e00000)
 concurrent mark-sweep generation total 460800K, used 21353K [0x00000000e3e00000, 0x0000000100000000, 0x0000000100000000)
 Metaspace       used 30575K, capacity 31224K, committed 31372K, reserved 1077248K
  class space    used 3529K, capacity 3698K, committed 3784K, reserved 1048576K
}
2022-02-07T22:18:18.378+0000: 3.071: Total time for which application threads were stopped: 0.0199538 seconds, Stopping threads took: 0.0000344 seconds
{Heap before GC invocations=6 (full 1):
 par new generation   total 46080K, used 43218K [0x00000000e0c00000, 0x00000000e3e00000, 0x00000000e3e00000)
  eden space 40960K, 100% used [0x00000000e0c00000, 0x00000000e3400000, 0x00000000e3400000)
  from space 5120K,  44% used [0x00000000e3400000, 0x00000000e3634960, 0x00000000e3900000)
  to   space 5120K,   0% used [0x00000000e3900000, 0x00000000e3900000, 0x00000000e3e00000)
 concurrent mark-sweep generation total 460800K, used 21353K [0x00000000e3e00000, 0x0000000100000000, 0x0000000100000000)
 Metaspace       used 30575K, capacity 31224K, committed 31372K, reserved 1077248K
  class space    used 3529K, capacity 3698K, committed 3784K, reserved 1048576K
2022-02-07T22:18:18.431+0000: 3.124: [GC (Allocation Failure) 2022-02-07T22:18:18.431+0000: 3.124: [ParNew
Desired survivor size 2621440 bytes, new threshold 1 (max 1)
- age   1:    4194744 bytes,    4194744 total
: 43218K->4166K(46080K), 0.0286714 secs] 64571K->25519K(506880K), 0.0287659 secs] [Times: user=0.78 sys=0.01, real=0.03 secs] 
Heap after GC invocations=7 (full 1):
 par new generation   total 46080K, used 4166K [0x00000000e0c00000, 0x00000000e3e00000, 0x00000000e3e00000)
  eden space 40960K,   0% used [0x00000000e0c00000, 0x00000000e0c00000, 0x00000000e3400000)
  from space 5120K,  81% used [0x00000000e3900000, 0x00000000e3d11870, 0x00000000e3e00000)
  to   space 5120K,   0% used [0x00000000e3400000, 0x00000000e3400000, 0x00000000e3900000)
 concurrent mark-sweep generation total 460800K, used 21353K [0x00000000e3e00000, 0x0000000100000000, 0x0000000100000000)
 Metaspace       used 30575K, capacity 31224K, committed 31372K, reserved 1077248K
  class space    used 3529K, capacity 3698K, committed 3784K, reserved 1048576K
}
2022-02-07T22:18:18.459+0000: 3.153: Total time for which application threads were stopped: 0.0290502 seconds, Stopping threads took: 0.0000459 seconds
{Heap before GC invocations=7 (full 1):
 par new generation   total 46080K, used 45126K [0x00000000e0c00000, 0x00000000e3e00000, 0x00000000e3e00000)
  eden space 40960K, 100% used [0x00000000e0c00000, 0x00000000e3400000, 0x00000000e3400000)
  from space 5120K,  81% used [0x00000000e3900000, 0x00000000e3d11870, 0x00000000e3e00000)
  to   space 5120K,   0% used [0x00000000e3400000, 0x00000000e3400000, 0x00000000e3900000)
 concurrent mark-sweep generation total 460800K, used 21353K [0x00000000e3e00000, 0x0000000100000000, 0x0000000100000000)
 Metaspace       used 30575K, capacity 31224K, committed 31372K, reserved 1077248K
  class space    used 3529K, capacity 3698K, committed 3784K, reserved 1048576K
2022-02-07T22:18:18.508+0000: 3.202: [GC (Allocation Failure) 2022-02-07T22:18:18.509+0000: 3.202: [ParNew
Desired survivor size 2621440 bytes, new threshold 1 (max 1)
- age   1:        272 bytes,        272 total
: 45126K->13K(46080K), 0.0482105 secs] 66479K->25462K(506880K), 0.0483097 secs] [Times: user=1.32 sys=0.03, real=0.04 secs] 
Heap after GC invocations=8 (full 1):
 par new generation   total 46080K, used 13K [0x00000000e0c00000, 0x00000000e3e00000, 0x00000000e3e00000)
  eden space 40960K,   0% used [0x00000000e0c00000, 0x00000000e0c00000, 0x00000000e3400000)
  from space 5120K,   0% used [0x00000000e3400000, 0x00000000e3403480, 0x00000000e3900000)
  to   space 5120K,   0% used [0x00000000e3900000, 0x00000000e3900000, 0x00000000e3e00000)
 concurrent mark-sweep generation total 460800K, used 25449K [0x00000000e3e00000, 0x0000000100000000, 0x0000000100000000)
 Metaspace       used 30575K, capacity 31224K, committed 31372K, reserved 1077248K
  class space    used 3529K, capacity 3698K, committed 3784K, reserved 1048576K
}
2022-02-07T22:18:18.557+0000: 3.250: Total time for which application threads were stopped: 0.0486022 seconds, Stopping threads took: 0.0000376 seconds
{Heap before GC invocations=8 (full 1):
 par new generation   total 46080K, used 40973K [0x00000000e0c00000, 0x00000000e3e00000, 0x00000000e3e00000)
  eden space 40960K, 100% used [0x00000000e0c00000, 0x00000000e3400000, 0x00000000e3400000)
  from space 5120K,   0% used [0x00000000e3400000, 0x00000000e3403480, 0x00000000e3900000)
  to   space 5120K,   0% used [0x00000000e3900000, 0x00000000e3900000, 0x00000000e3e00000)
 concurrent mark-sweep generation total 460800K, used 25449K [0x00000000e3e00000, 0x0000000100000000, 0x0000000100000000)
 Metaspace       used 30575K, capacity 31224K, committed 31372K, reserved 1077248K
  class space    used 3529K, capacity 3698K, committed 3784K, reserved 1048576K
2022-02-07T22:18:18.602+0000: 3.295: [GC (Allocation Failure) 2022-02-07T22:18:18.602+0000: 3.295: [ParNew
Desired survivor size 2621440 bytes, new threshold 1 (max 1)
- age   1:        568 bytes,        568 total
: 40973K->6K(46080K), 0.0022584 secs] 66422K->25455K(506880K), 0.0023542 secs] [Times: user=0.02 sys=0.00, real=0.00 secs] 
Heap after GC invocations=9 (full 1):
 par new generation   total 46080K, used 6K [0x00000000e0c00000, 0x00000000e3e00000, 0x00000000e3e00000)
  eden space 40960K,   0% used [0x00000000e0c00000, 0x00000000e0c00000, 0x00000000e3400000)
  from space 5120K,   0% used [0x00000000e3900000, 0x00000000e3901830, 0x00000000e3e00000)
  to   space 5120K,   0% used [0x00000000e3400000, 0x00000000e3400000, 0x00000000e3900000)
 concurrent mark-sweep generation total 460800K, used 25449K [0x00000000e3e00000, 0x0000000100000000, 0x0000000100000000)
 Metaspace       used 30575K, capacity 31224K, committed 31372K, reserved 1077248K
  class space    used 3529K, capacity 3698K, committed 3784K, reserved 1048576K
}
2022-02-07T22:18:18.604+0000: 3.298: Total time for which application threads were stopped: 0.0026536 seconds, Stopping threads took: 0.0000456 seconds
2022-02-07T22:18:18.660+0000: 3.354: Total time for which application threads were stopped: 0.0005328 seconds, Stopping threads took: 0.0000263 seconds
{Heap before GC invocations=9 (full 1):
 par new generation   total 46080K, used 40966K [0x00000000e0c00000, 0x00000000e3e00000, 0x00000000e3e00000)
  eden space 40960K, 100% used [0x00000000e0c00000, 0x00000000e3400000, 0x00000000e3400000)
  from space 5120K,   0% used [0x00000000e3900000, 0x00000000e3901830, 0x00000000e3e00000)
  to   space 5120K,   0% used [0x00000000e3400000, 0x00000000e3400000, 0x00000000e3900000)
 concurrent mark-sweep generation total 460800K, used 25449K [0x00000000e3e00000, 0x0000000100000000, 0x0000000100000000)
 Metaspace       used 31706K, capacity 32398K, committed 32524K, reserved 1077248K
  class space    used 3669K, capacity 3891K, committed 3912K, reserved 1048576K
2022-02-07T22:18:18.757+0000: 3.451: [GC (Allocation Failure) 2022-02-07T22:18:18.757+0000: 3.451: [ParNew
Desired survivor size 2621440 bytes, new threshold 1 (max 1)
- age   1:    1358808 bytes,    1358808 total
: 40966K->1361K(46080K), 0.0642816 secs] 66415K->35003K(506880K), 0.0643683 secs] [Times: user=1.75 sys=0.01, real=0.07 secs] 
Heap after GC invocations=10 (full 1):
 par new generation   total 46080K, used 1361K [0x00000000e0c00000, 0x00000000e3e00000, 0x00000000e3e00000)
  eden space 40960K,   0% used [0x00000000e0c00000, 0x00000000e0c00000, 0x00000000e3400000)
  from space 5120K,  26% used [0x00000000e3400000, 0x00000000e3554750, 0x00000000e3900000)
  to   space 5120K,   0% used [0x00000000e3900000, 0x00000000e3900000, 0x00000000e3e00000)
 concurrent mark-sweep generation total 460800K, used 33641K [0x00000000e3e00000, 0x0000000100000000, 0x0000000100000000)
 Metaspace       used 31706K, capacity 32398K, committed 32524K, reserved 1077248K
  class space    used 3669K, capacity 3891K, committed 3912K, reserved 1048576K
}
2022-02-07T22:18:18.822+0000: 3.515: Total time for which application threads were stopped: 0.0646246 seconds, Stopping threads took: 0.0000358 seconds
{Heap before GC invocations=10 (full 1):
 par new generation   total 46080K, used 42321K [0x00000000e0c00000, 0x00000000e3e00000, 0x00000000e3e00000)
  eden space 40960K, 100% used [0x00000000e0c00000, 0x00000000e3400000, 0x00000000e3400000)
  from space 5120K,  26% used [0x00000000e3400000, 0x00000000e3554750, 0x00000000e3900000)
  to   space 5120K,   0% used [0x00000000e3900000, 0x00000000e3900000, 0x00000000e3e00000)
 concurrent mark-sweep generation total 460800K, used 33641K [0x00000000e3e00000, 0x0000000100000000, 0x0000000100000000)
 Metaspace       used 31993K, capacity 32760K, committed 33036K, reserved 1079296K
  class space    used 3687K, capacity 3898K, committed 3912K, reserved 1048576K
2022-02-07T22:18:18.968+0000: 3.662: [GC (Allocation Failure) 2022-02-07T22:18:18.968+0000: 3.662: [ParNew
Desired survivor size 2621440 bytes, new threshold 1 (max 1)
- age   1:    5220768 bytes,    5220768 total
: 42321K->5120K(46080K), 0.0147423 secs] 75963K->40334K(506880K), 0.0148721 secs] [Times: user=0.29 sys=0.01, real=0.01 secs] 
Heap after GC invocations=11 (full 1):
 par new generation   total 46080K, used 5120K [0x00000000e0c00000, 0x00000000e3e00000, 0x00000000e3e00000)
  eden space 40960K,   0% used [0x00000000e0c00000, 0x00000000e0c00000, 0x00000000e3400000)
  from space 5120K, 100% used [0x00000000e3900000, 0x00000000e3e00000, 0x00000000e3e00000)
  to   space 5120K,   0% used [0x00000000e3400000, 0x00000000e3400000, 0x00000000e3900000)
 concurrent mark-sweep generation total 460800K, used 35214K [0x00000000e3e00000, 0x0000000100000000, 0x0000000100000000)
 Metaspace       used 31993K, capacity 32760K, committed 33036K, reserved 1079296K
  class space    used 3687K, capacity 3898K, committed 3912K, reserved 1048576K
}
2022-02-07T22:18:18.983+0000: 3.677: Total time for which application threads were stopped: 0.0153299 seconds, Stopping threads took: 0.0000672 seconds
2022-02-07T22:18:19.228+0000: 3.922: Total time for which application threads were stopped: 0.0006132 seconds, Stopping threads took: 0.0000294 seconds
{Heap before GC invocations=11 (full 1):
 par new generation   total 46080K, used 46080K [0x00000000e0c00000, 0x00000000e3e00000, 0x00000000e3e00000)
  eden space 40960K, 100% used [0x00000000e0c00000, 0x00000000e3400000, 0x00000000e3400000)
  from space 5120K, 100% used [0x00000000e3900000, 0x00000000e3e00000, 0x00000000e3e00000)
  to   space 5120K,   0% used [0x00000000e3400000, 0x00000000e3400000, 0x00000000e3900000)
 concurrent mark-sweep generation total 460800K, used 35214K [0x00000000e3e00000, 0x0000000100000000, 0x0000000100000000)
 Metaspace       used 36078K, capacity 36890K, committed 37260K, reserved 1081344K
  class space    used 4969K, capacity 5209K, committed 5320K, reserved 1048576K
2022-02-07T22:18:19.332+0000: 4.026: [GC (Allocation Failure) 2022-02-07T22:18:19.332+0000: 4.026: [ParNew
Desired survivor size 2621440 bytes, new threshold 1 (max 1)
- age   1:    3766008 bytes,    3766008 total
: 46080K->5120K(46080K), 0.0358174 secs] 81294K->47824K(506880K), 0.0359239 secs] [Times: user=0.31 sys=0.03, real=0.04 secs] 
Heap after GC invocations=12 (full 1):
 par new generation   total 46080K, used 5120K [0x00000000e0c00000, 0x00000000e3e00000, 0x00000000e3e00000)
  eden space 40960K,   0% used [0x00000000e0c00000, 0x00000000e0c00000, 0x00000000e3400000)
  from space 5120K, 100% used [0x00000000e3400000, 0x00000000e3900000, 0x00000000e3900000)
  to   space 5120K,   0% used [0x00000000e3900000, 0x00000000e3900000, 0x00000000e3e00000)
 concurrent mark-sweep generation total 460800K, used 42704K [0x00000000e3e00000, 0x0000000100000000, 0x0000000100000000)
 Metaspace       used 36078K, capacity 36890K, committed 37260K, reserved 1081344K
  class space    used 4969K, capacity 5209K, committed 5320K, reserved 1048576K
}
2022-02-07T22:18:19.368+0000: 4.062: Total time for which application threads were stopped: 0.0363012 seconds, Stopping threads took: 0.0000427 seconds
2022-02-07T22:18:19.678+0000: 4.372: Total time for which application threads were stopped: 0.0004059 seconds, Stopping threads took: 0.0000454 seconds
{Heap before GC invocations=12 (full 1):
 par new generation   total 46080K, used 46080K [0x00000000e0c00000, 0x00000000e3e00000, 0x00000000e3e00000)
  eden space 40960K, 100% used [0x00000000e0c00000, 0x00000000e3400000, 0x00000000e3400000)
  from space 5120K, 100% used [0x00000000e3400000, 0x00000000e3900000, 0x00000000e3900000)
  to   space 5120K,   0% used [0x00000000e3900000, 0x00000000e3900000, 0x00000000e3e00000)
 concurrent mark-sweep generation total 460800K, used 42704K [0x00000000e3e00000, 0x0000000100000000, 0x0000000100000000)
 Metaspace       used 38913K, capacity 39978K, committed 40204K, reserved 1083392K
  class space    used 5298K, capacity 5582K, committed 5704K, reserved 1048576K
2022-02-07T22:18:19.735+0000: 4.429: [GC (Allocation Failure) 2022-02-07T22:18:19.735+0000: 4.429: [ParNew
Desired survivor size 2621440 bytes, new threshold 1 (max 1)
- age   1:    3739504 bytes,    3739504 total
: 46080K->5120K(46080K), 0.0196790 secs] 88784K->62131K(506880K), 0.0197557 secs] [Times: user=0.30 sys=0.03, real=0.02 secs] 
Heap after GC invocations=13 (full 1):
 par new generation   total 46080K, used 5120K [0x00000000e0c00000, 0x00000000e3e00000, 0x00000000e3e00000)
  eden space 40960K,   0% used [0x00000000e0c00000, 0x00000000e0c00000, 0x00000000e3400000)
  from space 5120K, 100% used [0x00000000e3900000, 0x00000000e3e00000, 0x00000000e3e00000)
  to   space 5120K,   0% used [0x00000000e3400000, 0x00000000e3400000, 0x00000000e3900000)
 concurrent mark-sweep generation total 460800K, used 57011K [0x00000000e3e00000, 0x0000000100000000, 0x0000000100000000)
 Metaspace       used 38913K, capacity 39978K, committed 40204K, reserved 1083392K
  class space    used 5298K, capacity 5582K, committed 5704K, reserved 1048576K
}
2022-02-07T22:18:19.755+0000: 4.449: Total time for which application threads were stopped: 0.0201132 seconds, Stopping threads took: 0.0000478 seconds
2022-02-07T22:18:19.800+0000: 4.494: Total time for which application threads were stopped: 0.0005593 seconds, Stopping threads took: 0.0000627 seconds
2022-02-07T22:18:19.802+0000: 4.495: Total time for which application threads were stopped: 0.0003360 seconds, Stopping threads took: 0.0000573 seconds
2022-02-07T22:18:19.819+0000: 4.513: Total time for which application threads were stopped: 0.0002519 seconds, Stopping threads took: 0.0000308 seconds
2022-02-07T22:18:19.822+0000: 4.516: Total time for which application threads were stopped: 0.0003798 seconds, Stopping threads took: 0.0000483 seconds
2022-02-07T22:18:20.135+0000: 4.829: Total time for which application threads were stopped: 0.0006512 seconds, Stopping threads took: 0.0000388 seconds
2022-02-07T22:18:20.570+0000: 5.263: Total time for which application threads were stopped: 0.0010160 seconds, Stopping threads took: 0.0000462 seconds
2022-02-07T22:18:20.654+0000: 5.348: Total time for which application threads were stopped: 0.0005213 seconds, Stopping threads took: 0.0000349 seconds
2022-02-07T22:18:20.672+0000: 5.366: Total time for which application threads were stopped: 0.0006929 seconds, Stopping threads took: 0.0000285 seconds
2022-02-07T22:18:20.686+0000: 5.379: Total time for which application threads were stopped: 0.0004425 seconds, Stopping threads took: 0.0000651 seconds
2022-02-07T22:18:20.749+0000: 5.442: Total time for which application threads were stopped: 0.0004875 seconds, Stopping threads took: 0.0000449 seconds
{Heap before GC invocations=13 (full 1):
 par new generation   total 46080K, used 46080K [0x00000000e0c00000, 0x00000000e3e00000, 0x00000000e3e00000)
  eden space 40960K, 100% used [0x00000000e0c00000, 0x00000000e3400000, 0x00000000e3400000)
  from space 5120K, 100% used [0x00000000e3900000, 0x00000000e3e00000, 0x00000000e3e00000)
  to   space 5120K,   0% used [0x00000000e3400000, 0x00000000e3400000, 0x00000000e3900000)
 concurrent mark-sweep generation total 460800K, used 57011K [0x00000000e3e00000, 0x0000000100000000, 0x0000000100000000)
 Metaspace       used 43012K, capacity 44404K, committed 44588K, reserved 1087488K
  class space    used 5871K, capacity 6286K, committed 6292K, reserved 1048576K
2022-02-07T22:18:20.758+0000: 5.451: [GC (Allocation Failure) 2022-02-07T22:18:20.758+0000: 5.451: [ParNew
Desired survivor size 2621440 bytes, new threshold 1 (max 1)
- age   1:    4376528 bytes,    4376528 total
: 46080K->5120K(46080K), 0.0401200 secs] 103091K->69092K(506880K), 0.0403431 secs] [Times: user=0.17 sys=0.04, real=0.04 secs] 
Heap after GC invocations=14 (full 1):
 par new generation   total 46080K, used 5120K [0x00000000e0c00000, 0x00000000e3e00000, 0x00000000e3e00000)
  eden space 40960K,   0% used [0x00000000e0c00000, 0x00000000e0c00000, 0x00000000e3400000)
  from space 5120K, 100% used [0x00000000e3400000, 0x00000000e3900000, 0x00000000e3900000)
  to   space 5120K,   0% used [0x00000000e3900000, 0x00000000e3900000, 0x00000000e3e00000)
 concurrent mark-sweep generation total 460800K, used 63972K [0x00000000e3e00000, 0x0000000100000000, 0x0000000100000000)
 Metaspace       used 43012K, capacity 44404K, committed 44588K, reserved 1087488K
  class space    used 5871K, capacity 6286K, committed 6292K, reserved 1048576K
}
2022-02-07T22:18:20.799+0000: 5.492: Total time for which application threads were stopped: 0.0409590 seconds, Stopping threads took: 0.0000310 seconds
2022-02-07T22:18:20.799+0000: 5.493: [GC (CMS Initial Mark) [1 CMS-initial-mark: 63972K(460800K)] 70218K(506880K), 0.0024052 secs] [Times: user=0.02 sys=0.00, real=0.00 secs] 
2022-02-07T22:18:20.802+0000: 5.495: Total time for which application threads were stopped: 0.0028008 seconds, Stopping threads took: 0.0001533 seconds
2022-02-07T22:18:20.802+0000: 5.495: [CMS-concurrent-mark-start]
2022-02-07T22:18:20.818+0000: 5.511: [CMS-concurrent-mark: 0.016/0.016 secs] [Times: user=0.17 sys=0.03, real=0.01 secs] 
2022-02-07T22:18:20.818+0000: 5.511: [CMS-concurrent-preclean-start]
2022-02-07T22:18:20.823+0000: 5.517: [CMS-concurrent-preclean: 0.005/0.005 secs] [Times: user=0.02 sys=0.01, real=0.01 secs] 
2022-02-07T22:18:20.824+0000: 5.518: [GC (CMS Final Remark) [YG occupancy: 6960 K (46080 K)]2022-02-07T22:18:20.824+0000: 5.518: [Rescan (parallel) , 0.0027526 secs]2022-02-07T22:18:20.827+0000: 5.521: [weak refs processing, 0.0013549 secs]2022-02-07T22:18:20.828+0000: 5.522: [class unloading, 0.0132806 secs]2022-02-07T22:18:20.842+0000: 5.535: [scrub symbol table, 0.0055894 secs]2022-02-07T22:18:20.847+0000: 5.541: [scrub string table, 0.0008851 secs][1 CMS-remark: 63972K(460800K)] 70933K(506880K), 0.0241324 secs] [Times: user=0.08 sys=0.02, real=0.03 secs] 
2022-02-07T22:18:20.848+0000: 5.542: Total time for which application threads were stopped: 0.0247088 seconds, Stopping threads took: 0.0001638 seconds
2022-02-07T22:18:20.848+0000: 5.542: [CMS-concurrent-sweep-start]
2022-02-07T22:18:20.860+0000: 5.554: Total time for which application threads were stopped: 0.0002846 seconds, Stopping threads took: 0.0000303 seconds
2022-02-07T22:18:20.874+0000: 5.568: [CMS-concurrent-sweep: 0.025/0.026 secs] [Times: user=0.07 sys=0.01, real=0.02 secs] 
2022-02-07T22:18:20.874+0000: 5.568: [CMS-concurrent-reset-start]
2022-02-07T22:18:20.875+0000: 5.569: [CMS-concurrent-reset: 0.001/0.001 secs] [Times: user=0.01 sys=0.00, real=0.00 secs] 
2022-02-07T22:18:20.930+0000: 5.624: Total time for which application threads were stopped: 0.0006642 seconds, Stopping threads took: 0.0000236 seconds
2022-02-07T22:18:20.933+0000: 5.627: Total time for which application threads were stopped: 0.0003913 seconds, Stopping threads took: 0.0000204 seconds
2022-02-07T22:18:21.934+0000: 6.627: Total time for which application threads were stopped: 0.0003141 seconds, Stopping threads took: 0.0000463 seconds
2022-02-07T22:18:22.934+0000: 7.628: Total time for which application threads were stopped: 0.0004247 seconds, Stopping threads took: 0.0000457 seconds
2022-02-07T22:18:23.935+0000: 8.628: Total time for which application threads were stopped: 0.0001828 seconds, Stopping threads took: 0.0000282 seconds
2022-02-07T22:18:24.935+0000: 9.629: Total time for which application threads were stopped: 0.0002463 seconds, Stopping threads took: 0.0000440 seconds
2022-02-07T22:18:25.935+0000: 10.629: Total time for which application threads were stopped: 0.0001799 seconds, Stopping threads took: 0.0000326 seconds
2022-02-07T22:18:26.936+0000: 11.629: Total time for which application threads were stopped: 0.0001968 seconds, Stopping threads took: 0.0000366 seconds
2022-02-07T22:18:27.936+0000: 12.629: Total time for which application threads were stopped: 0.0001959 seconds, Stopping threads took: 0.0000343 seconds
2022-02-07T22:18:28.936+0000: 13.630: Total time for which application threads were stopped: 0.0001930 seconds, Stopping threads took: 0.0000329 seconds
2022-02-07T22:18:29.936+0000: 14.630: Total time for which application threads were stopped: 0.0001917 seconds, Stopping threads took: 0.0000317 seconds
2022-02-07T22:18:30.937+0000: 15.630: Total time for which application threads were stopped: 0.0003073 seconds, Stopping threads took: 0.0000509 seconds
2022-02-07T22:18:31.937+0000: 16.631: Total time for which application threads were stopped: 0.0002905 seconds, Stopping threads took: 0.0000470 seconds
2022-02-07T22:18:32.938+0000: 17.631: Total time for which application threads were stopped: 0.0001924 seconds, Stopping threads took: 0.0000331 seconds
2022-02-07T22:18:33.938+0000: 18.632: Total time for which application threads were stopped: 0.0002914 seconds, Stopping threads took: 0.0000395 seconds
2022-02-07T22:18:35.939+0000: 20.632: Total time for which application threads were stopped: 0.0002819 seconds, Stopping threads took: 0.0000459 seconds
2022-02-07T22:18:38.939+0000: 23.633: Total time for which application threads were stopped: 0.0002418 seconds, Stopping threads took: 0.0000414 seconds
2022-02-07T22:18:40.940+0000: 25.633: Total time for which application threads were stopped: 0.0002464 seconds, Stopping threads took: 0.0000411 seconds
2022-02-07T22:18:41.940+0000: 26.634: Total time for which application threads were stopped: 0.0003045 seconds, Stopping threads took: 0.0000477 seconds
2022-02-07T22:18:42.941+0000: 27.634: Total time for which application threads were stopped: 0.0002871 seconds, Stopping threads took: 0.0000451 seconds
2022-02-07T22:18:43.941+0000: 28.635: Total time for which application threads were stopped: 0.0002779 seconds, Stopping threads took: 0.0000435 seconds
2022-02-07T22:18:44.941+0000: 29.635: Total time for which application threads were stopped: 0.0002150 seconds, Stopping threads took: 0.0000402 seconds
2022-02-07T22:18:46.942+0000: 31.635: Total time for which application threads were stopped: 0.0002479 seconds, Stopping threads took: 0.0000447 seconds
2022-02-07T22:18:49.943+0000: 34.636: Total time for which application threads were stopped: 0.0003287 seconds, Stopping threads took: 0.0000513 seconds
2022-02-07T22:18:51.943+0000: 36.637: Total time for which application threads were stopped: 0.0003401 seconds, Stopping threads took: 0.0000616 seconds
2022-02-07T22:18:52.944+0000: 37.637: Total time for which application threads were stopped: 0.0002955 seconds, Stopping threads took: 0.0000467 seconds
2022-02-07T22:18:53.944+0000: 38.638: Total time for which application threads were stopped: 0.0003937 seconds, Stopping threads took: 0.0001165 seconds
2022-02-07T22:18:54.945+0000: 39.638: Total time for which application threads were stopped: 0.0005045 seconds, Stopping threads took: 0.0000793 seconds
2022-02-07T22:18:55.946+0000: 40.639: Total time for which application threads were stopped: 0.0007317 seconds, Stopping threads took: 0.0002049 seconds
2022-02-07T22:18:56.946+0000: 41.640: Total time for which application threads were stopped: 0.0002945 seconds, Stopping threads took: 0.0000431 seconds
2022-02-07T22:18:57.947+0000: 42.640: Total time for which application threads were stopped: 0.0004053 seconds, Stopping threads took: 0.0000609 seconds
2022-02-07T22:18:58.305+0000: 42.999: Total time for which application threads were stopped: 0.0013523 seconds, Stopping threads took: 0.0000583 seconds
2022-02-07T22:18:59.306+0000: 44.000: Total time for which application threads were stopped: 0.0004185 seconds, Stopping threads took: 0.0001175 seconds
2022-02-07T22:19:00.306+0000: 45.000: Total time for which application threads were stopped: 0.0002026 seconds, Stopping threads took: 0.0000358 seconds
2022-02-07T22:19:01.307+0000: 46.000: Total time for which application threads were stopped: 0.0003729 seconds, Stopping threads took: 0.0000883 seconds
2022-02-07T22:19:03.307+0000: 48.001: Total time for which application threads were stopped: 0.0002525 seconds, Stopping threads took: 0.0000434 seconds
2022-02-07T22:19:06.308+0000: 51.001: Total time for which application threads were stopped: 0.0002454 seconds, Stopping threads took: 0.0000416 seconds
2022-02-07T22:19:08.309+0000: 53.002: Total time for which application threads were stopped: 0.0006211 seconds, Stopping threads took: 0.0001044 seconds
{Heap before GC invocations=14 (full 2):
 par new generation   total 46080K, used 46080K [0x00000000e0c00000, 0x00000000e3e00000, 0x00000000e3e00000)
  eden space 40960K, 100% used [0x00000000e0c00000, 0x00000000e3400000, 0x00000000e3400000)
  from space 5120K, 100% used [0x00000000e3400000, 0x00000000e3900000, 0x00000000e3900000)
  to   space 5120K,   0% used [0x00000000e3900000, 0x00000000e3900000, 0x00000000e3e00000)
 concurrent mark-sweep generation total 460800K, used 35057K [0x00000000e3e00000, 0x0000000100000000, 0x0000000100000000)
 Metaspace       used 46203K, capacity 48085K, committed 48216K, reserved 1091584K
  class space    used 6293K, capacity 6766K, committed 6804K, reserved 1048576K
2022-02-07T22:19:08.348+0000: 53.041: [GC (Allocation Failure) 2022-02-07T22:19:08.348+0000: 53.041: [ParNew
Desired survivor size 2621440 bytes, new threshold 1 (max 1)
- age   1:    2942144 bytes,    2942144 total
: 46080K->5120K(46080K), 0.0176506 secs] 81137K->49011K(506880K), 0.0178103 secs] [Times: user=0.12 sys=0.05, real=0.01 secs] 
Heap after GC invocations=15 (full 2):
 par new generation   total 46080K, used 5120K [0x00000000e0c00000, 0x00000000e3e00000, 0x00000000e3e00000)
  eden space 40960K,   0% used [0x00000000e0c00000, 0x00000000e0c00000, 0x00000000e3400000)
  from space 5120K, 100% used [0x00000000e3900000, 0x00000000e3e00000, 0x00000000e3e00000)
  to   space 5120K,   0% used [0x00000000e3400000, 0x00000000e3400000, 0x00000000e3900000)
 concurrent mark-sweep generation total 460800K, used 43891K [0x00000000e3e00000, 0x0000000100000000, 0x0000000100000000)
 Metaspace       used 46203K, capacity 48085K, committed 48216K, reserved 1091584K
  class space    used 6293K, capacity 6766K, committed 6804K, reserved 1048576K
}
2022-02-07T22:19:08.366+0000: 53.059: Total time for which application threads were stopped: 0.0183801 seconds, Stopping threads took: 0.0001330 seconds
2022-02-07T22:19:09.366+0000: 54.060: Total time for which application threads were stopped: 0.0007763 seconds, Stopping threads took: 0.0001098 seconds
2022-02-07T22:19:10.367+0000: 55.060: Total time for which application threads were stopped: 0.0002853 seconds, Stopping threads took: 0.0000491 seconds
{Heap before GC invocations=15 (full 2):
 par new generation   total 46080K, used 46080K [0x00000000e0c00000, 0x00000000e3e00000, 0x00000000e3e00000)
  eden space 40960K, 100% used [0x00000000e0c00000, 0x00000000e3400000, 0x00000000e3400000)
  from space 5120K, 100% used [0x00000000e3900000, 0x00000000e3e00000, 0x00000000e3e00000)
  to   space 5120K,   0% used [0x00000000e3400000, 0x00000000e3400000, 0x00000000e3900000)
 concurrent mark-sweep generation total 460800K, used 43891K [0x00000000e3e00000, 0x0000000100000000, 0x0000000100000000)
 Metaspace       used 46579K, capacity 48605K, committed 48728K, reserved 1091584K
  class space    used 6321K, capacity 6790K, committed 6804K, reserved 1048576K
2022-02-07T22:19:10.988+0000: 55.681: [GC (Allocation Failure) 2022-02-07T22:19:10.988+0000: 55.681: [ParNew
Desired survivor size 2621440 bytes, new threshold 1 (max 1)
- age   1:    2310840 bytes,    2310840 total
: 46080K->2937K(46080K), 0.0146840 secs] 89971K->48291K(506880K), 0.0147904 secs] [Times: user=0.14 sys=0.06, real=0.01 secs] 
Heap after GC invocations=16 (full 2):
 par new generation   total 46080K, used 2937K [0x00000000e0c00000, 0x00000000e3e00000, 0x00000000e3e00000)
  eden space 40960K,   0% used [0x00000000e0c00000, 0x00000000e0c00000, 0x00000000e3400000)
  from space 5120K,  57% used [0x00000000e3400000, 0x00000000e36de7d0, 0x00000000e3900000)
  to   space 5120K,   0% used [0x00000000e3900000, 0x00000000e3900000, 0x00000000e3e00000)
 concurrent mark-sweep generation total 460800K, used 45353K [0x00000000e3e00000, 0x0000000100000000, 0x0000000100000000)
 Metaspace       used 46579K, capacity 48605K, committed 48728K, reserved 1091584K
  class space    used 6321K, capacity 6790K, committed 6804K, reserved 1048576K
}
2022-02-07T22:19:11.002+0000: 55.696: Total time for which application threads were stopped: 0.0153702 seconds, Stopping threads took: 0.0000655 seconds
2022-02-07T22:19:12.003+0000: 56.697: Total time for which application threads were stopped: 0.0005907 seconds, Stopping threads took: 0.0000555 seconds
2022-02-07T22:19:13.004+0000: 57.697: Total time for which application threads were stopped: 0.0003207 seconds, Stopping threads took: 0.0000472 seconds
2022-02-07T22:19:14.004+0000: 58.698: Total time for which application threads were stopped: 0.0003575 seconds, Stopping threads took: 0.0000524 seconds
2022-02-07T22:19:15.005+0000: 59.698: Total time for which application threads were stopped: 0.0002402 seconds, Stopping threads took: 0.0000386 seconds
2022-02-07T22:19:16.005+0000: 60.698: Total time for which application threads were stopped: 0.0002304 seconds, Stopping threads took: 0.0000383 seconds
2022-02-07T22:19:18.005+0000: 62.699: Total time for which application threads were stopped: 0.0002444 seconds, Stopping threads took: 0.0000436 seconds
Heap
 par new generation   total 46080K, used 37831K [0x00000000e0c00000, 0x00000000e3e00000, 0x00000000e3e00000)
  eden space 40960K,  85% used [0x00000000e0c00000, 0x00000000e2e13658, 0x00000000e3400000)
  from space 5120K,  57% used [0x00000000e3400000, 0x00000000e36de7d0, 0x00000000e3900000)
  to   space 5120K,   0% used [0x00000000e3900000, 0x00000000e3900000, 0x00000000e3e00000)
 concurrent mark-sweep generation total 460800K, used 45353K [0x00000000e3e00000, 0x0000000100000000, 0x0000000100000000)
 Metaspace       used 47209K, capacity 49355K, committed 49496K, reserved 1091584K
  class space    used 6417K, capacity 6933K, committed 7060K, reserved 1048576K
