OpenJDK 64-Bit Server VM (25.312-b07) for linux-amd64 JRE (1.8.0_312-8u312-b07-0ubuntu1~18.04-b07), built on Nov  3 2021 13:54:59 by "buildd" with gcc 7.5.0
Memory: 4k page, physical 164941188k(116456496k free), swap 3145724k(3145724k free)
CommandLine flags: -XX:+AlwaysPreTouch -XX:+CMSClassUnloadingEnabled -XX:+CMSEdenChunksRecordAlways -XX:CMSInitiatingOccupancyFraction=75 -XX:+CMSParallelInitialMarkEnabled -XX:+CMSParallelRemarkEnabled -XX:CMSWaitDuration=10000 -XX:CompileCommandFile=/tmp/dtest-tqoo5920/test/node1/conf/hotspot_compiler -XX:GCLogFileSize=10485760 -XX:+HeapDumpOnOutOfMemoryError -XX:InitialHeapSize=524288000 -XX:InitialTenuringThreshold=1 -XX:+ManagementServer -XX:MaxHeapSize=524288000 -XX:MaxNewSize=52428800 -XX:MaxTenuringThreshold=1 -XX:NewSize=52428800 -XX:NumberOfGCLogFiles=10 -XX:OldPLABSize=16 -XX:OnOutOfMemoryError=kill -9 %p -XX:+PerfDisableSharedMem -XX:+PrintGC -XX:+PrintGCApplicationStoppedTime -XX:+PrintGCDateStamps -XX:+PrintGCDetails -XX:+PrintGCTimeStamps -XX:+PrintHeapAtGC -XX:+PrintPromotionFailure -XX:+PrintTenuringDistribution -XX:+ResizeTLAB -XX:SurvivorRatio=8 -XX:ThreadPriorityPolicy=42 -XX:ThreadStackSize=256 -XX:-UseBiasedLocking -XX:+UseCMSInitiatingOccupancyOnly -XX:+UseCompressedClassPointers -XX:+UseCompressedOops -XX:+UseConcMarkSweepGC -XX:+UseCondCardMark -XX:+UseGCLogFileRotation -XX:-UseNUMA -XX:+UseParNewGC -XX:+UseTLAB -XX:+UseThreadPriorities 
2022-02-07T22:20:03.049+0000: 0.543: Total time for which application threads were stopped: 0.0001787 seconds, Stopping threads took: 0.0000421 seconds
2022-02-07T22:20:03.107+0000: 0.601: Total time for which application threads were stopped: 0.0001348 seconds, Stopping threads took: 0.0000283 seconds
{Heap before GC invocations=0 (full 0):
 par new generation   total 46080K, used 40960K [0x00000000e0c00000, 0x00000000e3e00000, 0x00000000e3e00000)
  eden space 40960K, 100% used [0x00000000e0c00000, 0x00000000e3400000, 0x00000000e3400000)
  from space 5120K,   0% used [0x00000000e3400000, 0x00000000e3400000, 0x00000000e3900000)
  to   space 5120K,   0% used [0x00000000e3900000, 0x00000000e3900000, 0x00000000e3e00000)
 concurrent mark-sweep generation total 460800K, used 0K [0x00000000e3e00000, 0x0000000100000000, 0x0000000100000000)
 Metaspace       used 12571K, capacity 12710K, committed 13056K, reserved 1060864K
  class space    used 1433K, capacity 1485K, committed 1536K, reserved 1048576K
2022-02-07T22:20:03.425+0000: 0.919: [GC (Allocation Failure) 2022-02-07T22:20:03.425+0000: 0.919: [ParNew
Desired survivor size 2621440 bytes, new threshold 1 (max 1)
- age   1:    5095552 bytes,    5095552 total
: 40960K->5119K(46080K), 0.0075677 secs] 40960K->5565K(506880K), 0.0076900 secs] [Times: user=0.07 sys=0.00, real=0.01 secs] 
Heap after GC invocations=1 (full 0):
 par new generation   total 46080K, used 5119K [0x00000000e0c00000, 0x00000000e3e00000, 0x00000000e3e00000)
  eden space 40960K,   0% used [0x00000000e0c00000, 0x00000000e0c00000, 0x00000000e3400000)
  from space 5120K,  99% used [0x00000000e3900000, 0x00000000e3dffff0, 0x00000000e3e00000)
  to   space 5120K,   0% used [0x00000000e3400000, 0x00000000e3400000, 0x00000000e3900000)
 concurrent mark-sweep generation total 460800K, used 445K [0x00000000e3e00000, 0x0000000100000000, 0x0000000100000000)
 Metaspace       used 12571K, capacity 12710K, committed 13056K, reserved 1060864K
  class space    used 1433K, capacity 1485K, committed 1536K, reserved 1048576K
}
2022-02-07T22:20:03.433+0000: 0.926: Total time for which application threads were stopped: 0.0081772 seconds, Stopping threads took: 0.0000382 seconds
2022-02-07T22:20:03.507+0000: 1.001: Total time for which application threads were stopped: 0.0003497 seconds, Stopping threads took: 0.0000228 seconds
2022-02-07T22:20:03.554+0000: 1.048: Total time for which application threads were stopped: 0.0001988 seconds, Stopping threads took: 0.0000220 seconds
2022-02-07T22:20:03.643+0000: 1.137: Total time for which application threads were stopped: 0.0005653 seconds, Stopping threads took: 0.0000291 seconds
2022-02-07T22:20:03.644+0000: 1.137: Total time for which application threads were stopped: 0.0001636 seconds, Stopping threads took: 0.0000252 seconds
2022-02-07T22:20:03.653+0000: 1.146: Total time for which application threads were stopped: 0.0001914 seconds, Stopping threads took: 0.0000308 seconds
2022-02-07T22:20:03.684+0000: 1.178: Total time for which application threads were stopped: 0.0002624 seconds, Stopping threads took: 0.0000727 seconds
2022-02-07T22:20:03.717+0000: 1.211: Total time for which application threads were stopped: 0.0002695 seconds, Stopping threads took: 0.0000400 seconds
2022-02-07T22:20:03.770+0000: 1.264: Total time for which application threads were stopped: 0.0002412 seconds, Stopping threads took: 0.0000293 seconds
2022-02-07T22:20:03.807+0000: 1.301: Total time for which application threads were stopped: 0.0002099 seconds, Stopping threads took: 0.0000208 seconds
{Heap before GC invocations=1 (full 0):
 par new generation   total 46080K, used 46079K [0x00000000e0c00000, 0x00000000e3e00000, 0x00000000e3e00000)
  eden space 40960K, 100% used [0x00000000e0c00000, 0x00000000e3400000, 0x00000000e3400000)
  from space 5120K,  99% used [0x00000000e3900000, 0x00000000e3dffff0, 0x00000000e3e00000)
  to   space 5120K,   0% used [0x00000000e3400000, 0x00000000e3400000, 0x00000000e3900000)
 concurrent mark-sweep generation total 460800K, used 445K [0x00000000e3e00000, 0x0000000100000000, 0x0000000100000000)
 Metaspace       used 19241K, capacity 19488K, committed 19840K, reserved 1067008K
  class space    used 2248K, capacity 2360K, committed 2432K, reserved 1048576K
2022-02-07T22:20:03.847+0000: 1.341: [GC (Allocation Failure) 2022-02-07T22:20:03.847+0000: 1.341: [ParNew
Desired survivor size 2621440 bytes, new threshold 1 (max 1)
- age   1:    3955632 bytes,    3955632 total
: 46079K->5120K(46080K), 0.0485683 secs] 46525K->9514K(506880K), 0.0486772 secs] [Times: user=0.30 sys=0.04, real=0.04 secs] 
Heap after GC invocations=2 (full 0):
 par new generation   total 46080K, used 5120K [0x00000000e0c00000, 0x00000000e3e00000, 0x00000000e3e00000)
  eden space 40960K,   0% used [0x00000000e0c00000, 0x00000000e0c00000, 0x00000000e3400000)
  from space 5120K, 100% used [0x00000000e3400000, 0x00000000e3900000, 0x00000000e3900000)
  to   space 5120K,   0% used [0x00000000e3900000, 0x00000000e3900000, 0x00000000e3e00000)
 concurrent mark-sweep generation total 460800K, used 4394K [0x00000000e3e00000, 0x0000000100000000, 0x0000000100000000)
 Metaspace       used 19241K, capacity 19488K, committed 19840K, reserved 1067008K
  class space    used 2248K, capacity 2360K, committed 2432K, reserved 1048576K
}
2022-02-07T22:20:03.896+0000: 1.389: Total time for which application threads were stopped: 0.0488843 seconds, Stopping threads took: 0.0000213 seconds
2022-02-07T22:20:03.965+0000: 1.459: Total time for which application threads were stopped: 0.0003371 seconds, Stopping threads took: 0.0000496 seconds
2022-02-07T22:20:04.051+0000: 1.545: Total time for which application threads were stopped: 0.0003338 seconds, Stopping threads took: 0.0000175 seconds
2022-02-07T22:20:04.071+0000: 1.565: Total time for which application threads were stopped: 0.0003755 seconds, Stopping threads took: 0.0000430 seconds
2022-02-07T22:20:04.086+0000: 1.580: Total time for which application threads were stopped: 0.0003517 seconds, Stopping threads took: 0.0000255 seconds
2022-02-07T22:20:04.111+0000: 1.605: Total time for which application threads were stopped: 0.0003835 seconds, Stopping threads took: 0.0000371 seconds
2022-02-07T22:20:04.139+0000: 1.633: Total time for which application threads were stopped: 0.0004631 seconds, Stopping threads took: 0.0000340 seconds
2022-02-07T22:20:04.186+0000: 1.679: Total time for which application threads were stopped: 0.0002705 seconds, Stopping threads took: 0.0000335 seconds
2022-02-07T22:20:04.208+0000: 1.701: Total time for which application threads were stopped: 0.0003771 seconds, Stopping threads took: 0.0000582 seconds
2022-02-07T22:20:04.225+0000: 1.719: Total time for which application threads were stopped: 0.0002763 seconds, Stopping threads took: 0.0000160 seconds
2022-02-07T22:20:04.238+0000: 1.732: Total time for which application threads were stopped: 0.0003244 seconds, Stopping threads took: 0.0000191 seconds
2022-02-07T22:20:04.271+0000: 1.765: Total time for which application threads were stopped: 0.0004291 seconds, Stopping threads took: 0.0000390 seconds
2022-02-07T22:20:04.321+0000: 1.814: Total time for which application threads were stopped: 0.0003969 seconds, Stopping threads took: 0.0000183 seconds
2022-02-07T22:20:04.448+0000: 1.942: Total time for which application threads were stopped: 0.0003618 seconds, Stopping threads took: 0.0000228 seconds
2022-02-07T22:20:04.468+0000: 1.962: Total time for which application threads were stopped: 0.0003330 seconds, Stopping threads took: 0.0000313 seconds
2022-02-07T22:20:04.483+0000: 1.977: Total time for which application threads were stopped: 0.0003952 seconds, Stopping threads took: 0.0000319 seconds
{Heap before GC invocations=2 (full 0):
 par new generation   total 46080K, used 46080K [0x00000000e0c00000, 0x00000000e3e00000, 0x00000000e3e00000)
  eden space 40960K, 100% used [0x00000000e0c00000, 0x00000000e3400000, 0x00000000e3400000)
  from space 5120K, 100% used [0x00000000e3400000, 0x00000000e3900000, 0x00000000e3900000)
  to   space 5120K,   0% used [0x00000000e3900000, 0x00000000e3900000, 0x00000000e3e00000)
 concurrent mark-sweep generation total 460800K, used 4394K [0x00000000e3e00000, 0x0000000100000000, 0x0000000100000000)
 Metaspace       used 25244K, capacity 25556K, committed 25944K, reserved 1073152K
  class space    used 2874K, capacity 3012K, committed 3068K, reserved 1048576K
2022-02-07T22:20:04.487+0000: 1.981: [GC (Allocation Failure) 2022-02-07T22:20:04.487+0000: 1.981: [ParNew
Desired survivor size 2621440 bytes, new threshold 1 (max 1)
- age   1:    4708160 bytes,    4708160 total
: 46080K->5119K(46080K), 0.0219007 secs] 50474K->12472K(506880K), 0.0220285 secs] [Times: user=0.21 sys=0.02, real=0.02 secs] 
Heap after GC invocations=3 (full 0):
 par new generation   total 46080K, used 5119K [0x00000000e0c00000, 0x00000000e3e00000, 0x00000000e3e00000)
  eden space 40960K,   0% used [0x00000000e0c00000, 0x00000000e0c00000, 0x00000000e3400000)
  from space 5120K,  99% used [0x00000000e3900000, 0x00000000e3dffff8, 0x00000000e3e00000)
  to   space 5120K,   0% used [0x00000000e3400000, 0x00000000e3400000, 0x00000000e3900000)
 concurrent mark-sweep generation total 460800K, used 7352K [0x00000000e3e00000, 0x0000000100000000, 0x0000000100000000)
 Metaspace       used 25244K, capacity 25556K, committed 25944K, reserved 1073152K
  class space    used 2874K, capacity 3012K, committed 3068K, reserved 1048576K
}
2022-02-07T22:20:04.509+0000: 2.003: Total time for which application threads were stopped: 0.0223480 seconds, Stopping threads took: 0.0000664 seconds
2022-02-07T22:20:04.509+0000: 2.003: [GC (CMS Initial Mark) [1 CMS-initial-mark: 7352K(460800K)] 13252K(506880K), 0.0020368 secs] [Times: user=0.00 sys=0.01, real=0.00 secs] 
2022-02-07T22:20:04.512+0000: 2.005: Total time for which application threads were stopped: 0.0022183 seconds, Stopping threads took: 0.0000606 seconds
2022-02-07T22:20:04.512+0000: 2.005: [CMS-concurrent-mark-start]
2022-02-07T22:20:04.516+0000: 2.010: [CMS-concurrent-mark: 0.004/0.004 secs] [Times: user=0.04 sys=0.00, real=0.00 secs] 
2022-02-07T22:20:04.516+0000: 2.010: [CMS-concurrent-preclean-start]
2022-02-07T22:20:04.518+0000: 2.011: [CMS-concurrent-preclean: 0.002/0.002 secs] [Times: user=0.01 sys=0.00, real=0.00 secs] 
2022-02-07T22:20:04.518+0000: 2.012: [GC (CMS Final Remark) [YG occupancy: 5899 K (46080 K)]2022-02-07T22:20:04.518+0000: 2.012: [Rescan (parallel) , 0.0018094 secs]2022-02-07T22:20:04.520+0000: 2.014: [weak refs processing, 0.0001857 secs]2022-02-07T22:20:04.520+0000: 2.014: [class unloading, 0.0043148 secs]2022-02-07T22:20:04.524+0000: 2.018: [scrub symbol table, 0.0034818 secs]2022-02-07T22:20:04.528+0000: 2.022: [scrub string table, 0.0005618 secs][1 CMS-remark: 7352K(460800K)] 13252K(506880K), 0.0105186 secs] [Times: user=0.06 sys=0.00, real=0.02 secs] 
2022-02-07T22:20:04.528+0000: 2.022: Total time for which application threads were stopped: 0.0106894 seconds, Stopping threads took: 0.0000838 seconds
2022-02-07T22:20:04.529+0000: 2.022: [CMS-concurrent-sweep-start]
2022-02-07T22:20:04.534+0000: 2.028: [CMS-concurrent-sweep: 0.005/0.005 secs] [Times: user=0.02 sys=0.00, real=0.00 secs] 
2022-02-07T22:20:04.534+0000: 2.028: [CMS-concurrent-reset-start]
2022-02-07T22:20:04.535+0000: 2.029: [CMS-concurrent-reset: 0.001/0.001 secs] [Times: user=0.01 sys=0.00, real=0.00 secs] 
2022-02-07T22:20:04.617+0000: 2.110: Total time for which application threads were stopped: 0.0007588 seconds, Stopping threads took: 0.0000738 seconds
2022-02-07T22:20:04.655+0000: 2.149: Total time for which application threads were stopped: 0.0002647 seconds, Stopping threads took: 0.0000192 seconds
2022-02-07T22:20:04.664+0000: 2.158: Total time for which application threads were stopped: 0.0002720 seconds, Stopping threads took: 0.0000260 seconds
2022-02-07T22:20:04.697+0000: 2.191: Total time for which application threads were stopped: 0.0002735 seconds, Stopping threads took: 0.0000317 seconds
2022-02-07T22:20:04.705+0000: 2.199: Total time for which application threads were stopped: 0.0002481 seconds, Stopping threads took: 0.0000403 seconds
2022-02-07T22:20:04.706+0000: 2.200: Total time for which application threads were stopped: 0.0002295 seconds, Stopping threads took: 0.0000251 seconds
2022-02-07T22:20:04.800+0000: 2.294: Total time for which application threads were stopped: 0.0004526 seconds, Stopping threads took: 0.0000303 seconds
2022-02-07T22:20:04.984+0000: 2.478: Total time for which application threads were stopped: 0.0039495 seconds, Stopping threads took: 0.0002175 seconds
{Heap before GC invocations=3 (full 1):
 par new generation   total 46080K, used 46079K [0x00000000e0c00000, 0x00000000e3e00000, 0x00000000e3e00000)
  eden space 40960K, 100% used [0x00000000e0c00000, 0x00000000e3400000, 0x00000000e3400000)
  from space 5120K,  99% used [0x00000000e3900000, 0x00000000e3dffff8, 0x00000000e3e00000)
  to   space 5120K,   0% used [0x00000000e3400000, 0x00000000e3400000, 0x00000000e3900000)
 concurrent mark-sweep generation total 460800K, used 5430K [0x00000000e3e00000, 0x0000000100000000, 0x0000000100000000)
 Metaspace       used 30742K, capacity 31424K, committed 31708K, reserved 1077248K
  class space    used 3542K, capacity 3766K, committed 3836K, reserved 1048576K
2022-02-07T22:20:05.124+0000: 2.617: [GC (Allocation Failure) 2022-02-07T22:20:05.124+0000: 2.618: [ParNew
Desired survivor size 2621440 bytes, new threshold 1 (max 1)
- age   1:    5241576 bytes,    5241576 total
: 46079K->5120K(46080K), 0.0370190 secs] 51510K->17770K(506880K), 0.0371122 secs] [Times: user=0.22 sys=0.05, real=0.04 secs] 
Heap after GC invocations=4 (full 1):
 par new generation   total 46080K, used 5120K [0x00000000e0c00000, 0x00000000e3e00000, 0x00000000e3e00000)
  eden space 40960K,   0% used [0x00000000e0c00000, 0x00000000e0c00000, 0x00000000e3400000)
  from space 5120K, 100% used [0x00000000e3400000, 0x00000000e3900000, 0x00000000e3900000)
  to   space 5120K,   0% used [0x00000000e3900000, 0x00000000e3900000, 0x00000000e3e00000)
 concurrent mark-sweep generation total 460800K, used 12650K [0x00000000e3e00000, 0x0000000100000000, 0x0000000100000000)
 Metaspace       used 30742K, capacity 31424K, committed 31708K, reserved 1077248K
  class space    used 3542K, capacity 3766K, committed 3836K, reserved 1048576K
}
2022-02-07T22:20:05.161+0000: 2.655: Total time for which application threads were stopped: 0.0375385 seconds, Stopping threads took: 0.0000591 seconds
{Heap before GC invocations=4 (full 1):
 par new generation   total 46080K, used 46080K [0x00000000e0c00000, 0x00000000e3e00000, 0x00000000e3e00000)
  eden space 40960K, 100% used [0x00000000e0c00000, 0x00000000e3400000, 0x00000000e3400000)
  from space 5120K, 100% used [0x00000000e3400000, 0x00000000e3900000, 0x00000000e3900000)
  to   space 5120K,   0% used [0x00000000e3900000, 0x00000000e3900000, 0x00000000e3e00000)
 concurrent mark-sweep generation total 460800K, used 12650K [0x00000000e3e00000, 0x0000000100000000, 0x0000000100000000)
 Metaspace       used 30772K, capacity 31424K, committed 31708K, reserved 1077248K
  class space    used 3543K, capacity 3766K, committed 3836K, reserved 1048576K
2022-02-07T22:20:05.335+0000: 2.829: [GC (Allocation Failure) 2022-02-07T22:20:05.335+0000: 2.829: [ParNew
Desired survivor size 2621440 bytes, new threshold 1 (max 1)
- age   1:    3422000 bytes,    3422000 total
: 46080K->5120K(46080K), 0.0210421 secs] 58730K->23416K(506880K), 0.0211567 secs] [Times: user=0.26 sys=0.02, real=0.02 secs] 
Heap after GC invocations=5 (full 1):
 par new generation   total 46080K, used 5120K [0x00000000e0c00000, 0x00000000e3e00000, 0x00000000e3e00000)
  eden space 40960K,   0% used [0x00000000e0c00000, 0x00000000e0c00000, 0x00000000e3400000)
  from space 5120K, 100% used [0x00000000e3900000, 0x00000000e3e00000, 0x00000000e3e00000)
  to   space 5120K,   0% used [0x00000000e3400000, 0x00000000e3400000, 0x00000000e3900000)
 concurrent mark-sweep generation total 460800K, used 18296K [0x00000000e3e00000, 0x0000000100000000, 0x0000000100000000)
 Metaspace       used 30772K, capacity 31424K, committed 31708K, reserved 1077248K
  class space    used 3543K, capacity 3766K, committed 3836K, reserved 1048576K
}
2022-02-07T22:20:05.356+0000: 2.850: Total time for which application threads were stopped: 0.0215012 seconds, Stopping threads took: 0.0000369 seconds
{Heap before GC invocations=5 (full 1):
 par new generation   total 46080K, used 46080K [0x00000000e0c00000, 0x00000000e3e00000, 0x00000000e3e00000)
  eden space 40960K, 100% used [0x00000000e0c00000, 0x00000000e3400000, 0x00000000e3400000)
  from space 5120K, 100% used [0x00000000e3900000, 0x00000000e3e00000, 0x00000000e3e00000)
  to   space 5120K,   0% used [0x00000000e3400000, 0x00000000e3400000, 0x00000000e3900000)
 concurrent mark-sweep generation total 460800K, used 18296K [0x00000000e3e00000, 0x0000000100000000, 0x0000000100000000)
 Metaspace       used 30793K, capacity 31488K, committed 31708K, reserved 1077248K
  class space    used 3543K, capacity 3766K, committed 3836K, reserved 1048576K
2022-02-07T22:20:05.442+0000: 2.936: [GC (Allocation Failure) 2022-02-07T22:20:05.442+0000: 2.936: [ParNew
Desired survivor size 2621440 bytes, new threshold 1 (max 1)
- age   1:    2097760 bytes,    2097760 total
: 46080K->2329K(46080K), 0.0223179 secs] 64376K->23663K(506880K), 0.0224235 secs] [Times: user=0.39 sys=0.02, real=0.02 secs] 
Heap after GC invocations=6 (full 1):
 par new generation   total 46080K, used 2329K [0x00000000e0c00000, 0x00000000e3e00000, 0x00000000e3e00000)
  eden space 40960K,   0% used [0x00000000e0c00000, 0x00000000e0c00000, 0x00000000e3400000)
  from space 5120K,  45% used [0x00000000e3400000, 0x00000000e3646590, 0x00000000e3900000)
  to   space 5120K,   0% used [0x00000000e3900000, 0x00000000e3900000, 0x00000000e3e00000)
 concurrent mark-sweep generation total 460800K, used 21334K [0x00000000e3e00000, 0x0000000100000000, 0x0000000100000000)
 Metaspace       used 30793K, capacity 31488K, committed 31708K, reserved 1077248K
  class space    used 3543K, capacity 3766K, committed 3836K, reserved 1048576K
}
2022-02-07T22:20:05.465+0000: 2.959: Total time for which application threads were stopped: 0.0228048 seconds, Stopping threads took: 0.0000446 seconds
{Heap before GC invocations=6 (full 1):
 par new generation   total 46080K, used 43289K [0x00000000e0c00000, 0x00000000e3e00000, 0x00000000e3e00000)
  eden space 40960K, 100% used [0x00000000e0c00000, 0x00000000e3400000, 0x00000000e3400000)
  from space 5120K,  45% used [0x00000000e3400000, 0x00000000e3646590, 0x00000000e3900000)
  to   space 5120K,   0% used [0x00000000e3900000, 0x00000000e3900000, 0x00000000e3e00000)
 concurrent mark-sweep generation total 460800K, used 21334K [0x00000000e3e00000, 0x0000000100000000, 0x0000000100000000)
 Metaspace       used 30793K, capacity 31488K, committed 31708K, reserved 1077248K
  class space    used 3543K, capacity 3766K, committed 3836K, reserved 1048576K
2022-02-07T22:20:05.513+0000: 3.007: [GC (Allocation Failure) 2022-02-07T22:20:05.513+0000: 3.007: [ParNew
Desired survivor size 2621440 bytes, new threshold 1 (max 1)
- age   1:    4194448 bytes,    4194448 total
: 43289K->4148K(46080K), 0.0303101 secs] 64623K->25483K(506880K), 0.0304307 secs] [Times: user=0.84 sys=0.00, real=0.03 secs] 
Heap after GC invocations=7 (full 1):
 par new generation   total 46080K, used 4148K [0x00000000e0c00000, 0x00000000e3e00000, 0x00000000e3e00000)
  eden space 40960K,   0% used [0x00000000e0c00000, 0x00000000e0c00000, 0x00000000e3400000)
  from space 5120K,  81% used [0x00000000e3900000, 0x00000000e3d0d318, 0x00000000e3e00000)
  to   space 5120K,   0% used [0x00000000e3400000, 0x00000000e3400000, 0x00000000e3900000)
 concurrent mark-sweep generation total 460800K, used 21334K [0x00000000e3e00000, 0x0000000100000000, 0x0000000100000000)
 Metaspace       used 30793K, capacity 31488K, committed 31708K, reserved 1077248K
  class space    used 3543K, capacity 3766K, committed 3836K, reserved 1048576K
}
2022-02-07T22:20:05.544+0000: 3.037: Total time for which application threads were stopped: 0.0307781 seconds, Stopping threads took: 0.0000397 seconds
{Heap before GC invocations=7 (full 1):
 par new generation   total 46080K, used 45108K [0x00000000e0c00000, 0x00000000e3e00000, 0x00000000e3e00000)
  eden space 40960K, 100% used [0x00000000e0c00000, 0x00000000e3400000, 0x00000000e3400000)
  from space 5120K,  81% used [0x00000000e3900000, 0x00000000e3d0d318, 0x00000000e3e00000)
  to   space 5120K,   0% used [0x00000000e3400000, 0x00000000e3400000, 0x00000000e3900000)
 concurrent mark-sweep generation total 460800K, used 21334K [0x00000000e3e00000, 0x0000000100000000, 0x0000000100000000)
 Metaspace       used 30793K, capacity 31488K, committed 31708K, reserved 1077248K
  class space    used 3543K, capacity 3766K, committed 3836K, reserved 1048576K
2022-02-07T22:20:05.588+0000: 3.082: [GC (Allocation Failure) 2022-02-07T22:20:05.588+0000: 3.082: [ParNew
Desired survivor size 2621440 bytes, new threshold 1 (max 1)
- age   1:        208 bytes,        208 total
: 45108K->17K(46080K), 0.0316963 secs] 66443K->25447K(506880K), 0.0317910 secs] [Times: user=0.81 sys=0.00, real=0.03 secs] 
Heap after GC invocations=8 (full 1):
 par new generation   total 46080K, used 17K [0x00000000e0c00000, 0x00000000e3e00000, 0x00000000e3e00000)
  eden space 40960K,   0% used [0x00000000e0c00000, 0x00000000e0c00000, 0x00000000e3400000)
  from space 5120K,   0% used [0x00000000e3400000, 0x00000000e3404640, 0x00000000e3900000)
  to   space 5120K,   0% used [0x00000000e3900000, 0x00000000e3900000, 0x00000000e3e00000)
 concurrent mark-sweep generation total 460800K, used 25430K [0x00000000e3e00000, 0x0000000100000000, 0x0000000100000000)
 Metaspace       used 30793K, capacity 31488K, committed 31708K, reserved 1077248K
  class space    used 3543K, capacity 3766K, committed 3836K, reserved 1048576K
}
2022-02-07T22:20:05.620+0000: 3.114: Total time for which application threads were stopped: 0.0320735 seconds, Stopping threads took: 0.0000401 seconds
{Heap before GC invocations=8 (full 1):
 par new generation   total 46080K, used 40977K [0x00000000e0c00000, 0x00000000e3e00000, 0x00000000e3e00000)
  eden space 40960K, 100% used [0x00000000e0c00000, 0x00000000e3400000, 0x00000000e3400000)
  from space 5120K,   0% used [0x00000000e3400000, 0x00000000e3404640, 0x00000000e3900000)
  to   space 5120K,   0% used [0x00000000e3900000, 0x00000000e3900000, 0x00000000e3e00000)
 concurrent mark-sweep generation total 460800K, used 25430K [0x00000000e3e00000, 0x0000000100000000, 0x0000000100000000)
 Metaspace       used 30793K, capacity 31488K, committed 31708K, reserved 1077248K
  class space    used 3543K, capacity 3766K, committed 3836K, reserved 1048576K
2022-02-07T22:20:05.667+0000: 3.161: [GC (Allocation Failure) 2022-02-07T22:20:05.667+0000: 3.161: [ParNew
Desired survivor size 2621440 bytes, new threshold 1 (max 1)
- age   1:        192 bytes,        192 total
: 40977K->8K(46080K), 0.0046574 secs] 66407K->25438K(506880K), 0.0047788 secs] [Times: user=0.06 sys=0.01, real=0.00 secs] 
Heap after GC invocations=9 (full 1):
 par new generation   total 46080K, used 8K [0x00000000e0c00000, 0x00000000e3e00000, 0x00000000e3e00000)
  eden space 40960K,   0% used [0x00000000e0c00000, 0x00000000e0c00000, 0x00000000e3400000)
  from space 5120K,   0% used [0x00000000e3900000, 0x00000000e3902040, 0x00000000e3e00000)
  to   space 5120K,   0% used [0x00000000e3400000, 0x00000000e3400000, 0x00000000e3900000)
 concurrent mark-sweep generation total 460800K, used 25430K [0x00000000e3e00000, 0x0000000100000000, 0x0000000100000000)
 Metaspace       used 30793K, capacity 31488K, committed 31708K, reserved 1077248K
  class space    used 3543K, capacity 3766K, committed 3836K, reserved 1048576K
}
2022-02-07T22:20:05.672+0000: 3.166: Total time for which application threads were stopped: 0.0050769 seconds, Stopping threads took: 0.0000344 seconds
2022-02-07T22:20:05.736+0000: 3.230: Total time for which application threads were stopped: 0.0006740 seconds, Stopping threads took: 0.0000266 seconds
{Heap before GC invocations=9 (full 1):
 par new generation   total 46080K, used 40968K [0x00000000e0c00000, 0x00000000e3e00000, 0x00000000e3e00000)
  eden space 40960K, 100% used [0x00000000e0c00000, 0x00000000e3400000, 0x00000000e3400000)
  from space 5120K,   0% used [0x00000000e3900000, 0x00000000e3902040, 0x00000000e3e00000)
  to   space 5120K,   0% used [0x00000000e3400000, 0x00000000e3400000, 0x00000000e3900000)
 concurrent mark-sweep generation total 460800K, used 25430K [0x00000000e3e00000, 0x0000000100000000, 0x0000000100000000)
 Metaspace       used 31851K, capacity 32586K, committed 32860K, reserved 1079296K
  class space    used 3672K, capacity 3893K, committed 3964K, reserved 1048576K
2022-02-07T22:20:05.824+0000: 3.318: [GC (Allocation Failure) 2022-02-07T22:20:05.824+0000: 3.318: [ParNew
Desired survivor size 2621440 bytes, new threshold 1 (max 1)
- age   1:    1225472 bytes,    1225472 total
: 40968K->1226K(46080K), 0.0609971 secs] 66398K->34848K(506880K), 0.0610866 secs] [Times: user=1.53 sys=0.00, real=0.06 secs] 
Heap after GC invocations=10 (full 1):
 par new generation   total 46080K, used 1226K [0x00000000e0c00000, 0x00000000e3e00000, 0x00000000e3e00000)
  eden space 40960K,   0% used [0x00000000e0c00000, 0x00000000e0c00000, 0x00000000e3400000)
  from space 5120K,  23% used [0x00000000e3400000, 0x00000000e3532938, 0x00000000e3900000)
  to   space 5120K,   0% used [0x00000000e3900000, 0x00000000e3900000, 0x00000000e3e00000)
 concurrent mark-sweep generation total 460800K, used 33622K [0x00000000e3e00000, 0x0000000100000000, 0x0000000100000000)
 Metaspace       used 31851K, capacity 32586K, committed 32860K, reserved 1079296K
  class space    used 3672K, capacity 3893K, committed 3964K, reserved 1048576K
}
2022-02-07T22:20:05.886+0000: 3.379: Total time for which application threads were stopped: 0.0616860 seconds, Stopping threads took: 0.0002131 seconds
{Heap before GC invocations=10 (full 1):
 par new generation   total 46080K, used 42186K [0x00000000e0c00000, 0x00000000e3e00000, 0x00000000e3e00000)
  eden space 40960K, 100% used [0x00000000e0c00000, 0x00000000e3400000, 0x00000000e3400000)
  from space 5120K,  23% used [0x00000000e3400000, 0x00000000e3532938, 0x00000000e3900000)
  to   space 5120K,   0% used [0x00000000e3900000, 0x00000000e3900000, 0x00000000e3e00000)
 concurrent mark-sweep generation total 460800K, used 33622K [0x00000000e3e00000, 0x0000000100000000, 0x0000000100000000)
 Metaspace       used 36189K, capacity 37028K, committed 37212K, reserved 1081344K
  class space    used 4955K, capacity 5178K, committed 5244K, reserved 1048576K
2022-02-07T22:20:06.325+0000: 3.819: [GC (Allocation Failure) 2022-02-07T22:20:06.325+0000: 3.819: [ParNew
Desired survivor size 2621440 bytes, new threshold 1 (max 1)
- age   1:    5096776 bytes,    5096776 total
: 42186K->5120K(46080K), 0.0119051 secs] 75808K->39936K(506880K), 0.0120053 secs] [Times: user=0.15 sys=0.00, real=0.01 secs] 
Heap after GC invocations=11 (full 1):
 par new generation   total 46080K, used 5120K [0x00000000e0c00000, 0x00000000e3e00000, 0x00000000e3e00000)
  eden space 40960K,   0% used [0x00000000e0c00000, 0x00000000e0c00000, 0x00000000e3400000)
  from space 5120K, 100% used [0x00000000e3900000, 0x00000000e3e00000, 0x00000000e3e00000)
  to   space 5120K,   0% used [0x00000000e3400000, 0x00000000e3400000, 0x00000000e3900000)
 concurrent mark-sweep generation total 460800K, used 34816K [0x00000000e3e00000, 0x0000000100000000, 0x0000000100000000)
 Metaspace       used 36189K, capacity 37028K, committed 37212K, reserved 1081344K
  class space    used 4955K, capacity 5178K, committed 5244K, reserved 1048576K
}
2022-02-07T22:20:06.337+0000: 3.831: Total time for which application threads were stopped: 0.0125275 seconds, Stopping threads took: 0.0000533 seconds
2022-02-07T22:20:06.506+0000: 4.000: Total time for which application threads were stopped: 0.0008446 seconds, Stopping threads took: 0.0000448 seconds
{Heap before GC invocations=11 (full 1):
 par new generation   total 46080K, used 46080K [0x00000000e0c00000, 0x00000000e3e00000, 0x00000000e3e00000)
  eden space 40960K, 100% used [0x00000000e0c00000, 0x00000000e3400000, 0x00000000e3400000)
  from space 5120K, 100% used [0x00000000e3900000, 0x00000000e3e00000, 0x00000000e3e00000)
  to   space 5120K,   0% used [0x00000000e3400000, 0x00000000e3400000, 0x00000000e3900000)
 concurrent mark-sweep generation total 460800K, used 34816K [0x00000000e3e00000, 0x0000000100000000, 0x0000000100000000)
 Metaspace       used 37537K, capacity 38384K, committed 38620K, reserved 1083392K
  class space    used 5133K, capacity 5352K, committed 5372K, reserved 1048576K
2022-02-07T22:20:06.570+0000: 4.063: [GC (Allocation Failure) 2022-02-07T22:20:06.570+0000: 4.063: [ParNew
Desired survivor size 2621440 bytes, new threshold 1 (max 1)
- age   1:    5067872 bytes,    5067872 total
: 46080K->5120K(46080K), 0.0167047 secs] 80896K->43627K(506880K), 0.0168193 secs] [Times: user=0.12 sys=0.03, real=0.02 secs] 
Heap after GC invocations=12 (full 1):
 par new generation   total 46080K, used 5120K [0x00000000e0c00000, 0x00000000e3e00000, 0x00000000e3e00000)
  eden space 40960K,   0% used [0x00000000e0c00000, 0x00000000e0c00000, 0x00000000e3400000)
  from space 5120K, 100% used [0x00000000e3400000, 0x00000000e3900000, 0x00000000e3900000)
  to   space 5120K,   0% used [0x00000000e3900000, 0x00000000e3900000, 0x00000000e3e00000)
 concurrent mark-sweep generation total 460800K, used 38507K [0x00000000e3e00000, 0x0000000100000000, 0x0000000100000000)
 Metaspace       used 37537K, capacity 38384K, committed 38620K, reserved 1083392K
  class space    used 5133K, capacity 5352K, committed 5372K, reserved 1048576K
}
2022-02-07T22:20:06.587+0000: 4.080: Total time for which application threads were stopped: 0.0171617 seconds, Stopping threads took: 0.0000427 seconds
2022-02-07T22:20:06.963+0000: 4.456: Total time for which application threads were stopped: 0.0007003 seconds, Stopping threads took: 0.0001254 seconds
{Heap before GC invocations=12 (full 1):
 par new generation   total 46080K, used 46080K [0x00000000e0c00000, 0x00000000e3e00000, 0x00000000e3e00000)
  eden space 40960K, 100% used [0x00000000e0c00000, 0x00000000e3400000, 0x00000000e3400000)
  from space 5120K, 100% used [0x00000000e3400000, 0x00000000e3900000, 0x00000000e3900000)
  to   space 5120K,   0% used [0x00000000e3900000, 0x00000000e3900000, 0x00000000e3e00000)
 concurrent mark-sweep generation total 460800K, used 38507K [0x00000000e3e00000, 0x0000000100000000, 0x0000000100000000)
 Metaspace       used 39583K, capacity 40664K, committed 40796K, reserved 1085440K
  class space    used 5396K, capacity 5682K, committed 5756K, reserved 1048576K
2022-02-07T22:20:07.012+0000: 4.505: [GC (Allocation Failure) 2022-02-07T22:20:07.012+0000: 4.505: [ParNew
Desired survivor size 2621440 bytes, new threshold 1 (max 1)
- age   1:    3794360 bytes,    3794360 total
: 46080K->5120K(46080K), 0.0403903 secs] 84587K->51187K(506880K), 0.0405129 secs] [Times: user=0.25 sys=0.03, real=0.04 secs] 
Heap after GC invocations=13 (full 1):
 par new generation   total 46080K, used 5120K [0x00000000e0c00000, 0x00000000e3e00000, 0x00000000e3e00000)
  eden space 40960K,   0% used [0x00000000e0c00000, 0x00000000e0c00000, 0x00000000e3400000)
  from space 5120K, 100% used [0x00000000e3900000, 0x00000000e3e00000, 0x00000000e3e00000)
  to   space 5120K,   0% used [0x00000000e3400000, 0x00000000e3400000, 0x00000000e3900000)
 concurrent mark-sweep generation total 460800K, used 46067K [0x00000000e3e00000, 0x0000000100000000, 0x0000000100000000)
 Metaspace       used 39583K, capacity 40664K, committed 40796K, reserved 1085440K
  class space    used 5396K, capacity 5682K, committed 5756K, reserved 1048576K
}
2022-02-07T22:20:07.052+0000: 4.546: Total time for which application threads were stopped: 0.0410644 seconds, Stopping threads took: 0.0000485 seconds
{Heap before GC invocations=13 (full 1):
 par new generation   total 46080K, used 45500K [0x00000000e0c00000, 0x00000000e3e00000, 0x00000000e3e00000)
  eden space 40960K,  98% used [0x00000000e0c00000, 0x00000000e336f250, 0x00000000e3400000)
  from space 5120K, 100% used [0x00000000e3900000, 0x00000000e3e00000, 0x00000000e3e00000)
  to   space 5120K,   0% used [0x00000000e3400000, 0x00000000e3400000, 0x00000000e3900000)
 concurrent mark-sweep generation total 460800K, used 46067K [0x00000000e3e00000, 0x0000000100000000, 0x0000000100000000)
 Metaspace       used 40261K, capacity 41378K, committed 41692K, reserved 1085440K
  class space    used 5486K, capacity 5772K, committed 5884K, reserved 1048576K
2022-02-07T22:20:07.277+0000: 4.770: [GC (Allocation Failure) 2022-02-07T22:20:07.277+0000: 4.770: [ParNew
Desired survivor size 2621440 bytes, new threshold 1 (max 1)
- age   1:    4033296 bytes,    4033296 total
: 45500K->5120K(46080K), 0.0160136 secs] 91568K->64750K(506880K), 0.0161368 secs] [Times: user=0.13 sys=0.03, real=0.02 secs] 
Heap after GC invocations=14 (full 1):
 par new generation   total 46080K, used 5120K [0x00000000e0c00000, 0x00000000e3e00000, 0x00000000e3e00000)
  eden space 40960K,   0% used [0x00000000e0c00000, 0x00000000e0c00000, 0x00000000e3400000)
  from space 5120K, 100% used [0x00000000e3400000, 0x00000000e3900000, 0x00000000e3900000)
  to   space 5120K,   0% used [0x00000000e3900000, 0x00000000e3900000, 0x00000000e3e00000)
 concurrent mark-sweep generation total 460800K, used 59630K [0x00000000e3e00000, 0x0000000100000000, 0x0000000100000000)
 Metaspace       used 40261K, capacity 41378K, committed 41692K, reserved 1085440K
  class space    used 5486K, capacity 5772K, committed 5884K, reserved 1048576K
}
2022-02-07T22:20:07.293+0000: 4.787: Total time for which application threads were stopped: 0.0168339 seconds, Stopping threads took: 0.0001079 seconds
2022-02-07T22:20:07.424+0000: 4.918: Total time for which application threads were stopped: 0.0003898 seconds, Stopping threads took: 0.0000395 seconds
2022-02-07T22:20:07.439+0000: 4.933: Total time for which application threads were stopped: 0.0008742 seconds, Stopping threads took: 0.0000265 seconds
2022-02-07T22:20:07.464+0000: 4.958: Total time for which application threads were stopped: 0.0004830 seconds, Stopping threads took: 0.0000484 seconds
2022-02-07T22:20:07.662+0000: 5.156: Total time for which application threads were stopped: 0.0010059 seconds, Stopping threads took: 0.0000366 seconds
2022-02-07T22:20:08.066+0000: 5.559: Total time for which application threads were stopped: 0.0005093 seconds, Stopping threads took: 0.0000387 seconds
2022-02-07T22:20:08.091+0000: 5.584: Total time for which application threads were stopped: 0.0005333 seconds, Stopping threads took: 0.0000372 seconds
2022-02-07T22:20:08.126+0000: 5.620: Total time for which application threads were stopped: 0.0005656 seconds, Stopping threads took: 0.0000367 seconds
2022-02-07T22:20:08.146+0000: 5.640: Total time for which application threads were stopped: 0.0004138 seconds, Stopping threads took: 0.0000486 seconds
2022-02-07T22:20:08.182+0000: 5.676: Total time for which application threads were stopped: 0.0006355 seconds, Stopping threads took: 0.0000540 seconds
2022-02-07T22:20:08.201+0000: 5.694: Total time for which application threads were stopped: 0.0008995 seconds, Stopping threads took: 0.0000367 seconds
2022-02-07T22:20:08.215+0000: 5.709: Total time for which application threads were stopped: 0.0003713 seconds, Stopping threads took: 0.0000444 seconds
2022-02-07T22:20:08.279+0000: 5.773: Total time for which application threads were stopped: 0.0005373 seconds, Stopping threads took: 0.0000463 seconds
2022-02-07T22:20:08.312+0000: 5.806: Total time for which application threads were stopped: 0.0005807 seconds, Stopping threads took: 0.0000820 seconds
{Heap before GC invocations=14 (full 1):
 par new generation   total 46080K, used 46080K [0x00000000e0c00000, 0x00000000e3e00000, 0x00000000e3e00000)
  eden space 40960K, 100% used [0x00000000e0c00000, 0x00000000e3400000, 0x00000000e3400000)
  from space 5120K, 100% used [0x00000000e3400000, 0x00000000e3900000, 0x00000000e3900000)
  to   space 5120K,   0% used [0x00000000e3900000, 0x00000000e3900000, 0x00000000e3e00000)
 concurrent mark-sweep generation total 460800K, used 59630K [0x00000000e3e00000, 0x0000000100000000, 0x0000000100000000)
 Metaspace       used 44381K, capacity 45912K, committed 46152K, reserved 1089536K
  class space    used 6023K, capacity 6453K, committed 6496K, reserved 1048576K
2022-02-07T22:20:08.315+0000: 5.809: [GC (Allocation Failure) 2022-02-07T22:20:08.315+0000: 5.809: [ParNew
Desired survivor size 2621440 bytes, new threshold 1 (max 1)
- age   1:    3972096 bytes,    3972096 total
: 46080K->5120K(46080K), 0.0209319 secs] 105710K->73204K(506880K), 0.0210844 secs] [Times: user=0.13 sys=0.01, real=0.02 secs] 
Heap after GC invocations=15 (full 1):
 par new generation   total 46080K, used 5120K [0x00000000e0c00000, 0x00000000e3e00000, 0x00000000e3e00000)
  eden space 40960K,   0% used [0x00000000e0c00000, 0x00000000e0c00000, 0x00000000e3400000)
  from space 5120K, 100% used [0x00000000e3900000, 0x00000000e3e00000, 0x00000000e3e00000)
  to   space 5120K,   0% used [0x00000000e3400000, 0x00000000e3400000, 0x00000000e3900000)
 concurrent mark-sweep generation total 460800K, used 68084K [0x00000000e3e00000, 0x0000000100000000, 0x0000000100000000)
 Metaspace       used 44381K, capacity 45912K, committed 46152K, reserved 1089536K
  class space    used 6023K, capacity 6453K, committed 6496K, reserved 1048576K
}
2022-02-07T22:20:08.336+0000: 5.830: Total time for which application threads were stopped: 0.0215110 seconds, Stopping threads took: 0.0000367 seconds
2022-02-07T22:20:08.336+0000: 5.830: [GC (CMS Initial Mark) [1 CMS-initial-mark: 68084K(460800K)] 74333K(506880K), 0.0017432 secs] [Times: user=0.01 sys=0.00, real=0.00 secs] 
2022-02-07T22:20:08.338+0000: 5.832: Total time for which application threads were stopped: 0.0020865 seconds, Stopping threads took: 0.0000823 seconds
2022-02-07T22:20:08.338+0000: 5.832: [CMS-concurrent-mark-start]
2022-02-07T22:20:08.355+0000: 5.848: [CMS-concurrent-mark: 0.016/0.016 secs] [Times: user=0.18 sys=0.01, real=0.02 secs] 
2022-02-07T22:20:08.355+0000: 5.848: [CMS-concurrent-preclean-start]
2022-02-07T22:20:08.357+0000: 5.851: [CMS-concurrent-preclean: 0.002/0.002 secs] [Times: user=0.00 sys=0.00, real=0.00 secs] 
2022-02-07T22:20:08.358+0000: 5.851: [GC (CMS Final Remark) [YG occupancy: 6971 K (46080 K)]2022-02-07T22:20:08.358+0000: 5.851: [Rescan (parallel) , 0.0021052 secs]2022-02-07T22:20:08.360+0000: 5.854: [weak refs processing, 0.0010079 secs]2022-02-07T22:20:08.361+0000: 5.855: [class unloading, 0.0158569 secs]2022-02-07T22:20:08.377+0000: 5.871: [scrub symbol table, 0.0091531 secs]2022-02-07T22:20:08.386+0000: 5.880: [scrub string table, 0.0011562 secs][1 CMS-remark: 68084K(460800K)] 75056K(506880K), 0.0295109 secs] [Times: user=0.12 sys=0.00, real=0.04 secs] 
2022-02-07T22:20:08.387+0000: 5.881: Total time for which application threads were stopped: 0.0298819 seconds, Stopping threads took: 0.0001238 seconds
2022-02-07T22:20:08.387+0000: 5.881: [CMS-concurrent-sweep-start]
2022-02-07T22:20:08.423+0000: 5.917: [CMS-concurrent-sweep: 0.036/0.036 secs] [Times: user=0.17 sys=0.02, real=0.03 secs] 
2022-02-07T22:20:08.423+0000: 5.917: [CMS-concurrent-reset-start]
2022-02-07T22:20:08.437+0000: 5.930: [CMS-concurrent-reset: 0.013/0.013 secs] [Times: user=0.06 sys=0.01, real=0.01 secs] 
2022-02-07T22:20:08.768+0000: 6.262: Total time for which application threads were stopped: 0.0004887 seconds, Stopping threads took: 0.0000551 seconds
2022-02-07T22:20:08.804+0000: 6.298: Total time for which application threads were stopped: 0.0010589 seconds, Stopping threads took: 0.0000791 seconds
2022-02-07T22:20:08.885+0000: 6.379: Total time for which application threads were stopped: 0.0011619 seconds, Stopping threads took: 0.0000841 seconds
2022-02-07T22:20:08.893+0000: 6.387: Total time for which application threads were stopped: 0.0006284 seconds, Stopping threads took: 0.0000324 seconds
2022-02-07T22:20:09.893+0000: 7.387: Total time for which application threads were stopped: 0.0002636 seconds, Stopping threads took: 0.0000376 seconds
{Heap before GC invocations=15 (full 2):
 par new generation   total 46080K, used 46064K [0x00000000e0c00000, 0x00000000e3e00000, 0x00000000e3e00000)
  eden space 40960K,  99% used [0x00000000e0c00000, 0x00000000e33fc178, 0x00000000e3400000)
  from space 5120K, 100% used [0x00000000e3900000, 0x00000000e3e00000, 0x00000000e3e00000)
  to   space 5120K,   0% used [0x00000000e3400000, 0x00000000e3400000, 0x00000000e3900000)
 concurrent mark-sweep generation total 460800K, used 39316K [0x00000000e3e00000, 0x0000000100000000, 0x0000000100000000)
 Metaspace       used 46689K, capacity 48608K, committed 48832K, reserved 1091584K
  class space    used 6360K, capacity 6861K, committed 6880K, reserved 1048576K
2022-02-07T22:20:10.029+0000: 7.523: [GC (Allocation Failure) 2022-02-07T22:20:10.029+0000: 7.523: [ParNew
Desired survivor size 2621440 bytes, new threshold 1 (max 1)
- age   1:    4748024 bytes,    4748024 total
: 46064K->5120K(46080K), 0.0134418 secs] 85381K->52593K(506880K), 0.0135541 secs] [Times: user=0.10 sys=0.01, real=0.01 secs] 
Heap after GC invocations=16 (full 2):
 par new generation   total 46080K, used 5120K [0x00000000e0c00000, 0x00000000e3e00000, 0x00000000e3e00000)
  eden space 40960K,   0% used [0x00000000e0c00000, 0x00000000e0c00000, 0x00000000e3400000)
  from space 5120K, 100% used [0x00000000e3400000, 0x00000000e3900000, 0x00000000e3900000)
  to   space 5120K,   0% used [0x00000000e3900000, 0x00000000e3900000, 0x00000000e3e00000)
 concurrent mark-sweep generation total 460800K, used 47473K [0x00000000e3e00000, 0x0000000100000000, 0x0000000100000000)
 Metaspace       used 46689K, capacity 48608K, committed 48832K, reserved 1091584K
  class space    used 6360K, capacity 6861K, committed 6880K, reserved 1048576K
}
2022-02-07T22:20:10.043+0000: 7.537: Total time for which application threads were stopped: 0.0139480 seconds, Stopping threads took: 0.0000522 seconds
2022-02-07T22:20:10.059+0000: 7.553: Total time for which application threads were stopped: 0.0011087 seconds, Stopping threads took: 0.0000255 seconds
2022-02-07T22:20:11.060+0000: 8.554: Total time for which application threads were stopped: 0.0003385 seconds, Stopping threads took: 0.0000487 seconds
2022-02-07T22:20:13.060+0000: 10.554: Total time for which application threads were stopped: 0.0003832 seconds, Stopping threads took: 0.0000505 seconds
2022-02-07T22:20:14.061+0000: 11.555: Total time for which application threads were stopped: 0.0003329 seconds, Stopping threads took: 0.0000494 seconds
2022-02-07T22:20:16.062+0000: 13.555: Total time for which application threads were stopped: 0.0003960 seconds, Stopping threads took: 0.0001962 seconds
2022-02-07T22:20:17.062+0000: 14.556: Total time for which application threads were stopped: 0.0003000 seconds, Stopping threads took: 0.0000368 seconds
2022-02-07T22:20:17.755+0000: 15.249: Total time for which application threads were stopped: 0.0015869 seconds, Stopping threads took: 0.0000403 seconds
2022-02-07T22:20:18.756+0000: 16.249: Total time for which application threads were stopped: 0.0007104 seconds, Stopping threads took: 0.0001041 seconds
2022-02-07T22:20:19.756+0000: 17.250: Total time for which application threads were stopped: 0.0003684 seconds, Stopping threads took: 0.0000517 seconds
2022-02-07T22:20:20.757+0000: 18.250: Total time for which application threads were stopped: 0.0003030 seconds, Stopping threads took: 0.0000357 seconds
2022-02-07T22:20:21.757+0000: 19.251: Total time for which application threads were stopped: 0.0001988 seconds, Stopping threads took: 0.0000412 seconds
2022-02-07T22:20:22.757+0000: 20.251: Total time for which application threads were stopped: 0.0002912 seconds, Stopping threads took: 0.0000396 seconds
2022-02-07T22:20:24.758+0000: 22.252: Total time for which application threads were stopped: 0.0002306 seconds, Stopping threads took: 0.0000792 seconds
2022-02-07T22:20:29.759+0000: 27.252: Total time for which application threads were stopped: 0.0001908 seconds, Stopping threads took: 0.0000346 seconds
2022-02-07T22:20:30.759+0000: 28.253: Total time for which application threads were stopped: 0.0001895 seconds, Stopping threads took: 0.0000362 seconds
2022-02-07T22:20:31.759+0000: 29.253: Total time for which application threads were stopped: 0.0001877 seconds, Stopping threads took: 0.0000346 seconds
2022-02-07T22:20:34.760+0000: 32.254: Total time for which application threads were stopped: 0.0001831 seconds, Stopping threads took: 0.0000373 seconds
2022-02-07T22:20:36.761+0000: 34.254: Total time for which application threads were stopped: 0.0004028 seconds, Stopping threads took: 0.0000822 seconds
2022-02-07T22:20:38.761+0000: 36.255: Total time for which application threads were stopped: 0.0004408 seconds, Stopping threads took: 0.0000527 seconds
2022-02-07T22:20:39.762+0000: 37.255: Total time for which application threads were stopped: 0.0002076 seconds, Stopping threads took: 0.0000391 seconds
2022-02-07T22:20:44.763+0000: 42.256: Total time for which application threads were stopped: 0.0002322 seconds, Stopping threads took: 0.0000454 seconds
2022-02-07T22:20:45.763+0000: 43.257: Total time for which application threads were stopped: 0.0002274 seconds, Stopping threads took: 0.0000331 seconds
2022-02-07T22:20:48.764+0000: 46.257: Total time for which application threads were stopped: 0.0001862 seconds, Stopping threads took: 0.0000371 seconds
2022-02-07T22:20:51.764+0000: 49.258: Total time for which application threads were stopped: 0.0001847 seconds, Stopping threads took: 0.0000357 seconds
2022-02-07T22:20:53.765+0000: 51.258: Total time for which application threads were stopped: 0.0001809 seconds, Stopping threads took: 0.0000350 seconds
2022-02-07T22:20:56.765+0000: 54.259: Total time for which application threads were stopped: 0.0001826 seconds, Stopping threads took: 0.0000356 seconds
2022-02-07T22:20:57.766+0000: 55.259: Total time for which application threads were stopped: 0.0001851 seconds, Stopping threads took: 0.0000359 seconds
2022-02-07T22:20:58.766+0000: 56.260: Total time for which application threads were stopped: 0.0001959 seconds, Stopping threads took: 0.0000465 seconds
2022-02-07T22:20:59.766+0000: 57.260: Total time for which application threads were stopped: 0.0002346 seconds, Stopping threads took: 0.0000376 seconds
2022-02-07T22:21:03.767+0000: 61.261: Total time for which application threads were stopped: 0.0001922 seconds, Stopping threads took: 0.0000377 seconds
2022-02-07T22:21:04.767+0000: 62.261: Total time for which application threads were stopped: 0.0001892 seconds, Stopping threads took: 0.0000351 seconds
2022-02-07T22:21:05.768+0000: 63.261: Total time for which application threads were stopped: 0.0001897 seconds, Stopping threads took: 0.0000369 seconds
2022-02-07T22:21:06.768+0000: 64.262: Total time for which application threads were stopped: 0.0001818 seconds, Stopping threads took: 0.0000339 seconds
2022-02-07T22:21:07.768+0000: 65.262: Total time for which application threads were stopped: 0.0001771 seconds, Stopping threads took: 0.0000357 seconds
2022-02-07T22:21:09.769+0000: 67.263: Total time for which application threads were stopped: 0.0002735 seconds, Stopping threads took: 0.0000382 seconds
2022-02-07T22:21:13.770+0000: 71.263: Total time for which application threads were stopped: 0.0001804 seconds, Stopping threads took: 0.0000384 seconds
2022-02-07T22:21:14.770+0000: 72.264: Total time for which application threads were stopped: 0.0001430 seconds, Stopping threads took: 0.0000307 seconds
2022-02-07T22:21:18.771+0000: 76.264: Total time for which application threads were stopped: 0.0001818 seconds, Stopping threads took: 0.0000356 seconds
2022-02-07T22:21:19.771+0000: 77.265: Total time for which application threads were stopped: 0.0001596 seconds, Stopping threads took: 0.0000362 seconds
2022-02-07T22:21:22.771+0000: 80.265: Total time for which application threads were stopped: 0.0001569 seconds, Stopping threads took: 0.0000354 seconds
2022-02-07T22:21:24.772+0000: 82.266: Total time for which application threads were stopped: 0.0001560 seconds, Stopping threads took: 0.0000353 seconds
2022-02-07T22:21:27.772+0000: 85.266: Total time for which application threads were stopped: 0.0001547 seconds, Stopping threads took: 0.0000337 seconds
2022-02-07T22:21:29.773+0000: 87.267: Total time for which application threads were stopped: 0.0001820 seconds, Stopping threads took: 0.0000356 seconds
2022-02-07T22:21:31.773+0000: 89.267: Total time for which application threads were stopped: 0.0001843 seconds, Stopping threads took: 0.0000351 seconds
2022-02-07T22:21:33.774+0000: 91.267: Total time for which application threads were stopped: 0.0001615 seconds, Stopping threads took: 0.0000346 seconds
2022-02-07T22:21:34.774+0000: 92.268: Total time for which application threads were stopped: 0.0001898 seconds, Stopping threads took: 0.0000356 seconds
2022-02-07T22:21:35.774+0000: 93.268: Total time for which application threads were stopped: 0.0001586 seconds, Stopping threads took: 0.0000360 seconds
2022-02-07T22:21:36.775+0000: 94.268: Total time for which application threads were stopped: 0.0001992 seconds, Stopping threads took: 0.000077