OpenJDK 64-Bit Server VM (25.312-b07) for linux-amd64 JRE (1.8.0_312-8u312-b07-0ubuntu1~18.04-b07), built on Nov  3 2021 13:54:59 by "buildd" with gcc 7.5.0
Memory: 4k page, physical 164941188k(114278360k free), swap 3145724k(3145724k free)
CommandLine flags: -XX:+AlwaysPreTouch -XX:+CMSClassUnloadingEnabled -XX:+CMSEdenChunksRecordAlways -XX:CMSInitiatingOccupancyFraction=75 -XX:+CMSParallelInitialMarkEnabled -XX:+CMSParallelRemarkEnabled -XX:CMSWaitDuration=10000 -XX:CompileCommandFile=/tmp/dtest-tqoo5920/test/node4/conf/hotspot_compiler -XX:GCLogFileSize=10485760 -XX:+HeapDumpOnOutOfMemoryError -XX:InitialHeapSize=524288000 -XX:InitialTenuringThreshold=1 -XX:+ManagementServer -XX:MaxHeapSize=524288000 -XX:MaxNewSize=52428800 -XX:MaxTenuringThreshold=1 -XX:NewSize=52428800 -XX:NumberOfGCLogFiles=10 -XX:OldPLABSize=16 -XX:OnOutOfMemoryError=kill -9 %p -XX:+PerfDisableSharedMem -XX:+PrintGC -XX:+PrintGCApplicationStoppedTime -XX:+PrintGCDateStamps -XX:+PrintGCDetails -XX:+PrintGCTimeStamps -XX:+PrintHeapAtGC -XX:+PrintPromotionFailure -XX:+PrintTenuringDistribution -XX:+ResizeTLAB -XX:SurvivorRatio=8 -XX:ThreadPriorityPolicy=42 -XX:ThreadStackSize=256 -XX:-UseBiasedLocking -XX:+UseCMSInitiatingOccupancyOnly -XX:+UseCompressedClassPointers -XX:+UseCompressedOops -XX:+UseConcMarkSweepGC -XX:+UseCondCardMark -XX:+UseGCLogFileRotation -XX:-UseNUMA -XX:+UseParNewGC -XX:+UseTLAB -XX:+UseThreadPriorities 
2022-02-07T22:18:35.547+0000: 0.542: Total time for which application threads were stopped: 0.0002620 seconds, Stopping threads took: 0.0001358 seconds
2022-02-07T22:18:35.605+0000: 0.600: Total time for which application threads were stopped: 0.0001532 seconds, Stopping threads took: 0.0000234 seconds
{Heap before GC invocations=0 (full 0):
 par new generation   total 46080K, used 40960K [0x00000000e0c00000, 0x00000000e3e00000, 0x00000000e3e00000)
  eden space 40960K, 100% used [0x00000000e0c00000, 0x00000000e3400000, 0x00000000e3400000)
  from space 5120K,   0% used [0x00000000e3400000, 0x00000000e3400000, 0x00000000e3900000)
  to   space 5120K,   0% used [0x00000000e3900000, 0x00000000e3900000, 0x00000000e3e00000)
 concurrent mark-sweep generation total 460800K, used 0K [0x00000000e3e00000, 0x0000000100000000, 0x0000000100000000)
 Metaspace       used 12566K, capacity 12710K, committed 13056K, reserved 1060864K
  class space    used 1433K, capacity 1485K, committed 1536K, reserved 1048576K
2022-02-07T22:18:35.923+0000: 0.917: [GC (Allocation Failure) 2022-02-07T22:18:35.923+0000: 0.918: [ParNew
Desired survivor size 2621440 bytes, new threshold 1 (max 1)
- age   1:    5117536 bytes,    5117536 total
: 40960K->5120K(46080K), 0.0083456 secs] 40960K->5572K(506880K), 0.0084628 secs] [Times: user=0.07 sys=0.00, real=0.01 secs] 
Heap after GC invocations=1 (full 0):
 par new generation   total 46080K, used 5120K [0x00000000e0c00000, 0x00000000e3e00000, 0x00000000e3e00000)
  eden space 40960K,   0% used [0x00000000e0c00000, 0x00000000e0c00000, 0x00000000e3400000)
  from space 5120K, 100% used [0x00000000e3900000, 0x00000000e3e00000, 0x00000000e3e00000)
  to   space 5120K,   0% used [0x00000000e3400000, 0x00000000e3400000, 0x00000000e3900000)
 concurrent mark-sweep generation total 460800K, used 452K [0x00000000e3e00000, 0x0000000100000000, 0x0000000100000000)
 Metaspace       used 12566K, capacity 12710K, committed 13056K, reserved 1060864K
  class space    used 1433K, capacity 1485K, committed 1536K, reserved 1048576K
}
2022-02-07T22:18:35.931+0000: 0.926: Total time for which application threads were stopped: 0.0089109 seconds, Stopping threads took: 0.0000387 seconds
2022-02-07T22:18:36.006+0000: 1.001: Total time for which application threads were stopped: 0.0003019 seconds, Stopping threads took: 0.0000218 seconds
2022-02-07T22:18:36.068+0000: 1.063: Total time for which application threads were stopped: 0.0006438 seconds, Stopping threads took: 0.0000221 seconds
2022-02-07T22:18:36.165+0000: 1.160: Total time for which application threads were stopped: 0.0003136 seconds, Stopping threads took: 0.0000260 seconds
2022-02-07T22:18:36.166+0000: 1.160: Total time for which application threads were stopped: 0.0001871 seconds, Stopping threads took: 0.0000250 seconds
2022-02-07T22:18:36.175+0000: 1.170: Total time for which application threads were stopped: 0.0002383 seconds, Stopping threads took: 0.0000326 seconds
2022-02-07T22:18:36.209+0000: 1.204: Total time for which application threads were stopped: 0.0002191 seconds, Stopping threads took: 0.0000337 seconds
2022-02-07T22:18:36.242+0000: 1.236: Total time for which application threads were stopped: 0.0002954 seconds, Stopping threads took: 0.0000548 seconds
2022-02-07T22:18:36.294+0000: 1.288: Total time for which application threads were stopped: 0.0002556 seconds, Stopping threads took: 0.0000270 seconds
2022-02-07T22:18:36.330+0000: 1.324: Total time for which application threads were stopped: 0.0002186 seconds, Stopping threads took: 0.0000290 seconds
{Heap before GC invocations=1 (full 0):
 par new generation   total 46080K, used 46080K [0x00000000e0c00000, 0x00000000e3e00000, 0x00000000e3e00000)
  eden space 40960K, 100% used [0x00000000e0c00000, 0x00000000e3400000, 0x00000000e3400000)
  from space 5120K, 100% used [0x00000000e3900000, 0x00000000e3e00000, 0x00000000e3e00000)
  to   space 5120K,   0% used [0x00000000e3400000, 0x00000000e3400000, 0x00000000e3900000)
 concurrent mark-sweep generation total 460800K, used 452K [0x00000000e3e00000, 0x0000000100000000, 0x0000000100000000)
 Metaspace       used 19248K, capacity 19488K, committed 19840K, reserved 1067008K
  class space    used 2248K, capacity 2360K, committed 2432K, reserved 1048576K
2022-02-07T22:18:36.367+0000: 1.362: [GC (Allocation Failure) 2022-02-07T22:18:36.367+0000: 1.362: [ParNew
Desired survivor size 2621440 bytes, new threshold 1 (max 1)
- age   1:    4116000 bytes,    4116000 total
: 46080K->5120K(46080K), 0.0500590 secs] 46532K->9366K(506880K), 0.0501721 secs] [Times: user=0.37 sys=0.02, real=0.04 secs] 
Heap after GC invocations=2 (full 0):
 par new generation   total 46080K, used 5120K [0x00000000e0c00000, 0x00000000e3e00000, 0x00000000e3e00000)
  eden space 40960K,   0% used [0x00000000e0c00000, 0x00000000e0c00000, 0x00000000e3400000)
  from space 5120K, 100% used [0x00000000e3400000, 0x00000000e3900000, 0x00000000e3900000)
  to   space 5120K,   0% used [0x00000000e3900000, 0x00000000e3900000, 0x00000000e3e00000)
 concurrent mark-sweep generation total 460800K, used 4246K [0x00000000e3e00000, 0x0000000100000000, 0x0000000100000000)
 Metaspace       used 19248K, capacity 19488K, committed 19840K, reserved 1067008K
  class space    used 2248K, capacity 2360K, committed 2432K, reserved 1048576K
}
2022-02-07T22:18:36.418+0000: 1.412: Total time for which application threads were stopped: 0.0503943 seconds, Stopping threads took: 0.0000206 seconds
2022-02-07T22:18:36.491+0000: 1.486: Total time for which application threads were stopped: 0.0003949 seconds, Stopping threads took: 0.0000724 seconds
2022-02-07T22:18:36.577+0000: 1.571: Total time for which application threads were stopped: 0.0003147 seconds, Stopping threads took: 0.0000168 seconds
2022-02-07T22:18:36.609+0000: 1.604: Total time for which application threads were stopped: 0.0003913 seconds, Stopping threads took: 0.0000507 seconds
2022-02-07T22:18:36.626+0000: 1.621: Total time for which application threads were stopped: 0.0003652 seconds, Stopping threads took: 0.0000395 seconds
2022-02-07T22:18:36.647+0000: 1.642: Total time for which application threads were stopped: 0.0004187 seconds, Stopping threads took: 0.0000312 seconds
2022-02-07T22:18:36.678+0000: 1.673: Total time for which application threads were stopped: 0.0004391 seconds, Stopping threads took: 0.0000332 seconds
2022-02-07T22:18:36.731+0000: 1.726: Total time for which application threads were stopped: 0.0002872 seconds, Stopping threads took: 0.0000327 seconds
2022-02-07T22:18:36.750+0000: 1.745: Total time for which application threads were stopped: 0.0004134 seconds, Stopping threads took: 0.0000318 seconds
2022-02-07T22:18:36.764+0000: 1.759: Total time for which application threads were stopped: 0.0003628 seconds, Stopping threads took: 0.0000247 seconds
2022-02-07T22:18:36.767+0000: 1.762: Total time for which application threads were stopped: 0.0002695 seconds, Stopping threads took: 0.0000238 seconds
2022-02-07T22:18:36.772+0000: 1.767: Total time for which application threads were stopped: 0.0003639 seconds, Stopping threads took: 0.0000238 seconds
2022-02-07T22:18:36.777+0000: 1.772: Total time for which application threads were stopped: 0.0003290 seconds, Stopping threads took: 0.0000463 seconds
2022-02-07T22:18:36.799+0000: 1.793: Total time for which application threads were stopped: 0.0004776 seconds, Stopping threads took: 0.0000411 seconds
2022-02-07T22:18:36.813+0000: 1.808: Total time for which application threads were stopped: 0.0002620 seconds, Stopping threads took: 0.0000363 seconds
2022-02-07T22:18:36.823+0000: 1.817: Total time for which application threads were stopped: 0.0003270 seconds, Stopping threads took: 0.0000461 seconds
2022-02-07T22:18:36.840+0000: 1.834: Total time for which application threads were stopped: 0.0003628 seconds, Stopping threads took: 0.0000328 seconds
2022-02-07T22:18:36.889+0000: 1.884: Total time for which application threads were stopped: 0.0004026 seconds, Stopping threads took: 0.0000338 seconds
2022-02-07T22:18:36.933+0000: 1.928: Total time for which application threads were stopped: 0.0003716 seconds, Stopping threads took: 0.0000333 seconds
2022-02-07T22:18:36.936+0000: 1.931: Total time for which application threads were stopped: 0.0003511 seconds, Stopping threads took: 0.0000321 seconds
2022-02-07T22:18:36.969+0000: 1.963: Total time for which application threads were stopped: 0.0004221 seconds, Stopping threads took: 0.0000362 seconds
2022-02-07T22:18:37.000+0000: 1.995: Total time for which application threads were stopped: 0.0003605 seconds, Stopping threads took: 0.0000309 seconds
{Heap before GC invocations=2 (full 0):
 par new generation   total 46080K, used 46041K [0x00000000e0c00000, 0x00000000e3e00000, 0x00000000e3e00000)
  eden space 40960K,  99% used [0x00000000e0c00000, 0x00000000e33f64b0, 0x00000000e3400000)
  from space 5120K, 100% used [0x00000000e3400000, 0x00000000e3900000, 0x00000000e3900000)
  to   space 5120K,   0% used [0x00000000e3900000, 0x00000000e3900000, 0x00000000e3e00000)
 concurrent mark-sweep generation total 460800K, used 4246K [0x00000000e3e00000, 0x0000000100000000, 0x0000000100000000)
 Metaspace       used 25610K, capacity 25988K, committed 26200K, reserved 1073152K
  class space    used 2988K, capacity 3128K, committed 3144K, reserved 1048576K
2022-02-07T22:18:37.011+0000: 2.006: [GC (Allocation Failure) 2022-02-07T22:18:37.011+0000: 2.006: [ParNew
Desired survivor size 2621440 bytes, new threshold 1 (max 1)
- age   1:    4718248 bytes,    4718248 total
: 46041K->5120K(46080K), 0.0173588 secs] 50287K->11966K(506880K), 0.0174299 secs] [Times: user=0.15 sys=0.01, real=0.02 secs] 
Heap after GC invocations=3 (full 0):
 par new generation   total 46080K, used 5120K [0x00000000e0c00000, 0x00000000e3e00000, 0x00000000e3e00000)
  eden space 40960K,   0% used [0x00000000e0c00000, 0x00000000e0c00000, 0x00000000e3400000)
  from space 5120K, 100% used [0x00000000e3900000, 0x00000000e3e00000, 0x00000000e3e00000)
  to   space 5120K,   0% used [0x00000000e3400000, 0x00000000e3400000, 0x00000000e3900000)
 concurrent mark-sweep generation total 460800K, used 6846K [0x00000000e3e00000, 0x0000000100000000, 0x0000000100000000)
 Metaspace       used 25610K, capacity 25988K, committed 26200K, reserved 1073152K
  class space    used 2988K, capacity 3128K, committed 3144K, reserved 1048576K
}
2022-02-07T22:18:37.029+0000: 2.024: Total time for which application threads were stopped: 0.0177138 seconds, Stopping threads took: 0.0000222 seconds
2022-02-07T22:18:37.029+0000: 2.024: [GC (CMS Initial Mark) [1 CMS-initial-mark: 6846K(460800K)] 12076K(506880K), 0.0019957 secs] [Times: user=0.00 sys=0.00, real=0.00 secs] 
2022-02-07T22:18:37.031+0000: 2.026: Total time for which application threads were stopped: 0.0021894 seconds, Stopping threads took: 0.0000773 seconds
2022-02-07T22:18:37.031+0000: 2.026: [CMS-concurrent-mark-start]
2022-02-07T22:18:37.037+0000: 2.031: [CMS-concurrent-mark: 0.005/0.005 secs] [Times: user=0.05 sys=0.00, real=0.00 secs] 
2022-02-07T22:18:37.037+0000: 2.031: [CMS-concurrent-preclean-start]
2022-02-07T22:18:37.038+0000: 2.033: [CMS-concurrent-preclean: 0.002/0.002 secs] [Times: user=0.01 sys=0.00, real=0.00 secs] 
2022-02-07T22:18:37.039+0000: 2.034: [GC (CMS Final Remark) [YG occupancy: 6809 K (46080 K)]2022-02-07T22:18:37.039+0000: 2.034: [Rescan (parallel) , 0.0019396 secs]2022-02-07T22:18:37.041+0000: 2.036: [weak refs processing, 0.0002912 secs]2022-02-07T22:18:37.041+0000: 2.036: [class unloading, 0.0053278 secs]2022-02-07T22:18:37.047+0000: 2.041: [scrub symbol table, 0.0041901 secs]2022-02-07T22:18:37.051+0000: 2.046: [scrub string table, 0.0005613 secs][1 CMS-remark: 6846K(460800K)] 13656K(506880K), 0.0125315 secs] [Times: user=0.03 sys=0.01, real=0.01 secs] 
2022-02-07T22:18:37.052+0000: 2.046: Total time for which application threads were stopped: 0.0131159 seconds, Stopping threads took: 0.0005072 seconds
2022-02-07T22:18:37.052+0000: 2.046: [CMS-concurrent-sweep-start]
2022-02-07T22:18:37.057+0000: 2.052: [CMS-concurrent-sweep: 0.005/0.005 secs] [Times: user=0.01 sys=0.00, real=0.00 secs] 
2022-02-07T22:18:37.057+0000: 2.052: [CMS-concurrent-reset-start]
2022-02-07T22:18:37.059+0000: 2.054: [CMS-concurrent-reset: 0.002/0.002 secs] [Times: user=0.01 sys=0.00, real=0.01 secs] 
2022-02-07T22:18:37.526+0000: 2.521: Total time for which application threads were stopped: 0.0018916 seconds, Stopping threads took: 0.0001361 seconds
{Heap before GC invocations=3 (full 1):
 par new generation   total 46080K, used 46080K [0x00000000e0c00000, 0x00000000e3e00000, 0x00000000e3e00000)
  eden space 40960K, 100% used [0x00000000e0c00000, 0x00000000e3400000, 0x00000000e3400000)
  from space 5120K, 100% used [0x00000000e3900000, 0x00000000e3e00000, 0x00000000e3e00000)
  to   space 5120K,   0% used [0x00000000e3400000, 0x00000000e3400000, 0x00000000e3900000)
 concurrent mark-sweep generation total 460800K, used 5091K [0x00000000e3e00000, 0x0000000100000000, 0x0000000100000000)
 Metaspace       used 30561K, capacity 31224K, committed 31372K, reserved 1077248K
  class space    used 3527K, capacity 3698K, committed 3784K, reserved 1048576K
2022-02-07T22:18:37.754+0000: 2.749: [GC (Allocation Failure) 2022-02-07T22:18:37.754+0000: 2.749: [ParNew
Desired survivor size 2621440 bytes, new threshold 1 (max 1)
- age   1:    5240872 bytes,    5240872 total
: 46080K->5120K(46080K), 0.0319052 secs] 51171K->17729K(506880K), 0.0320192 secs] [Times: user=0.23 sys=0.04, real=0.03 secs] 
Heap after GC invocations=4 (full 1):
 par new generation   total 46080K, used 5120K [0x00000000e0c00000, 0x00000000e3e00000, 0x00000000e3e00000)
  eden space 40960K,   0% used [0x00000000e0c00000, 0x00000000e0c00000, 0x00000000e3400000)
  from space 5120K, 100% used [0x00000000e3400000, 0x00000000e3900000, 0x00000000e3900000)
  to   space 5120K,   0% used [0x00000000e3900000, 0x00000000e3900000, 0x00000000e3e00000)
 concurrent mark-sweep generation total 460800K, used 12609K [0x00000000e3e00000, 0x0000000100000000, 0x0000000100000000)
 Metaspace       used 30561K, capacity 31224K, committed 31372K, reserved 1077248K
  class space    used 3527K, capacity 3698K, committed 3784K, reserved 1048576K
}
2022-02-07T22:18:37.786+0000: 2.781: Total time for which application threads were stopped: 0.0325756 seconds, Stopping threads took: 0.0000379 seconds
{Heap before GC invocations=4 (full 1):
 par new generation   total 46080K, used 46080K [0x00000000e0c00000, 0x00000000e3e00000, 0x00000000e3e00000)
  eden space 40960K, 100% used [0x00000000e0c00000, 0x00000000e3400000, 0x00000000e3400000)
  from space 5120K, 100% used [0x00000000e3400000, 0x00000000e3900000, 0x00000000e3900000)
  to   space 5120K,   0% used [0x00000000e3900000, 0x00000000e3900000, 0x00000000e3e00000)
 concurrent mark-sweep generation total 460800K, used 12609K [0x00000000e3e00000, 0x0000000100000000, 0x0000000100000000)
 Metaspace       used 30584K, capacity 31224K, committed 31372K, reserved 1077248K
  class space    used 3528K, capacity 3698K, committed 3784K, reserved 1048576K
2022-02-07T22:18:37.966+0000: 2.961: [GC (Allocation Failure) 2022-02-07T22:18:37.967+0000: 2.961: [ParNew
Desired survivor size 2621440 bytes, new threshold 1 (max 1)
- age   1:    3273656 bytes,    3273656 total
: 46080K->5120K(46080K), 0.0216097 secs] 58689K->23455K(506880K), 0.0217721 secs] [Times: user=0.24 sys=0.02, real=0.03 secs] 
Heap after GC invocations=5 (full 1):
 par new generation   total 46080K, used 5120K [0x00000000e0c00000, 0x00000000e3e00000, 0x00000000e3e00000)
  eden space 40960K,   0% used [0x00000000e0c00000, 0x00000000e0c00000, 0x00000000e3400000)
  from space 5120K, 100% used [0x00000000e3900000, 0x00000000e3e00000, 0x00000000e3e00000)
  to   space 5120K,   0% used [0x00000000e3400000, 0x00000000e3400000, 0x00000000e3900000)
 concurrent mark-sweep generation total 460800K, used 18335K [0x00000000e3e00000, 0x0000000100000000, 0x0000000100000000)
 Metaspace       used 30584K, capacity 31224K, committed 31372K, reserved 1077248K
  class space    used 3528K, capacity 3698K, committed 3784K, reserved 1048576K
}
2022-02-07T22:18:37.988+0000: 2.983: Total time for which application threads were stopped: 0.0221648 seconds, Stopping threads took: 0.0000464 seconds
{Heap before GC invocations=5 (full 1):
 par new generation   total 46080K, used 46080K [0x00000000e0c00000, 0x00000000e3e00000, 0x00000000e3e00000)
  eden space 40960K, 100% used [0x00000000e0c00000, 0x00000000e3400000, 0x00000000e3400000)
  from space 5120K, 100% used [0x00000000e3900000, 0x00000000e3e00000, 0x00000000e3e00000)
  to   space 5120K,   0% used [0x00000000e3400000, 0x00000000e3400000, 0x00000000e3900000)
 concurrent mark-sweep generation total 460800K, used 18335K [0x00000000e3e00000, 0x0000000100000000, 0x0000000100000000)
 Metaspace       used 30584K, capacity 31224K, committed 31372K, reserved 1077248K
  class space    used 3528K, capacity 3698K, committed 3784K, reserved 1048576K
2022-02-07T22:18:38.067+0000: 3.062: [GC (Allocation Failure) 2022-02-07T22:18:38.067+0000: 3.062: [ParNew
Desired survivor size 2621440 bytes, new threshold 1 (max 1)
- age   1:    2097560 bytes,    2097560 total
: 46080K->2320K(46080K), 0.0298410 secs] 64415K->23548K(506880K), 0.0299189 secs] [Times: user=0.58 sys=0.01, real=0.02 secs] 
Heap after GC invocations=6 (full 1):
 par new generation   total 46080K, used 2320K [0x00000000e0c00000, 0x00000000e3e00000, 0x00000000e3e00000)
  eden space 40960K,   0% used [0x00000000e0c00000, 0x00000000e0c00000, 0x00000000e3400000)
  from space 5120K,  45% used [0x00000000e3400000, 0x00000000e36443d0, 0x00000000e3900000)
  to   space 5120K,   0% used [0x00000000e3900000, 0x00000000e3900000, 0x00000000e3e00000)
 concurrent mark-sweep generation total 460800K, used 21227K [0x00000000e3e00000, 0x0000000100000000, 0x0000000100000000)
 Metaspace       used 30584K, capacity 31224K, committed 31372K, reserved 1077248K
  class space    used 3528K, capacity 3698K, committed 3784K, reserved 1048576K
}
2022-02-07T22:18:38.097+0000: 3.092: Total time for which application threads were stopped: 0.0303543 seconds, Stopping threads took: 0.0000999 seconds
{Heap before GC invocations=6 (full 1):
 par new generation   total 46080K, used 43280K [0x00000000e0c00000, 0x00000000e3e00000, 0x00000000e3e00000)
  eden space 40960K, 100% used [0x00000000e0c00000, 0x00000000e3400000, 0x00000000e3400000)
  from space 5120K,  45% used [0x00000000e3400000, 0x00000000e36443d0, 0x00000000e3900000)
  to   space 5120K,   0% used [0x00000000e3900000, 0x00000000e3900000, 0x00000000e3e00000)
 concurrent mark-sweep generation total 460800K, used 21227K [0x00000000e3e00000, 0x0000000100000000, 0x0000000100000000)
 Metaspace       used 30584K, capacity 31224K, committed 31372K, reserved 1077248K
  class space    used 3528K, capacity 3698K, committed 3784K, reserved 1048576K
2022-02-07T22:18:38.154+0000: 3.149: [GC (Allocation Failure) 2022-02-07T22:18:38.154+0000: 3.149: [ParNew
Desired survivor size 2621440 bytes, new threshold 1 (max 1)
- age   1:    4194440 bytes,    4194440 total
: 43280K->4147K(46080K), 0.0428459 secs] 64508K->25374K(506880K), 0.0428984 secs] [Times: user=1.22 sys=0.00, real=0.04 secs] 
Heap after GC invocations=7 (full 1):
 par new generation   total 46080K, used 4147K [0x00000000e0c00000, 0x00000000e3e00000, 0x00000000e3e00000)
  eden space 40960K,   0% used [0x00000000e0c00000, 0x00000000e0c00000, 0x00000000e3400000)
  from space 5120K,  80% used [0x00000000e3900000, 0x00000000e3d0ccb8, 0x00000000e3e00000)
  to   space 5120K,   0% used [0x00000000e3400000, 0x00000000e3400000, 0x00000000e3900000)
 concurrent mark-sweep generation total 460800K, used 21227K [0x00000000e3e00000, 0x0000000100000000, 0x0000000100000000)
 Metaspace       used 30584K, capacity 31224K, committed 31372K, reserved 1077248K
  class space    used 3528K, capacity 3698K, committed 3784K, reserved 1048576K
}
2022-02-07T22:18:38.197+0000: 3.192: Total time for which application threads were stopped: 0.0430934 seconds, Stopping threads took: 0.0000222 seconds
{Heap before GC invocations=7 (full 1):
 par new generation   total 46080K, used 45107K [0x00000000e0c00000, 0x00000000e3e00000, 0x00000000e3e00000)
  eden space 40960K, 100% used [0x00000000e0c00000, 0x00000000e3400000, 0x00000000e3400000)
  from space 5120K,  80% used [0x00000000e3900000, 0x00000000e3d0ccb8, 0x00000000e3e00000)
  to   space 5120K,   0% used [0x00000000e3400000, 0x00000000e3400000, 0x00000000e3900000)
 concurrent mark-sweep generation total 460800K, used 21227K [0x00000000e3e00000, 0x0000000100000000, 0x0000000100000000)
 Metaspace       used 30584K, capacity 31224K, committed 31372K, reserved 1077248K
  class space    used 3528K, capacity 3698K, committed 3784K, reserved 1048576K
2022-02-07T22:18:38.247+0000: 3.242: [GC (Allocation Failure) 2022-02-07T22:18:38.247+0000: 3.242: [ParNew
Desired survivor size 2621440 bytes, new threshold 1 (max 1)
- age   1:        280 bytes,        280 total
: 45107K->17K(46080K), 0.0575020 secs] 66334K->25340K(506880K), 0.0575678 secs] [Times: user=1.55 sys=0.02, real=0.05 secs] 
Heap after GC invocations=8 (full 1):
 par new generation   total 46080K, used 17K [0x00000000e0c00000, 0x00000000e3e00000, 0x00000000e3e00000)
  eden space 40960K,   0% used [0x00000000e0c00000, 0x00000000e0c00000, 0x00000000e3400000)
  from space 5120K,   0% used [0x00000000e3400000, 0x00000000e3404420, 0x00000000e3900000)
  to   space 5120K,   0% used [0x00000000e3900000, 0x00000000e3900000, 0x00000000e3e00000)
 concurrent mark-sweep generation total 460800K, used 25323K [0x00000000e3e00000, 0x0000000100000000, 0x0000000100000000)
 Metaspace       used 30584K, capacity 31224K, committed 31372K, reserved 1077248K
  class space    used 3528K, capacity 3698K, committed 3784K, reserved 1048576K
}
2022-02-07T22:18:38.304+0000: 3.299: Total time for which application threads were stopped: 0.0577665 seconds, Stopping threads took: 0.0000226 seconds
{Heap before GC invocations=8 (full 1):
 par new generation   total 46080K, used 40977K [0x00000000e0c00000, 0x00000000e3e00000, 0x00000000e3e00000)
  eden space 40960K, 100% used [0x00000000e0c00000, 0x00000000e3400000, 0x00000000e3400000)
  from space 5120K,   0% used [0x00000000e3400000, 0x00000000e3404420, 0x00000000e3900000)
  to   space 5120K,   0% used [0x00000000e3900000, 0x00000000e3900000, 0x00000000e3e00000)
 concurrent mark-sweep generation total 460800K, used 25323K [0x00000000e3e00000, 0x0000000100000000, 0x0000000100000000)
 Metaspace       used 30584K, capacity 31224K, committed 31372K, reserved 1077248K
  class space    used 3528K, capacity 3698K, committed 3784K, reserved 1048576K
2022-02-07T22:18:38.354+0000: 3.349: [GC (Allocation Failure) 2022-02-07T22:18:38.354+0000: 3.349: [ParNew
Desired survivor size 2621440 bytes, new threshold 1 (max 1)
- age   1:        280 bytes,        280 total
: 40977K->10K(46080K), 0.0020613 secs] 66300K->25333K(506880K), 0.0021266 secs] [Times: user=0.02 sys=0.00, real=0.00 secs] 
Heap after GC invocations=9 (full 1):
 par new generation   total 46080K, used 10K [0x00000000e0c00000, 0x00000000e3e00000, 0x00000000e3e00000)
  eden space 40960K,   0% used [0x00000000e0c00000, 0x00000000e0c00000, 0x00000000e3400000)
  from space 5120K,   0% used [0x00000000e3900000, 0x00000000e3902850, 0x00000000e3e00000)
  to   space 5120K,   0% used [0x00000000e3400000, 0x00000000e3400000, 0x00000000e3900000)
 concurrent mark-sweep generation total 460800K, used 25323K [0x00000000e3e00000, 0x0000000100000000, 0x0000000100000000)
 Metaspace       used 30584K, capacity 31224K, committed 31372K, reserved 1077248K
  class space    used 3528K, capacity 3698K, committed 3784K, reserved 1048576K
}
2022-02-07T22:18:38.357+0000: 3.351: Total time for which application threads were stopped: 0.0022900 seconds, Stopping threads took: 0.0000144 seconds
2022-02-07T22:18:38.421+0000: 3.416: Total time for which application threads were stopped: 0.0005310 seconds, Stopping threads took: 0.0000157 seconds
{Heap before GC invocations=9 (full 1):
 par new generation   total 46080K, used 40970K [0x00000000e0c00000, 0x00000000e3e00000, 0x00000000e3e00000)
  eden space 40960K, 100% used [0x00000000e0c00000, 0x00000000e3400000, 0x00000000e3400000)
  from space 5120K,   0% used [0x00000000e3900000, 0x00000000e3902850, 0x00000000e3e00000)
  to   space 5120K,   0% used [0x00000000e3400000, 0x00000000e3400000, 0x00000000e3900000)
 concurrent mark-sweep generation total 460800K, used 25323K [0x00000000e3e00000, 0x0000000100000000, 0x0000000100000000)
 Metaspace       used 31707K, capacity 32398K, committed 32524K, reserved 1077248K
  class space    used 3667K, capacity 3891K, committed 3912K, reserved 1048576K
2022-02-07T22:18:38.520+0000: 3.515: [GC (Allocation Failure) 2022-02-07T22:18:38.520+0000: 3.515: [ParNew
Desired survivor size 2621440 bytes, new threshold 1 (max 1)
- age   1:    1445344 bytes,    1445344 total
: 40970K->1442K(46080K), 0.0842029 secs] 66293K->34957K(506880K), 0.0842990 secs] [Times: user=2.30 sys=0.00, real=0.08 secs] 
Heap after GC invocations=10 (full 1):
 par new generation   total 46080K, used 1442K [0x00000000e0c00000, 0x00000000e3e00000, 0x00000000e3e00000)
  eden space 40960K,   0% used [0x00000000e0c00000, 0x00000000e0c00000, 0x00000000e3400000)
  from space 5120K,  28% used [0x00000000e3400000, 0x00000000e3568898, 0x00000000e3900000)
  to   space 5120K,   0% used [0x00000000e3900000, 0x00000000e3900000, 0x00000000e3e00000)
 concurrent mark-sweep generation total 460800K, used 33515K [0x00000000e3e00000, 0x0000000100000000, 0x0000000100000000)
 Metaspace       used 31707K, capacity 32398K, committed 32524K, reserved 1077248K
  class space    used 3667K, capacity 3891K, committed 3912K, reserved 1048576K
}
2022-02-07T22:18:38.605+0000: 3.599: Total time for which application threads were stopped: 0.0846515 seconds, Stopping threads took: 0.0000389 seconds
{Heap before GC invocations=10 (full 1):
 par new generation   total 46080K, used 42402K [0x00000000e0c00000, 0x00000000e3e00000, 0x00000000e3e00000)
  eden space 40960K, 100% used [0x00000000e0c00000, 0x00000000e3400000, 0x00000000e3400000)
  from space 5120K,  28% used [0x00000000e3400000, 0x00000000e3568898, 0x00000000e3900000)
  to   space 5120K,   0% used [0x00000000e3900000, 0x00000000e3900000, 0x00000000e3e00000)
 concurrent mark-sweep generation total 460800K, used 33515K [0x00000000e3e00000, 0x0000000100000000, 0x0000000100000000)
 Metaspace       used 31998K, capacity 32760K, committed 33036K, reserved 1079296K
  class space    used 3686K, capacity 3898K, committed 3912K, reserved 1048576K
2022-02-07T22:18:38.739+0000: 3.734: [GC (Allocation Failure) 2022-02-07T22:18:38.739+0000: 3.734: [ParNew
Desired survivor size 2621440 bytes, new threshold 1 (max 1)
- age   1:    5224344 bytes,    5224344 total
: 42402K->5120K(46080K), 0.0109736 secs] 75917K->40224K(506880K), 0.0110472 secs] [Times: user=0.12 sys=0.02, real=0.01 secs] 
Heap after GC invocations=11 (full 1):
 par new generation   total 46080K, used 5120K [0x00000000e0c00000, 0x00000000e3e00000, 0x00000000e3e00000)
  eden space 40960K,   0% used [0x00000000e0c00000, 0x00000000e0c00000, 0x00000000e3400000)
  from space 5120K, 100% used [0x00000000e3900000, 0x00000000e3e00000, 0x00000000e3e00000)
  to   space 5120K,   0% used [0x00000000e3400000, 0x00000000e3400000, 0x00000000e3900000)
 concurrent mark-sweep generation total 460800K, used 35104K [0x00000000e3e00000, 0x0000000100000000, 0x0000000100000000)
 Metaspace       used 31998K, capacity 32760K, committed 33036K, reserved 1079296K
  class space    used 3686K, capacity 3898K, committed 3912K, reserved 1048576K
}
2022-02-07T22:18:38.751+0000: 3.745: Total time for which application threads were stopped: 0.0115252 seconds, Stopping threads took: 0.0001250 seconds
2022-02-07T22:18:39.019+0000: 4.014: Total time for which application threads were stopped: 0.0007887 seconds, Stopping threads took: 0.0000430 seconds
{Heap before GC invocations=11 (full 1):
 par new generation   total 46080K, used 46080K [0x00000000e0c00000, 0x00000000e3e00000, 0x00000000e3e00000)
  eden space 40960K, 100% used [0x00000000e0c00000, 0x00000000e3400000, 0x00000000e3400000)
  from space 5120K, 100% used [0x00000000e3900000, 0x00000000e3e00000, 0x00000000e3e00000)
  to   space 5120K,   0% used [0x00000000e3400000, 0x00000000e3400000, 0x00000000e3900000)
 concurrent mark-sweep generation total 460800K, used 35104K [0x00000000e3e00000, 0x0000000100000000, 0x0000000100000000)
 Metaspace       used 36083K, capacity 36890K, committed 37260K, reserved 1081344K
  class space    used 4968K, capacity 5209K, committed 5320K, reserved 1048576K
2022-02-07T22:18:39.126+0000: 4.121: [GC (Allocation Failure) 2022-02-07T22:18:39.126+0000: 4.121: [ParNew
Desired survivor size 2621440 bytes, new threshold 1 (max 1)
- age   1:    3820360 bytes,    3820360 total
: 46080K->5119K(46080K), 0.0390742 secs] 81184K->47664K(506880K), 0.0391701 secs] [Times: user=0.23 sys=0.02, real=0.04 secs] 
Heap after GC invocations=12 (full 1):
 par new generation   total 46080K, used 5119K [0x00000000e0c00000, 0x00000000e3e00000, 0x00000000e3e00000)
  eden space 40960K,   0% used [0x00000000e0c00000, 0x00000000e0c00000, 0x00000000e3400000)
  from space 5120K,  99% used [0x00000000e3400000, 0x00000000e38ffff8, 0x00000000e3900000)
  to   space 5120K,   0% used [0x00000000e3900000, 0x00000000e3900000, 0x00000000e3e00000)
 concurrent mark-sweep generation total 460800K, used 42544K [0x00000000e3e00000, 0x0000000100000000, 0x0000000100000000)
 Metaspace       used 36083K, capacity 36890K, committed 37260K, reserved 1081344K
  class space    used 4968K, capacity 5209K, committed 5320K, reserved 1048576K
}
2022-02-07T22:18:39.165+0000: 4.160: Total time for which application threads were stopped: 0.0395859 seconds, Stopping threads took: 0.0000877 seconds
2022-02-07T22:18:39.465+0000: 4.460: Total time for which application threads were stopped: 0.0003718 seconds, Stopping threads took: 0.0000632 seconds
{Heap before GC invocations=12 (full 1):
 par new generation   total 46080K, used 46079K [0x00000000e0c00000, 0x00000000e3e00000, 0x00000000e3e00000)
  eden space 40960K, 100% used [0x00000000e0c00000, 0x00000000e3400000, 0x00000000e3400000)
  from space 5120K,  99% used [0x00000000e3400000, 0x00000000e38ffff8, 0x00000000e3900000)
  to   space 5120K,   0% used [0x00000000e3900000, 0x00000000e3900000, 0x00000000e3e00000)
 concurrent mark-sweep generation total 460800K, used 42544K [0x00000000e3e00000, 0x0000000100000000, 0x0000000100000000)
 Metaspace       used 38909K, capacity 39978K, committed 40204K, reserved 1083392K
  class space    used 5296K, capacity 5582K, committed 5704K, reserved 1048576K
2022-02-07T22:18:39.522+0000: 4.517: [GC (Allocation Failure) 2022-02-07T22:18:39.522+0000: 4.517: [ParNew
Desired survivor size 2621440 bytes, new threshold 1 (max 1)
- age   1:    3767944 bytes,    3767944 total
: 46079K->5119K(46080K), 0.0268567 secs] 88624K->61925K(506880K), 0.0269870 secs] [Times: user=0.28 sys=0.03, real=0.03 secs] 
Heap after GC invocations=13 (full 1):
 par new generation   total 46080K, used 5119K [0x00000000e0c00000, 0x00000000e3e00000, 0x00000000e3e00000)
  eden space 40960K,   0% used [0x00000000e0c00000, 0x00000000e0c00000, 0x00000000e3400000)
  from space 5120K,  99% used [0x00000000e3900000, 0x00000000e3dffff8, 0x00000000e3e00000)
  to   space 5120K,   0% used [0x00000000e3400000, 0x00000000e3400000, 0x00000000e3900000)
 concurrent mark-sweep generation total 460800K, used 56805K [0x00000000e3e00000, 0x0000000100000000, 0x0000000100000000)
 Metaspace       used 38909K, capacity 39978K, committed 40204K, reserved 1083392K
  class space    used 5296K, capacity 5582K, committed 5704K, reserved 1048576K
}
2022-02-07T22:18:39.550+0000: 4.544: Total time for which application threads were stopped: 0.0276011 seconds, Stopping threads took: 0.0000824 seconds
2022-02-07T22:18:39.599+0000: 4.593: Total time for which application threads were stopped: 0.0008812 seconds, Stopping threads took: 0.0000421 seconds
2022-02-07T22:18:39.600+0000: 4.595: Total time for which application threads were stopped: 0.0003667 seconds, Stopping threads took: 0.0000277 seconds
2022-02-07T22:18:39.618+0000: 4.613: Total time for which application threads were stopped: 0.0005582 seconds, Stopping threads took: 0.0000525 seconds
2022-02-07T22:18:39.621+0000: 4.616: Total time for which application threads were stopped: 0.0003823 seconds, Stopping threads took: 0.0000272 seconds
2022-02-07T22:18:39.860+0000: 4.854: Total time for which application threads were stopped: 0.0008723 seconds, Stopping threads took: 0.0000331 seconds
2022-02-07T22:18:40.312+0000: 5.307: Total time for which application threads were stopped: 0.0010043 seconds, Stopping threads took: 0.0000675 seconds
2022-02-07T22:18:40.396+0000: 5.391: Total time for which application threads were stopped: 0.0004535 seconds, Stopping threads took: 0.0000257 seconds
2022-02-07T22:18:40.414+0000: 5.409: Total time for which application threads were stopped: 0.0004510 seconds, Stopping threads took: 0.0000335 seconds
2022-02-07T22:18:40.428+0000: 5.423: Total time for which application threads were stopped: 0.0003604 seconds, Stopping threads took: 0.0000278 seconds
2022-02-07T22:18:40.500+0000: 5.495: Total time for which application threads were stopped: 0.0011402 seconds, Stopping threads took: 0.0001974 seconds
{Heap before GC invocations=13 (full 1):
 par new generation   total 46080K, used 46079K [0x00000000e0c00000, 0x00000000e3e00000, 0x00000000e3e00000)
  eden space 40960K, 100% used [0x00000000e0c00000, 0x00000000e3400000, 0x00000000e3400000)
  from space 5120K,  99% used [0x00000000e3900000, 0x00000000e3dffff8, 0x00000000e3e00000)
  to   space 5120K,   0% used [0x00000000e3400000, 0x00000000e3400000, 0x00000000e3900000)
 concurrent mark-sweep generation total 460800K, used 56805K [0x00000000e3e00000, 0x0000000100000000, 0x0000000100000000)
 Metaspace       used 42986K, capacity 44372K, committed 44588K, reserved 1087488K
  class space    used 5865K, capacity 6254K, committed 6292K, reserved 1048576K
2022-02-07T22:18:40.511+0000: 5.505: [GC (Allocation Failure) 2022-02-07T22:18:40.511+0000: 5.506: [ParNew
Desired survivor size 2621440 bytes, new threshold 1 (max 1)
- age   1:    4414848 bytes,    4414848 total
: 46079K->5120K(46080K), 0.0360932 secs] 102885K->68824K(506880K), 0.0363258 secs] [Times: user=0.18 sys=0.04, real=0.04 secs] 
Heap after GC invocations=14 (full 1):
 par new generation   total 46080K, used 5120K [0x00000000e0c00000, 0x00000000e3e00000, 0x00000000e3e00000)
  eden space 40960K,   0% used [0x00000000e0c00000, 0x00000000e0c00000, 0x00000000e3400000)
  from space 5120K, 100% used [0x00000000e3400000, 0x00000000e3900000, 0x00000000e3900000)
  to   space 5120K,   0% used [0x00000000e3900000, 0x00000000e3900000, 0x00000000e3e00000)
 concurrent mark-sweep generation total 460800K, used 63704K [0x00000000e3e00000, 0x0000000100000000, 0x0000000100000000)
 Metaspace       used 42986K, capacity 44372K, committed 44588K, reserved 1087488K
  class space    used 5865K, capacity 6254K, committed 6292K, reserved 1048576K
}
2022-02-07T22:18:40.547+0000: 5.542: Total time for which application threads were stopped: 0.0370150 seconds, Stopping threads took: 0.0001148 seconds
2022-02-07T22:18:40.548+0000: 5.543: [GC (CMS Initial Mark) [1 CMS-initial-mark: 63704K(460800K)] 69957K(506880K), 0.0020392 secs] [Times: user=0.01 sys=0.00, real=0.00 secs] 
2022-02-07T22:18:40.550+0000: 5.545: Total time for which application threads were stopped: 0.0025083 seconds, Stopping threads took: 0.0002877 seconds
2022-02-07T22:18:40.550+0000: 5.545: [CMS-concurrent-mark-start]
2022-02-07T22:18:40.562+0000: 5.557: [CMS-concurrent-mark: 0.013/0.013 secs] [Times: user=0.13 sys=0.00, real=0.01 secs] 
2022-02-07T22:18:40.563+0000: 5.557: [CMS-concurrent-preclean-start]
2022-02-07T22:18:40.564+0000: 5.558: [CMS-concurrent-preclean: 0.001/0.001 secs] [Times: user=0.00 sys=0.00, real=0.00 secs] 
2022-02-07T22:18:40.564+0000: 5.559: [GC (CMS Final Remark) [YG occupancy: 6971 K (46080 K)]2022-02-07T22:18:40.564+0000: 5.559: [Rescan (parallel) , 0.0022356 secs]2022-02-07T22:18:40.566+0000: 5.561: [weak refs processing, 0.0006849 secs]2022-02-07T22:18:40.567+0000: 5.562: [class unloading, 0.0190095 secs]2022-02-07T22:18:40.586+0000: 5.581: [scrub symbol table, 0.0067132 secs]2022-02-07T22:18:40.593+0000: 5.588: [scrub string table, 0.0009221 secs][1 CMS-remark: 63704K(460800K)] 70676K(506880K), 0.0297237 secs] [Times: user=0.07 sys=0.02, real=0.03 secs] 
2022-02-07T22:18:40.594+0000: 5.589: Total time for which application threads were stopped: 0.0299327 seconds, Stopping threads took: 0.0000541 seconds
2022-02-07T22:18:40.594+0000: 5.589: [CMS-concurrent-sweep-start]
2022-02-07T22:18:40.607+0000: 5.602: Total time for which application threads were stopped: 0.0002657 seconds, Stopping threads took: 0.0000226 seconds
2022-02-07T22:18:40.626+0000: 5.621: [CMS-concurrent-sweep: 0.032/0.032 secs] [Times: user=0.08 sys=0.01, real=0.03 secs] 
2022-02-07T22:18:40.626+0000: 5.621: [CMS-concurrent-reset-start]
2022-02-07T22:18:40.630+0000: 5.625: [CMS-concurrent-reset: 0.004/0.004 secs] [Times: user=0.01 sys=0.00, real=0.01 secs] 
2022-02-07T22:18:40.677+0000: 5.671: Total time for which application threads were stopped: 0.0008317 seconds, Stopping threads took: 0.0000276 seconds
2022-02-07T22:18:40.680+0000: 5.675: Total time for which application threads were stopped: 0.0004645 seconds, Stopping threads took: 0.0000228 seconds
2022-02-07T22:18:41.680+0000: 6.675: Total time for which application threads were stopped: 0.0003305 seconds, Stopping threads took: 0.0000497 seconds
2022-02-07T22:18:42.681+0000: 7.676: Total time for which application threads were stopped: 0.0004900 seconds, Stopping threads took: 0.0000514 seconds
2022-02-07T22:18:43.681+0000: 8.676: Total time for which application threads were stopped: 0.0003012 seconds, Stopping threads took: 0.0000443 seconds
2022-02-07T22:18:44.682+0000: 9.676: Total time for which application threads were stopped: 0.0001968 seconds, Stopping threads took: 0.0000347 seconds
2022-02-07T22:18:45.682+0000: 10.677: Total time for which application threads were stopped: 0.0002507 seconds, Stopping threads took: 0.0000429 seconds
2022-02-07T22:18:46.682+0000: 11.677: Total time for which application threads were stopped: 0.0002173 seconds, Stopping threads took: 0.0000375 seconds
2022-02-07T22:18:48.683+0000: 13.678: Total time for which application threads were stopped: 0.0003100 seconds, Stopping threads took: 0.0000488 seconds
2022-02-07T22:18:49.683+0000: 14.678: Total time for which application threads were stopped: 0.0002400 seconds, Stopping threads took: 0.0000405 seconds
2022-02-07T22:18:50.684+0000: 15.679: Total time for which application threads were stopped: 0.0002871 seconds, Stopping threads took: 0.0000532 seconds
2022-02-07T22:18:52.684+0000: 17.679: Total time for which application threads were stopped: 0.0003471 seconds, Stopping threads took: 0.0000562 seconds
2022-02-07T22:18:53.685+0000: 18.680: Total time for which application threads were stopped: 0.0004658 seconds, Stopping threads took: 0.0001129 seconds
2022-02-07T22:18:54.686+0000: 19.680: Total time for which application threads were stopped: 0.0003847 seconds, Stopping threads took: 0.0000579 seconds
2022-02-07T22:18:55.686+0000: 20.681: Total time for which application threads were stopped: 0.0005335 seconds, Stopping threads took: 0.0000760 seconds
2022-02-07T22:18:56.044+0000: 21.039: Total time for which application threads were stopped: 0.0012647 seconds, Stopping threads took: 0.0000488 seconds
2022-02-07T22:18:57.045+0000: 22.039: Total time for which application threads were stopped: 0.0002415 seconds, Stopping threads took: 0.0000533 seconds
2022-02-07T22:18:59.045+0000: 24.040: Total time for which application threads were stopped: 0.0006790 seconds, Stopping threads took: 0.0001105 seconds
2022-02-07T22:19:00.046+0000: 25.041: Total time for which application threads were stopped: 0.0002259 seconds, Stopping threads took: 0.0000398 seconds
2022-02-07T22:19:01.046+0000: 26.041: Total time for which application threads were stopped: 0.0002348 seconds, Stopping threads took: 0.0000579 seconds
2022-02-07T22:19:03.047+0000: 28.042: Total time for which application threads were stopped: 0.0005043 seconds, Stopping threads took: 0.0000828 seconds
2022-02-07T22:19:05.048+0000: 30.042: Total time for which application threads were stopped: 0.0002188 seconds, Stopping threads took: 0.0000413 seconds
2022-02-07T22:19:06.048+0000: 31.043: Total time for which application threads were stopped: 0.0002088 seconds, Stopping threads took: 0.0000374 seconds
2022-02-07T22:19:08.048+0000: 33.043: Total time for which application threads were stopped: 0.0002451 seconds, Stopping threads took: 0.0000399 seconds
2022-02-07T22:19:09.049+0000: 34.044: Total time for which application threads were stopped: 0.0003142 seconds, Stopping threads took: 0.0000530 seconds
2022-02-07T22:19:10.049+0000: 35.044: Total time for which application threads were stopped: 0.0003695 seconds, Stopping threads took: 0.0000595 seconds
2022-02-07T22:19:12.050+0000: 37.045: Total time for which application threads were stopped: 0.0004912 seconds, Stopping threads took: 0.0000829 seconds
2022-02-07T22:19:13.051+0000: 38.045: Total time for which application threads were stopped: 0.0002469 seconds, Stopping threads took: 0.0000394 seconds
2022-02-07T22:19:14.051+0000: 39.046: Total time for which application threads were stopped: 0.0002696 seconds, Stopping threads took: 0.0000425 seconds
2022-02-07T22:19:15.051+0000: 40.046: Total time for which application threads were stopped: 0.0002121 seconds, Stopping threads took: 0.0000393 seconds
2022-02-07T22:19:16.052+0000: 41.046: Total time for which application threads were stopped: 0.0002115 seconds, Stopping threads took: 0.0000385 seconds
2022-02-07T22:19:17.052+0000: 42.047: Total time for which application threads were stopped: 0.0002122 seconds, Stopping threads took: 0.0000393 seconds
2022-02-07T22:19:18.053+0000: 43.047: Total time for which application threads were stopped: 0.0004772 seconds, Stopping threads took: 0.0000646 seconds
2022-02-07T22:19:20.053+0000: 45.048: Total time for which application threads were stopped: 0.0003692 seconds, Stopping threads took: 0.0000527 seconds
2022-02-07T22:19:22.054+0000: 47.049: Total time for which application threads were stopped: 0.0004408 seconds, Stopping threads took: 0.0000605 seconds
2022-02-07T22:19:23.054+0000: 48.049: Total time for which application threads were stopped: 0.0002131 seconds, Stopping threads took: 0.0000409 seconds
2022-02-07T22:19:24.055+0000: 49.050: Total time for which application threads were stopped: 0.0005694 seconds, Stopping threads took: 0.0000914 seconds
2022-02-07T22:19:26.056+0000: 51.051: Total time for which application threads were stopped: 0.0007466 seconds, Stopping threads took: 0.0001563 seconds
2022-02-07T22:19:28.057+0000: 53.052: Total time for which application threads were stopped: 0.0009409 seconds, Stopping threads took: 0.0006925 seconds
{Heap before GC invocations=14 (full 2):
 par new generation   total 46080K, used 46080K [0x00000000e0c00000, 0x00000000e3e00000, 0x00000000e3e00000)
  eden space 40960K, 100% used [0x00000000e0c00000, 0x00000000e3400000, 0x00000000e3400000)
  from space 5120K, 100% used [0x00000000e3400000, 0x00000000e3900000, 0x00000000e3900000)
  to   space 5120K,   0% used [0x00000000e3900000, 0x00000000e3900000, 0x00000000e3e00000)
 concurrent mark-sweep generation total 460800K, used 34962K [0x00000000e3e00000, 0x0000000100000000, 0x0000000100000000)
 Metaspace       used 46009K, capacity 47958K, committed 48196K, reserved 1091584K
  class space    used 6284K, capacity 6765K, committed 6804K, reserved 1048576K
2022-02-07T22:19:28.082+0000: 53.076: [GC (Allocation Failure) 2022-02-07T22:19:28.082+0000: 53.077: [ParNew
Desired survivor size 2621440 bytes, new threshold 1 (max 1)
- age   1:    3118728 bytes,    3118728 total
: 46080K->5120K(46080K), 0.0199368 secs] 81042K->47489K(506880K), 0.0201289 secs] [Times: user=0.17 sys=0.02, real=0.02 secs] 
Heap after GC invocations=15 (full 2):
 par new generation   total 46080K, used 5120K [0x00000000e0c00000, 0x00000000e3e00000, 0x00000000e3e00000)
  eden space 40960K,   0% used [0x00000000e0c00000, 0x00000000e0c00000, 0x00000000e3400000)
  from space 5120K, 100% used [0x00000000e3900000, 0x00000000e3e00000, 0x00000000e3e00000)
  to   space 5120K,   0% used [0x00000000e3400000, 0x00000000e3400000, 0x00000000e3900000)
 concurrent mark-sweep generation total 460800K, used 42369K [0x00000000e3e00000, 0x0000000100000000, 0x0000000100000000)
 Metaspace       used 46009K, capacity 47958K, committed 48196K, reserved 1091584K
  class space    used 6284K, capacity 6765K, committed 6804K, reserved 1048576K
}
2022-02-07T22:19:28.102+0000: 53.097: Total time for which application threads were stopped: 0.0206424 seconds, Stopping threads took: 0.0000393 seconds
2022-02-07T22:19:29.103+0000: 54.097: Total time for which application threads were stopped: 0.0004739 seconds, Stopping threads took: 0.0000495 seconds
2022-02-07T22:19:30.103+0000: 55.098: Total time for which application threads were stopped: 0.0004190 seconds, Stopping threads took: 0.0000626 seconds
2022-02-07T22:19:31.104+0000: 56.099: Total time for which application threads were stopped: 0.0007855 seconds, Stopping threads took: 0.0002544 seconds
{Heap before GC invocations=15 (full 2):
 par new generation   total 46080K, used 46080K [0x00000000e0c00000, 0x00000000e3e00000, 0x00000000e3e00000)
  eden space 40960K, 100% used [0x00000000e0c00000, 0x00000000e3400000, 0x00000000e3400000)
  from space 5120K, 100% used [0x00000000e3900000, 0x00000000e3e00000, 0x00000000e3e00000)
  to   space 5120K,   0% used [0x00000000e3400000, 0x00000000e3400000, 0x00000000e3900000)
 concurrent mark-sweep generation total 460800K, used 42369K [0x00000000e3e00000, 0x0000000100000000, 0x0000000100000000)
 Metaspace       used 46843K, capacity 48919K, committed 49092K, reserved 1091584K
  class space    used 6343K, capacity 6857K, committed 6932K, reserved 1048576K
2022-02-07T22:19:31.125+0000: 56.119: [GC (Allocation Failure) 2022-02-07T22:19:31.125+0000: 56.120: [ParNew
Desired survivor size 2621440 bytes, new threshold 1 (max 1)
- age   1:    2249712 bytes,    2249712 total
: 46080K->2949K(46080K), 0.0125078 secs] 88449K->47698K(506880K), 0.0126350 secs] [Times: user=0.11 sys=0.02, real=0.01 secs] 
Heap after GC invocations=16 (full 2):
 par new generation   total 46080K, used 2949K [0x00000000e0c00000, 0x00000000e3e00000, 0x00000000e3e00000)
  eden space 40960K,   0% used [0x00000000e0c00000, 0x00000000e0c00000, 0x00000000e3400000)
  from space 5120K,  57% used [0x00000000e3400000, 0x00000000e36e1588, 0x00000000e3900000)
  to   space 5120K,   0% used [0x00000000e3900000, 0x00000000e3900000, 0x00000000e3e00000)
 concurrent mark-sweep generation total 460800K, used 44748K [0x00000000e3e00000, 0x0000000100000000, 0x0000000100000000)
 Metaspace       used 46843K, capacity 48919K, committed 49092K, reserved 1091584K
  class space    used 6343K, capacity 6857K, committed 6932K, reserved 1048576K
}
2022-02-07T22:19:31.137+0000: 56.132: Total time for which application threads were stopped: 0.0131147 seconds, Stopping threads took: 0.0000790 seconds
2022-02-07T22:19:31.493+0000: 56.488: Total time for which application threads were stopped: 0.0006717 seconds, Stopping threads took: 0.0000731 seconds
2022-02-07T22:19:32.494+0000: 57.489: Total time for which application threads were stopped: 0.0004109 seconds, Stopping threads took: 0.0000545 seconds
2022-02-07T22:19:33.494+0000: 58.489: Total time for which application threads were stopped: 0.0002238 seconds, Stopping threads took: 0.0000413 seconds
2022-02-07T22:19:34.495+0000: 59.490: Total time for which application threads were stopped: 0.0002538 seconds, Stopping threads took: 0.0000407 seconds
2022-02-07T22:19:35.495+0000: 60.490: Total time for which application threads were stopped: 0.0002124 seconds, Stopping threads took: 0.0000358 seconds
2022-02-07T22:19:36.496+0000: 61.490: Total time for which application threads were stopped: 0.0003326 seconds, Stopping threads took: 0.0000456 seconds
2022-02-07T22:19:37.496+0000: 62.491: Total time for which application threads were stopped: 0.0003210 seconds, Stopping threads took: 0.0000381 seconds
2022-02-07T22:19:39.497+0000: 64.491: Total time for which application threads were stopped: 0.0002388 seconds, Stopping threads took: 0.0000432 seconds
{Heap before GC invocations=16 (full 2):
 par new generation   total 46080K, used 43909K [0x00000000e0c00000, 0x00000000e3e00000, 0x00000000e3e00000)
  eden space 40960K, 100% used [0x00000000e0c00000, 0x00000000e3400000, 0x00000000e3400000)
  from space 5120K,  57% used [0x00000000e3400000, 0x00000000e36e1588, 0x00000000e3900000)
  to   space 5120K,   0% used [0x00000000e3900000, 0x00000000e3900000, 0x00000000e3e00000)
 concurrent mark-sweep generation total 460800K, used 44748K [0x00000000e3e00000, 0x0000000100000000, 0x0000000100000000)
 Metaspace       used 48034K, capacity 50321K, committed 50500K, reserved 1093632K
  class space    used 6508K, capacity 7030K, committed 7060K, reserved 1048576K
2022-02-07T22:19:39.850+0000: 64.844: [GC (Allocation Failure) 2022-02-07T22:19:39.850+0000: 64.844: [ParNew
Desired survivor size 2621440 bytes, new threshold 1 (max 1)
- age   1:    5156552 bytes,    5156552 total
: 43909K->5120K(46080K), 0.0200207 secs] 88658K->55650K(506880K), 0.0201629 secs] [Times: user=0.15 sys=0.02, real=0.02 secs] 
Heap after GC invocations=17 (full 2):
 par new generation   total 46080K, used 5120K [0x00000000e0c00000, 0x00000000e3e00000, 0x00000000e3e00000)
  eden space 40960K,   0% used [0x00000000e0c00000, 0x00000000e0c00000, 0x00000000e3400000)
  from space 5120K, 100% used [0x00000000e3900000, 0x00000000e3e00000, 0x00000000e3e00000)
  to   space 5120K,   0% used [0x00000000e3400000, 0x00000000e3400000, 0x00000000e3900000)
 concurrent mark-sweep generation total 460800K, used 50530K [0x00000000e3e00000, 0x0000000100000000, 0x0000000100000000)
 Metaspace       used 48034K, capacity 50321K, committed 50500K, reserved 1093632K
  class space    used 6508K, capacity 7030K, committed 7060K, reserved 1048576K
}
2022-02-07T22:19:39.870+0000: 64.865: Total time for which application threads were stopped: 0.0209786 seconds, Stopping threads took: 0.0000600 seconds
2022-02-07T22:19:39.879+0000: 64.874: Total time for which application threads were stopped: 0.0012772 seconds, Stopping threads took: 0.0000764 seconds
2022-02-07T22:19:40.880+0000: 65.874: Total time for which application threads were stopped: 0.0005334 seconds, Stopping threads took: 0.0000601 seconds
2022-02-07T22:19:41.880+0000: 66.875: Total time for which application threads were stopped: 0.0002220 seconds, Stopping threads took: 0.0000379 seconds
2022-02-07T22:19:42.880+0000: 67.875: Total time for which application threads were stopped: 0.0002211 seconds, Stopping threads took: 0.0000407 seconds
2022-02-07T22:19:43.881+0000: 68.875: Total time for which application threads were stopped: 0.0002123 seconds, Stopping threads took: 0.0000408 seconds
2022-02-07T22:19:44.881+0000: 69.876: Total time for which application threads were stopped: 0.0002113 seconds, Stopping threads took: 0.0000406 seconds
2022-02-07T22:19:46.882+0000: 71.876: Total time for which application threads were stopped: 0.0002781 seconds, Stopping threads took: 0.0000469 seconds
2022-02-07T22:19:47.882+0000: 72.877: Total time for which application threads were stopped: 0.0002259 seconds, Stopping threads took: 0.0000422 seconds
2022-02-07T22:19:48.882+0000: 73.877: Total time for which application threads were stopped: 0.0002185 seconds, Stopping threads took: 0.0000405 seconds
2022-02-07T22:19:49.883+0000: 74.877: Total time for which application threads were stopped: 0.0002754 seconds, Stopping threads took: 0.0000431 seconds
2022-02-07T22:19:50.883+0000: 75.878: Total time for which application threads were stopped: 0.0002145 seconds, Stopping threads took: 0.0000393 seconds
2022-02-07T22:19:51.883+0000: 76.878: Total time for which application threads were stopped: 0.0002191 seconds, Stopping threads took: 0.0000404 seconds
2022-02-07T22:19:53.726+0000: 78.721: Total time for which application threads were stopped: 0.0009334 seconds, Stopping threads took: 0.0000558 seconds
2022-02-07T22:19:54.727+0000: 79.721: Total time for which application threads were stopped: 0.0002804 seconds, Stopping threads took: 0.0000459 seconds
Heap
 par new generation   total 46080K, used 39617K [0x00000000e0c00000, 0x00000000e3e00000, 0x00000000e3e00000)
  eden space 40960K,  84% used [0x00000000e0c00000, 0x00000000e2db04c8, 0x00000000e3400000)
  from space 5120K, 100% used [0x00000000e3900000, 0x00000000e3e00000, 0x00000000e3e00000)
  to   space 5120K,   0% used [0x00000000e3400000, 0x00000000e3400000, 0x00000000e3900000)
 concurrent mark-sweep generation total 460800K, used 50530K [0x00000000e3e00000, 0x0000000100000000, 0x0000000100000000)
 Metaspace       used 49060K, capacity 51593K, committed 51780K, reserved 1093632K
  class space    used 6655K, capacity 7226K, committed 7316K, reserved 1048576K
