OpenJDK 64-Bit Server VM (25.312-b07) for linux-amd64 JRE (1.8.0_312-8u312-b07-0ubuntu1~18.04-b07), built on Nov  3 2021 13:54:59 by "buildd" with gcc 7.5.0
Memory: 4k page, physical 164941188k(113611616k free), swap 3145724k(3145724k free)
CommandLine flags: -XX:+AlwaysPreTouch -XX:+CMSClassUnloadingEnabled -XX:+CMSEdenChunksRecordAlways -XX:CMSInitiatingOccupancyFraction=75 -XX:+CMSParallelInitialMarkEnabled -XX:+CMSParallelRemarkEnabled -XX:CMSWaitDuration=10000 -XX:CompileCommandFile=/tmp/dtest-vh5zdct0/test/node2/conf/hotspot_compiler -XX:GCLogFileSize=10485760 -XX:+HeapDumpOnOutOfMemoryError -XX:InitialHeapSize=524288000 -XX:InitialTenuringThreshold=1 -XX:+ManagementServer -XX:MaxHeapSize=524288000 -XX:MaxNewSize=52428800 -XX:MaxTenuringThreshold=1 -XX:NewSize=52428800 -XX:NumberOfGCLogFiles=10 -XX:OldPLABSize=16 -XX:OnOutOfMemoryError=kill -9 %p -XX:-PerfDisableSharedMem -XX:+PrintGC -XX:+PrintGCApplicationStoppedTime -XX:+PrintGCDateStamps -XX:+PrintGCDetails -XX:+PrintGCTimeStamps -XX:+PrintHeapAtGC -XX:+PrintPromotionFailure -XX:+PrintTenuringDistribution -XX:+ResizeTLAB -XX:SurvivorRatio=8 -XX:ThreadPriorityPolicy=42 -XX:ThreadStackSize=256 -XX:-UseBiasedLocking -XX:+UseCMSInitiatingOccupancyOnly -XX:+UseCompressedClassPointers -XX:+UseCompressedOops -XX:+UseConcMarkSweepGC -XX:+UseCondCardMark -XX:+UseGCLogFileRotation -XX:-UseNUMA -XX:+UseParNewGC -XX:+UseTLAB -XX:+UseThreadPriorities 
2022-02-08T17:27:04.440+0000: 0.533: Total time for which application threads were stopped: 0.0001571 seconds, Stopping threads took: 0.0000296 seconds
2022-02-08T17:27:04.497+0000: 0.590: Total time for which application threads were stopped: 0.0001857 seconds, Stopping threads took: 0.0000245 seconds
{Heap before GC invocations=0 (full 0):
 par new generation   total 46080K, used 40960K [0x00000000e0c00000, 0x00000000e3e00000, 0x00000000e3e00000)
  eden space 40960K, 100% used [0x00000000e0c00000, 0x00000000e3400000, 0x00000000e3400000)
  from space 5120K,   0% used [0x00000000e3400000, 0x00000000e3400000, 0x00000000e3900000)
  to   space 5120K,   0% used [0x00000000e3900000, 0x00000000e3900000, 0x00000000e3e00000)
 concurrent mark-sweep generation total 460800K, used 0K [0x00000000e3e00000, 0x0000000100000000, 0x0000000100000000)
 Metaspace       used 12565K, capacity 12710K, committed 13056K, reserved 1060864K
  class space    used 1434K, capacity 1485K, committed 1536K, reserved 1048576K
2022-02-08T17:27:04.820+0000: 0.913: [GC (Allocation Failure) 2022-02-08T17:27:04.820+0000: 0.913: [ParNew
Desired survivor size 2621440 bytes, new threshold 1 (max 1)
- age   1:    5122712 bytes,    5122712 total
: 40960K->5119K(46080K), 0.0077270 secs] 40960K->5596K(506880K), 0.0078219 secs] [Times: user=0.11 sys=0.00, real=0.01 secs] 
Heap after GC invocations=1 (full 0):
 par new generation   total 46080K, used 5119K [0x00000000e0c00000, 0x00000000e3e00000, 0x00000000e3e00000)
  eden space 40960K,   0% used [0x00000000e0c00000, 0x00000000e0c00000, 0x00000000e3400000)
  from space 5120K,  99% used [0x00000000e3900000, 0x00000000e3dffff8, 0x00000000e3e00000)
  to   space 5120K,   0% used [0x00000000e3400000, 0x00000000e3400000, 0x00000000e3900000)
 concurrent mark-sweep generation total 460800K, used 476K [0x00000000e3e00000, 0x0000000100000000, 0x0000000100000000)
 Metaspace       used 12565K, capacity 12710K, committed 13056K, reserved 1060864K
  class space    used 1434K, capacity 1485K, committed 1536K, reserved 1048576K
}
2022-02-08T17:27:04.828+0000: 0.921: Total time for which application threads were stopped: 0.0081840 seconds, Stopping threads took: 0.0000284 seconds
2022-02-08T17:27:04.907+0000: 1.000: Total time for which application threads were stopped: 0.0003298 seconds, Stopping threads took: 0.0000257 seconds
2022-02-08T17:27:04.956+0000: 1.049: Total time for which application threads were stopped: 0.0007395 seconds, Stopping threads took: 0.0000164 seconds
2022-02-08T17:27:05.040+0000: 1.133: Total time for which application threads were stopped: 0.0003596 seconds, Stopping threads took: 0.0000317 seconds
2022-02-08T17:27:05.041+0000: 1.134: Total time for which application threads were stopped: 0.0001353 seconds, Stopping threads took: 0.0000191 seconds
2022-02-08T17:27:05.049+0000: 1.142: Total time for which application threads were stopped: 0.0001639 seconds, Stopping threads took: 0.0000235 seconds
2022-02-08T17:27:05.078+0000: 1.171: Total time for which application threads were stopped: 0.0002505 seconds, Stopping threads took: 0.0000361 seconds
2022-02-08T17:27:05.110+0000: 1.202: Total time for which application threads were stopped: 0.0003709 seconds, Stopping threads took: 0.0000412 seconds
2022-02-08T17:27:05.161+0000: 1.254: Total time for which application threads were stopped: 0.0003457 seconds, Stopping threads took: 0.0000305 seconds
2022-02-08T17:27:05.198+0000: 1.291: Total time for which application threads were stopped: 0.0003266 seconds, Stopping threads took: 0.0000247 seconds
{Heap before GC invocations=1 (full 0):
 par new generation   total 46080K, used 46079K [0x00000000e0c00000, 0x00000000e3e00000, 0x00000000e3e00000)
  eden space 40960K, 100% used [0x00000000e0c00000, 0x00000000e3400000, 0x00000000e3400000)
  from space 5120K,  99% used [0x00000000e3900000, 0x00000000e3dffff8, 0x00000000e3e00000)
  to   space 5120K,   0% used [0x00000000e3400000, 0x00000000e3400000, 0x00000000e3900000)
 concurrent mark-sweep generation total 460800K, used 476K [0x00000000e3e00000, 0x0000000100000000, 0x0000000100000000)
 Metaspace       used 19243K, capacity 19488K, committed 19840K, reserved 1067008K
  class space    used 2251K, capacity 2360K, committed 2432K, reserved 1048576K
2022-02-08T17:27:05.238+0000: 1.331: [GC (Allocation Failure) 2022-02-08T17:27:05.238+0000: 1.331: [ParNew
Desired survivor size 2621440 bytes, new threshold 1 (max 1)
- age   1:    4075880 bytes,    4075880 total
: 46079K->5120K(46080K), 0.0498618 secs] 46556K->9428K(506880K), 0.0499793 secs] [Times: user=0.37 sys=0.05, real=0.06 secs] 
Heap after GC invocations=2 (full 0):
 par new generation   total 46080K, used 5120K [0x00000000e0c00000, 0x00000000e3e00000, 0x00000000e3e00000)
  eden space 40960K,   0% used [0x00000000e0c00000, 0x00000000e0c00000, 0x00000000e3400000)
  from space 5120K, 100% used [0x00000000e3400000, 0x00000000e3900000, 0x00000000e3900000)
  to   space 5120K,   0% used [0x00000000e3900000, 0x00000000e3900000, 0x00000000e3e00000)
 concurrent mark-sweep generation total 460800K, used 4308K [0x00000000e3e00000, 0x0000000100000000, 0x0000000100000000)
 Metaspace       used 19243K, capacity 19488K, committed 19840K, reserved 1067008K
  class space    used 2251K, capacity 2360K, committed 2432K, reserved 1048576K
}
2022-02-08T17:27:05.288+0000: 1.381: Total time for which application threads were stopped: 0.0502107 seconds, Stopping threads took: 0.0000238 seconds
2022-02-08T17:27:05.356+0000: 1.449: Total time for which application threads were stopped: 0.0004501 seconds, Stopping threads took: 0.0000326 seconds
2022-02-08T17:27:05.451+0000: 1.544: Total time for which application threads were stopped: 0.0003125 seconds, Stopping threads took: 0.0000215 seconds
2022-02-08T17:27:05.469+0000: 1.562: Total time for which application threads were stopped: 0.0003073 seconds, Stopping threads took: 0.0000256 seconds
2022-02-08T17:27:05.486+0000: 1.579: Total time for which application threads were stopped: 0.0002816 seconds, Stopping threads took: 0.0000164 seconds
2022-02-08T17:27:05.522+0000: 1.614: Total time for which application threads were stopped: 0.0004528 seconds, Stopping threads took: 0.0000354 seconds
2022-02-08T17:27:05.540+0000: 1.633: Total time for which application threads were stopped: 0.0002591 seconds, Stopping threads took: 0.0000300 seconds
2022-02-08T17:27:05.561+0000: 1.653: Total time for which application threads were stopped: 0.0004333 seconds, Stopping threads took: 0.0000952 seconds
2022-02-08T17:27:05.601+0000: 1.694: Total time for which application threads were stopped: 0.0003739 seconds, Stopping threads took: 0.0000352 seconds
2022-02-08T17:27:05.610+0000: 1.703: Total time for which application threads were stopped: 0.0002208 seconds, Stopping threads took: 0.0000272 seconds
2022-02-08T17:27:05.619+0000: 1.712: Total time for which application threads were stopped: 0.0003465 seconds, Stopping threads took: 0.0000219 seconds
2022-02-08T17:27:05.620+0000: 1.713: Total time for which application threads were stopped: 0.0003514 seconds, Stopping threads took: 0.0000193 seconds
2022-02-08T17:27:05.629+0000: 1.721: Total time for which application threads were stopped: 0.0002695 seconds, Stopping threads took: 0.0000536 seconds
2022-02-08T17:27:05.639+0000: 1.731: Total time for which application threads were stopped: 0.0003949 seconds, Stopping threads took: 0.0000351 seconds
2022-02-08T17:27:05.660+0000: 1.753: Total time for which application threads were stopped: 0.0003978 seconds, Stopping threads took: 0.0000642 seconds
2022-02-08T17:27:05.660+0000: 1.753: Total time for which application threads were stopped: 0.0000874 seconds, Stopping threads took: 0.0000456 seconds
2022-02-08T17:27:05.662+0000: 1.755: Total time for which application threads were stopped: 0.0002518 seconds, Stopping threads took: 0.0000339 seconds
2022-02-08T17:27:05.671+0000: 1.763: Total time for which application threads were stopped: 0.0002638 seconds, Stopping threads took: 0.0000423 seconds
2022-02-08T17:27:05.702+0000: 1.794: Total time for which application threads were stopped: 0.0004030 seconds, Stopping threads took: 0.0000268 seconds
2022-02-08T17:27:05.734+0000: 1.827: Total time for which application threads were stopped: 0.0002954 seconds, Stopping threads took: 0.0000334 seconds
2022-02-08T17:27:05.766+0000: 1.858: Total time for which application threads were stopped: 0.0003571 seconds, Stopping threads took: 0.0000328 seconds
2022-02-08T17:27:05.772+0000: 1.864: Total time for which application threads were stopped: 0.0003813 seconds, Stopping threads took: 0.0000392 seconds
2022-02-08T17:27:05.792+0000: 1.885: Total time for which application threads were stopped: 0.0004053 seconds, Stopping threads took: 0.0000360 seconds
{Heap before GC invocations=2 (full 0):
 par new generation   total 46080K, used 46080K [0x00000000e0c00000, 0x00000000e3e00000, 0x00000000e3e00000)
  eden space 40960K, 100% used [0x00000000e0c00000, 0x00000000e3400000, 0x00000000e3400000)
  from space 5120K, 100% used [0x00000000e3400000, 0x00000000e3900000, 0x00000000e3900000)
  to   space 5120K,   0% used [0x00000000e3900000, 0x00000000e3900000, 0x00000000e3e00000)
 concurrent mark-sweep generation total 460800K, used 4308K [0x00000000e3e00000, 0x0000000100000000, 0x0000000100000000)
 Metaspace       used 25790K, capacity 26116K, committed 26276K, reserved 1073152K
  class space    used 2996K, capacity 3128K, committed 3144K, reserved 1048576K
2022-02-08T17:27:05.819+0000: 1.911: [GC (Allocation Failure) 2022-02-08T17:27:05.819+0000: 1.911: [ParNew
Desired survivor size 2621440 bytes, new threshold 1 (max 1)
- age   1:    4464808 bytes,    4464808 total
: 46080K->5120K(46080K), 0.0169163 secs] 50388K->12311K(506880K), 0.0170391 secs] [Times: user=0.19 sys=0.02, real=0.01 secs] 
Heap after GC invocations=3 (full 0):
 par new generation   total 46080K, used 5120K [0x00000000e0c00000, 0x00000000e3e00000, 0x00000000e3e00000)
  eden space 40960K,   0% used [0x00000000e0c00000, 0x00000000e0c00000, 0x00000000e3400000)
  from space 5120K, 100% used [0x00000000e3900000, 0x00000000e3e00000, 0x00000000e3e00000)
  to   space 5120K,   0% used [0x00000000e3400000, 0x00000000e3400000, 0x00000000e3900000)
 concurrent mark-sweep generation total 460800K, used 7191K [0x00000000e3e00000, 0x0000000100000000, 0x0000000100000000)
 Metaspace       used 25790K, capacity 26116K, committed 26276K, reserved 1073152K
  class space    used 2996K, capacity 3128K, committed 3144K, reserved 1048576K
}
2022-02-08T17:27:05.836+0000: 1.929: Total time for which application threads were stopped: 0.0175879 seconds, Stopping threads took: 0.0002607 seconds
2022-02-08T17:27:05.836+0000: 1.929: [GC (CMS Initial Mark) [1 CMS-initial-mark: 7191K(460800K)] 12311K(506880K), 0.0013995 secs] [Times: user=0.01 sys=0.00, real=0.00 secs] 
2022-02-08T17:27:05.838+0000: 1.930: Total time for which application threads were stopped: 0.0016587 seconds, Stopping threads took: 0.0000706 seconds
2022-02-08T17:27:05.838+0000: 1.930: [CMS-concurrent-mark-start]
2022-02-08T17:27:05.838+0000: 1.931: Total time for which application threads were stopped: 0.0002347 seconds, Stopping threads took: 0.0000288 seconds
2022-02-08T17:27:05.843+0000: 1.935: [CMS-concurrent-mark: 0.004/0.005 secs] [Times: user=0.05 sys=0.00, real=0.01 secs] 
2022-02-08T17:27:05.843+0000: 1.935: [CMS-concurrent-preclean-start]
2022-02-08T17:27:05.844+0000: 1.937: [CMS-concurrent-preclean: 0.001/0.001 secs] [Times: user=0.00 sys=0.00, real=0.00 secs] 
2022-02-08T17:27:05.846+0000: 1.938: [GC (CMS Final Remark) [YG occupancy: 6706 K (46080 K)]2022-02-08T17:27:05.846+0000: 1.938: [Rescan (parallel) , 0.0013123 secs]2022-02-08T17:27:05.847+0000: 1.940: [weak refs processing, 0.0005193 secs]2022-02-08T17:27:05.847+0000: 1.940: [class unloading, 0.0048577 secs]2022-02-08T17:27:05.852+0000: 1.945: [scrub symbol table, 0.0041055 secs]2022-02-08T17:27:05.856+0000: 1.949: [scrub string table, 0.0006893 secs][1 CMS-remark: 7191K(460800K)] 13898K(506880K), 0.0117456 secs] [Times: user=0.02 sys=0.00, real=0.01 secs] 
2022-02-08T17:27:05.857+0000: 1.950: Total time for which application threads were stopped: 0.0134167 seconds, Stopping threads took: 0.0015872 seconds
2022-02-08T17:27:05.858+0000: 1.950: [CMS-concurrent-sweep-start]
2022-02-08T17:27:05.863+0000: 1.955: [CMS-concurrent-sweep: 0.005/0.005 secs] [Times: user=0.02 sys=0.00, real=0.01 secs] 
2022-02-08T17:27:05.863+0000: 1.955: [CMS-concurrent-reset-start]
2022-02-08T17:27:05.864+0000: 1.957: [CMS-concurrent-reset: 0.001/0.001 secs] [Times: user=0.00 sys=0.00, real=0.00 secs] 
2022-02-08T17:27:06.276+0000: 2.369: Total time for which application threads were stopped: 0.0032534 seconds, Stopping threads took: 0.0002164 seconds
{Heap before GC invocations=3 (full 1):
 par new generation   total 46080K, used 46080K [0x00000000e0c00000, 0x00000000e3e00000, 0x00000000e3e00000)
  eden space 40960K, 100% used [0x00000000e0c00000, 0x00000000e3400000, 0x00000000e3400000)
  from space 5120K, 100% used [0x00000000e3900000, 0x00000000e3e00000, 0x00000000e3e00000)
  to   space 5120K,   0% used [0x00000000e3400000, 0x00000000e3400000, 0x00000000e3900000)
 concurrent mark-sweep generation total 460800K, used 5372K [0x00000000e3e00000, 0x0000000100000000, 0x0000000100000000)
 Metaspace       used 30584K, capacity 31256K, committed 31372K, reserved 1077248K
  class space    used 3533K, capacity 3730K, committed 3784K, reserved 1048576K
2022-02-08T17:27:06.491+0000: 2.583: [GC (Allocation Failure) 2022-02-08T17:27:06.491+0000: 2.583: [ParNew
Desired survivor size 2621440 bytes, new threshold 1 (max 1)
- age   1:    5241408 bytes,    5241408 total
: 46080K->5120K(46080K), 0.0444188 secs] 51452K->18268K(506880K), 0.0445763 secs] [Times: user=0.29 sys=0.04, real=0.04 secs] 
Heap after GC invocations=4 (full 1):
 par new generation   total 46080K, used 5120K [0x00000000e0c00000, 0x00000000e3e00000, 0x00000000e3e00000)
  eden space 40960K,   0% used [0x00000000e0c00000, 0x00000000e0c00000, 0x00000000e3400000)
  from space 5120K, 100% used [0x00000000e3400000, 0x00000000e3900000, 0x00000000e3900000)
  to   space 5120K,   0% used [0x00000000e3900000, 0x00000000e3900000, 0x00000000e3e00000)
 concurrent mark-sweep generation total 460800K, used 13148K [0x00000000e3e00000, 0x0000000100000000, 0x0000000100000000)
 Metaspace       used 30584K, capacity 31256K, committed 31372K, reserved 1077248K
  class space    used 3533K, capacity 3730K, committed 3784K, reserved 1048576K
}
2022-02-08T17:27:06.535+0000: 2.628: Total time for which application threads were stopped: 0.0450963 seconds, Stopping threads took: 0.0000491 seconds
{Heap before GC invocations=4 (full 1):
 par new generation   total 46080K, used 46080K [0x00000000e0c00000, 0x00000000e3e00000, 0x00000000e3e00000)
  eden space 40960K, 100% used [0x00000000e0c00000, 0x00000000e3400000, 0x00000000e3400000)
  from space 5120K, 100% used [0x00000000e3400000, 0x00000000e3900000, 0x00000000e3900000)
  to   space 5120K,   0% used [0x00000000e3900000, 0x00000000e3900000, 0x00000000e3e00000)
 concurrent mark-sweep generation total 460800K, used 13148K [0x00000000e3e00000, 0x0000000100000000, 0x0000000100000000)
 Metaspace       used 30608K, capacity 31256K, committed 31372K, reserved 1077248K
  class space    used 3534K, capacity 3730K, committed 3784K, reserved 1048576K
2022-02-08T17:27:06.726+0000: 2.819: [GC (Allocation Failure) 2022-02-08T17:27:06.726+0000: 2.819: [ParNew
Desired survivor size 2621440 bytes, new threshold 1 (max 1)
- age   1:    2325928 bytes,    2325928 total
: 46080K->5120K(46080K), 0.0169499 secs] 59228K->24662K(506880K), 0.0170672 secs] [Times: user=0.19 sys=0.02, real=0.02 secs] 
Heap after GC invocations=5 (full 1):
 par new generation   total 46080K, used 5120K [0x00000000e0c00000, 0x00000000e3e00000, 0x00000000e3e00000)
  eden space 40960K,   0% used [0x00000000e0c00000, 0x00000000e0c00000, 0x00000000e3400000)
  from space 5120K, 100% used [0x00000000e3900000, 0x00000000e3e00000, 0x00000000e3e00000)
  to   space 5120K,   0% used [0x00000000e3400000, 0x00000000e3400000, 0x00000000e3900000)
 concurrent mark-sweep generation total 460800K, used 19542K [0x00000000e3e00000, 0x0000000100000000, 0x0000000100000000)
 Metaspace       used 30608K, capacity 31256K, committed 31372K, reserved 1077248K
  class space    used 3534K, capacity 3730K, committed 3784K, reserved 1048576K
}
2022-02-08T17:27:06.743+0000: 2.836: Total time for which application threads were stopped: 0.0173570 seconds, Stopping threads took: 0.0000478 seconds
{Heap before GC invocations=5 (full 1):
 par new generation   total 46080K, used 46080K [0x00000000e0c00000, 0x00000000e3e00000, 0x00000000e3e00000)
  eden space 40960K, 100% used [0x00000000e0c00000, 0x00000000e3400000, 0x00000000e3400000)
  from space 5120K, 100% used [0x00000000e3900000, 0x00000000e3e00000, 0x00000000e3e00000)
  to   space 5120K,   0% used [0x00000000e3400000, 0x00000000e3400000, 0x00000000e3900000)
 concurrent mark-sweep generation total 460800K, used 19542K [0x00000000e3e00000, 0x0000000100000000, 0x0000000100000000)
 Metaspace       used 30608K, capacity 31256K, committed 31372K, reserved 1077248K
  class space    used 3534K, capacity 3730K, committed 3784K, reserved 1048576K
2022-02-08T17:27:06.852+0000: 2.945: [GC (Allocation Failure) 2022-02-08T17:27:06.852+0000: 2.945: [ParNew
Desired survivor size 2621440 bytes, new threshold 1 (max 1)
- age   1:    2097360 bytes,    2097360 total
: 46080K->2324K(46080K), 0.0257240 secs] 65622K->24896K(506880K), 0.0258307 secs] [Times: user=0.45 sys=0.02, real=0.02 secs] 
Heap after GC invocations=6 (full 1):
 par new generation   total 46080K, used 2324K [0x00000000e0c00000, 0x00000000e3e00000, 0x00000000e3e00000)
  eden space 40960K,   0% used [0x00000000e0c00000, 0x00000000e0c00000, 0x00000000e3400000)
  from space 5120K,  45% used [0x00000000e3400000, 0x00000000e36452d0, 0x00000000e3900000)
  to   space 5120K,   0% used [0x00000000e3900000, 0x00000000e3900000, 0x00000000e3e00000)
 concurrent mark-sweep generation total 460800K, used 22571K [0x00000000e3e00000, 0x0000000100000000, 0x0000000100000000)
 Metaspace       used 30608K, capacity 31256K, committed 31372K, reserved 1077248K
  class space    used 3534K, capacity 3730K, committed 3784K, reserved 1048576K
}
2022-02-08T17:27:06.878+0000: 2.970: Total time for which application threads were stopped: 0.0261438 seconds, Stopping threads took: 0.0000460 seconds
{Heap before GC invocations=6 (full 1):
 par new generation   total 46080K, used 43284K [0x00000000e0c00000, 0x00000000e3e00000, 0x00000000e3e00000)
  eden space 40960K, 100% used [0x00000000e0c00000, 0x00000000e3400000, 0x00000000e3400000)
  from space 5120K,  45% used [0x00000000e3400000, 0x00000000e36452d0, 0x00000000e3900000)
  to   space 5120K,   0% used [0x00000000e3900000, 0x00000000e3900000, 0x00000000e3e00000)
 concurrent mark-sweep generation total 460800K, used 22571K [0x00000000e3e00000, 0x0000000100000000, 0x0000000100000000)
 Metaspace       used 30608K, capacity 31256K, committed 31372K, reserved 1077248K
  class space    used 3534K, capacity 3730K, committed 3784K, reserved 1048576K
2022-02-08T17:27:06.962+0000: 3.055: [GC (Allocation Failure) 2022-02-08T17:27:06.962+0000: 3.055: [ParNew
Desired survivor size 2621440 bytes, new threshold 1 (max 1)
- age   1:    4194448 bytes,    4194448 total
: 43284K->4147K(46080K), 0.0355212 secs] 65856K->26719K(506880K), 0.0356306 secs] [Times: user=0.50 sys=0.00, real=0.03 secs] 
Heap after GC invocations=7 (full 1):
 par new generation   total 46080K, used 4147K [0x00000000e0c00000, 0x00000000e3e00000, 0x00000000e3e00000)
  eden space 40960K,   0% used [0x00000000e0c00000, 0x00000000e0c00000, 0x00000000e3400000)
  from space 5120K,  81% used [0x00000000e3900000, 0x00000000e3d0cf88, 0x00000000e3e00000)
  to   space 5120K,   0% used [0x00000000e3400000, 0x00000000e3400000, 0x00000000e3900000)
 concurrent mark-sweep generation total 460800K, used 22571K [0x00000000e3e00000, 0x0000000100000000, 0x0000000100000000)
 Metaspace       used 30608K, capacity 31256K, committed 31372K, reserved 1077248K
  class space    used 3534K, capacity 3730K, committed 3784K, reserved 1048576K
}
2022-02-08T17:27:06.998+0000: 3.090: Total time for which application threads were stopped: 0.0358978 seconds, Stopping threads took: 0.0000447 seconds
{Heap before GC invocations=7 (full 1):
 par new generation   total 46080K, used 45107K [0x00000000e0c00000, 0x00000000e3e00000, 0x00000000e3e00000)
  eden space 40960K, 100% used [0x00000000e0c00000, 0x00000000e3400000, 0x00000000e3400000)
  from space 5120K,  81% used [0x00000000e3900000, 0x00000000e3d0cf88, 0x00000000e3e00000)
  to   space 5120K,   0% used [0x00000000e3400000, 0x00000000e3400000, 0x00000000e3900000)
 concurrent mark-sweep generation total 460800K, used 22571K [0x00000000e3e00000, 0x0000000100000000, 0x0000000100000000)
 Metaspace       used 30608K, capacity 31256K, committed 31372K, reserved 1077248K
  class space    used 3534K, capacity 3730K, committed 3784K, reserved 1048576K
2022-02-08T17:27:07.048+0000: 3.141: [GC (Allocation Failure) 2022-02-08T17:27:07.048+0000: 3.141: [ParNew
Desired survivor size 2621440 bytes, new threshold 1 (max 1)
- age   1:        288 bytes,        288 total
: 45107K->17K(46080K), 0.0461454 secs] 67679K->26684K(506880K), 0.0462334 secs] [Times: user=1.24 sys=0.02, real=0.04 secs] 
Heap after GC invocations=8 (full 1):
 par new generation   total 46080K, used 17K [0x00000000e0c00000, 0x00000000e3e00000, 0x00000000e3e00000)
  eden space 40960K,   0% used [0x00000000e0c00000, 0x00000000e0c00000, 0x00000000e3400000)
  from space 5120K,   0% used [0x00000000e3400000, 0x00000000e3404520, 0x00000000e3900000)
  to   space 5120K,   0% used [0x00000000e3900000, 0x00000000e3900000, 0x00000000e3e00000)
 concurrent mark-sweep generation total 460800K, used 26667K [0x00000000e3e00000, 0x0000000100000000, 0x0000000100000000)
 Metaspace       used 30608K, capacity 31256K, committed 31372K, reserved 1077248K
  class space    used 3534K, capacity 3730K, committed 3784K, reserved 1048576K
}
2022-02-08T17:27:07.094+0000: 3.187: Total time for which application threads were stopped: 0.0464520 seconds, Stopping threads took: 0.0000314 seconds
{Heap before GC invocations=8 (full 1):
 par new generation   total 46080K, used 40977K [0x00000000e0c00000, 0x00000000e3e00000, 0x00000000e3e00000)
  eden space 40960K, 100% used [0x00000000e0c00000, 0x00000000e3400000, 0x00000000e3400000)
  from space 5120K,   0% used [0x00000000e3400000, 0x00000000e3404520, 0x00000000e3900000)
  to   space 5120K,   0% used [0x00000000e3900000, 0x00000000e3900000, 0x00000000e3e00000)
 concurrent mark-sweep generation total 460800K, used 26667K [0x00000000e3e00000, 0x0000000100000000, 0x0000000100000000)
 Metaspace       used 30608K, capacity 31256K, committed 31372K, reserved 1077248K
  class space    used 3534K, capacity 3730K, committed 3784K, reserved 1048576K
2022-02-08T17:27:07.145+0000: 3.238: [GC (Allocation Failure) 2022-02-08T17:27:07.145+0000: 3.238: [ParNew
Desired survivor size 2621440 bytes, new threshold 1 (max 1)
- age   1:        120 bytes,        120 total
: 40977K->6K(46080K), 0.0025497 secs] 67644K->26673K(506880K), 0.0026208 secs] [Times: user=0.04 sys=0.00, real=0.01 secs] 
Heap after GC invocations=9 (full 1):
 par new generation   total 46080K, used 6K [0x00000000e0c00000, 0x00000000e3e00000, 0x00000000e3e00000)
  eden space 40960K,   0% used [0x00000000e0c00000, 0x00000000e0c00000, 0x00000000e3400000)
  from space 5120K,   0% used [0x00000000e3900000, 0x00000000e3901830, 0x00000000e3e00000)
  to   space 5120K,   0% used [0x00000000e3400000, 0x00000000e3400000, 0x00000000e3900000)
 concurrent mark-sweep generation total 460800K, used 26667K [0x00000000e3e00000, 0x0000000100000000, 0x0000000100000000)
 Metaspace       used 30608K, capacity 31256K, committed 31372K, reserved 1077248K
  class space    used 3534K, capacity 3730K, committed 3784K, reserved 1048576K
}
2022-02-08T17:27:07.148+0000: 3.240: Total time for which application threads were stopped: 0.0028060 seconds, Stopping threads took: 0.0000252 seconds
2022-02-08T17:27:07.214+0000: 3.307: Total time for which application threads were stopped: 0.0004954 seconds, Stopping threads took: 0.0000226 seconds
{Heap before GC invocations=9 (full 1):
 par new generation   total 46080K, used 40966K [0x00000000e0c00000, 0x00000000e3e00000, 0x00000000e3e00000)
  eden space 40960K, 100% used [0x00000000e0c00000, 0x00000000e3400000, 0x00000000e3400000)
  from space 5120K,   0% used [0x00000000e3900000, 0x00000000e3901830, 0x00000000e3e00000)
  to   space 5120K,   0% used [0x00000000e3400000, 0x00000000e3400000, 0x00000000e3900000)
 concurrent mark-sweep generation total 460800K, used 26667K [0x00000000e3e00000, 0x0000000100000000, 0x0000000100000000)
 Metaspace       used 31730K, capacity 32526K, committed 32780K, reserved 1079296K
  class space    used 3674K, capacity 3891K, committed 3912K, reserved 1048576K
2022-02-08T17:27:07.323+0000: 3.416: [GC (Allocation Failure) 2022-02-08T17:27:07.323+0000: 3.416: [ParNew
Desired survivor size 2621440 bytes, new threshold 1 (max 1)
- age   1:    1345112 bytes,    1345112 total
: 40966K->1357K(46080K), 0.0897487 secs] 67633K->36217K(506880K), 0.0898143 secs] [Times: user=2.44 sys=0.03, real=0.09 secs] 
Heap after GC invocations=10 (full 1):
 par new generation   total 46080K, used 1357K [0x00000000e0c00000, 0x00000000e3e00000, 0x00000000e3e00000)
  eden space 40960K,   0% used [0x00000000e0c00000, 0x00000000e0c00000, 0x00000000e3400000)
  from space 5120K,  26% used [0x00000000e3400000, 0x00000000e35536b0, 0x00000000e3900000)
  to   space 5120K,   0% used [0x00000000e3900000, 0x00000000e3900000, 0x00000000e3e00000)
 concurrent mark-sweep generation total 460800K, used 34859K [0x00000000e3e00000, 0x0000000100000000, 0x0000000100000000)
 Metaspace       used 31730K, capacity 32526K, committed 32780K, reserved 1079296K
  class space    used 3674K, capacity 3891K, committed 3912K, reserved 1048576K
}
2022-02-08T17:27:07.413+0000: 3.506: Total time for which application threads were stopped: 0.0900620 seconds, Stopping threads took: 0.0000312 seconds
{Heap before GC invocations=10 (full 1):
 par new generation   total 46080K, used 42317K [0x00000000e0c00000, 0x00000000e3e00000, 0x00000000e3e00000)
  eden space 40960K, 100% used [0x00000000e0c00000, 0x00000000e3400000, 0x00000000e3400000)
  from space 5120K,  26% used [0x00000000e3400000, 0x00000000e35536b0, 0x00000000e3900000)
  to   space 5120K,   0% used [0x00000000e3900000, 0x00000000e3900000, 0x00000000e3e00000)
 concurrent mark-sweep generation total 460800K, used 34859K [0x00000000e3e00000, 0x0000000100000000, 0x0000000100000000)
 Metaspace       used 32018K, capacity 32792K, committed 33164K, reserved 1079296K
  class space    used 3694K, capacity 3930K, committed 4040K, reserved 1048576K
2022-02-08T17:27:07.548+0000: 3.640: [GC (Allocation Failure) 2022-02-08T17:27:07.548+0000: 3.640: [ParNew
Desired survivor size 2621440 bytes, new threshold 1 (max 1)
- age   1:    5221568 bytes,    5221568 total
: 42317K->5120K(46080K), 0.0096815 secs] 77177K->41491K(506880K), 0.0097824 secs] [Times: user=0.11 sys=0.00, real=0.00 secs] 
Heap after GC invocations=11 (full 1):
 par new generation   total 46080K, used 5120K [0x00000000e0c00000, 0x00000000e3e00000, 0x00000000e3e00000)
  eden space 40960K,   0% used [0x00000000e0c00000, 0x00000000e0c00000, 0x00000000e3400000)
  from space 5120K, 100% used [0x00000000e3900000, 0x00000000e3e00000, 0x00000000e3e00000)
  to   space 5120K,   0% used [0x00000000e3400000, 0x00000000e3400000, 0x00000000e3900000)
 concurrent mark-sweep generation total 460800K, used 36371K [0x00000000e3e00000, 0x0000000100000000, 0x0000000100000000)
 Metaspace       used 32018K, capacity 32792K, committed 33164K, reserved 1079296K
  class space    used 3694K, capacity 3930K, committed 4040K, reserved 1048576K
}
2022-02-08T17:27:07.557+0000: 3.650: Total time for which application threads were stopped: 0.0100430 seconds, Stopping threads took: 0.0000318 seconds
2022-02-08T17:27:07.851+0000: 3.944: Total time for which application threads were stopped: 0.0007297 seconds, Stopping threads took: 0.0000367 seconds
{Heap before GC invocations=11 (full 1):
 par new generation   total 46080K, used 46080K [0x00000000e0c00000, 0x00000000e3e00000, 0x00000000e3e00000)
  eden space 40960K, 100% used [0x00000000e0c00000, 0x00000000e3400000, 0x00000000e3400000)
  from space 5120K, 100% used [0x00000000e3900000, 0x00000000e3e00000, 0x00000000e3e00000)
  to   space 5120K,   0% used [0x00000000e3400000, 0x00000000e3400000, 0x00000000e3900000)
 concurrent mark-sweep generation total 460800K, used 36371K [0x00000000e3e00000, 0x0000000100000000, 0x0000000100000000)
 Metaspace       used 36097K, capacity 36890K, committed 37260K, reserved 1081344K
  class space    used 4970K, capacity 5209K, committed 5320K, reserved 1048576K
2022-02-08T17:27:07.962+0000: 4.054: [GC (Allocation Failure) 2022-02-08T17:27:07.962+0000: 4.054: [ParNew
Desired survivor size 2621440 bytes, new threshold 1 (max 1)
- age   1:    3373312 bytes,    3373312 total
: 46080K->5120K(46080K), 0.0353216 secs] 82451K->49357K(506880K), 0.0354223 secs] [Times: user=0.17 sys=0.02, real=0.03 secs] 
Heap after GC invocations=12 (full 1):
 par new generation   total 46080K, used 5120K [0x00000000e0c00000, 0x00000000e3e00000, 0x00000000e3e00000)
  eden space 40960K,   0% used [0x00000000e0c00000, 0x00000000e0c00000, 0x00000000e3400000)
  from space 5120K, 100% used [0x00000000e3400000, 0x00000000e3900000, 0x00000000e3900000)
  to   space 5120K,   0% used [0x00000000e3900000, 0x00000000e3900000, 0x00000000e3e00000)
 concurrent mark-sweep generation total 460800K, used 44237K [0x00000000e3e00000, 0x0000000100000000, 0x0000000100000000)
 Metaspace       used 36097K, capacity 36890K, committed 37260K, reserved 1081344K
  class space    used 4970K, capacity 5209K, committed 5320K, reserved 1048576K
}
2022-02-08T17:27:07.997+0000: 4.090: Total time for which application threads were stopped: 0.0358618 seconds, Stopping threads took: 0.0001213 seconds
2022-02-08T17:27:08.304+0000: 4.397: Total time for which application threads were stopped: 0.0004145 seconds, Stopping threads took: 0.0000736 seconds
{Heap before GC invocations=12 (full 1):
 par new generation   total 46080K, used 46080K [0x00000000e0c00000, 0x00000000e3e00000, 0x00000000e3e00000)
  eden space 40960K, 100% used [0x00000000e0c00000, 0x00000000e3400000, 0x00000000e3400000)
  from space 5120K, 100% used [0x00000000e3400000, 0x00000000e3900000, 0x00000000e3900000)
  to   space 5120K,   0% used [0x00000000e3900000, 0x00000000e3900000, 0x00000000e3e00000)
 concurrent mark-sweep generation total 460800K, used 44237K [0x00000000e3e00000, 0x0000000100000000, 0x0000000100000000)
 Metaspace       used 38939K, capacity 40042K, committed 40204K, reserved 1083392K
  class space    used 5299K, capacity 5582K, committed 5704K, reserved 1048576K
2022-02-08T17:27:08.351+0000: 4.444: [GC (Allocation Failure) 2022-02-08T17:27:08.351+0000: 4.444: [ParNew
Desired survivor size 2621440 bytes, new threshold 1 (max 1)
- age   1:    4427808 bytes,    4427808 total
: 46080K->5120K(46080K), 0.0248780 secs] 90317K->63059K(506880K), 0.0249957 secs] [Times: user=0.26 sys=0.02, real=0.02 secs] 
Heap after GC invocations=13 (full 1):
 par new generation   total 46080K, used 5120K [0x00000000e0c00000, 0x00000000e3e00000, 0x00000000e3e00000)
  eden space 40960K,   0% used [0x00000000e0c00000, 0x00000000e0c00000, 0x00000000e3400000)
  from space 5120K, 100% used [0x00000000e3900000, 0x00000000e3e00000, 0x00000000e3e00000)
  to   space 5120K,   0% used [0x00000000e3400000, 0x00000000e3400000, 0x00000000e3900000)
 concurrent mark-sweep generation total 460800K, used 57939K [0x00000000e3e00000, 0x0000000100000000, 0x0000000100000000)
 Metaspace       used 38939K, capacity 40042K, committed 40204K, reserved 1083392K
  class space    used 5299K, capacity 5582K, committed 5704K, reserved 1048576K
}
2022-02-08T17:27:08.376+0000: 4.469: Total time for which application threads were stopped: 0.0255098 seconds, Stopping threads took: 0.0001228 seconds
2022-02-08T17:27:08.423+0000: 4.515: Total time for which application threads were stopped: 0.0009636 seconds, Stopping threads took: 0.0000822 seconds
2022-02-08T17:27:08.424+0000: 4.516: Total time for which application threads were stopped: 0.0002714 seconds, Stopping threads took: 0.0000215 seconds
2022-02-08T17:27:08.442+0000: 4.535: Total time for which application threads were stopped: 0.0003000 seconds, Stopping threads took: 0.0000247 seconds
2022-02-08T17:27:08.444+0000: 4.537: Total time for which application threads were stopped: 0.0002498 seconds, Stopping threads took: 0.0000317 seconds
2022-02-08T17:27:08.802+0000: 4.894: Total time for which application threads were stopped: 0.0009242 seconds, Stopping threads took: 0.0000475 seconds
2022-02-08T17:27:09.305+0000: 5.398: Total time for which application threads were stopped: 0.0009680 seconds, Stopping threads took: 0.0000514 seconds
2022-02-08T17:27:09.401+0000: 5.494: Total time for which application threads were stopped: 0.0005405 seconds, Stopping threads took: 0.0000349 seconds
2022-02-08T17:27:09.497+0000: 5.590: Total time for which application threads were stopped: 0.0003098 seconds, Stopping threads took: 0.0000314 seconds
{Heap before GC invocations=13 (full 1):
 par new generation   total 46080K, used 46080K [0x00000000e0c00000, 0x00000000e3e00000, 0x00000000e3e00000)
  eden space 40960K, 100% used [0x00000000e0c00000, 0x00000000e3400000, 0x00000000e3400000)
  from space 5120K, 100% used [0x00000000e3900000, 0x00000000e3e00000, 0x00000000e3e00000)
  to   space 5120K,   0% used [0x00000000e3400000, 0x00000000e3400000, 0x00000000e3900000)
 concurrent mark-sweep generation total 460800K, used 57939K [0x00000000e3e00000, 0x0000000100000000, 0x0000000100000000)
 Metaspace       used 42996K, capacity 44404K, committed 44552K, reserved 1087488K
  class space    used 5869K, capacity 6286K, committed 6344K, reserved 1048576K
2022-02-08T17:27:09.526+0000: 5.618: [GC (Allocation Failure) 2022-02-08T17:27:09.526+0000: 5.619: [ParNew
Desired survivor size 2621440 bytes, new threshold 1 (max 1)
- age   1:    4357096 bytes,    4357096 total
: 46080K->5120K(46080K), 0.0254451 secs] 104019K->70836K(506880K), 0.0255479 secs] [Times: user=0.11 sys=0.02, real=0.03 secs] 
Heap after GC invocations=14 (full 1):
 par new generation   total 46080K, used 5120K [0x00000000e0c00000, 0x00000000e3e00000, 0x00000000e3e00000)
  eden space 40960K,   0% used [0x00000000e0c00000, 0x00000000e0c00000, 0x00000000e3400000)
  from space 5120K, 100% used [0x00000000e3400000, 0x00000000e3900000, 0x00000000e3900000)
  to   space 5120K,   0% used [0x00000000e3900000, 0x00000000e3900000, 0x00000000e3e00000)
 concurrent mark-sweep generation total 460800K, used 65716K [0x00000000e3e00000, 0x0000000100000000, 0x0000000100000000)
 Metaspace       used 42996K, capacity 44404K, committed 44552K, reserved 1087488K
  class space    used 5869K, capacity 6286K, committed 6344K, reserved 1048576K
}
2022-02-08T17:27:09.551+0000: 5.644: Total time for which application threads were stopped: 0.0258574 seconds, Stopping threads took: 0.0000306 seconds
2022-02-08T17:27:09.552+0000: 5.644: [GC (CMS Initial Mark) [1 CMS-initial-mark: 65716K(460800K)] 71961K(506880K), 0.0027160 secs] [Times: user=0.02 sys=0.00, real=0.00 secs] 
2022-02-08T17:27:09.555+0000: 5.647: Total time for which application threads were stopped: 0.0029821 seconds, Stopping threads took: 0.0000743 seconds
2022-02-08T17:27:09.555+0000: 5.647: [CMS-concurrent-mark-start]
2022-02-08T17:27:09.557+0000: 5.649: Total time for which application threads were stopped: 0.0003554 seconds, Stopping threads took: 0.0000633 seconds
2022-02-08T17:27:09.568+0000: 5.660: [CMS-concurrent-mark: 0.012/0.013 secs] [Times: user=0.10 sys=0.01, real=0.02 secs] 
2022-02-08T17:27:09.568+0000: 5.660: [CMS-concurrent-preclean-start]
2022-02-08T17:27:09.569+0000: 5.662: [CMS-concurrent-preclean: 0.001/0.001 secs] [Times: user=0.00 sys=0.00, real=0.00 secs] 
2022-02-08T17:27:09.569+0000: 5.662: [GC (CMS Final Remark) [YG occupancy: 6961 K (46080 K)]2022-02-08T17:27:09.569+0000: 5.662: [Rescan (parallel) , 0.0018608 secs]2022-02-08T17:27:09.571+0000: 5.664: [weak refs processing, 0.0008481 secs]2022-02-08T17:27:09.572+0000: 5.665: [class unloading, 0.0161876 secs]2022-02-08T17:27:09.588+0000: 5.681: [scrub symbol table, 0.0066871 secs]2022-02-08T17:27:09.595+0000: 5.688: [scrub string table, 0.0011084 secs][1 CMS-remark: 65716K(460800K)] 72678K(506880K), 0.0268545 secs] [Times: user=0.04 sys=0.00, real=0.02 secs] 
2022-02-08T17:27:09.596+0000: 5.689: Total time for which application threads were stopped: 0.0271358 seconds, Stopping threads took: 0.0001050 seconds
2022-02-08T17:27:09.596+0000: 5.689: [CMS-concurrent-sweep-start]
2022-02-08T17:27:09.626+0000: 5.719: [CMS-concurrent-sweep: 0.029/0.029 secs] [Times: user=0.05 sys=0.01, real=0.03 secs] 
2022-02-08T17:27:09.626+0000: 5.719: [CMS-concurrent-reset-start]
2022-02-08T17:27:09.639+0000: 5.732: [CMS-concurrent-reset: 0.013/0.013 secs] [Times: user=0.04 sys=0.02, real=0.02 secs] 
2022-02-08T17:27:09.690+0000: 5.782: Total time for which application threads were stopped: 0.0008770 seconds, Stopping threads took: 0.0000341 seconds
2022-02-08T17:27:09.693+0000: 5.786: Total time for which application threads were stopped: 0.0004634 seconds, Stopping threads took: 0.0000165 seconds
2022-02-08T17:27:10.694+0000: 6.787: Total time for which application threads were stopped: 0.0003178 seconds, Stopping threads took: 0.0000546 seconds
2022-02-08T17:27:11.417+0000: 7.510: Total time for which application threads were stopped: 0.0004649 seconds, Stopping threads took: 0.0000586 seconds
2022-02-08T17:27:12.418+0000: 8.510: Total time for which application threads were stopped: 0.0004033 seconds, Stopping threads took: 0.0000781 seconds
{Heap before GC invocations=14 (full 2):
 par new generation   total 46080K, used 46080K [0x00000000e0c00000, 0x00000000e3e00000, 0x00000000e3e00000)
  eden space 40960K, 100% used [0x00000000e0c00000, 0x00000000e3400000, 0x00000000e3400000)
  from space 5120K, 100% used [0x00000000e3400000, 0x00000000e3900000, 0x00000000e3900000)
  to   space 5120K,   0% used [0x00000000e3900000, 0x00000000e3900000, 0x00000000e3e00000)
 concurrent mark-sweep generation total 460800K, used 35014K [0x00000000e3e00000, 0x0000000100000000, 0x0000000100000000)
 Metaspace       used 45142K, capacity 47006K, committed 47116K, reserved 1089536K
  class space    used 6184K, capacity 6665K, committed 6728K, reserved 1048576K
2022-02-08T17:27:13.212+0000: 9.304: [GC (Allocation Failure) 2022-02-08T17:27:13.212+0000: 9.304: [ParNew
Desired survivor size 2621440 bytes, new threshold 1 (max 1)
- age   1:    2647800 bytes,    2647800 total
: 46080K->5119K(46080K), 0.0168691 secs] 81094K->48601K(506880K), 0.0170146 secs] [Times: user=0.11 sys=0.03, real=0.02 secs] 
Heap after GC invocations=15 (full 2):
 par new generation   total 46080K, used 5119K [0x00000000e0c00000, 0x00000000e3e00000, 0x00000000e3e00000)
  eden space 40960K,   0% used [0x00000000e0c00000, 0x00000000e0c00000, 0x00000000e3400000)
  from space 5120K,  99% used [0x00000000e3900000, 0x00000000e3dffff8, 0x00000000e3e00000)
  to   space 5120K,   0% used [0x00000000e3400000, 0x00000000e3400000, 0x00000000e3900000)
 concurrent mark-sweep generation total 460800K, used 43481K [0x00000000e3e00000, 0x0000000100000000, 0x0000000100000000)
 Metaspace       used 45142K, capacity 47006K, committed 47116K, reserved 1089536K
  class space    used 6184K, capacity 6665K, committed 6728K, reserved 1048576K
}
2022-02-08T17:27:13.229+0000: 9.321: Total time for which application threads were stopped: 0.0175111 seconds, Stopping threads took: 0.0000475 seconds
2022-02-08T17:27:14.229+0000: 10.322: Total time for which application threads were stopped: 0.0005646 seconds, Stopping threads took: 0.0000940 seconds
2022-02-08T17:27:15.231+0000: 11.324: Total time for which application threads were stopped: 0.0013529 seconds, Stopping threads took: 0.0004731 seconds
{Heap before GC invocations=15 (full 2):
 par new generation   total 46080K, used 46079K [0x00000000e0c00000, 0x00000000e3e00000, 0x00000000e3e00000)
  eden space 40960K, 100% used [0x00000000e0c00000, 0x00000000e3400000, 0x00000000e3400000)
  from space 5120K,  99% used [0x00000000e3900000, 0x00000000e3dffff8, 0x00000000e3e00000)
  to   space 5120K,   0% used [0x00000000e3400000, 0x00000000e3400000, 0x00000000e3900000)
 concurrent mark-sweep generation total 460800K, used 43481K [0x00000000e3e00000, 0x0000000100000000, 0x0000000100000000)
 Metaspace       used 45727K, capacity 47686K, committed 48012K, reserved 1091584K
  class space    used 6265K, capacity 6743K, committed 6856K, reserved 1048576K
2022-02-08T17:27:15.477+0000: 11.570: [GC (Allocation Failure) 2022-02-08T17:27:15.477+0000: 11.570: [ParNew
Desired survivor size 2621440 bytes, new threshold 1 (max 1)
- age   1:    5155712 bytes,    5155712 total
: 46079K->5120K(46080K), 0.0152198 secs] 89561K->51798K(506880K), 0.0153771 secs] [Times: user=0.19 sys=0.01, real=0.02 secs] 
Heap after GC invocations=16 (full 2):
 par new generation   total 46080K, used 5120K [0x00000000e0c00000, 0x00000000e3e00000, 0x00000000e3e00000)
  eden space 40960K,   0% used [0x00000000e0c00000, 0x00000000e0c00000, 0x00000000e3400000)
  from space 5120K, 100% used [0x00000000e3400000, 0x00000000e3900000, 0x00000000e3900000)
  to   space 5120K,   0% used [0x00000000e3900000, 0x00000000e3900000, 0x00000000e3e00000)
 concurrent mark-sweep generation total 460800K, used 46678K [0x00000000e3e00000, 0x0000000100000000, 0x0000000100000000)
 Metaspace       used 45727K, capacity 47686K, committed 48012K, reserved 1091584K
  class space    used 6265K, capacity 6743K, committed 6856K, reserved 1048576K
}
2022-02-08T17:27:15.493+0000: 11.585: Total time for which application threads were stopped: 0.0160570 seconds, Stopping threads took: 0.0000541 seconds
2022-02-08T17:27:16.493+0000: 12.586: Total time for which application threads were stopped: 0.0004154 seconds, Stopping threads took: 0.0000421 seconds
2022-02-08T17:27:17.494+0000: 13.587: Total time for which application threads were stopped: 0.0003661 seconds, Stopping threads took: 0.0000633 seconds
2022-02-08T17:27:18.494+0000: 14.587: Total time for which application threads were stopped: 0.0005072 seconds, Stopping threads took: 0.0001465 seconds
2022-02-08T17:27:19.495+0000: 15.588: Total time for which application threads were stopped: 0.0003408 seconds, Stopping threads took: 0.0000629 seconds
2022-02-08T17:27:24.210+0000: 20.303: Total time for which application threads were stopped: 0.0014781 seconds, Stopping threads took: 0.0000661 seconds
2022-02-08T17:27:25.210+0000: 21.303: Total time for which application threads were stopped: 0.0003945 seconds, Stopping threads took: 0.0000671 seconds
{Heap before GC invocations=16 (full 2):
 par new generation   total 46080K, used 46080K [0x00000000e0c00000, 0x00000000e3e00000, 0x00000000e3e00000)
  eden space 40960K, 100% used [0x00000000e0c00000, 0x00000000e3400000, 0x00000000e3400000)
  from space 5120K, 100% used [0x00000000e3400000, 0x00000000e3900000, 0x00000000e3900000)
  to   space 5120K,   0% used [0x00000000e3900000, 0x00000000e3900000, 0x00000000e3e00000)
 concurrent mark-sweep generation total 460800K, used 46678K [0x00000000e3e00000, 0x0000000100000000, 0x0000000100000000)
 Metaspace       used 47507K, capacity 49818K, committed 50060K, reserved 1091584K
  class space    used 6519K, capacity 7063K, committed 7112K, reserved 1048576K
2022-02-08T17:27:25.981+0000: 22.074: [GC (Allocation Failure) 2022-02-08T17:27:25.982+0000: 22.074: [ParNew
Desired survivor size 2621440 bytes, new threshold 1 (max 1)
- age   1:    4979544 bytes,    4979544 total
: 46080K->5120K(46080K), 0.0205097 secs] 92758K->59632K(506880K), 0.0206923 secs] [Times: user=0.11 sys=0.03, real=0.02 secs] 
Heap after GC invocations=17 (full 2):
 par new generation   total 46080K, used 5120K [0x00000000e0c00000, 0x00000000e3e00000, 0x00000000e3e00000)
  eden space 40960K,   0% used [0x00000000e0c00000, 0x00000000e0c00000, 0x00000000e3400000)
  from space 5120K, 100% used [0x00000000e3900000, 0x00000000e3e00000, 0x00000000e3e00000)
  to   space 5120K,   0% used [0x00000000e3400000, 0x00000000e3400000, 0x00000000e3900000)
 concurrent mark-sweep generation total 460800K, used 54512K [0x00000000e3e00000, 0x0000000100000000, 0x0000000100000000)
 Metaspace       used 47507K, capacity 49818K, committed 50060K, reserved 1091584K
  class space    used 6519K, capacity 7063K, committed 7112K, reserved 1048576K
}
2022-02-08T17:27:26.002+0000: 22.095: Total time for which application threads were stopped: 0.0213138 seconds, Stopping threads took: 0.0000944 seconds
2022-02-08T17:27:27.003+0000: 23.096: Total time for which application threads were stopped: 0.0010546 seconds, Stopping threads took: 0.0002602 seconds
2022-02-08T17:27:28.004+0000: 24.097: Total time for which application threads were stopped: 0.0003345 seconds, Stopping threads took: 0.0000731 seconds
2022-02-08T17:27:29.004+0000: 25.097: Total time for which application threads were stopped: 0.0004169 seconds, Stopping threads took: 0.0000662 seconds
2022-02-08T17:27:30.005+0000: 26.098: Total time for which application threads were stopped: 0.0004145 seconds, Stopping threads took: 0.0000610 seconds
{Heap before GC invocations=17 (full 2):
 par new generation   total 46080K, used 46080K [0x00000000e0c00000, 0x00000000e3e00000, 0x00000000e3e00000)
  eden space 40960K, 100% used [0x00000000e0c00000, 0x00000000e3400000, 0x00000000e3400000)
  from space 5120K, 100% used [0x00000000e3900000, 0x00000000e3e00000, 0x00000000e3e00000)
  to   space 5120K,   0% used [0x00000000e3400000, 0x00000000e3400000, 0x00000000e3900000)
 concurrent mark-sweep generation total 460800K, used 54512K [0x00000000e3e00000, 0x0000000100000000, 0x0000000100000000)
 Metaspace       used 48630K, capacity 51186K, committed 51340K, reserved 1093632K
  class space    used 6675K, capacity 7265K, committed 7368K, reserved 1048576K
2022-02-08T17:27:30.430+0000: 26.523: [GC (Allocation Failure) 2022-02-08T17:27:30.430+0000: 26.523: [ParNew
Desired survivor size 2621440 bytes, new threshold 1 (max 1)
- age   1:    3907968 bytes,    3907968 total
: 46080K->5120K(46080K), 0.0137762 secs] 100592K->70468K(506880K), 0.0139546 secs] [Times: user=0.12 sys=0.03, real=0.01 secs] 
