OpenJDK 64-Bit Server VM (25.312-b07) for linux-amd64 JRE (1.8.0_312-8u312-b07-0ubuntu1~18.04-b07), built on Nov  3 2021 13:54:59 by "buildd" with gcc 7.5.0
Memory: 4k page, physical 164941188k(114176628k free), swap 3145724k(3145724k free)
CommandLine flags: -XX:+AlwaysPreTouch -XX:+CMSClassUnloadingEnabled -XX:+CMSEdenChunksRecordAlways -XX:CMSInitiatingOccupancyFraction=75 -XX:+CMSParallelInitialMarkEnabled -XX:+CMSParallelRemarkEnabled -XX:CMSWaitDuration=10000 -XX:CompileCommandFile=/tmp/dtest-vh5zdct0/test/node1/conf/hotspot_compiler -XX:GCLogFileSize=10485760 -XX:+HeapDumpOnOutOfMemoryError -XX:InitialHeapSize=524288000 -XX:InitialTenuringThreshold=1 -XX:+ManagementServer -XX:MaxHeapSize=524288000 -XX:MaxNewSize=52428800 -XX:MaxTenuringThreshold=1 -XX:NewSize=52428800 -XX:NumberOfGCLogFiles=10 -XX:OldPLABSize=16 -XX:OnOutOfMemoryError=kill -9 %p -XX:-PerfDisableSharedMem -XX:+PrintGC -XX:+PrintGCApplicationStoppedTime -XX:+PrintGCDateStamps -XX:+PrintGCDetails -XX:+PrintGCTimeStamps -XX:+PrintHeapAtGC -XX:+PrintPromotionFailure -XX:+PrintTenuringDistribution -XX:+ResizeTLAB -XX:SurvivorRatio=8 -XX:ThreadPriorityPolicy=42 -XX:ThreadStackSize=256 -XX:-UseBiasedLocking -XX:+UseCMSInitiatingOccupancyOnly -XX:+UseCompressedClassPointers -XX:+UseCompressedOops -XX:+UseConcMarkSweepGC -XX:+UseCondCardMark -XX:+UseGCLogFileRotation -XX:-UseNUMA -XX:+UseParNewGC -XX:+UseTLAB -XX:+UseThreadPriorities 
2022-02-08T17:27:03.972+0000: 0.563: Total time for which application threads were stopped: 0.0002132 seconds, Stopping threads took: 0.0000707 seconds
2022-02-08T17:27:04.044+0000: 0.635: Total time for which application threads were stopped: 0.0001302 seconds, Stopping threads took: 0.0000203 seconds
{Heap before GC invocations=0 (full 0):
 par new generation   total 46080K, used 40960K [0x00000000e0c00000, 0x00000000e3e00000, 0x00000000e3e00000)
  eden space 40960K, 100% used [0x00000000e0c00000, 0x00000000e3400000, 0x00000000e3400000)
  from space 5120K,   0% used [0x00000000e3400000, 0x00000000e3400000, 0x00000000e3900000)
  to   space 5120K,   0% used [0x00000000e3900000, 0x00000000e3900000, 0x00000000e3e00000)
 concurrent mark-sweep generation total 460800K, used 0K [0x00000000e3e00000, 0x0000000100000000, 0x0000000100000000)
 Metaspace       used 12559K, capacity 12710K, committed 13056K, reserved 1060864K
  class space    used 1435K, capacity 1485K, committed 1536K, reserved 1048576K
2022-02-08T17:27:04.360+0000: 0.950: [GC (Allocation Failure) 2022-02-08T17:27:04.360+0000: 0.951: [ParNew
Desired survivor size 2621440 bytes, new threshold 1 (max 1)
- age   1:    5120208 bytes,    5120208 total
: 40960K->5119K(46080K), 0.0086353 secs] 40960K->5546K(506880K), 0.0087490 secs] [Times: user=0.15 sys=0.00, real=0.01 secs] 
Heap after GC invocations=1 (full 0):
 par new generation   total 46080K, used 5119K [0x00000000e0c00000, 0x00000000e3e00000, 0x00000000e3e00000)
  eden space 40960K,   0% used [0x00000000e0c00000, 0x00000000e0c00000, 0x00000000e3400000)
  from space 5120K,  99% used [0x00000000e3900000, 0x00000000e3dffff0, 0x00000000e3e00000)
  to   space 5120K,   0% used [0x00000000e3400000, 0x00000000e3400000, 0x00000000e3900000)
 concurrent mark-sweep generation total 460800K, used 426K [0x00000000e3e00000, 0x0000000100000000, 0x0000000100000000)
 Metaspace       used 12559K, capacity 12710K, committed 13056K, reserved 1060864K
  class space    used 1435K, capacity 1485K, committed 1536K, reserved 1048576K
}
2022-02-08T17:27:04.368+0000: 0.959: Total time for which application threads were stopped: 0.0090625 seconds, Stopping threads took: 0.0000338 seconds
2022-02-08T17:27:04.445+0000: 1.036: Total time for which application threads were stopped: 0.0002609 seconds, Stopping threads took: 0.0000231 seconds
2022-02-08T17:27:04.493+0000: 1.084: Total time for which application threads were stopped: 0.0002870 seconds, Stopping threads took: 0.0000151 seconds
2022-02-08T17:27:04.574+0000: 1.165: Total time for which application threads were stopped: 0.0003140 seconds, Stopping threads took: 0.0000302 seconds
2022-02-08T17:27:04.575+0000: 1.165: Total time for which application threads were stopped: 0.0001775 seconds, Stopping threads took: 0.0000234 seconds
2022-02-08T17:27:04.584+0000: 1.175: Total time for which application threads were stopped: 0.0001670 seconds, Stopping threads took: 0.0000231 seconds
2022-02-08T17:27:04.616+0000: 1.207: Total time for which application threads were stopped: 0.0003121 seconds, Stopping threads took: 0.0000419 seconds
2022-02-08T17:27:04.649+0000: 1.240: Total time for which application threads were stopped: 0.0002498 seconds, Stopping threads took: 0.0000333 seconds
2022-02-08T17:27:04.705+0000: 1.296: Total time for which application threads were stopped: 0.0002735 seconds, Stopping threads took: 0.0000244 seconds
2022-02-08T17:27:04.743+0000: 1.334: Total time for which application threads were stopped: 0.0003081 seconds, Stopping threads took: 0.0000526 seconds
{Heap before GC invocations=1 (full 0):
 par new generation   total 46080K, used 46079K [0x00000000e0c00000, 0x00000000e3e00000, 0x00000000e3e00000)
  eden space 40960K, 100% used [0x00000000e0c00000, 0x00000000e3400000, 0x00000000e3400000)
  from space 5120K,  99% used [0x00000000e3900000, 0x00000000e3dffff0, 0x00000000e3e00000)
  to   space 5120K,   0% used [0x00000000e3400000, 0x00000000e3400000, 0x00000000e3900000)
 concurrent mark-sweep generation total 460800K, used 426K [0x00000000e3e00000, 0x0000000100000000, 0x0000000100000000)
 Metaspace       used 19238K, capacity 19488K, committed 19840K, reserved 1067008K
  class space    used 2248K, capacity 2360K, committed 2432K, reserved 1048576K
2022-02-08T17:27:04.782+0000: 1.373: [GC (Allocation Failure) 2022-02-08T17:27:04.782+0000: 1.373: [ParNew
Desired survivor size 2621440 bytes, new threshold 1 (max 1)
- age   1:    4068120 bytes,    4068120 total
: 46079K->5120K(46080K), 0.0558450 secs] 46506K->9378K(506880K), 0.0559591 secs] [Times: user=0.44 sys=0.05, real=0.05 secs] 
Heap after GC invocations=2 (full 0):
 par new generation   total 46080K, used 5120K [0x00000000e0c00000, 0x00000000e3e00000, 0x00000000e3e00000)
  eden space 40960K,   0% used [0x00000000e0c00000, 0x00000000e0c00000, 0x00000000e3400000)
  from space 5120K, 100% used [0x00000000e3400000, 0x00000000e3900000, 0x00000000e3900000)
  to   space 5120K,   0% used [0x00000000e3900000, 0x00000000e3900000, 0x00000000e3e00000)
 concurrent mark-sweep generation total 460800K, used 4258K [0x00000000e3e00000, 0x0000000100000000, 0x0000000100000000)
 Metaspace       used 19238K, capacity 19488K, committed 19840K, reserved 1067008K
  class space    used 2248K, capacity 2360K, committed 2432K, reserved 1048576K
}
2022-02-08T17:27:04.838+0000: 1.429: Total time for which application threads were stopped: 0.0561668 seconds, Stopping threads took: 0.0000285 seconds
2022-02-08T17:27:04.909+0000: 1.500: Total time for which application threads were stopped: 0.0003901 seconds, Stopping threads took: 0.0000696 seconds
2022-02-08T17:27:05.001+0000: 1.592: Total time for which application threads were stopped: 0.0002684 seconds, Stopping threads took: 0.0000173 seconds
2022-02-08T17:27:05.021+0000: 1.612: Total time for which application threads were stopped: 0.0002089 seconds, Stopping threads took: 0.0000180 seconds
2022-02-08T17:27:05.035+0000: 1.626: Total time for which application threads were stopped: 0.0003389 seconds, Stopping threads took: 0.0000172 seconds
2022-02-08T17:27:05.053+0000: 1.644: Total time for which application threads were stopped: 0.0002122 seconds, Stopping threads took: 0.0000146 seconds
2022-02-08T17:27:05.079+0000: 1.669: Total time for which application threads were stopped: 0.0003554 seconds, Stopping threads took: 0.0000259 seconds
2022-02-08T17:27:05.119+0000: 1.710: Total time for which application threads were stopped: 0.0002873 seconds, Stopping threads took: 0.0000259 seconds
2022-02-08T17:27:05.142+0000: 1.733: Total time for which application threads were stopped: 0.0002133 seconds, Stopping threads took: 0.0000213 seconds
2022-02-08T17:27:05.155+0000: 1.746: Total time for which application threads were stopped: 0.0001720 seconds, Stopping threads took: 0.0000223 seconds
2022-02-08T17:27:05.164+0000: 1.755: Total time for which application threads were stopped: 0.0001898 seconds, Stopping threads took: 0.0000121 seconds
2022-02-08T17:27:05.166+0000: 1.757: Total time for which application threads were stopped: 0.0002646 seconds, Stopping threads took: 0.0000106 seconds
2022-02-08T17:27:05.175+0000: 1.766: Total time for which application threads were stopped: 0.0001469 seconds, Stopping threads took: 0.0000314 seconds
2022-02-08T17:27:05.185+0000: 1.776: Total time for which application threads were stopped: 0.0002843 seconds, Stopping threads took: 0.0000314 seconds
2022-02-08T17:27:05.210+0000: 1.801: Total time for which application threads were stopped: 0.0002542 seconds, Stopping threads took: 0.0000264 seconds
2022-02-08T17:27:05.210+0000: 1.801: Total time for which application threads were stopped: 0.0000708 seconds, Stopping threads took: 0.0000409 seconds
2022-02-08T17:27:05.212+0000: 1.803: Total time for which application threads were stopped: 0.0002084 seconds, Stopping threads took: 0.0000254 seconds
2022-02-08T17:27:05.221+0000: 1.812: Total time for which application threads were stopped: 0.0002084 seconds, Stopping threads took: 0.0000318 seconds
2022-02-08T17:27:05.263+0000: 1.854: Total time for which application threads were stopped: 0.0004704 seconds, Stopping threads took: 0.0000720 seconds
2022-02-08T17:27:05.303+0000: 1.894: Total time for which application threads were stopped: 0.0002167 seconds, Stopping threads took: 0.0000212 seconds
2022-02-08T17:27:05.332+0000: 1.923: Total time for which application threads were stopped: 0.0004380 seconds, Stopping threads took: 0.0000201 seconds
2022-02-08T17:27:05.339+0000: 1.930: Total time for which application threads were stopped: 0.0003576 seconds, Stopping threads took: 0.0000344 seconds
2022-02-08T17:27:05.366+0000: 1.957: Total time for which application threads were stopped: 0.0003612 seconds, Stopping threads took: 0.0000419 seconds
2022-02-08T17:27:05.392+0000: 1.983: Total time for which application threads were stopped: 0.0003545 seconds, Stopping threads took: 0.0000271 seconds
{Heap before GC invocations=2 (full 0):
 par new generation   total 46080K, used 46080K [0x00000000e0c00000, 0x00000000e3e00000, 0x00000000e3e00000)
  eden space 40960K, 100% used [0x00000000e0c00000, 0x00000000e3400000, 0x00000000e3400000)
  from space 5120K, 100% used [0x00000000e3400000, 0x00000000e3900000, 0x00000000e3900000)
  to   space 5120K,   0% used [0x00000000e3900000, 0x00000000e3900000, 0x00000000e3e00000)
 concurrent mark-sweep generation total 460800K, used 4258K [0x00000000e3e00000, 0x0000000100000000, 0x0000000100000000)
 Metaspace       used 25889K, capacity 26244K, committed 26532K, reserved 1073152K
  class space    used 2995K, capacity 3128K, committed 3140K, reserved 1048576K
2022-02-08T17:27:05.401+0000: 1.992: [GC (Allocation Failure) 2022-02-08T17:27:05.401+0000: 1.992: [ParNew
Desired survivor size 2621440 bytes, new threshold 1 (max 1)
- age   1:    4708960 bytes,    4708960 total
: 46080K->5120K(46080K), 0.0138487 secs] 50338K->11986K(506880K), 0.0139269 secs] [Times: user=0.19 sys=0.02, real=0.01 secs] 
Heap after GC invocations=3 (full 0):
 par new generation   total 46080K, used 5120K [0x00000000e0c00000, 0x00000000e3e00000, 0x00000000e3e00000)
  eden space 40960K,   0% used [0x00000000e0c00000, 0x00000000e0c00000, 0x00000000e3400000)
  from space 5120K, 100% used [0x00000000e3900000, 0x00000000e3e00000, 0x00000000e3e00000)
  to   space 5120K,   0% used [0x00000000e3400000, 0x00000000e3400000, 0x00000000e3900000)
 concurrent mark-sweep generation total 460800K, used 6866K [0x00000000e3e00000, 0x0000000100000000, 0x0000000100000000)
 Metaspace       used 25889K, capacity 26244K, committed 26532K, reserved 1073152K
  class space    used 2995K, capacity 3128K, committed 3140K, reserved 1048576K
}
2022-02-08T17:27:05.415+0000: 2.006: Total time for which application threads were stopped: 0.0141896 seconds, Stopping threads took: 0.0000549 seconds
2022-02-08T17:27:05.415+0000: 2.006: [GC (CMS Initial Mark) [1 CMS-initial-mark: 6866K(460800K)] 11986K(506880K), 0.0010834 secs] [Times: user=0.00 sys=0.00, real=0.00 secs] 
2022-02-08T17:27:05.416+0000: 2.007: Total time for which application threads were stopped: 0.0011839 seconds, Stopping threads took: 0.0000407 seconds
2022-02-08T17:27:05.416+0000: 2.007: [CMS-concurrent-mark-start]
2022-02-08T17:27:05.420+0000: 2.011: [CMS-concurrent-mark: 0.004/0.004 secs] [Times: user=0.04 sys=0.00, real=0.01 secs] 
2022-02-08T17:27:05.420+0000: 2.011: [CMS-concurrent-preclean-start]
2022-02-08T17:27:05.421+0000: 2.012: [CMS-concurrent-preclean: 0.001/0.001 secs] [Times: user=0.00 sys=0.00, real=0.00 secs] 
2022-02-08T17:27:05.421+0000: 2.012: [GC (CMS Final Remark) [YG occupancy: 6706 K (46080 K)]2022-02-08T17:27:05.421+0000: 2.012: [Rescan (parallel) , 0.0016705 secs]2022-02-08T17:27:05.423+0000: 2.014: [weak refs processing, 0.0003618 secs]2022-02-08T17:27:05.424+0000: 2.014: [class unloading, 0.0168412 secs]2022-02-08T17:27:05.440+0000: 2.031: [scrub symbol table, 0.0045667 secs]2022-02-08T17:27:05.445+0000: 2.036: [scrub string table, 0.0005788 secs][1 CMS-remark: 6866K(460800K)] 13573K(506880K), 0.0242571 secs] [Times: user=0.05 sys=0.01, real=0.02 secs] 
2022-02-08T17:27:05.446+0000: 2.037: Total time for which application threads were stopped: 0.0243575 seconds, Stopping threads took: 0.0000352 seconds
2022-02-08T17:27:05.446+0000: 2.037: [CMS-concurrent-sweep-start]
2022-02-08T17:27:05.450+0000: 2.041: [CMS-concurrent-sweep: 0.004/0.004 secs] [Times: user=0.01 sys=0.00, real=0.01 secs] 
2022-02-08T17:27:05.450+0000: 2.041: [CMS-concurrent-reset-start]
2022-02-08T17:27:05.456+0000: 2.047: [CMS-concurrent-reset: 0.006/0.006 secs] [Times: user=0.01 sys=0.00, real=0.00 secs] 
2022-02-08T17:27:05.892+0000: 2.483: Total time for which application threads were stopped: 0.0006259 seconds, Stopping threads took: 0.0000783 seconds
{Heap before GC invocations=3 (full 1):
 par new generation   total 46080K, used 46080K [0x00000000e0c00000, 0x00000000e3e00000, 0x00000000e3e00000)
  eden space 40960K, 100% used [0x00000000e0c00000, 0x00000000e3400000, 0x00000000e3400000)
  from space 5120K, 100% used [0x00000000e3900000, 0x00000000e3e00000, 0x00000000e3e00000)
  to   space 5120K,   0% used [0x00000000e3400000, 0x00000000e3400000, 0x00000000e3900000)
 concurrent mark-sweep generation total 460800K, used 5066K [0x00000000e3e00000, 0x0000000100000000, 0x0000000100000000)
 Metaspace       used 30591K, capacity 31256K, committed 31372K, reserved 1077248K
  class space    used 3532K, capacity 3730K, committed 3780K, reserved 1048576K
2022-02-08T17:27:06.096+0000: 2.687: [GC (Allocation Failure) 2022-02-08T17:27:06.096+0000: 2.687: [ParNew
Desired survivor size 2621440 bytes, new threshold 1 (max 1)
- age   1:    5240416 bytes,    5240416 total
: 46080K->5120K(46080K), 0.0392955 secs] 51146K->18020K(506880K), 0.0394067 secs] [Times: user=0.26 sys=0.06, real=0.04 secs] 
Heap after GC invocations=4 (full 1):
 par new generation   total 46080K, used 5120K [0x00000000e0c00000, 0x00000000e3e00000, 0x00000000e3e00000)
  eden space 40960K,   0% used [0x00000000e0c00000, 0x00000000e0c00000, 0x00000000e3400000)
  from space 5120K, 100% used [0x00000000e3400000, 0x00000000e3900000, 0x00000000e3900000)
  to   space 5120K,   0% used [0x00000000e3900000, 0x00000000e3900000, 0x00000000e3e00000)
 concurrent mark-sweep generation total 460800K, used 12900K [0x00000000e3e00000, 0x0000000100000000, 0x0000000100000000)
 Metaspace       used 30591K, capacity 31256K, committed 31372K, reserved 1077248K
  class space    used 3532K, capacity 3730K, committed 3780K, reserved 1048576K
}
2022-02-08T17:27:06.136+0000: 2.727: Total time for which application threads were stopped: 0.0397929 seconds, Stopping threads took: 0.0000445 seconds
{Heap before GC invocations=4 (full 1):
 par new generation   total 46080K, used 46080K [0x00000000e0c00000, 0x00000000e3e00000, 0x00000000e3e00000)
  eden space 40960K, 100% used [0x00000000e0c00000, 0x00000000e3400000, 0x00000000e3400000)
  from space 5120K, 100% used [0x00000000e3400000, 0x00000000e3900000, 0x00000000e3900000)
  to   space 5120K,   0% used [0x00000000e3900000, 0x00000000e3900000, 0x00000000e3e00000)
 concurrent mark-sweep generation total 460800K, used 12900K [0x00000000e3e00000, 0x0000000100000000, 0x0000000100000000)
 Metaspace       used 30614K, capacity 31256K, committed 31372K, reserved 1077248K
  class space    used 3533K, capacity 3730K, committed 3780K, reserved 1048576K
2022-02-08T17:27:06.313+0000: 2.904: [GC (Allocation Failure) 2022-02-08T17:27:06.313+0000: 2.904: [ParNew
Desired survivor size 2621440 bytes, new threshold 1 (max 1)
- age   1:    3228856 bytes,    3228856 total
: 46080K->5120K(46080K), 0.0203912 secs] 58980K->23486K(506880K), 0.0205125 secs] [Times: user=0.27 sys=0.00, real=0.02 secs] 
Heap after GC invocations=5 (full 1):
 par new generation   total 46080K, used 5120K [0x00000000e0c00000, 0x00000000e3e00000, 0x00000000e3e00000)
  eden space 40960K,   0% used [0x00000000e0c00000, 0x00000000e0c00000, 0x00000000e3400000)
  from space 5120K, 100% used [0x00000000e3900000, 0x00000000e3e00000, 0x00000000e3e00000)
  to   space 5120K,   0% used [0x00000000e3400000, 0x00000000e3400000, 0x00000000e3900000)
 concurrent mark-sweep generation total 460800K, used 18366K [0x00000000e3e00000, 0x0000000100000000, 0x0000000100000000)
 Metaspace       used 30614K, capacity 31256K, committed 31372K, reserved 1077248K
  class space    used 3533K, capacity 3730K, committed 3780K, reserved 1048576K
}
2022-02-08T17:27:06.334+0000: 2.925: Total time for which application threads were stopped: 0.0207783 seconds, Stopping threads took: 0.0000388 seconds
{Heap before GC invocations=5 (full 1):
 par new generation   total 46080K, used 46080K [0x00000000e0c00000, 0x00000000e3e00000, 0x00000000e3e00000)
  eden space 40960K, 100% used [0x00000000e0c00000, 0x00000000e3400000, 0x00000000e3400000)
  from space 5120K, 100% used [0x00000000e3900000, 0x00000000e3e00000, 0x00000000e3e00000)
  to   space 5120K,   0% used [0x00000000e3400000, 0x00000000e3400000, 0x00000000e3900000)
 concurrent mark-sweep generation total 460800K, used 18366K [0x00000000e3e00000, 0x0000000100000000, 0x0000000100000000)
 Metaspace       used 30614K, capacity 31256K, committed 31372K, reserved 1077248K
  class space    used 3533K, capacity 3730K, committed 3780K, reserved 1048576K
2022-02-08T17:27:06.422+0000: 3.013: [GC (Allocation Failure) 2022-02-08T17:27:06.422+0000: 3.013: [ParNew
Desired survivor size 2621440 bytes, new threshold 1 (max 1)
- age   1:    2097296 bytes,    2097296 total
: 46080K->2318K(46080K), 0.0308645 secs] 64446K->23501K(506880K), 0.0309634 secs] [Times: user=0.65 sys=0.00, real=0.03 secs] 
Heap after GC invocations=6 (full 1):
 par new generation   total 46080K, used 2318K [0x00000000e0c00000, 0x00000000e3e00000, 0x00000000e3e00000)
  eden space 40960K,   0% used [0x00000000e0c00000, 0x00000000e0c00000, 0x00000000e3400000)
  from space 5120K,  45% used [0x00000000e3400000, 0x00000000e3643bd0, 0x00000000e3900000)
  to   space 5120K,   0% used [0x00000000e3900000, 0x00000000e3900000, 0x00000000e3e00000)
 concurrent mark-sweep generation total 460800K, used 21182K [0x00000000e3e00000, 0x0000000100000000, 0x0000000100000000)
 Metaspace       used 30614K, capacity 31256K, committed 31372K, reserved 1077248K
  class space    used 3533K, capacity 3730K, committed 3780K, reserved 1048576K
}
2022-02-08T17:27:06.453+0000: 3.044: Total time for which application threads were stopped: 0.0312425 seconds, Stopping threads took: 0.0000435 seconds
{Heap before GC invocations=6 (full 1):
 par new generation   total 46080K, used 43278K [0x00000000e0c00000, 0x00000000e3e00000, 0x00000000e3e00000)
  eden space 40960K, 100% used [0x00000000e0c00000, 0x00000000e3400000, 0x00000000e3400000)
  from space 5120K,  45% used [0x00000000e3400000, 0x00000000e3643bd0, 0x00000000e3900000)
  to   space 5120K,   0% used [0x00000000e3900000, 0x00000000e3900000, 0x00000000e3e00000)
 concurrent mark-sweep generation total 460800K, used 21182K [0x00000000e3e00000, 0x0000000100000000, 0x0000000100000000)
 Metaspace       used 30614K, capacity 31256K, committed 31372K, reserved 1077248K
  class space    used 3533K, capacity 3730K, committed 3780K, reserved 1048576K
2022-02-08T17:27:06.514+0000: 3.105: [GC (Allocation Failure) 2022-02-08T17:27:06.514+0000: 3.105: [ParNew
Desired survivor size 2621440 bytes, new threshold 1 (max 1)
- age   1:    4194440 bytes,    4194440 total
: 43278K->4129K(46080K), 0.0459713 secs] 64461K->25312K(506880K), 0.0461041 secs] [Times: user=1.31 sys=0.02, real=0.05 secs] 
Heap after GC invocations=7 (full 1):
 par new generation   total 46080K, used 4129K [0x00000000e0c00000, 0x00000000e3e00000, 0x00000000e3e00000)
  eden space 40960K,   0% used [0x00000000e0c00000, 0x00000000e0c00000, 0x00000000e3400000)
  from space 5120K,  80% used [0x00000000e3900000, 0x00000000e3d08780, 0x00000000e3e00000)
  to   space 5120K,   0% used [0x00000000e3400000, 0x00000000e3400000, 0x00000000e3900000)
 concurrent mark-sweep generation total 460800K, used 21182K [0x00000000e3e00000, 0x0000000100000000, 0x0000000100000000)
 Metaspace       used 30614K, capacity 31256K, committed 31372K, reserved 1077248K
  class space    used 3533K, capacity 3730K, committed 3780K, reserved 1048576K
}
2022-02-08T17:27:06.560+0000: 3.151: Total time for which application threads were stopped: 0.0463899 seconds, Stopping threads took: 0.0000442 seconds
{Heap before GC invocations=7 (full 1):
 par new generation   total 46080K, used 45089K [0x00000000e0c00000, 0x00000000e3e00000, 0x00000000e3e00000)
  eden space 40960K, 100% used [0x00000000e0c00000, 0x00000000e3400000, 0x00000000e3400000)
  from space 5120K,  80% used [0x00000000e3900000, 0x00000000e3d08780, 0x00000000e3e00000)
  to   space 5120K,   0% used [0x00000000e3400000, 0x00000000e3400000, 0x00000000e3900000)
 concurrent mark-sweep generation total 460800K, used 21182K [0x00000000e3e00000, 0x0000000100000000, 0x0000000100000000)
 Metaspace       used 30614K, capacity 31256K, committed 31372K, reserved 1077248K
  class space    used 3533K, capacity 3730K, committed 3780K, reserved 1048576K
2022-02-08T17:27:06.607+0000: 3.198: [GC (Allocation Failure) 2022-02-08T17:27:06.607+0000: 3.198: [ParNew
Desired survivor size 2621440 bytes, new threshold 1 (max 1)
- age   1:        352 bytes,        352 total
: 45089K->16K(46080K), 0.0616254 secs] 66272K->25295K(506880K), 0.0616950 secs] [Times: user=1.67 sys=0.01, real=0.06 secs] 
Heap after GC invocations=8 (full 1):
 par new generation   total 46080K, used 16K [0x00000000e0c00000, 0x00000000e3e00000, 0x00000000e3e00000)
  eden space 40960K,   0% used [0x00000000e0c00000, 0x00000000e0c00000, 0x00000000e3400000)
  from space 5120K,   0% used [0x00000000e3400000, 0x00000000e34043a0, 0x00000000e3900000)
  to   space 5120K,   0% used [0x00000000e3900000, 0x00000000e3900000, 0x00000000e3e00000)
 concurrent mark-sweep generation total 460800K, used 25278K [0x00000000e3e00000, 0x0000000100000000, 0x0000000100000000)
 Metaspace       used 30614K, capacity 31256K, committed 31372K, reserved 1077248K
  class space    used 3533K, capacity 3730K, committed 3780K, reserved 1048576K
}
2022-02-08T17:27:06.669+0000: 3.259: Total time for which application threads were stopped: 0.0618619 seconds, Stopping threads took: 0.0000232 seconds
{Heap before GC invocations=8 (full 1):
 par new generation   total 46080K, used 40976K [0x00000000e0c00000, 0x00000000e3e00000, 0x00000000e3e00000)
  eden space 40960K, 100% used [0x00000000e0c00000, 0x00000000e3400000, 0x00000000e3400000)
  from space 5120K,   0% used [0x00000000e3400000, 0x00000000e34043a0, 0x00000000e3900000)
  to   space 5120K,   0% used [0x00000000e3900000, 0x00000000e3900000, 0x00000000e3e00000)
 concurrent mark-sweep generation total 460800K, used 25278K [0x00000000e3e00000, 0x0000000100000000, 0x0000000100000000)
 Metaspace       used 30614K, capacity 31256K, committed 31372K, reserved 1077248K
  class space    used 3533K, capacity 3730K, committed 3780K, reserved 1048576K
2022-02-08T17:27:06.713+0000: 3.304: [GC (Allocation Failure) 2022-02-08T17:27:06.713+0000: 3.304: [ParNew
Desired survivor size 2621440 bytes, new threshold 1 (max 1)
- age   1:        128 bytes,        128 total
: 40976K->4K(46080K), 0.0020550 secs] 66255K->25282K(506880K), 0.0021318 secs] [Times: user=0.00 sys=0.03, real=0.00 secs] 
Heap after GC invocations=9 (full 1):
 par new generation   total 46080K, used 4K [0x00000000e0c00000, 0x00000000e3e00000, 0x00000000e3e00000)
  eden space 40960K,   0% used [0x00000000e0c00000, 0x00000000e0c00000, 0x00000000e3400000)
  from space 5120K,   0% used [0x00000000e3900000, 0x00000000e3901020, 0x00000000e3e00000)
  to   space 5120K,   0% used [0x00000000e3400000, 0x00000000e3400000, 0x00000000e3900000)
 concurrent mark-sweep generation total 460800K, used 25278K [0x00000000e3e00000, 0x0000000100000000, 0x0000000100000000)
 Metaspace       used 30614K, capacity 31256K, committed 31372K, reserved 1077248K
  class space    used 3533K, capacity 3730K, committed 3780K, reserved 1048576K
}
2022-02-08T17:27:06.715+0000: 3.306: Total time for which application threads were stopped: 0.0023324 seconds, Stopping threads took: 0.0000267 seconds
2022-02-08T17:27:06.777+0000: 3.368: Total time for which application threads were stopped: 0.0004980 seconds, Stopping threads took: 0.0000243 seconds
{Heap before GC invocations=9 (full 1):
 par new generation   total 46080K, used 40964K [0x00000000e0c00000, 0x00000000e3e00000, 0x00000000e3e00000)
  eden space 40960K, 100% used [0x00000000e0c00000, 0x00000000e3400000, 0x00000000e3400000)
  from space 5120K,   0% used [0x00000000e3900000, 0x00000000e3901020, 0x00000000e3e00000)
  to   space 5120K,   0% used [0x00000000e3400000, 0x00000000e3400000, 0x00000000e3900000)
 concurrent mark-sweep generation total 460800K, used 25278K [0x00000000e3e00000, 0x0000000100000000, 0x0000000100000000)
 Metaspace       used 31726K, capacity 32462K, committed 32524K, reserved 1077248K
  class space    used 3673K, capacity 3891K, committed 3908K, reserved 1048576K
2022-02-08T17:27:06.877+0000: 3.468: [GC (Allocation Failure) 2022-02-08T17:27:06.877+0000: 3.468: [ParNew
Desired survivor size 2621440 bytes, new threshold 1 (max 1)
- age   1:    1373440 bytes,    1373440 total
: 40964K->1384K(46080K), 0.1200803 secs] 66242K->34855K(506880K), 0.1201609 secs] [Times: user=3.20 sys=0.04, real=0.12 secs] 
Heap after GC invocations=10 (full 1):
 par new generation   total 46080K, used 1384K [0x00000000e0c00000, 0x00000000e3e00000, 0x00000000e3e00000)
  eden space 40960K,   0% used [0x00000000e0c00000, 0x00000000e0c00000, 0x00000000e3400000)
  from space 5120K,  27% used [0x00000000e3400000, 0x00000000e355a218, 0x00000000e3900000)
  to   space 5120K,   0% used [0x00000000e3900000, 0x00000000e3900000, 0x00000000e3e00000)
 concurrent mark-sweep generation total 460800K, used 33470K [0x00000000e3e00000, 0x0000000100000000, 0x0000000100000000)
 Metaspace       used 31726K, capacity 32462K, committed 32524K, reserved 1077248K
  class space    used 3673K, capacity 3891K, committed 3908K, reserved 1048576K
}
2022-02-08T17:27:06.997+0000: 3.588: Total time for which application threads were stopped: 0.1204471 seconds, Stopping threads took: 0.0000304 seconds
{Heap before GC invocations=10 (full 1):
 par new generation   total 46080K, used 42344K [0x00000000e0c00000, 0x00000000e3e00000, 0x00000000e3e00000)
  eden space 40960K, 100% used [0x00000000e0c00000, 0x00000000e3400000, 0x00000000e3400000)
  from space 5120K,  27% used [0x00000000e3400000, 0x00000000e355a218, 0x00000000e3900000)
  to   space 5120K,   0% used [0x00000000e3900000, 0x00000000e3900000, 0x00000000e3e00000)
 concurrent mark-sweep generation total 460800K, used 33470K [0x00000000e3e00000, 0x0000000100000000, 0x0000000100000000)
 Metaspace       used 32019K, capacity 32824K, committed 33036K, reserved 1079296K
  class space    used 3692K, capacity 3898K, committed 3908K, reserved 1048576K
2022-02-08T17:27:07.141+0000: 3.732: [GC (Allocation Failure) 2022-02-08T17:27:07.141+0000: 3.732: [ParNew
Desired survivor size 2621440 bytes, new threshold 1 (max 1)
- age   1:    5223328 bytes,    5223328 total
: 42344K->5120K(46080K), 0.0094833 secs] 75815K->40175K(506880K), 0.0095677 secs] [Times: user=0.12 sys=0.02, real=0.01 secs] 
Heap after GC invocations=11 (full 1):
 par new generation   total 46080K, used 5120K [0x00000000e0c00000, 0x00000000e3e00000, 0x00000000e3e00000)
  eden space 40960K,   0% used [0x00000000e0c00000, 0x00000000e0c00000, 0x00000000e3400000)
  from space 5120K, 100% used [0x00000000e3900000, 0x00000000e3e00000, 0x00000000e3e00000)
  to   space 5120K,   0% used [0x00000000e3400000, 0x00000000e3400000, 0x00000000e3900000)
 concurrent mark-sweep generation total 460800K, used 35055K [0x00000000e3e00000, 0x0000000100000000, 0x0000000100000000)
 Metaspace       used 32019K, capacity 32824K, committed 33036K, reserved 1079296K
  class space    used 3692K, capacity 3898K, committed 3908K, reserved 1048576K
}
2022-02-08T17:27:07.151+0000: 3.742: Total time for which application threads were stopped: 0.0098330 seconds, Stopping threads took: 0.0000370 seconds
2022-02-08T17:27:07.437+0000: 4.028: Total time for which application threads were stopped: 0.0014382 seconds, Stopping threads took: 0.0000293 seconds
{Heap before GC invocations=11 (full 1):
 par new generation   total 46080K, used 46080K [0x00000000e0c00000, 0x00000000e3e00000, 0x00000000e3e00000)
  eden space 40960K, 100% used [0x00000000e0c00000, 0x00000000e3400000, 0x00000000e3400000)
  from space 5120K, 100% used [0x00000000e3900000, 0x00000000e3e00000, 0x00000000e3e00000)
  to   space 5120K,   0% used [0x00000000e3400000, 0x00000000e3400000, 0x00000000e3900000)
 concurrent mark-sweep generation total 460800K, used 35055K [0x00000000e3e00000, 0x0000000100000000, 0x0000000100000000)
 Metaspace       used 36115K, capacity 36954K, committed 37260K, reserved 1081344K
  class space    used 4970K, capacity 5209K, committed 5316K, reserved 1048576K
2022-02-08T17:27:07.549+0000: 4.140: [GC (Allocation Failure) 2022-02-08T17:27:07.549+0000: 4.140: [ParNew
Desired survivor size 2621440 bytes, new threshold 1 (max 1)
- age   1:    3635816 bytes,    3635816 total
: 46080K->5120K(46080K), 0.0218509 secs] 81135K->47797K(506880K), 0.0219278 secs] [Times: user=0.14 sys=0.02, real=0.02 secs] 
Heap after GC invocations=12 (full 1):
 par new generation   total 46080K, used 5120K [0x00000000e0c00000, 0x00000000e3e00000, 0x00000000e3e00000)
  eden space 40960K,   0% used [0x00000000e0c00000, 0x00000000e0c00000, 0x00000000e3400000)
  from space 5120K, 100% used [0x00000000e3400000, 0x00000000e3900000, 0x00000000e3900000)
  to   space 5120K,   0% used [0x00000000e3900000, 0x00000000e3900000, 0x00000000e3e00000)
 concurrent mark-sweep generation total 460800K, used 42677K [0x00000000e3e00000, 0x0000000100000000, 0x0000000100000000)
 Metaspace       used 36115K, capacity 36954K, committed 37260K, reserved 1081344K
  class space    used 4970K, capacity 5209K, committed 5316K, reserved 1048576K
}
2022-02-08T17:27:07.571+0000: 4.162: Total time for which application threads were stopped: 0.0222314 seconds, Stopping threads took: 0.0000541 seconds
2022-02-08T17:27:07.880+0000: 4.471: Total time for which application threads were stopped: 0.0003120 seconds, Stopping threads took: 0.0000760 seconds
{Heap before GC invocations=12 (full 1):
 par new generation   total 46080K, used 46080K [0x00000000e0c00000, 0x00000000e3e00000, 0x00000000e3e00000)
  eden space 40960K, 100% used [0x00000000e0c00000, 0x00000000e3400000, 0x00000000e3400000)
  from space 5120K, 100% used [0x00000000e3400000, 0x00000000e3900000, 0x00000000e3900000)
  to   space 5120K,   0% used [0x00000000e3900000, 0x00000000e3900000, 0x00000000e3e00000)
 concurrent mark-sweep generation total 460800K, used 42677K [0x00000000e3e00000, 0x0000000100000000, 0x0000000100000000)
 Metaspace       used 38944K, capacity 40042K, committed 40204K, reserved 1083392K
  class space    used 5299K, capacity 5582K, committed 5700K, reserved 1048576K
2022-02-08T17:27:07.928+0000: 4.519: [GC (Allocation Failure) 2022-02-08T17:27:07.928+0000: 4.519: [ParNew
Desired survivor size 2621440 bytes, new threshold 1 (max 1)
- age   1:    3556752 bytes,    3556752 total
: 46080K->5120K(46080K), 0.0131900 secs] 88757K->62273K(506880K), 0.0133208 secs] [Times: user=0.16 sys=0.01, real=0.01 secs] 
Heap after GC invocations=13 (full 1):
 par new generation   total 46080K, used 5120K [0x00000000e0c00000, 0x00000000e3e00000, 0x00000000e3e00000)
  eden space 40960K,   0% used [0x00000000e0c00000, 0x00000000e0c00000, 0x00000000e3400000)
  from space 5120K, 100% used [0x00000000e3900000, 0x00000000e3e00000, 0x00000000e3e00000)
  to   space 5120K,   0% used [0x00000000e3400000, 0x00000000e3400000, 0x00000000e3900000)
 concurrent mark-sweep generation total 460800K, used 57153K [0x00000000e3e00000, 0x0000000100000000, 0x0000000100000000)
 Metaspace       used 38944K, capacity 40042K, committed 40204K, reserved 1083392K
  class space    used 5299K, capacity 5582K, committed 5700K, reserved 1048576K
}
2022-02-08T17:27:07.942+0000: 4.533: Total time for which application threads were stopped: 0.0137435 seconds, Stopping threads took: 0.0000651 seconds
2022-02-08T17:27:07.989+0000: 4.580: Total time for which application threads were stopped: 0.0008938 seconds, Stopping threads took: 0.0000554 seconds
2022-02-08T17:27:07.991+0000: 4.582: Total time for which application threads were stopped: 0.0005551 seconds, Stopping threads took: 0.0000308 seconds
2022-02-08T17:27:08.010+0000: 4.601: Total time for which application threads were stopped: 0.0008644 seconds, Stopping threads took: 0.0000477 seconds
2022-02-08T17:27:08.015+0000: 4.606: Total time for which application threads were stopped: 0.0007100 seconds, Stopping threads took: 0.0000346 seconds
2022-02-08T17:27:08.252+0000: 4.843: Total time for which application threads were stopped: 0.0007322 seconds, Stopping threads took: 0.0000348 seconds
2022-02-08T17:27:08.754+0000: 5.345: Total time for which application threads were stopped: 0.0009203 seconds, Stopping threads took: 0.0000410 seconds
2022-02-08T17:27:08.854+0000: 5.445: Total time for which application threads were stopped: 0.0009443 seconds, Stopping threads took: 0.0000359 seconds
2022-02-08T17:27:08.931+0000: 5.522: Total time for which application threads were stopped: 0.0004609 seconds, Stopping threads took: 0.0000286 seconds
{Heap before GC invocations=13 (full 1):
 par new generation   total 46080K, used 46080K [0x00000000e0c00000, 0x00000000e3e00000, 0x00000000e3e00000)
  eden space 40960K, 100% used [0x00000000e0c00000, 0x00000000e3400000, 0x00000000e3400000)
  from space 5120K, 100% used [0x00000000e3900000, 0x00000000e3e00000, 0x00000000e3e00000)
  to   space 5120K,   0% used [0x00000000e3400000, 0x00000000e3400000, 0x00000000e3900000)
 concurrent mark-sweep generation total 460800K, used 57153K [0x00000000e3e00000, 0x0000000100000000, 0x0000000100000000)
 Metaspace       used 43013K, capacity 44404K, committed 44552K, reserved 1087488K
  class space    used 5870K, capacity 6286K, committed 6340K, reserved 1048576K
2022-02-08T17:27:08.957+0000: 5.548: [GC (Allocation Failure) 2022-02-08T17:27:08.957+0000: 5.548: [ParNew
Desired survivor size 2621440 bytes, new threshold 1 (max 1)
- age   1:    4788928 bytes,    4788928 total
: 46080K->5120K(46080K), 0.0243770 secs] 103233K->68809K(506880K), 0.0244890 secs] [Times: user=0.11 sys=0.02, real=0.03 secs] 
Heap after GC invocations=14 (full 1):
 par new generation   total 46080K, used 5120K [0x00000000e0c00000, 0x00000000e3e00000, 0x00000000e3e00000)
  eden space 40960K,   0% used [0x00000000e0c00000, 0x00000000e0c00000, 0x00000000e3400000)
  from space 5120K, 100% used [0x00000000e3400000, 0x00000000e3900000, 0x00000000e3900000)
  to   space 5120K,   0% used [0x00000000e3900000, 0x00000000e3900000, 0x00000000e3e00000)
 concurrent mark-sweep generation total 460800K, used 63689K [0x00000000e3e00000, 0x0000000100000000, 0x0000000100000000)
 Metaspace       used 43013K, capacity 44404K, committed 44552K, reserved 1087488K
  class space    used 5870K, capacity 6286K, committed 6340K, reserved 1048576K
}
2022-02-08T17:27:08.982+0000: 5.573: Total time for which application threads were stopped: 0.0248097 seconds, Stopping threads took: 0.0000254 seconds
2022-02-08T17:27:08.982+0000: 5.573: [GC (CMS Initial Mark) [1 CMS-initial-mark: 63689K(460800K)] 69221K(506880K), 0.0022705 secs] [Times: user=0.01 sys=0.00, real=0.00 secs] 
2022-02-08T17:27:08.984+0000: 5.575: Total time for which application threads were stopped: 0.0025582 seconds, Stopping threads took: 0.0000921 seconds
2022-02-08T17:27:08.984+0000: 5.575: [CMS-concurrent-mark-start]
2022-02-08T17:27:08.985+0000: 5.576: Total time for which application threads were stopped: 0.0003033 seconds, Stopping threads took: 0.0000655 seconds
2022-02-08T17:27:08.998+0000: 5.589: [CMS-concurrent-mark: 0.012/0.014 secs] [Times: user=0.11 sys=0.00, real=0.01 secs] 
2022-02-08T17:27:08.998+0000: 5.589: [CMS-concurrent-preclean-start]
2022-02-08T17:27:09.000+0000: 5.591: [CMS-concurrent-preclean: 0.002/0.002 secs] [Times: user=0.00 sys=0.00, real=0.01 secs] 
2022-02-08T17:27:09.000+0000: 5.591: [GC (CMS Final Remark) [YG occupancy: 6973 K (46080 K)]2022-02-08T17:27:09.000+0000: 5.591: [Rescan (parallel) , 0.0030525 secs]2022-02-08T17:27:09.003+0000: 5.594: [weak refs processing, 0.0007899 secs]2022-02-08T17:27:09.004+0000: 5.595: [class unloading, 0.0100648 secs]2022-02-08T17:27:09.014+0000: 5.605: [scrub symbol table, 0.0057349 secs]2022-02-08T17:27:09.020+0000: 5.611: [scrub string table, 0.0009673 secs][1 CMS-remark: 63689K(460800K)] 70662K(506880K), 0.0207651 secs] [Times: user=0.03 sys=0.00, real=0.02 secs] 
2022-02-08T17:27:09.021+0000: 5.612: Total time for which application threads were stopped: 0.0209632 seconds, Stopping threads took: 0.0000734 seconds
2022-02-08T17:27:09.021+0000: 5.612: [CMS-concurrent-sweep-start]
2022-02-08T17:27:09.054+0000: 5.645: [CMS-concurrent-sweep: 0.032/0.032 secs] [Times: user=0.06 sys=0.01, real=0.03 secs] 
2022-02-08T17:27:09.054+0000: 5.645: [CMS-concurrent-reset-start]
2022-02-08T17:27:09.055+0000: 5.646: [CMS-concurrent-reset: 0.001/0.001 secs] [Times: user=0.00 sys=0.00, real=0.00 secs] 
2022-02-08T17:27:09.503+0000: 6.094: Total time for which application threads were stopped: 0.0004962 seconds, Stopping threads took: 0.0000760 seconds
2022-02-08T17:27:09.855+0000: 6.446: Total time for which application threads were stopped: 0.0010686 seconds, Stopping threads took: 0.0000408 seconds
2022-02-08T17:27:09.859+0000: 6.450: Total time for which application threads were stopped: 0.0005242 seconds, Stopping threads took: 0.0000256 seconds
{Heap before GC invocations=14 (full 2):
 par new generation   total 46080K, used 46069K [0x00000000e0c00000, 0x00000000e3e00000, 0x00000000e3e00000)
  eden space 40960K,  99% used [0x00000000e0c00000, 0x00000000e33fd710, 0x00000000e3400000)
  from space 5120K, 100% used [0x00000000e3400000, 0x00000000e3900000, 0x00000000e3900000)
  to   space 5120K,   0% used [0x00000000e3900000, 0x00000000e3900000, 0x00000000e3e00000)
 concurrent mark-sweep generation total 460800K, used 34568K [0x00000000e3e00000, 0x0000000100000000, 0x0000000100000000)
 Metaspace       used 45089K, capacity 46898K, committed 47060K, reserved 1089536K
  class space    used 6177K, capacity 6631K, committed 6724K, reserved 1048576K
2022-02-08T17:27:10.508+0000: 7.099: [GC (Allocation Failure) 2022-02-08T17:27:10.508+0000: 7.099: [ParNew
Desired survivor size 2621440 bytes, new threshold 1 (max 1)
- age   1:    3072736 bytes,    3072736 total
: 46069K->5120K(46080K), 0.0149119 secs] 80637K->47043K(506880K), 0.0150482 secs] [Times: user=0.12 sys=0.01, real=0.01 secs] 
Heap after GC invocations=15 (full 2):
 par new generation   total 46080K, used 5120K [0x00000000e0c00000, 0x00000000e3e00000, 0x00000000e3e00000)
  eden space 40960K,   0% used [0x00000000e0c00000, 0x00000000e0c00000, 0x00000000e3400000)
  from space 5120K, 100% used [0x00000000e3900000, 0x00000000e3e00000, 0x00000000e3e00000)
  to   space 5120K,   0% used [0x00000000e3400000, 0x00000000e3400000, 0x00000000e3900000)
 concurrent mark-sweep generation total 460800K, used 41923K [0x00000000e3e00000, 0x0000000100000000, 0x0000000100000000)
 Metaspace       used 45089K, capacity 46898K, committed 47060K, reserved 1089536K
  class space    used 6177K, capacity 6631K, committed 6724K, reserved 1048576K
}
2022-02-08T17:27:10.523+0000: 7.114: Total time for which application threads were stopped: 0.0155647 seconds, Stopping threads took: 0.0000539 seconds
2022-02-08T17:27:11.525+0000: 8.116: Total time for which application threads were stopped: 0.0012164 seconds, Stopping threads took: 0.0003806 seconds
2022-02-08T17:27:12.525+0000: 9.116: Total time for which application threads were stopped: 0.0003252 seconds, Stopping threads took: 0.0000527 seconds
{Heap before GC invocations=15 (full 2):
 par new generation   total 46080K, used 46080K [0x00000000e0c00000, 0x00000000e3e00000, 0x00000000e3e00000)
  eden space 40960K, 100% used [0x00000000e0c00000, 0x00000000e3400000, 0x00000000e3400000)
  from space 5120K, 100% used [0x00000000e3900000, 0x00000000e3e00000, 0x00000000e3e00000)
  to   space 5120K,   0% used [0x00000000e3400000, 0x00000000e3400000, 0x00000000e3900000)
 concurrent mark-sweep generation total 460800K, used 41923K [0x00000000e3e00000, 0x0000000100000000, 0x0000000100000000)
 Metaspace       used 45506K, capacity 47416K, committed 47572K, reserved 1089536K
  class space    used 6221K, capacity 6696K, committed 6724K, reserved 1048576K
2022-02-08T17:27:13.026+0000: 9.617: [GC (Allocation Failure) 2022-02-08T17:27:13.026+0000: 9.617: [ParNew
Desired survivor size 2621440 bytes, new threshold 1 (max 1)
- age   1:    4472584 bytes,    4472584 total
: 46080K->4934K(46080K), 0.0108367 secs] 88003K->48023K(506880K), 0.0109394 secs] [Times: user=0.13 sys=0.01, real=0.01 secs] 
Heap after GC invocations=16 (full 2):
 par new generation   total 46080K, used 4934K [0x00000000e0c00000, 0x00000000e3e00000, 0x00000000e3e00000)
  eden space 40960K,   0% used [0x00000000e0c00000, 0x00000000e0c00000, 0x00000000e3400000)
  from space 5120K,  96% used [0x00000000e3400000, 0x00000000e38d1b30, 0x00000000e3900000)
  to   space 5120K,   0% used [0x00000000e3900000, 0x00000000e3900000, 0x00000000e3e00000)
 concurrent mark-sweep generation total 460800K, used 43088K [0x00000000e3e00000, 0x0000000100000000, 0x0000000100000000)
 Metaspace       used 45506K, capacity 47416K, committed 47572K, reserved 1089536K
  class space    used 6221K, capacity 6696K, committed 6724K, reserved 1048576K
}
2022-02-08T17:27:13.037+0000: 9.628: Total time for which application threads were stopped: 0.0114171 seconds, Stopping threads took: 0.0000626 seconds
2022-02-08T17:27:14.024+0000: 10.615: Total time for which application threads were stopped: 0.0007612 seconds, Stopping threads took: 0.0001849 seconds
2022-02-08T17:27:14.117+0000: 10.708: Total time for which application threads were stopped: 0.0027395 seconds, Stopping threads took: 0.0000546 seconds
2022-02-08T17:27:15.118+0000: 11.709: Total time for which application threads were stopped: 0.0004519 seconds, Stopping threads took: 0.0000617 seconds
2022-02-08T17:27:17.118+0000: 13.709: Total time for which application threads were stopped: 0.0003950 seconds, Stopping threads took: 0.0000920 seconds
2022-02-08T17:27:18.119+0000: 14.710: Total time for which application threads were stopped: 0.0002050 seconds, Stopping threads took: 0.0000368 seconds
2022-02-08T17:27:19.119+0000: 15.710: Total time for which application threads were stopped: 0.0001907 seconds, Stopping threads took: 0.0000364 seconds
2022-02-08T17:27:24.120+0000: 20.711: Total time for which application threads were stopped: 0.0003631 seconds, Stopping threads took: 0.0000919 seconds
{Heap before GC invocations=16 (full 2):
 par new generation   total 46080K, used 45661K [0x00000000e0c00000, 0x00000000e3e00000, 0x00000000e3e00000)
  eden space 40960K,  99% used [0x00000000e0c00000, 0x00000000e33c5cc8, 0x00000000e3400000)
  from space 5120K,  96% used [0x00000000e3400000, 0x00000000e38d1b30, 0x00000000e3900000)
  to   space 5120K,   0% used [0x00000000e3900000, 0x00000000e3900000, 0x00000000e3e00000)
 concurrent mark-sweep generation total 460800K, used 43088K [0x00000000e3e00000, 0x0000000100000000, 0x0000000100000000)
 Metaspace       used 47719K, capacity 49982K, committed 50004K, reserved 1091584K
  class space    used 6547K, capacity 7101K, committed 7108K, reserved 1048576K
2022-02-08T17:27:24.240+0000: 20.831: [GC (Allocation Failure) 2022-02-08T17:27:24.240+0000: 20.831: [ParNew
Desired survivor size 2621440 bytes, new threshold 1 (max 1)
- age   1:    4401136 bytes,    4401136 total
: 45661K->5120K(46080K), 0.0235779 secs] 88750K->58045K(506880K), 0.0237784 secs] [Times: user=0.12 sys=0.05, real=0.02 secs] 
Heap after GC invocations=17 (full 2):
 par new generation   total 46080K, used 5120K [0x00000000e0c00000, 0x00000000e3e00000, 0x00000000e3e00000)
  eden space 40960K,   0% used [0x00000000e0c00000, 0x00000000e0c00000, 0x00000000e3400000)
  from space 5120K, 100% used [0x00000000e3900000, 0x00000000e3e00000, 0x00000000e3e00000)
  to   space 5120K,   0% used [0x00000000e3400000, 0x00000000e3400000, 0x00000000e3900000)
 concurrent mark-sweep generation total 460800K, used 52925K [0x00000000e3e00000, 0x0000000100000000, 0x0000000100000000)
 Metaspace       used 47719K, capacity 49982K, committed 50004K, reserved 1091584K
  class space    used 6547K, capacity 7101K, committed 7108K, reserved 1048576K
}
2022-02-08T17:27:24.264+0000: 20.855: Total time for which application threads were stopped: 0.0241880 seconds, Stopping threads took: 0.0000392 seconds
2022-02-08T17:27:24.270+0000: 20.861: Total time for which application threads were stopped: 0.0012972 seconds, Stopping threads took: 0.0001750 seconds
2022-02-08T17:27:25.213+0000: 21.804: Total time for which application threads were stopped: 0.0014000 seconds, Stopping threads took: 0.0004352 seconds
2022-02-08T17:27:26.214+0000: 22.805: Total time for which application threads were stopped: 0.0004739 seconds, Stopping threads took: 0.0000620 seconds
2022-02-08T17:27:26.335+0000: 22.926: Total time for which application threads were stopped: 0.0012580 seconds, Stopping threads took: 0.0000654 seconds
2022-02-08T17:27:27.336+0000: 23.927: Total time for which application threads were stopped: 0.0003977 seconds, Stopping threads took: 0.0000554 seconds
{Heap before GC invocations=17 (full 2):
 par new generation   total 46080K, used 45545K [0x00000000e0c00000, 0x00000000e3e00000, 0x00000000e3e00000)
  eden space 40960K,  98% used [0x00000000e0c00000, 0x00000000e337a770, 0x00000000e3400000)
  from space 5120K, 100% used [0x00000000e3900000, 0x00000000e3e00000, 0x00000000e3e00000)
  to   space 5120K,   0% used [0x00000000e3400000, 0x00000000e3400000, 0x00000000e3900000)
 concurrent mark-sweep generation total 460800K, used 52925K [0x00000000e3e00000, 0x0000000100000000, 0x0000000100000000)
 Metaspace       used 48983K, capacity 51666K, committed 51796K, reserved 1093632K
  class space    used 6740K, capacity 7351K, committed 7364K, reserved 1048576K
2022-02-08T17:27:27.542+0000: 24.133: [GC (Allocation Failure) 2022-02-08T17:27:27.542+0000: 24.133: [ParNew
Desired survivor size 2621440 bytes, new threshold 1 (max 1)
- age   1:    3738192 bytes,    3738192 total
: 45545K->5120K(46080K), 0.0194089 secs] 98471K->72453K(506880K), 0.0196098 secs] [Times: user=0.26 sys=0.05, real=0.02 secs] 
