OpenJDK 64-Bit Server VM (25.312-b07) for linux-amd64 JRE (1.8.0_312-8u312-b07-0ubuntu1~18.04-b07), built on Nov  3 2021 13:54:59 by "buildd" with gcc 7.5.0
Memory: 4k page, physical 164941188k(114223584k free), swap 3145724k(3145724k free)
CommandLine flags: -XX:+AlwaysPreTouch -XX:+CMSClassUnloadingEnabled -XX:+CMSEdenChunksRecordAlways -XX:CMSInitiatingOccupancyFraction=75 -XX:+CMSParallelInitialMarkEnabled -XX:+CMSParallelRemarkEnabled -XX:CMSWaitDuration=10000 -XX:CompileCommandFile=/tmp/dtest-4jd3e82j/test/node4/conf/hotspot_compiler -XX:GCLogFileSize=10485760 -XX:+HeapDumpOnOutOfMemoryError -XX:InitialHeapSize=524288000 -XX:InitialTenuringThreshold=1 -XX:+ManagementServer -XX:MaxHeapSize=524288000 -XX:MaxNewSize=52428800 -XX:MaxTenuringThreshold=1 -XX:NewSize=52428800 -XX:NumberOfGCLogFiles=10 -XX:OldPLABSize=16 -XX:OnOutOfMemoryError=kill -9 %p -XX:+PerfDisableSharedMem -XX:+PrintGC -XX:+PrintGCApplicationStoppedTime -XX:+PrintGCDateStamps -XX:+PrintGCDetails -XX:+PrintGCTimeStamps -XX:+PrintHeapAtGC -XX:+PrintPromotionFailure -XX:+PrintTenuringDistribution -XX:+ResizeTLAB -XX:SurvivorRatio=8 -XX:ThreadPriorityPolicy=42 -XX:ThreadStackSize=256 -XX:-UseBiasedLocking -XX:+UseCMSInitiatingOccupancyOnly -XX:+UseCompressedClassPointers -XX:+UseCompressedOops -XX:+UseConcMarkSweepGC -XX:+UseCondCardMark -XX:+UseGCLogFileRotation -XX:-UseNUMA -XX:+UseParNewGC -XX:+UseTLAB -XX:+UseThreadPriorities 
2022-02-07T22:09:07.184+0000: 0.534: Total time for which application threads were stopped: 0.0002060 seconds, Stopping threads took: 0.0000635 seconds
2022-02-07T22:09:07.244+0000: 0.594: Total time for which application threads were stopped: 0.0001275 seconds, Stopping threads took: 0.0000209 seconds
{Heap before GC invocations=0 (full 0):
 par new generation   total 46080K, used 40960K [0x00000000e0c00000, 0x00000000e3e00000, 0x00000000e3e00000)
  eden space 40960K, 100% used [0x00000000e0c00000, 0x00000000e3400000, 0x00000000e3400000)
  from space 5120K,   0% used [0x00000000e3400000, 0x00000000e3400000, 0x00000000e3900000)
  to   space 5120K,   0% used [0x00000000e3900000, 0x00000000e3900000, 0x00000000e3e00000)
 concurrent mark-sweep generation total 460800K, used 0K [0x00000000e3e00000, 0x0000000100000000, 0x0000000100000000)
 Metaspace       used 12570K, capacity 12710K, committed 13056K, reserved 1060864K
  class space    used 1433K, capacity 1485K, committed 1536K, reserved 1048576K
2022-02-07T22:09:07.575+0000: 0.925: [GC (Allocation Failure) 2022-02-07T22:09:07.575+0000: 0.925: [ParNew
Desired survivor size 2621440 bytes, new threshold 1 (max 1)
- age   1:    5113848 bytes,    5113848 total
: 40960K->5120K(46080K), 0.0083662 secs] 40960K->5547K(506880K), 0.0084789 secs] [Times: user=0.11 sys=0.00, real=0.01 secs] 
Heap after GC invocations=1 (full 0):
 par new generation   total 46080K, used 5120K [0x00000000e0c00000, 0x00000000e3e00000, 0x00000000e3e00000)
  eden space 40960K,   0% used [0x00000000e0c00000, 0x00000000e0c00000, 0x00000000e3400000)
  from space 5120K, 100% used [0x00000000e3900000, 0x00000000e3e00000, 0x00000000e3e00000)
  to   space 5120K,   0% used [0x00000000e3400000, 0x00000000e3400000, 0x00000000e3900000)
 concurrent mark-sweep generation total 460800K, used 427K [0x00000000e3e00000, 0x0000000100000000, 0x0000000100000000)
 Metaspace       used 12570K, capacity 12710K, committed 13056K, reserved 1060864K
  class space    used 1433K, capacity 1485K, committed 1536K, reserved 1048576K
}
2022-02-07T22:09:07.583+0000: 0.934: Total time for which application threads were stopped: 0.0088953 seconds, Stopping threads took: 0.0000287 seconds
2022-02-07T22:09:07.656+0000: 1.006: Total time for which application threads were stopped: 0.0002727 seconds, Stopping threads took: 0.0000213 seconds
2022-02-07T22:09:07.705+0000: 1.055: Total time for which application threads were stopped: 0.0003636 seconds, Stopping threads took: 0.0000189 seconds
2022-02-07T22:09:07.785+0000: 1.135: Total time for which application threads were stopped: 0.0002863 seconds, Stopping threads took: 0.0000238 seconds
2022-02-07T22:09:07.786+0000: 1.136: Total time for which application threads were stopped: 0.0001373 seconds, Stopping threads took: 0.0000200 seconds
2022-02-07T22:09:07.794+0000: 1.144: Total time for which application threads were stopped: 0.0001634 seconds, Stopping threads took: 0.0000257 seconds
2022-02-07T22:09:07.823+0000: 1.173: Total time for which application threads were stopped: 0.0001871 seconds, Stopping threads took: 0.0000276 seconds
2022-02-07T22:09:07.856+0000: 1.206: Total time for which application threads were stopped: 0.0002938 seconds, Stopping threads took: 0.0000450 seconds
2022-02-07T22:09:07.912+0000: 1.262: Total time for which application threads were stopped: 0.0002452 seconds, Stopping threads took: 0.0000204 seconds
2022-02-07T22:09:07.949+0000: 1.299: Total time for which application threads were stopped: 0.0002788 seconds, Stopping threads took: 0.0000260 seconds
{Heap before GC invocations=1 (full 0):
 par new generation   total 46080K, used 46080K [0x00000000e0c00000, 0x00000000e3e00000, 0x00000000e3e00000)
  eden space 40960K, 100% used [0x00000000e0c00000, 0x00000000e3400000, 0x00000000e3400000)
  from space 5120K, 100% used [0x00000000e3900000, 0x00000000e3e00000, 0x00000000e3e00000)
  to   space 5120K,   0% used [0x00000000e3400000, 0x00000000e3400000, 0x00000000e3900000)
 concurrent mark-sweep generation total 460800K, used 427K [0x00000000e3e00000, 0x0000000100000000, 0x0000000100000000)
 Metaspace       used 19240K, capacity 19488K, committed 19840K, reserved 1067008K
  class space    used 2248K, capacity 2360K, committed 2432K, reserved 1048576K
2022-02-07T22:09:07.987+0000: 1.337: [GC (Allocation Failure) 2022-02-07T22:09:07.987+0000: 1.337: [ParNew
Desired survivor size 2621440 bytes, new threshold 1 (max 1)
- age   1:    3928136 bytes,    3928136 total
: 46080K->5120K(46080K), 0.0565578 secs] 46507K->9523K(506880K), 0.0566558 secs] [Times: user=0.32 sys=0.05, real=0.05 secs] 
Heap after GC invocations=2 (full 0):
 par new generation   total 46080K, used 5120K [0x00000000e0c00000, 0x00000000e3e00000, 0x00000000e3e00000)
  eden space 40960K,   0% used [0x00000000e0c00000, 0x00000000e0c00000, 0x00000000e3400000)
  from space 5120K, 100% used [0x00000000e3400000, 0x00000000e3900000, 0x00000000e3900000)
  to   space 5120K,   0% used [0x00000000e3900000, 0x00000000e3900000, 0x00000000e3e00000)
 concurrent mark-sweep generation total 460800K, used 4403K [0x00000000e3e00000, 0x0000000100000000, 0x0000000100000000)
 Metaspace       used 19240K, capacity 19488K, committed 19840K, reserved 1067008K
  class space    used 2248K, capacity 2360K, committed 2432K, reserved 1048576K
}
2022-02-07T22:09:08.044+0000: 1.394: Total time for which application threads were stopped: 0.0568574 seconds, Stopping threads took: 0.0000142 seconds
2022-02-07T22:09:08.121+0000: 1.472: Total time for which application threads were stopped: 0.0003798 seconds, Stopping threads took: 0.0000349 seconds
2022-02-07T22:09:08.208+0000: 1.558: Total time for which application threads were stopped: 0.0004748 seconds, Stopping threads took: 0.0000396 seconds
2022-02-07T22:09:08.228+0000: 1.578: Total time for which application threads were stopped: 0.0002264 seconds, Stopping threads took: 0.0000196 seconds
2022-02-07T22:09:08.242+0000: 1.592: Total time for which application threads were stopped: 0.0001953 seconds, Stopping threads took: 0.0000187 seconds
2022-02-07T22:09:08.259+0000: 1.610: Total time for which application threads were stopped: 0.0002679 seconds, Stopping threads took: 0.0000196 seconds
2022-02-07T22:09:08.285+0000: 1.635: Total time for which application threads were stopped: 0.0003231 seconds, Stopping threads took: 0.0000259 seconds
2022-02-07T22:09:08.329+0000: 1.679: Total time for which application threads were stopped: 0.0001799 seconds, Stopping threads took: 0.0000193 seconds
2022-02-07T22:09:08.348+0000: 1.698: Total time for which application threads were stopped: 0.0002138 seconds, Stopping threads took: 0.0000182 seconds
2022-02-07T22:09:08.365+0000: 1.715: Total time for which application threads were stopped: 0.0002057 seconds, Stopping threads took: 0.0000103 seconds
2022-02-07T22:09:08.377+0000: 1.727: Total time for which application threads were stopped: 0.0001896 seconds, Stopping threads took: 0.0000112 seconds
2022-02-07T22:09:08.409+0000: 1.759: Total time for which application threads were stopped: 0.0002683 seconds, Stopping threads took: 0.0000194 seconds
2022-02-07T22:09:08.455+0000: 1.806: Total time for which application threads were stopped: 0.0003569 seconds, Stopping threads took: 0.0000250 seconds
2022-02-07T22:09:08.578+0000: 1.928: Total time for which application threads were stopped: 0.0002817 seconds, Stopping threads took: 0.0000242 seconds
2022-02-07T22:09:08.594+0000: 1.944: Total time for which application threads were stopped: 0.0002873 seconds, Stopping threads took: 0.0000246 seconds
2022-02-07T22:09:08.612+0000: 1.962: Total time for which application threads were stopped: 0.0002902 seconds, Stopping threads took: 0.0000239 seconds
{Heap before GC invocations=2 (full 0):
 par new generation   total 46080K, used 46080K [0x00000000e0c00000, 0x00000000e3e00000, 0x00000000e3e00000)
  eden space 40960K, 100% used [0x00000000e0c00000, 0x00000000e3400000, 0x00000000e3400000)
  from space 5120K, 100% used [0x00000000e3400000, 0x00000000e3900000, 0x00000000e3900000)
  to   space 5120K,   0% used [0x00000000e3900000, 0x00000000e3900000, 0x00000000e3e00000)
 concurrent mark-sweep generation total 460800K, used 4403K [0x00000000e3e00000, 0x0000000100000000, 0x0000000100000000)
 Metaspace       used 25253K, capacity 25556K, committed 25944K, reserved 1073152K
  class space    used 2876K, capacity 3012K, committed 3068K, reserved 1048576K
2022-02-07T22:09:08.616+0000: 1.966: [GC (Allocation Failure) 2022-02-07T22:09:08.616+0000: 1.966: [ParNew
Desired survivor size 2621440 bytes, new threshold 1 (max 1)
- age   1:    4589680 bytes,    4589680 total
: 46080K->5120K(46080K), 0.0199365 secs] 50483K->12605K(506880K), 0.0200247 secs] [Times: user=0.23 sys=0.03, real=0.02 secs] 
Heap after GC invocations=3 (full 0):
 par new generation   total 46080K, used 5120K [0x00000000e0c00000, 0x00000000e3e00000, 0x00000000e3e00000)
  eden space 40960K,   0% used [0x00000000e0c00000, 0x00000000e0c00000, 0x00000000e3400000)
  from space 5120K, 100% used [0x00000000e3900000, 0x00000000e3e00000, 0x00000000e3e00000)
  to   space 5120K,   0% used [0x00000000e3400000, 0x00000000e3400000, 0x00000000e3900000)
 concurrent mark-sweep generation total 460800K, used 7485K [0x00000000e3e00000, 0x0000000100000000, 0x0000000100000000)
 Metaspace       used 25253K, capacity 25556K, committed 25944K, reserved 1073152K
  class space    used 2876K, capacity 3012K, committed 3068K, reserved 1048576K
}
2022-02-07T22:09:08.636+0000: 1.987: Total time for which application threads were stopped: 0.0202641 seconds, Stopping threads took: 0.0000158 seconds
2022-02-07T22:09:08.637+0000: 1.987: [GC (CMS Initial Mark) [1 CMS-initial-mark: 7485K(460800K)] 13387K(506880K), 0.0014914 secs] [Times: user=0.00 sys=0.00, real=0.00 secs] 
2022-02-07T22:09:08.638+0000: 1.988: Total time for which application threads were stopped: 0.0016454 seconds, Stopping threads took: 0.0000407 seconds
2022-02-07T22:09:08.638+0000: 1.988: [CMS-concurrent-mark-start]
2022-02-07T22:09:08.643+0000: 1.993: [CMS-concurrent-mark: 0.005/0.005 secs] [Times: user=0.04 sys=0.01, real=0.01 secs] 
2022-02-07T22:09:08.643+0000: 1.993: [CMS-concurrent-preclean-start]
2022-02-07T22:09:08.645+0000: 1.996: [CMS-concurrent-preclean: 0.002/0.002 secs] [Times: user=0.01 sys=0.00, real=0.00 secs] 
2022-02-07T22:09:08.646+0000: 1.996: [GC (CMS Final Remark) [YG occupancy: 6074 K (46080 K)]2022-02-07T22:09:08.646+0000: 1.996: [Rescan (parallel) , 0.0013062 secs]2022-02-07T22:09:08.647+0000: 1.997: [weak refs processing, 0.0002149 secs]2022-02-07T22:09:08.647+0000: 1.997: [class unloading, 0.0105322 secs]2022-02-07T22:09:08.658+0000: 2.008: [scrub symbol table, 0.0045281 secs]2022-02-07T22:09:08.662+0000: 2.012: [scrub string table, 0.0005801 secs][1 CMS-remark: 7485K(460800K)] 13560K(506880K), 0.0173380 secs] [Times: user=0.04 sys=0.02, real=0.02 secs] 
2022-02-07T22:09:08.663+0000: 2.013: Total time for which application threads were stopped: 0.0175270 seconds, Stopping threads took: 0.0001158 seconds
2022-02-07T22:09:08.663+0000: 2.013: [CMS-concurrent-sweep-start]
2022-02-07T22:09:08.667+0000: 2.018: [CMS-concurrent-sweep: 0.004/0.004 secs] [Times: user=0.01 sys=0.00, real=0.01 secs] 
2022-02-07T22:09:08.667+0000: 2.018: [CMS-concurrent-reset-start]
2022-02-07T22:09:08.672+0000: 2.023: [CMS-concurrent-reset: 0.005/0.005 secs] [Times: user=0.01 sys=0.00, real=0.00 secs] 
2022-02-07T22:09:08.744+0000: 2.094: Total time for which application threads were stopped: 0.0004130 seconds, Stopping threads took: 0.0000422 seconds
2022-02-07T22:09:08.779+0000: 2.129: Total time for which application threads were stopped: 0.0003353 seconds, Stopping threads took: 0.0000246 seconds
2022-02-07T22:09:08.788+0000: 2.138: Total time for which application threads were stopped: 0.0002445 seconds, Stopping threads took: 0.0000295 seconds
2022-02-07T22:09:08.820+0000: 2.170: Total time for which application threads were stopped: 0.0003275 seconds, Stopping threads took: 0.0000308 seconds
2022-02-07T22:09:08.828+0000: 2.178: Total time for which application threads were stopped: 0.0002725 seconds, Stopping threads took: 0.0000302 seconds
2022-02-07T22:09:08.828+0000: 2.178: Total time for which application threads were stopped: 0.0002198 seconds, Stopping threads took: 0.0000231 seconds
2022-02-07T22:09:08.930+0000: 2.280: Total time for which application threads were stopped: 0.0021206 seconds, Stopping threads took: 0.0000699 seconds
{Heap before GC invocations=3 (full 1):
 par new generation   total 46080K, used 46080K [0x00000000e0c00000, 0x00000000e3e00000, 0x00000000e3e00000)
  eden space 40960K, 100% used [0x00000000e0c00000, 0x00000000e3400000, 0x00000000e3400000)
  from space 5120K, 100% used [0x00000000e3900000, 0x00000000e3e00000, 0x00000000e3e00000)
  to   space 5120K,   0% used [0x00000000e3400000, 0x00000000e3400000, 0x00000000e3900000)
 concurrent mark-sweep generation total 460800K, used 5554K [0x00000000e3e00000, 0x0000000100000000, 0x0000000100000000)
 Metaspace       used 30728K, capacity 31424K, committed 31708K, reserved 1077248K
  class space    used 3544K, capacity 3766K, committed 3836K, reserved 1048576K
2022-02-07T22:09:09.234+0000: 2.584: [GC (Allocation Failure) 2022-02-07T22:09:09.234+0000: 2.584: [ParNew
Desired survivor size 2621440 bytes, new threshold 1 (max 1)
- age   1:    5205376 bytes,    5205376 total
: 46080K->5120K(46080K), 0.0416238 secs] 51634K->17750K(506880K), 0.0417233 secs] [Times: user=0.31 sys=0.05, real=0.04 secs] 
Heap after GC invocations=4 (full 1):
 par new generation   total 46080K, used 5120K [0x00000000e0c00000, 0x00000000e3e00000, 0x00000000e3e00000)
  eden space 40960K,   0% used [0x00000000e0c00000, 0x00000000e0c00000, 0x00000000e3400000)
  from space 5120K, 100% used [0x00000000e3400000, 0x00000000e3900000, 0x00000000e3900000)
  to   space 5120K,   0% used [0x00000000e3900000, 0x00000000e3900000, 0x00000000e3e00000)
 concurrent mark-sweep generation total 460800K, used 12630K [0x00000000e3e00000, 0x0000000100000000, 0x0000000100000000)
 Metaspace       used 30728K, capacity 31424K, committed 31708K, reserved 1077248K
  class space    used 3544K, capacity 3766K, committed 3836K, reserved 1048576K
}
2022-02-07T22:09:09.276+0000: 2.626: Total time for which application threads were stopped: 0.0421784 seconds, Stopping threads took: 0.0000419 seconds
{Heap before GC invocations=4 (full 1):
 par new generation   total 46080K, used 46080K [0x00000000e0c00000, 0x00000000e3e00000, 0x00000000e3e00000)
  eden space 40960K, 100% used [0x00000000e0c00000, 0x00000000e3400000, 0x00000000e3400000)
  from space 5120K, 100% used [0x00000000e3400000, 0x00000000e3900000, 0x00000000e3900000)
  to   space 5120K,   0% used [0x00000000e3900000, 0x00000000e3900000, 0x00000000e3e00000)
 concurrent mark-sweep generation total 460800K, used 12630K [0x00000000e3e00000, 0x0000000100000000, 0x0000000100000000)
 Metaspace       used 30753K, capacity 31424K, committed 31708K, reserved 1077248K
  class space    used 3545K, capacity 3766K, committed 3836K, reserved 1048576K
2022-02-07T22:09:09.452+0000: 2.802: [GC (Allocation Failure) 2022-02-07T22:09:09.452+0000: 2.802: [ParNew
Desired survivor size 2621440 bytes, new threshold 1 (max 1)
- age   1:    3667424 bytes,    3667424 total
: 46080K->5120K(46080K), 0.0199626 secs] 58710K->23281K(506880K), 0.0200878 secs] [Times: user=0.22 sys=0.01, real=0.02 secs] 
Heap after GC invocations=5 (full 1):
 par new generation   total 46080K, used 5120K [0x00000000e0c00000, 0x00000000e3e00000, 0x00000000e3e00000)
  eden space 40960K,   0% used [0x00000000e0c00000, 0x00000000e0c00000, 0x00000000e3400000)
  from space 5120K, 100% used [0x00000000e3900000, 0x00000000e3e00000, 0x00000000e3e00000)
  to   space 5120K,   0% used [0x00000000e3400000, 0x00000000e3400000, 0x00000000e3900000)
 concurrent mark-sweep generation total 460800K, used 18161K [0x00000000e3e00000, 0x0000000100000000, 0x0000000100000000)
 Metaspace       used 30753K, capacity 31424K, committed 31708K, reserved 1077248K
  class space    used 3545K, capacity 3766K, committed 3836K, reserved 1048576K
}
2022-02-07T22:09:09.472+0000: 2.822: Total time for which application threads were stopped: 0.0204491 seconds, Stopping threads took: 0.0000456 seconds
{Heap before GC invocations=5 (full 1):
 par new generation   total 46080K, used 46080K [0x00000000e0c00000, 0x00000000e3e00000, 0x00000000e3e00000)
  eden space 40960K, 100% used [0x00000000e0c00000, 0x00000000e3400000, 0x00000000e3400000)
  from space 5120K, 100% used [0x00000000e3900000, 0x00000000e3e00000, 0x00000000e3e00000)
  to   space 5120K,   0% used [0x00000000e3400000, 0x00000000e3400000, 0x00000000e3900000)
 concurrent mark-sweep generation total 460800K, used 18161K [0x00000000e3e00000, 0x0000000100000000, 0x0000000100000000)
 Metaspace       used 30778K, capacity 31488K, committed 31708K, reserved 1077248K
  class space    used 3545K, capacity 3766K, committed 3836K, reserved 1048576K
2022-02-07T22:09:09.555+0000: 2.905: [GC (Allocation Failure) 2022-02-07T22:09:09.555+0000: 2.905: [ParNew
Desired survivor size 2621440 bytes, new threshold 1 (max 1)
- age   1:    2097464 bytes,    2097464 total
: 46080K->2583K(46080K), 0.0278219 secs] 64241K->24086K(506880K), 0.0279422 secs] [Times: user=0.44 sys=0.02, real=0.03 secs] 
Heap after GC invocations=6 (full 1):
 par new generation   total 46080K, used 2583K [0x00000000e0c00000, 0x00000000e3e00000, 0x00000000e3e00000)
  eden space 40960K,   0% used [0x00000000e0c00000, 0x00000000e0c00000, 0x00000000e3400000)
  from space 5120K,  50% used [0x00000000e3400000, 0x00000000e3685ee0, 0x00000000e3900000)
  to   space 5120K,   0% used [0x00000000e3900000, 0x00000000e3900000, 0x00000000e3e00000)
 concurrent mark-sweep generation total 460800K, used 21502K [0x00000000e3e00000, 0x0000000100000000, 0x0000000100000000)
 Metaspace       used 30778K, capacity 31488K, committed 31708K, reserved 1077248K
  class space    used 3545K, capacity 3766K, committed 3836K, reserved 1048576K
}
2022-02-07T22:09:09.583+0000: 2.933: Total time for which application threads were stopped: 0.0283328 seconds, Stopping threads took: 0.0000695 seconds
{Heap before GC invocations=6 (full 1):
 par new generation   total 46080K, used 43543K [0x00000000e0c00000, 0x00000000e3e00000, 0x00000000e3e00000)
  eden space 40960K, 100% used [0x00000000e0c00000, 0x00000000e3400000, 0x00000000e3400000)
  from space 5120K,  50% used [0x00000000e3400000, 0x00000000e3685ee0, 0x00000000e3900000)
  to   space 5120K,   0% used [0x00000000e3900000, 0x00000000e3900000, 0x00000000e3e00000)
 concurrent mark-sweep generation total 460800K, used 21502K [0x00000000e3e00000, 0x0000000100000000, 0x0000000100000000)
 Metaspace       used 30779K, capacity 31488K, committed 31708K, reserved 1077248K
  class space    used 3545K, capacity 3766K, committed 3836K, reserved 1048576K
2022-02-07T22:09:09.643+0000: 2.993: [GC (Allocation Failure) 2022-02-07T22:09:09.643+0000: 2.993: [ParNew
Desired survivor size 2621440 bytes, new threshold 1 (max 1)
- age   1:    4194416 bytes,    4194416 total
: 43543K->4149K(46080K), 0.0323209 secs] 65046K->25652K(506880K), 0.0324113 secs] [Times: user=0.91 sys=0.00, real=0.03 secs] 
Heap after GC invocations=7 (full 1):
 par new generation   total 46080K, used 4149K [0x00000000e0c00000, 0x00000000e3e00000, 0x00000000e3e00000)
  eden space 40960K,   0% used [0x00000000e0c00000, 0x00000000e0c00000, 0x00000000e3400000)
  from space 5120K,  81% used [0x00000000e3900000, 0x00000000e3d0d650, 0x00000000e3e00000)
  to   space 5120K,   0% used [0x00000000e3400000, 0x00000000e3400000, 0x00000000e3900000)
 concurrent mark-sweep generation total 460800K, used 21502K [0x00000000e3e00000, 0x0000000100000000, 0x0000000100000000)
 Metaspace       used 30779K, capacity 31488K, committed 31708K, reserved 1077248K
  class space    used 3545K, capacity 3766K, committed 3836K, reserved 1048576K
}
2022-02-07T22:09:09.676+0000: 3.026: Total time for which application threads were stopped: 0.0327180 seconds, Stopping threads took: 0.0000534 seconds
{Heap before GC invocations=7 (full 1):
 par new generation   total 46080K, used 45109K [0x00000000e0c00000, 0x00000000e3e00000, 0x00000000e3e00000)
  eden space 40960K, 100% used [0x00000000e0c00000, 0x00000000e3400000, 0x00000000e3400000)
  from space 5120K,  81% used [0x00000000e3900000, 0x00000000e3d0d650, 0x00000000e3e00000)
  to   space 5120K,   0% used [0x00000000e3400000, 0x00000000e3400000, 0x00000000e3900000)
 concurrent mark-sweep generation total 460800K, used 21502K [0x00000000e3e00000, 0x0000000100000000, 0x0000000100000000)
 Metaspace       used 30779K, capacity 31488K, committed 31708K, reserved 1077248K
  class space    used 3545K, capacity 3766K, committed 3836K, reserved 1048576K
2022-02-07T22:09:09.723+0000: 3.073: [GC (Allocation Failure) 2022-02-07T22:09:09.723+0000: 3.073: [ParNew
Desired survivor size 2621440 bytes, new threshold 1 (max 1)
- age   1:        136 bytes,        136 total
: 45109K->26K(46080K), 0.0507249 secs] 66612K->25625K(506880K), 0.0508085 secs] [Times: user=1.35 sys=0.02, real=0.05 secs] 
Heap after GC invocations=8 (full 1):
 par new generation   total 46080K, used 26K [0x00000000e0c00000, 0x00000000e3e00000, 0x00000000e3e00000)
  eden space 40960K,   0% used [0x00000000e0c00000, 0x00000000e0c00000, 0x00000000e3400000)
  from space 5120K,   0% used [0x00000000e3400000, 0x00000000e3406b20, 0x00000000e3900000)
  to   space 5120K,   0% used [0x00000000e3900000, 0x00000000e3900000, 0x00000000e3e00000)
 concurrent mark-sweep generation total 460800K, used 25598K [0x00000000e3e00000, 0x0000000100000000, 0x0000000100000000)
 Metaspace       used 30779K, capacity 31488K, committed 31708K, reserved 1077248K
  class space    used 3545K, capacity 3766K, committed 3836K, reserved 1048576K
}
2022-02-07T22:09:09.774+0000: 3.124: Total time for which application threads were stopped: 0.0510801 seconds, Stopping threads took: 0.0000376 seconds
{Heap before GC invocations=8 (full 1):
 par new generation   total 46080K, used 40986K [0x00000000e0c00000, 0x00000000e3e00000, 0x00000000e3e00000)
  eden space 40960K, 100% used [0x00000000e0c00000, 0x00000000e3400000, 0x00000000e3400000)
  from space 5120K,   0% used [0x00000000e3400000, 0x00000000e3406b20, 0x00000000e3900000)
  to   space 5120K,   0% used [0x00000000e3900000, 0x00000000e3900000, 0x00000000e3e00000)
 concurrent mark-sweep generation total 460800K, used 25598K [0x00000000e3e00000, 0x0000000100000000, 0x0000000100000000)
 Metaspace       used 30779K, capacity 31488K, committed 31708K, reserved 1077248K
  class space    used 3545K, capacity 3766K, committed 3836K, reserved 1048576K
2022-02-07T22:09:09.820+0000: 3.170: [GC (Allocation Failure) 2022-02-07T22:09:09.820+0000: 3.170: [ParNew
Desired survivor size 2621440 bytes, new threshold 1 (max 1)
- age   1:         96 bytes,         96 total
: 40986K->4K(46080K), 0.0029480 secs] 66585K->25602K(506880K), 0.0030380 secs] [Times: user=0.02 sys=0.00, real=0.00 secs] 
Heap after GC invocations=9 (full 1):
 par new generation   total 46080K, used 4K [0x00000000e0c00000, 0x00000000e3e00000, 0x00000000e3e00000)
  eden space 40960K,   0% used [0x00000000e0c00000, 0x00000000e0c00000, 0x00000000e3400000)
  from space 5120K,   0% used [0x00000000e3900000, 0x00000000e3901020, 0x00000000e3e00000)
  to   space 5120K,   0% used [0x00000000e3400000, 0x00000000e3400000, 0x00000000e3900000)
 concurrent mark-sweep generation total 460800K, used 25598K [0x00000000e3e00000, 0x0000000100000000, 0x0000000100000000)
 Metaspace       used 30779K, capacity 31488K, committed 31708K, reserved 1077248K
  class space    used 3545K, capacity 3766K, committed 3836K, reserved 1048576K
}
2022-02-07T22:09:09.823+0000: 3.173: Total time for which application threads were stopped: 0.0032613 seconds, Stopping threads took: 0.0000334 seconds
2022-02-07T22:09:09.892+0000: 3.242: Total time for which application threads were stopped: 0.0005684 seconds, Stopping threads took: 0.0000268 seconds
{Heap before GC invocations=9 (full 1):
 par new generation   total 46080K, used 40964K [0x00000000e0c00000, 0x00000000e3e00000, 0x00000000e3e00000)
  eden space 40960K, 100% used [0x00000000e0c00000, 0x00000000e3400000, 0x00000000e3400000)
  from space 5120K,   0% used [0x00000000e3900000, 0x00000000e3901020, 0x00000000e3e00000)
  to   space 5120K,   0% used [0x00000000e3400000, 0x00000000e3400000, 0x00000000e3900000)
 concurrent mark-sweep generation total 460800K, used 25598K [0x00000000e3e00000, 0x0000000100000000, 0x0000000100000000)
 Metaspace       used 31847K, capacity 32586K, committed 32860K, reserved 1079296K
  class space    used 3676K, capacity 3893K, committed 3964K, reserved 1048576K
2022-02-07T22:09:09.982+0000: 3.332: [GC (Allocation Failure) 2022-02-07T22:09:09.982+0000: 3.332: [ParNew
Desired survivor size 2621440 bytes, new threshold 1 (max 1)
- age   1:    1249464 bytes,    1249464 total
: 40964K->1254K(46080K), 0.0936738 secs] 66562K->35044K(506880K), 0.0937771 secs] [Times: user=2.54 sys=0.03, real=0.09 secs] 
Heap after GC invocations=10 (full 1):
 par new generation   total 46080K, used 1254K [0x00000000e0c00000, 0x00000000e3e00000, 0x00000000e3e00000)
  eden space 40960K,   0% used [0x00000000e0c00000, 0x00000000e0c00000, 0x00000000e3400000)
  from space 5120K,  24% used [0x00000000e3400000, 0x00000000e3539870, 0x00000000e3900000)
  to   space 5120K,   0% used [0x00000000e3900000, 0x00000000e3900000, 0x00000000e3e00000)
 concurrent mark-sweep generation total 460800K, used 33790K [0x00000000e3e00000, 0x0000000100000000, 0x0000000100000000)
 Metaspace       used 31847K, capacity 32586K, committed 32860K, reserved 1079296K
  class space    used 3676K, capacity 3893K, committed 3964K, reserved 1048576K
}
2022-02-07T22:09:10.076+0000: 3.426: Total time for which application threads were stopped: 0.0940793 seconds, Stopping threads took: 0.0000348 seconds
{Heap before GC invocations=10 (full 1):
 par new generation   total 46080K, used 42214K [0x00000000e0c00000, 0x00000000e3e00000, 0x00000000e3e00000)
  eden space 40960K, 100% used [0x00000000e0c00000, 0x00000000e3400000, 0x00000000e3400000)
  from space 5120K,  24% used [0x00000000e3400000, 0x00000000e3539870, 0x00000000e3900000)
  to   space 5120K,   0% used [0x00000000e3900000, 0x00000000e3900000, 0x00000000e3e00000)
 concurrent mark-sweep generation total 460800K, used 33790K [0x00000000e3e00000, 0x0000000100000000, 0x0000000100000000)
 Metaspace       used 36153K, capacity 37028K, committed 37212K, reserved 1081344K
  class space    used 4956K, capacity 5178K, committed 5244K, reserved 1048576K
2022-02-07T22:09:10.489+0000: 3.839: [GC (Allocation Failure) 2022-02-07T22:09:10.489+0000: 3.839: [ParNew
Desired survivor size 2621440 bytes, new threshold 1 (max 1)
- age   1:    5102032 bytes,    5102032 total
: 42214K->5120K(46080K), 0.0115060 secs] 76004K->40021K(506880K), 0.0116524 secs] [Times: user=0.12 sys=0.00, real=0.01 secs] 
Heap after GC invocations=11 (full 1):
 par new generation   total 46080K, used 5120K [0x00000000e0c00000, 0x00000000e3e00000, 0x00000000e3e00000)
  eden space 40960K,   0% used [0x00000000e0c00000, 0x00000000e0c00000, 0x00000000e3400000)
  from space 5120K, 100% used [0x00000000e3900000, 0x00000000e3e00000, 0x00000000e3e00000)
  to   space 5120K,   0% used [0x00000000e3400000, 0x00000000e3400000, 0x00000000e3900000)
 concurrent mark-sweep generation total 460800K, used 34901K [0x00000000e3e00000, 0x0000000100000000, 0x0000000100000000)
 Metaspace       used 36153K, capacity 37028K, committed 37212K, reserved 1081344K
  class space    used 4956K, capacity 5178K, committed 5244K, reserved 1048576K
}
2022-02-07T22:09:10.501+0000: 3.851: Total time for which application threads were stopped: 0.0123073 seconds, Stopping threads took: 0.0000767 seconds
2022-02-07T22:09:10.678+0000: 4.028: Total time for which application threads were stopped: 0.0007776 seconds, Stopping threads took: 0.0000410 seconds
{Heap before GC invocations=11 (full 1):
 par new generation   total 46080K, used 46080K [0x00000000e0c00000, 0x00000000e3e00000, 0x00000000e3e00000)
  eden space 40960K, 100% used [0x00000000e0c00000, 0x00000000e3400000, 0x00000000e3400000)
  from space 5120K, 100% used [0x00000000e3900000, 0x00000000e3e00000, 0x00000000e3e00000)
  to   space 5120K,   0% used [0x00000000e3400000, 0x00000000e3400000, 0x00000000e3900000)
 concurrent mark-sweep generation total 460800K, used 34901K [0x00000000e3e00000, 0x0000000100000000, 0x0000000100000000)
 Metaspace       used 37382K, capacity 38224K, committed 38364K, reserved 1083392K
  class space    used 5108K, capacity 5320K, committed 5372K, reserved 1048576K
2022-02-07T22:09:10.725+0000: 4.075: [GC (Allocation Failure) 2022-02-07T22:09:10.725+0000: 4.075: [ParNew
Desired survivor size 2621440 bytes, new threshold 1 (max 1)
- age   1:    5044168 bytes,    5044168 total
: 46080K->5120K(46080K), 0.0252127 secs] 80981K->43578K(506880K), 0.0253518 secs] [Times: user=0.18 sys=0.02, real=0.03 secs] 
Heap after GC invocations=12 (full 1):
 par new generation   total 46080K, used 5120K [0x00000000e0c00000, 0x00000000e3e00000, 0x00000000e3e00000)
  eden space 40960K,   0% used [0x00000000e0c00000, 0x00000000e0c00000, 0x00000000e3400000)
  from space 5120K, 100% used [0x00000000e3400000, 0x00000000e3900000, 0x00000000e3900000)
  to   space 5120K,   0% used [0x00000000e3900000, 0x00000000e3900000, 0x00000000e3e00000)
 concurrent mark-sweep generation total 460800K, used 38458K [0x00000000e3e00000, 0x0000000100000000, 0x0000000100000000)
 Metaspace       used 37382K, capacity 38224K, committed 38364K, reserved 1083392K
  class space    used 5108K, capacity 5320K, committed 5372K, reserved 1048576K
}
2022-02-07T22:09:10.750+0000: 4.101: Total time for which application threads were stopped: 0.0257629 seconds, Stopping threads took: 0.0000712 seconds
2022-02-07T22:09:11.161+0000: 4.511: Total time for which application threads were stopped: 0.0004910 seconds, Stopping threads took: 0.0000763 seconds
{Heap before GC invocations=12 (full 1):
 par new generation   total 46080K, used 46080K [0x00000000e0c00000, 0x00000000e3e00000, 0x00000000e3e00000)
  eden space 40960K, 100% used [0x00000000e0c00000, 0x00000000e3400000, 0x00000000e3400000)
  from space 5120K, 100% used [0x00000000e3400000, 0x00000000e3900000, 0x00000000e3900000)
  to   space 5120K,   0% used [0x00000000e3900000, 0x00000000e3900000, 0x00000000e3e00000)
 concurrent mark-sweep generation total 460800K, used 38458K [0x00000000e3e00000, 0x0000000100000000, 0x0000000100000000)
 Metaspace       used 39477K, capacity 40548K, committed 40796K, reserved 1085440K
  class space    used 5387K, capacity 5670K, committed 5756K, reserved 1048576K
2022-02-07T22:09:11.188+0000: 4.538: [GC (Allocation Failure) 2022-02-07T22:09:11.188+0000: 4.538: [ParNew
Desired survivor size 2621440 bytes, new threshold 1 (max 1)
- age   1:    3787936 bytes,    3787936 total
: 46080K->5120K(46080K), 0.0469289 secs] 84538K->51182K(506880K), 0.0470678 secs] [Times: user=0.30 sys=0.02, real=0.04 secs] 
Heap after GC invocations=13 (full 1):
 par new generation   total 46080K, used 5120K [0x00000000e0c00000, 0x00000000e3e00000, 0x00000000e3e00000)
  eden space 40960K,   0% used [0x00000000e0c00000, 0x00000000e0c00000, 0x00000000e3400000)
  from space 5120K, 100% used [0x00000000e3900000, 0x00000000e3e00000, 0x00000000e3e00000)
  to   space 5120K,   0% used [0x00000000e3400000, 0x00000000e3400000, 0x00000000e3900000)
 concurrent mark-sweep generation total 460800K, used 46062K [0x00000000e3e00000, 0x0000000100000000, 0x0000000100000000)
 Metaspace       used 39477K, capacity 40548K, committed 40796K, reserved 1085440K
  class space    used 5387K, capacity 5670K, committed 5756K, reserved 1048576K
}
2022-02-07T22:09:11.235+0000: 4.585: Total time for which application threads were stopped: 0.0475180 seconds, Stopping threads took: 0.0000455 seconds
2022-02-07T22:09:11.499+0000: 4.849: Total time for which application threads were stopped: 0.0003843 seconds, Stopping threads took: 0.0000368 seconds
{Heap before GC invocations=13 (full 1):
 par new generation   total 46080K, used 45093K [0x00000000e0c00000, 0x00000000e3e00000, 0x00000000e3e00000)
  eden space 40960K,  97% used [0x00000000e0c00000, 0x00000000e3309770, 0x00000000e3400000)
  from space 5120K, 100% used [0x00000000e3900000, 0x00000000e3e00000, 0x00000000e3e00000)
  to   space 5120K,   0% used [0x00000000e3400000, 0x00000000e3400000, 0x00000000e3900000)
 concurrent mark-sweep generation total 460800K, used 46062K [0x00000000e3e00000, 0x0000000100000000, 0x0000000100000000)
 Metaspace       used 40269K, capacity 41322K, committed 41436K, reserved 1085440K
  class space    used 5491K, capacity 5772K, committed 5884K, reserved 1048576K
2022-02-07T22:09:11.517+0000: 4.867: [GC (Allocation Failure) 2022-02-07T22:09:11.517+0000: 4.867: [ParNew
Desired survivor size 2621440 bytes, new threshold 1 (max 1)
- age   1:    4120456 bytes,    4120456 total
: 45093K->5120K(46080K), 0.0382663 secs] 91156K->63752K(506880K), 0.0383745 secs] [Times: user=0.16 sys=0.07, real=0.04 secs] 
Heap after GC invocations=14 (full 1):
 par new generation   total 46080K, used 5120K [0x00000000e0c00000, 0x00000000e3e00000, 0x00000000e3e00000)
  eden space 40960K,   0% used [0x00000000e0c00000, 0x00000000e0c00000, 0x00000000e3400000)
  from space 5120K, 100% used [0x00000000e3400000, 0x00000000e3900000, 0x00000000e3900000)
  to   space 5120K,   0% used [0x00000000e3900000, 0x00000000e3900000, 0x00000000e3e00000)
 concurrent mark-sweep generation total 460800K, used 58632K [0x00000000e3e00000, 0x0000000100000000, 0x0000000100000000)
 Metaspace       used 40269K, capacity 41322K, committed 41436K, reserved 1085440K
  class space    used 5491K, capacity 5772K, committed 5884K, reserved 1048576K
}
2022-02-07T22:09:11.555+0000: 4.905: Total time for which application threads were stopped: 0.0387527 seconds, Stopping threads took: 0.0000657 seconds
2022-02-07T22:09:11.679+0000: 5.029: Total time for which application threads were stopped: 0.0004132 seconds, Stopping threads took: 0.0000766 seconds
2022-02-07T22:09:11.692+0000: 5.042: Total time for which application threads were stopped: 0.0007943 seconds, Stopping threads took: 0.0000304 seconds
2022-02-07T22:09:11.714+0000: 5.064: Total time for which application threads were stopped: 0.0004120 seconds, Stopping threads took: 0.0000316 seconds
2022-02-07T22:09:11.903+0000: 5.253: Total time for which application threads were stopped: 0.0010906 seconds, Stopping threads took: 0.0000443 seconds
2022-02-07T22:09:12.248+0000: 5.598: Total time for which application threads were stopped: 0.0006773 seconds, Stopping threads took: 0.0001033 seconds
2022-02-07T22:09:12.274+0000: 5.624: Total time for which application threads were stopped: 0.0005004 seconds, Stopping threads took: 0.0000436 seconds
2022-02-07T22:09:12.318+0000: 5.668: Total time for which application threads were stopped: 0.0005149 seconds, Stopping threads took: 0.0000273 seconds
2022-02-07T22:09:12.341+0000: 5.691: Total time for which application threads were stopped: 0.0003112 seconds, Stopping threads took: 0.0000239 seconds
2022-02-07T22:09:12.372+0000: 5.722: Total time for which application threads were stopped: 0.0004961 seconds, Stopping threads took: 0.0000378 seconds
2022-02-07T22:09:12.392+0000: 5.742: Total time for which application threads were stopped: 0.0009258 seconds, Stopping threads took: 0.0000312 seconds
2022-02-07T22:09:12.400+0000: 5.750: Total time for which application threads were stopped: 0.0003312 seconds, Stopping threads took: 0.0000619 seconds
2022-02-07T22:09:12.467+0000: 5.817: Total time for which application threads were stopped: 0.0004951 seconds, Stopping threads took: 0.0000397 seconds
{Heap before GC invocations=14 (full 1):
 par new generation   total 46080K, used 46080K [0x00000000e0c00000, 0x00000000e3e00000, 0x00000000e3e00000)
  eden space 40960K, 100% used [0x00000000e0c00000, 0x00000000e3400000, 0x00000000e3400000)
  from space 5120K, 100% used [0x00000000e3400000, 0x00000000e3900000, 0x00000000e3900000)
  to   space 5120K,   0% used [0x00000000e3900000, 0x00000000e3900000, 0x00000000e3e00000)
 concurrent mark-sweep generation total 460800K, used 58632K [0x00000000e3e00000, 0x0000000100000000, 0x0000000100000000)
 Metaspace       used 44242K, capacity 45795K, committed 45896K, reserved 1089536K
  class space    used 6011K, capacity 6454K, committed 6496K, reserved 1048576K
2022-02-07T22:09:12.487+0000: 5.837: [GC (Allocation Failure) 2022-02-07T22:09:12.487+0000: 5.837: [ParNew
Desired survivor size 2621440 bytes, new threshold 1 (max 1)
- age   1:    4515376 bytes,    4515376 total
: 46080K->5120K(46080K), 0.0396790 secs] 104712K->72610K(506880K), 0.0398163 secs] [Times: user=0.19 sys=0.03, real=0.04 secs] 
Heap after GC invocations=15 (full 1):
 par new generation   total 46080K, used 5120K [0x00000000e0c00000, 0x00000000e3e00000, 0x00000000e3e00000)
  eden space 40960K,   0% used [0x00000000e0c00000, 0x00000000e0c00000, 0x00000000e3400000)
  from space 5120K, 100% used [0x00000000e3900000, 0x00000000e3e00000, 0x00000000e3e00000)
  to   space 5120K,   0% used [0x00000000e3400000, 0x00000000e3400000, 0x00000000e3900000)
 concurrent mark-sweep generation total 460800K, used 67490K [0x00000000e3e00000, 0x0000000100000000, 0x0000000100000000)
 Metaspace       used 44242K, capacity 45795K, committed 45896K, reserved 1089536K
  class space    used 6011K, capacity 6454K, committed 6496K, reserved 1048576K
}
2022-02-07T22:09:12.527+0000: 5.877: Total time for which application threads were stopped: 0.0402490 seconds, Stopping threads took: 0.0000418 seconds
2022-02-07T22:09:12.528+0000: 5.878: [GC (CMS Initial Mark) [1 CMS-initial-mark: 67490K(460800K)] 73742K(506880K), 0.0021864 secs] [Times: user=0.01 sys=0.00, real=0.00 secs] 
2022-02-07T22:09:12.530+0000: 5.880: Total time for which application threads were stopped: 0.0024609 seconds, Stopping threads took: 0.0000889 seconds
2022-02-07T22:09:12.530+0000: 5.880: [CMS-concurrent-mark-start]
2022-02-07T22:09:12.537+0000: 5.887: Total time for which application threads were stopped: 0.0003952 seconds, Stopping threads took: 0.0000329 seconds
2022-02-07T22:09:12.548+0000: 5.899: [CMS-concurrent-mark: 0.017/0.018 secs] [Times: user=0.16 sys=0.00, real=0.02 secs] 
2022-02-07T22:09:12.548+0000: 5.899: [CMS-concurrent-preclean-start]
2022-02-07T22:09:12.551+0000: 5.901: [CMS-concurrent-preclean: 0.002/0.002 secs] [Times: user=0.01 sys=0.00, real=0.00 secs] 
2022-02-07T22:09:12.551+0000: 5.901: [CMS-concurrent-abortable-preclean-start]
2022-02-07T22:09:12.581+0000: 5.932: Total time for which application threads were stopped: 0.0003807 seconds, Stopping threads took: 0.0000443 seconds
2022-02-07T22:09:12.619+0000: 5.969: Total time for which application threads were stopped: 0.0005260 seconds, Stopping threads took: 0.0000363 seconds
2022-02-07T22:09:12.621+0000: 5.971: Total time for which application threads were stopped: 0.0007782 seconds, Stopping threads took: 0.0000259 seconds
2022-02-07T22:09:12.624+0000: 5.975: Total time for which application threads were stopped: 0.0004532 seconds, Stopping threads took: 0.0000256 seconds
2022-02-07T22:09:12.646+0000: 5.996: Total time for which application threads were stopped: 0.0003477 seconds, Stopping threads took: 0.0000512 seconds
2022-02-07T22:09:12.682+0000: 6.032: Total time for which application threads were stopped: 0.0004854 seconds, Stopping threads took: 0.0000360 seconds
2022-02-07T22:09:12.682+0000: 6.032: Total time for which application threads were stopped: 0.0001619 seconds, Stopping threads took: 0.0000593 seconds
2022-02-07T22:09:12.734+0000: 6.085: Total time for which application threads were stopped: 0.0003554 seconds, Stopping threads took: 0.0000360 seconds
2022-02-07T22:09:12.925+0000: 6.275: Total time for which application threads were stopped: 0.0005614 seconds, Stopping threads took: 0.0000879 seconds
2022-02-07T22:09:13.746+0000: 7.096: [CMS-concurrent-abortable-preclean: 0.272/1.195 secs] [Times: user=1.20 sys=0.05, real=1.19 secs] 
2022-02-07T22:09:13.747+0000: 7.097: [GC (CMS Final Remark) [YG occupancy: 26862 K (46080 K)]2022-02-07T22:09:13.747+0000: 7.097: [Rescan (parallel) , 0.0055935 secs]2022-02-07T22:09:13.752+0000: 7.103: [weak refs processing, 0.0012087 secs]2022-02-07T22:09:13.754+0000: 7.104: [class unloading, 0.0127204 secs]2022-02-07T22:09:13.766+0000: 7.116: [scrub symbol table, 0.0076786 secs]2022-02-07T22:09:13.774+0000: 7.124: [scrub string table, 0.0012136 secs][1 CMS-remark: 67490K(460800K)] 94353K(506880K), 0.0287079 secs] [Times: user=0.09 sys=0.02, real=0.02 secs] 
2022-02-07T22:09:13.775+0000: 7.126: Total time for which application threads were stopped: 0.0290867 seconds, Stopping threads took: 0.0000421 seconds
2022-02-07T22:09:13.776+0000: 7.126: [CMS-concurrent-sweep-start]
2022-02-07T22:09:13.813+0000: 7.163: [CMS-concurrent-sweep: 0.037/0.037 secs] [Times: user=0.04 sys=0.00, real=0.04 secs] 
2022-02-07T22:09:13.813+0000: 7.163: [CMS-concurrent-reset-start]
2022-02-07T22:09:13.815+0000: 7.165: [CMS-concurrent-reset: 0.002/0.002 secs] [Times: user=0.00 sys=0.00, real=0.00 secs] 
