OpenJDK 64-Bit Server VM (25.312-b07) for linux-amd64 JRE (1.8.0_312-8u312-b07-0ubuntu1~18.04-b07), built on Nov  3 2021 13:54:59 by "buildd" with gcc 7.5.0
Memory: 4k page, physical 164941188k(115864060k free), swap 3145724k(3145724k free)
CommandLine flags: -XX:+AlwaysPreTouch -XX:+CMSClassUnloadingEnabled -XX:+CMSEdenChunksRecordAlways -XX:CMSInitiatingOccupancyFraction=75 -XX:+CMSParallelInitialMarkEnabled -XX:+CMSParallelRemarkEnabled -XX:CMSWaitDuration=10000 -XX:CompileCommandFile=/tmp/dtest-4jd3e82j/test/node3/conf/hotspot_compiler -XX:GCLogFileSize=10485760 -XX:+HeapDumpOnOutOfMemoryError -XX:InitialHeapSize=524288000 -XX:InitialTenuringThreshold=1 -XX:+ManagementServer -XX:MaxHeapSize=524288000 -XX:MaxNewSize=52428800 -XX:MaxTenuringThreshold=1 -XX:NewSize=52428800 -XX:NumberOfGCLogFiles=10 -XX:OldPLABSize=16 -XX:OnOutOfMemoryError=kill -9 %p -XX:+PerfDisableSharedMem -XX:+PrintGC -XX:+PrintGCApplicationStoppedTime -XX:+PrintGCDateStamps -XX:+PrintGCDetails -XX:+PrintGCTimeStamps -XX:+PrintHeapAtGC -XX:+PrintPromotionFailure -XX:+PrintTenuringDistribution -XX:+ResizeTLAB -XX:SurvivorRatio=8 -XX:ThreadPriorityPolicy=42 -XX:ThreadStackSize=256 -XX:-UseBiasedLocking -XX:+UseCMSInitiatingOccupancyOnly -XX:+UseCompressedClassPointers -XX:+UseCompressedOops -XX:+UseConcMarkSweepGC -XX:+UseCondCardMark -XX:+UseGCLogFileRotation -XX:-UseNUMA -XX:+UseParNewGC -XX:+UseTLAB -XX:+UseThreadPriorities 
2022-02-07T22:08:46.215+0000: 0.533: Total time for which application threads were stopped: 0.0001538 seconds, Stopping threads took: 0.0000572 seconds
2022-02-07T22:08:46.283+0000: 0.601: Total time for which application threads were stopped: 0.0000903 seconds, Stopping threads took: 0.0000134 seconds
{Heap before GC invocations=0 (full 0):
 par new generation   total 46080K, used 40960K [0x00000000e0c00000, 0x00000000e3e00000, 0x00000000e3e00000)
  eden space 40960K, 100% used [0x00000000e0c00000, 0x00000000e3400000, 0x00000000e3400000)
  from space 5120K,   0% used [0x00000000e3400000, 0x00000000e3400000, 0x00000000e3900000)
  to   space 5120K,   0% used [0x00000000e3900000, 0x00000000e3900000, 0x00000000e3e00000)
 concurrent mark-sweep generation total 460800K, used 0K [0x00000000e3e00000, 0x0000000100000000, 0x0000000100000000)
 Metaspace       used 12571K, capacity 12710K, committed 13056K, reserved 1060864K
  class space    used 1433K, capacity 1485K, committed 1536K, reserved 1048576K
2022-02-07T22:08:46.609+0000: 0.926: [GC (Allocation Failure) 2022-02-07T22:08:46.609+0000: 0.926: [ParNew
Desired survivor size 2621440 bytes, new threshold 1 (max 1)
- age   1:    5116320 bytes,    5116320 total
: 40960K->5120K(46080K), 0.0079711 secs] 40960K->5543K(506880K), 0.0080990 secs] [Times: user=0.11 sys=0.00, real=0.00 secs] 
Heap after GC invocations=1 (full 0):
 par new generation   total 46080K, used 5120K [0x00000000e0c00000, 0x00000000e3e00000, 0x00000000e3e00000)
  eden space 40960K,   0% used [0x00000000e0c00000, 0x00000000e0c00000, 0x00000000e3400000)
  from space 5120K, 100% used [0x00000000e3900000, 0x00000000e3e00000, 0x00000000e3e00000)
  to   space 5120K,   0% used [0x00000000e3400000, 0x00000000e3400000, 0x00000000e3900000)
 concurrent mark-sweep generation total 460800K, used 423K [0x00000000e3e00000, 0x0000000100000000, 0x0000000100000000)
 Metaspace       used 12571K, capacity 12710K, committed 13056K, reserved 1060864K
  class space    used 1433K, capacity 1485K, committed 1536K, reserved 1048576K
}
2022-02-07T22:08:46.617+0000: 0.935: Total time for which application threads were stopped: 0.0085113 seconds, Stopping threads took: 0.0000299 seconds
2022-02-07T22:08:46.692+0000: 1.009: Total time for which application threads were stopped: 0.0002784 seconds, Stopping threads took: 0.0000251 seconds
2022-02-07T22:08:46.742+0000: 1.060: Total time for which application threads were stopped: 0.0003674 seconds, Stopping threads took: 0.0000228 seconds
2022-02-07T22:08:46.825+0000: 1.142: Total time for which application threads were stopped: 0.0002706 seconds, Stopping threads took: 0.0000233 seconds
2022-02-07T22:08:46.825+0000: 1.143: Total time for which application threads were stopped: 0.0001026 seconds, Stopping threads took: 0.0000155 seconds
2022-02-07T22:08:46.834+0000: 1.152: Total time for which application threads were stopped: 0.0001904 seconds, Stopping threads took: 0.0000236 seconds
2022-02-07T22:08:46.866+0000: 1.183: Total time for which application threads were stopped: 0.0003158 seconds, Stopping threads took: 0.0001167 seconds
2022-02-07T22:08:46.898+0000: 1.216: Total time for which application threads were stopped: 0.0003329 seconds, Stopping threads took: 0.0000814 seconds
2022-02-07T22:08:46.951+0000: 1.269: Total time for which application threads were stopped: 0.0003946 seconds, Stopping threads took: 0.0000281 seconds
2022-02-07T22:08:46.989+0000: 1.306: Total time for which application threads were stopped: 0.0003075 seconds, Stopping threads took: 0.0000357 seconds
{Heap before GC invocations=1 (full 0):
 par new generation   total 46080K, used 46080K [0x00000000e0c00000, 0x00000000e3e00000, 0x00000000e3e00000)
  eden space 40960K, 100% used [0x00000000e0c00000, 0x00000000e3400000, 0x00000000e3400000)
  from space 5120K, 100% used [0x00000000e3900000, 0x00000000e3e00000, 0x00000000e3e00000)
  to   space 5120K,   0% used [0x00000000e3400000, 0x00000000e3400000, 0x00000000e3900000)
 concurrent mark-sweep generation total 460800K, used 423K [0x00000000e3e00000, 0x0000000100000000, 0x0000000100000000)
 Metaspace       used 19243K, capacity 19488K, committed 19840K, reserved 1067008K
  class space    used 2248K, capacity 2360K, committed 2432K, reserved 1048576K
2022-02-07T22:08:47.027+0000: 1.345: [GC (Allocation Failure) 2022-02-07T22:08:47.027+0000: 1.345: [ParNew
Desired survivor size 2621440 bytes, new threshold 1 (max 1)
- age   1:    4025256 bytes,    4025256 total
: 46080K->5120K(46080K), 0.0479152 secs] 46503K->9424K(506880K), 0.0480261 secs] [Times: user=0.32 sys=0.02, real=0.04 secs] 
Heap after GC invocations=2 (full 0):
 par new generation   total 46080K, used 5120K [0x00000000e0c00000, 0x00000000e3e00000, 0x00000000e3e00000)
  eden space 40960K,   0% used [0x00000000e0c00000, 0x00000000e0c00000, 0x00000000e3400000)
  from space 5120K, 100% used [0x00000000e3400000, 0x00000000e3900000, 0x00000000e3900000)
  to   space 5120K,   0% used [0x00000000e3900000, 0x00000000e3900000, 0x00000000e3e00000)
 concurrent mark-sweep generation total 460800K, used 4304K [0x00000000e3e00000, 0x0000000100000000, 0x0000000100000000)
 Metaspace       used 19243K, capacity 19488K, committed 19840K, reserved 1067008K
  class space    used 2248K, capacity 2360K, committed 2432K, reserved 1048576K
}
2022-02-07T22:08:47.075+0000: 1.393: Total time for which application threads were stopped: 0.0482378 seconds, Stopping threads took: 0.0000196 seconds
2022-02-07T22:08:47.147+0000: 1.465: Total time for which application threads were stopped: 0.0002917 seconds, Stopping threads took: 0.0000238 seconds
2022-02-07T22:08:47.232+0000: 1.550: Total time for which application threads were stopped: 0.0003036 seconds, Stopping threads took: 0.0000170 seconds
2022-02-07T22:08:47.253+0000: 1.571: Total time for which application threads were stopped: 0.0002614 seconds, Stopping threads took: 0.0000222 seconds
2022-02-07T22:08:47.271+0000: 1.589: Total time for which application threads were stopped: 0.0002251 seconds, Stopping threads took: 0.0000196 seconds
2022-02-07T22:08:47.290+0000: 1.608: Total time for which application threads were stopped: 0.0002114 seconds, Stopping threads took: 0.0000154 seconds
2022-02-07T22:08:47.316+0000: 1.634: Total time for which application threads were stopped: 0.0003064 seconds, Stopping threads took: 0.0000204 seconds
2022-02-07T22:08:47.362+0000: 1.680: Total time for which application threads were stopped: 0.0002568 seconds, Stopping threads took: 0.0000362 seconds
2022-02-07T22:08:47.382+0000: 1.699: Total time for which application threads were stopped: 0.0002967 seconds, Stopping threads took: 0.0000249 seconds
2022-02-07T22:08:47.401+0000: 1.719: Total time for which application threads were stopped: 0.0003186 seconds, Stopping threads took: 0.0000164 seconds
2022-02-07T22:08:47.414+0000: 1.732: Total time for which application threads were stopped: 0.0003332 seconds, Stopping threads took: 0.0000186 seconds
2022-02-07T22:08:47.448+0000: 1.765: Total time for which application threads were stopped: 0.0004093 seconds, Stopping threads took: 0.0000229 seconds
2022-02-07T22:08:47.499+0000: 1.817: Total time for which application threads were stopped: 0.0003345 seconds, Stopping threads took: 0.0000153 seconds
2022-02-07T22:08:47.630+0000: 1.947: Total time for which application threads were stopped: 0.0004126 seconds, Stopping threads took: 0.0000231 seconds
2022-02-07T22:08:47.647+0000: 1.965: Total time for which application threads were stopped: 0.0003310 seconds, Stopping threads took: 0.0000292 seconds
2022-02-07T22:08:47.666+0000: 1.984: Total time for which application threads were stopped: 0.0004389 seconds, Stopping threads took: 0.0000373 seconds
{Heap before GC invocations=2 (full 0):
 par new generation   total 46080K, used 46080K [0x00000000e0c00000, 0x00000000e3e00000, 0x00000000e3e00000)
  eden space 40960K, 100% used [0x00000000e0c00000, 0x00000000e3400000, 0x00000000e3400000)
  from space 5120K, 100% used [0x00000000e3400000, 0x00000000e3900000, 0x00000000e3900000)
  to   space 5120K,   0% used [0x00000000e3900000, 0x00000000e3900000, 0x00000000e3e00000)
 concurrent mark-sweep generation total 460800K, used 4304K [0x00000000e3e00000, 0x0000000100000000, 0x0000000100000000)
 Metaspace       used 25252K, capacity 25556K, committed 25944K, reserved 1073152K
  class space    used 2876K, capacity 3012K, committed 3068K, reserved 1048576K
2022-02-07T22:08:47.671+0000: 1.989: [GC (Allocation Failure) 2022-02-07T22:08:47.671+0000: 1.989: [ParNew
Desired survivor size 2621440 bytes, new threshold 1 (max 1)
- age   1:    4586112 bytes,    4586112 total
: 46080K->5120K(46080K), 0.0145858 secs] 50384K->12509K(506880K), 0.0147006 secs] [Times: user=0.16 sys=0.01, real=0.01 secs] 
Heap after GC invocations=3 (full 0):
 par new generation   total 46080K, used 5120K [0x00000000e0c00000, 0x00000000e3e00000, 0x00000000e3e00000)
  eden space 40960K,   0% used [0x00000000e0c00000, 0x00000000e0c00000, 0x00000000e3400000)
  from space 5120K, 100% used [0x00000000e3900000, 0x00000000e3e00000, 0x00000000e3e00000)
  to   space 5120K,   0% used [0x00000000e3400000, 0x00000000e3400000, 0x00000000e3900000)
 concurrent mark-sweep generation total 460800K, used 7389K [0x00000000e3e00000, 0x0000000100000000, 0x0000000100000000)
 Metaspace       used 25252K, capacity 25556K, committed 25944K, reserved 1073152K
  class space    used 2876K, capacity 3012K, committed 3068K, reserved 1048576K
}
2022-02-07T22:08:47.686+0000: 2.004: Total time for which application threads were stopped: 0.0149699 seconds, Stopping threads took: 0.0000261 seconds
2022-02-07T22:08:47.686+0000: 2.004: [GC (CMS Initial Mark) [1 CMS-initial-mark: 7389K(460800K)] 13291K(506880K), 0.0010539 secs] [Times: user=0.01 sys=0.00, real=0.01 secs] 
2022-02-07T22:08:47.687+0000: 2.005: Total time for which application threads were stopped: 0.0012645 seconds, Stopping threads took: 0.0000644 seconds
2022-02-07T22:08:47.687+0000: 2.005: [CMS-concurrent-mark-start]
2022-02-07T22:08:47.692+0000: 2.010: [CMS-concurrent-mark: 0.005/0.005 secs] [Times: user=0.05 sys=0.00, real=0.00 secs] 
2022-02-07T22:08:47.692+0000: 2.010: [CMS-concurrent-preclean-start]
2022-02-07T22:08:47.693+0000: 2.011: [CMS-concurrent-preclean: 0.001/0.001 secs] [Times: user=0.00 sys=0.00, real=0.00 secs] 
2022-02-07T22:08:47.693+0000: 2.011: [GC (CMS Final Remark) [YG occupancy: 5901 K (46080 K)]2022-02-07T22:08:47.693+0000: 2.011: [Rescan (parallel) , 0.0138469 secs]2022-02-07T22:08:47.707+0000: 2.025: [weak refs processing, 0.0002845 secs]2022-02-07T22:08:47.707+0000: 2.025: [class unloading, 0.0073375 secs]2022-02-07T22:08:47.715+0000: 2.033: [scrub symbol table, 0.0034043 secs]2022-02-07T22:08:47.718+0000: 2.036: [scrub string table, 0.0005076 secs][1 CMS-remark: 7389K(460800K)] 13291K(506880K), 0.0255616 secs] [Times: user=0.23 sys=0.00, real=0.03 secs] 
2022-02-07T22:08:47.719+0000: 2.037: Total time for which application threads were stopped: 0.0257283 seconds, Stopping threads took: 0.0000681 seconds
2022-02-07T22:08:47.719+0000: 2.037: [CMS-concurrent-sweep-start]
2022-02-07T22:08:47.722+0000: 2.039: [CMS-concurrent-sweep: 0.003/0.003 secs] [Times: user=0.01 sys=0.00, real=0.00 secs] 
2022-02-07T22:08:47.722+0000: 2.039: [CMS-concurrent-reset-start]
2022-02-07T22:08:47.726+0000: 2.044: [CMS-concurrent-reset: 0.004/0.004 secs] [Times: user=0.01 sys=0.00, real=0.00 secs] 
2022-02-07T22:08:47.815+0000: 2.133: Total time for which application threads were stopped: 0.0003909 seconds, Stopping threads took: 0.0000518 seconds
2022-02-07T22:08:47.851+0000: 2.168: Total time for which application threads were stopped: 0.0004240 seconds, Stopping threads took: 0.0000204 seconds
2022-02-07T22:08:47.861+0000: 2.179: Total time for which application threads were stopped: 0.0002975 seconds, Stopping threads took: 0.0000193 seconds
2022-02-07T22:08:47.898+0000: 2.216: Total time for which application threads were stopped: 0.0004270 seconds, Stopping threads took: 0.0000339 seconds
2022-02-07T22:08:47.907+0000: 2.225: Total time for which application threads were stopped: 0.0004682 seconds, Stopping threads took: 0.0001798 seconds
2022-02-07T22:08:47.907+0000: 2.225: Total time for which application threads were stopped: 0.0002097 seconds, Stopping threads took: 0.0000153 seconds
2022-02-07T22:08:48.009+0000: 2.327: Total time for which application threads were stopped: 0.0033600 seconds, Stopping threads took: 0.0001316 seconds
2022-02-07T22:08:48.215+0000: 2.532: Total time for which application threads were stopped: 0.0004728 seconds, Stopping threads took: 0.0000233 seconds
{Heap before GC invocations=3 (full 1):
 par new generation   total 46080K, used 46080K [0x00000000e0c00000, 0x00000000e3e00000, 0x00000000e3e00000)
  eden space 40960K, 100% used [0x00000000e0c00000, 0x00000000e3400000, 0x00000000e3400000)
  from space 5120K, 100% used [0x00000000e3900000, 0x00000000e3e00000, 0x00000000e3e00000)
  to   space 5120K,   0% used [0x00000000e3400000, 0x00000000e3400000, 0x00000000e3900000)
 concurrent mark-sweep generation total 460800K, used 5558K [0x00000000e3e00000, 0x0000000100000000, 0x0000000100000000)
 Metaspace       used 30715K, capacity 31392K, committed 31708K, reserved 1077248K
  class space    used 3538K, capacity 3734K, committed 3836K, reserved 1048576K
2022-02-07T22:08:48.366+0000: 2.684: [GC (Allocation Failure) 2022-02-07T22:08:48.366+0000: 2.684: [ParNew
Desired survivor size 2621440 bytes, new threshold 1 (max 1)
- age   1:    5239944 bytes,    5239944 total
: 46080K->5120K(46080K), 0.0412332 secs] 51638K->17731K(506880K), 0.0413312 secs] [Times: user=0.27 sys=0.04, real=0.05 secs] 
Heap after GC invocations=4 (full 1):
 par new generation   total 46080K, used 5120K [0x00000000e0c00000, 0x00000000e3e00000, 0x00000000e3e00000)
  eden space 40960K,   0% used [0x00000000e0c00000, 0x00000000e0c00000, 0x00000000e3400000)
  from space 5120K, 100% used [0x00000000e3400000, 0x00000000e3900000, 0x00000000e3900000)
  to   space 5120K,   0% used [0x00000000e3900000, 0x00000000e3900000, 0x00000000e3e00000)
 concurrent mark-sweep generation total 460800K, used 12611K [0x00000000e3e00000, 0x0000000100000000, 0x0000000100000000)
 Metaspace       used 30715K, capacity 31392K, committed 31708K, reserved 1077248K
  class space    used 3538K, capacity 3734K, committed 3836K, reserved 1048576K
}
2022-02-07T22:08:48.407+0000: 2.725: Total time for which application threads were stopped: 0.0416620 seconds, Stopping threads took: 0.0000311 seconds
{Heap before GC invocations=4 (full 1):
 par new generation   total 46080K, used 46080K [0x00000000e0c00000, 0x00000000e3e00000, 0x00000000e3e00000)
  eden space 40960K, 100% used [0x00000000e0c00000, 0x00000000e3400000, 0x00000000e3400000)
  from space 5120K, 100% used [0x00000000e3400000, 0x00000000e3900000, 0x00000000e3900000)
  to   space 5120K,   0% used [0x00000000e3900000, 0x00000000e3900000, 0x00000000e3e00000)
 concurrent mark-sweep generation total 460800K, used 12611K [0x00000000e3e00000, 0x0000000100000000, 0x0000000100000000)
 Metaspace       used 30760K, capacity 31392K, committed 31708K, reserved 1077248K
  class space    used 3539K, capacity 3734K, committed 3836K, reserved 1048576K
2022-02-07T22:08:48.591+0000: 2.909: [GC (Allocation Failure) 2022-02-07T22:08:48.591+0000: 2.909: [ParNew
Desired survivor size 2621440 bytes, new threshold 1 (max 1)
- age   1:    3411480 bytes,    3411480 total
: 46080K->5120K(46080K), 0.0209345 secs] 58691K->23546K(506880K), 0.0210277 secs] [Times: user=0.27 sys=0.01, real=0.02 secs] 
Heap after GC invocations=5 (full 1):
 par new generation   total 46080K, used 5120K [0x00000000e0c00000, 0x00000000e3e00000, 0x00000000e3e00000)
  eden space 40960K,   0% used [0x00000000e0c00000, 0x00000000e0c00000, 0x00000000e3400000)
  from space 5120K, 100% used [0x00000000e3900000, 0x00000000e3e00000, 0x00000000e3e00000)
  to   space 5120K,   0% used [0x00000000e3400000, 0x00000000e3400000, 0x00000000e3900000)
 concurrent mark-sweep generation total 460800K, used 18426K [0x00000000e3e00000, 0x0000000100000000, 0x0000000100000000)
 Metaspace       used 30760K, capacity 31392K, committed 31708K, reserved 1077248K
  class space    used 3539K, capacity 3734K, committed 3836K, reserved 1048576K
}
2022-02-07T22:08:48.612+0000: 2.930: Total time for which application threads were stopped: 0.0213372 seconds, Stopping threads took: 0.0000371 seconds
{Heap before GC invocations=5 (full 1):
 par new generation   total 46080K, used 46080K [0x00000000e0c00000, 0x00000000e3e00000, 0x00000000e3e00000)
  eden space 40960K, 100% used [0x00000000e0c00000, 0x00000000e3400000, 0x00000000e3400000)
  from space 5120K, 100% used [0x00000000e3900000, 0x00000000e3e00000, 0x00000000e3e00000)
  to   space 5120K,   0% used [0x00000000e3400000, 0x00000000e3400000, 0x00000000e3900000)
 concurrent mark-sweep generation total 460800K, used 18426K [0x00000000e3e00000, 0x0000000100000000, 0x0000000100000000)
 Metaspace       used 30760K, capacity 31392K, committed 31708K, reserved 1077248K
  class space    used 3539K, capacity 3734K, committed 3836K, reserved 1048576K
2022-02-07T22:08:48.697+0000: 3.015: [GC (Allocation Failure) 2022-02-07T22:08:48.697+0000: 3.015: [ParNew
Desired survivor size 2621440 bytes, new threshold 1 (max 1)
- age   1:    2097664 bytes,    2097664 total
: 46080K->2396K(46080K), 0.0231867 secs] 64506K->23811K(506880K), 0.0232860 secs] [Times: user=0.41 sys=0.00, real=0.03 secs] 
Heap after GC invocations=6 (full 1):
 par new generation   total 46080K, used 2396K [0x00000000e0c00000, 0x00000000e3e00000, 0x00000000e3e00000)
  eden space 40960K,   0% used [0x00000000e0c00000, 0x00000000e0c00000, 0x00000000e3400000)
  from space 5120K,  46% used [0x00000000e3400000, 0x00000000e3657298, 0x00000000e3900000)
  to   space 5120K,   0% used [0x00000000e3900000, 0x00000000e3900000, 0x00000000e3e00000)
 concurrent mark-sweep generation total 460800K, used 21414K [0x00000000e3e00000, 0x0000000100000000, 0x0000000100000000)
 Metaspace       used 30760K, capacity 31392K, committed 31708K, reserved 1077248K
  class space    used 3539K, capacity 3734K, committed 3836K, reserved 1048576K
}
2022-02-07T22:08:48.720+0000: 3.038: Total time for which application threads were stopped: 0.0236574 seconds, Stopping threads took: 0.0000581 seconds
{Heap before GC invocations=6 (full 1):
 par new generation   total 46080K, used 43356K [0x00000000e0c00000, 0x00000000e3e00000, 0x00000000e3e00000)
  eden space 40960K, 100% used [0x00000000e0c00000, 0x00000000e3400000, 0x00000000e3400000)
  from space 5120K,  46% used [0x00000000e3400000, 0x00000000e3657298, 0x00000000e3900000)
  to   space 5120K,   0% used [0x00000000e3900000, 0x00000000e3900000, 0x00000000e3e00000)
 concurrent mark-sweep generation total 460800K, used 21414K [0x00000000e3e00000, 0x0000000100000000, 0x0000000100000000)
 Metaspace       used 30760K, capacity 31392K, committed 31708K, reserved 1077248K
  class space    used 3539K, capacity 3734K, committed 3836K, reserved 1048576K
2022-02-07T22:08:48.785+0000: 3.103: [GC (Allocation Failure) 2022-02-07T22:08:48.785+0000: 3.103: [ParNew
Desired survivor size 2621440 bytes, new threshold 1 (max 1)
- age   1:    4194416 bytes,    4194416 total
: 43356K->4148K(46080K), 0.0309922 secs] 64771K->25562K(506880K), 0.0311074 secs] [Times: user=0.85 sys=0.01, real=0.03 secs] 
Heap after GC invocations=7 (full 1):
 par new generation   total 46080K, used 4148K [0x00000000e0c00000, 0x00000000e3e00000, 0x00000000e3e00000)
  eden space 40960K,   0% used [0x00000000e0c00000, 0x00000000e0c00000, 0x00000000e3400000)
  from space 5120K,  81% used [0x00000000e3900000, 0x00000000e3d0d138, 0x00000000e3e00000)
  to   space 5120K,   0% used [0x00000000e3400000, 0x00000000e3400000, 0x00000000e3900000)
 concurrent mark-sweep generation total 460800K, used 21414K [0x00000000e3e00000, 0x0000000100000000, 0x0000000100000000)
 Metaspace       used 30760K, capacity 31392K, committed 31708K, reserved 1077248K
  class space    used 3539K, capacity 3734K, committed 3836K, reserved 1048576K
}
2022-02-07T22:08:48.816+0000: 3.134: Total time for which application threads were stopped: 0.0313899 seconds, Stopping threads took: 0.0000335 seconds
{Heap before GC invocations=7 (full 1):
 par new generation   total 46080K, used 45108K [0x00000000e0c00000, 0x00000000e3e00000, 0x00000000e3e00000)
  eden space 40960K, 100% used [0x00000000e0c00000, 0x00000000e3400000, 0x00000000e3400000)
  from space 5120K,  81% used [0x00000000e3900000, 0x00000000e3d0d138, 0x00000000e3e00000)
  to   space 5120K,   0% used [0x00000000e3400000, 0x00000000e3400000, 0x00000000e3900000)
 concurrent mark-sweep generation total 460800K, used 21414K [0x00000000e3e00000, 0x0000000100000000, 0x0000000100000000)
 Metaspace       used 30760K, capacity 31392K, committed 31708K, reserved 1077248K
  class space    used 3539K, capacity 3734K, committed 3836K, reserved 1048576K
2022-02-07T22:08:48.870+0000: 3.188: [GC (Allocation Failure) 2022-02-07T22:08:48.870+0000: 3.188: [ParNew
Desired survivor size 2621440 bytes, new threshold 1 (max 1)
- age   1:        120 bytes,        120 total
: 45108K->8K(46080K), 0.0293585 secs] 66522K->25519K(506880K), 0.0294329 secs] [Times: user=0.79 sys=0.00, real=0.03 secs] 
Heap after GC invocations=8 (full 1):
 par new generation   total 46080K, used 8K [0x00000000e0c00000, 0x00000000e3e00000, 0x00000000e3e00000)
  eden space 40960K,   0% used [0x00000000e0c00000, 0x00000000e0c00000, 0x00000000e3400000)
  from space 5120K,   0% used [0x00000000e3400000, 0x00000000e34022d0, 0x00000000e3900000)
  to   space 5120K,   0% used [0x00000000e3900000, 0x00000000e3900000, 0x00000000e3e00000)
 concurrent mark-sweep generation total 460800K, used 25510K [0x00000000e3e00000, 0x0000000100000000, 0x0000000100000000)
 Metaspace       used 30760K, capacity 31392K, committed 31708K, reserved 1077248K
  class space    used 3539K, capacity 3734K, committed 3836K, reserved 1048576K
}
2022-02-07T22:08:48.900+0000: 3.217: Total time for which application threads were stopped: 0.0296467 seconds, Stopping threads took: 0.0000227 seconds
{Heap before GC invocations=8 (full 1):
 par new generation   total 46080K, used 40968K [0x00000000e0c00000, 0x00000000e3e00000, 0x00000000e3e00000)
  eden space 40960K, 100% used [0x00000000e0c00000, 0x00000000e3400000, 0x00000000e3400000)
  from space 5120K,   0% used [0x00000000e3400000, 0x00000000e34022d0, 0x00000000e3900000)
  to   space 5120K,   0% used [0x00000000e3900000, 0x00000000e3900000, 0x00000000e3e00000)
 concurrent mark-sweep generation total 460800K, used 25510K [0x00000000e3e00000, 0x0000000100000000, 0x0000000100000000)
 Metaspace       used 30765K, capacity 31392K, committed 31708K, reserved 1077248K
  class space    used 3539K, capacity 3734K, committed 3836K, reserved 1048576K
2022-02-07T22:08:48.953+0000: 3.271: [GC (Allocation Failure) 2022-02-07T22:08:48.953+0000: 3.271: [ParNew
Desired survivor size 2621440 bytes, new threshold 1 (max 1)
- age   1:        168 bytes,        168 total
: 40968K->8K(46080K), 0.0026490 secs] 66479K->25518K(506880K), 0.0027457 secs] [Times: user=0.02 sys=0.00, real=0.00 secs] 
Heap after GC invocations=9 (full 1):
 par new generation   total 46080K, used 8K [0x00000000e0c00000, 0x00000000e3e00000, 0x00000000e3e00000)
  eden space 40960K,   0% used [0x00000000e0c00000, 0x00000000e0c00000, 0x00000000e3400000)
  from space 5120K,   0% used [0x00000000e3900000, 0x00000000e3902040, 0x00000000e3e00000)
  to   space 5120K,   0% used [0x00000000e3400000, 0x00000000e3400000, 0x00000000e3900000)
 concurrent mark-sweep generation total 460800K, used 25510K [0x00000000e3e00000, 0x0000000100000000, 0x0000000100000000)
 Metaspace       used 30765K, capacity 31392K, committed 31708K, reserved 1077248K
  class space    used 3539K, capacity 3734K, committed 3836K, reserved 1048576K
}
2022-02-07T22:08:48.956+0000: 3.274: Total time for which application threads were stopped: 0.0029731 seconds, Stopping threads took: 0.0000294 seconds
2022-02-07T22:08:49.023+0000: 3.340: Total time for which application threads were stopped: 0.0005663 seconds, Stopping threads took: 0.0000291 seconds
{Heap before GC invocations=9 (full 1):
 par new generation   total 46080K, used 40968K [0x00000000e0c00000, 0x00000000e3e00000, 0x00000000e3e00000)
  eden space 40960K, 100% used [0x00000000e0c00000, 0x00000000e3400000, 0x00000000e3400000)
  from space 5120K,   0% used [0x00000000e3900000, 0x00000000e3902040, 0x00000000e3e00000)
  to   space 5120K,   0% used [0x00000000e3400000, 0x00000000e3400000, 0x00000000e3900000)
 concurrent mark-sweep generation total 460800K, used 25510K [0x00000000e3e00000, 0x0000000100000000, 0x0000000100000000)
 Metaspace       used 31776K, capacity 32510K, committed 32604K, reserved 1077248K
  class space    used 3665K, capacity 3891K, committed 3964K, reserved 1048576K
2022-02-07T22:08:49.137+0000: 3.455: [GC (Allocation Failure) 2022-02-07T22:08:49.137+0000: 3.455: [ParNew
Desired survivor size 2621440 bytes, new threshold 1 (max 1)
- age   1:    1184024 bytes,    1184024 total
: 40968K->1189K(46080K), 0.0606513 secs] 66478K->34891K(506880K), 0.0607519 secs] [Times: user=1.65 sys=0.00, real=0.06 secs] 
Heap after GC invocations=10 (full 1):
 par new generation   total 46080K, used 1189K [0x00000000e0c00000, 0x00000000e3e00000, 0x00000000e3e00000)
  eden space 40960K,   0% used [0x00000000e0c00000, 0x00000000e0c00000, 0x00000000e3400000)
  from space 5120K,  23% used [0x00000000e3400000, 0x00000000e35294a8, 0x00000000e3900000)
  to   space 5120K,   0% used [0x00000000e3900000, 0x00000000e3900000, 0x00000000e3e00000)
 concurrent mark-sweep generation total 460800K, used 33702K [0x00000000e3e00000, 0x0000000100000000, 0x0000000100000000)
 Metaspace       used 31776K, capacity 32510K, committed 32604K, reserved 1077248K
  class space    used 3665K, capacity 3891K, committed 3964K, reserved 1048576K
}
2022-02-07T22:08:49.198+0000: 3.516: Total time for which application threads were stopped: 0.0611157 seconds, Stopping threads took: 0.0000841 seconds
{Heap before GC invocations=10 (full 1):
 par new generation   total 46080K, used 42149K [0x00000000e0c00000, 0x00000000e3e00000, 0x00000000e3e00000)
  eden space 40960K, 100% used [0x00000000e0c00000, 0x00000000e3400000, 0x00000000e3400000)
  from space 5120K,  23% used [0x00000000e3400000, 0x00000000e35294a8, 0x00000000e3900000)
  to   space 5120K,   0% used [0x00000000e3900000, 0x00000000e3900000, 0x00000000e3e00000)
 concurrent mark-sweep generation total 460800K, used 33702K [0x00000000e3e00000, 0x0000000100000000, 0x0000000100000000)
 Metaspace       used 36167K, capacity 37028K, committed 37212K, reserved 1081344K
  class space    used 4951K, capacity 5178K, committed 5244K, reserved 1048576K
2022-02-07T22:08:49.666+0000: 3.984: [GC (Allocation Failure) 2022-02-07T22:08:49.666+0000: 3.984: [ParNew
Desired survivor size 2621440 bytes, new threshold 1 (max 1)
- age   1:    5125792 bytes,    5125792 total
: 42149K->5120K(46080K), 0.0094345 secs] 75851K->39909K(506880K), 0.0095442 secs] [Times: user=0.09 sys=0.02, real=0.01 secs] 
Heap after GC invocations=11 (full 1):
 par new generation   total 46080K, used 5120K [0x00000000e0c00000, 0x00000000e3e00000, 0x00000000e3e00000)
  eden space 40960K,   0% used [0x00000000e0c00000, 0x00000000e0c00000, 0x00000000e3400000)
  from space 5120K, 100% used [0x00000000e3900000, 0x00000000e3e00000, 0x00000000e3e00000)
  to   space 5120K,   0% used [0x00000000e3400000, 0x00000000e3400000, 0x00000000e3900000)
 concurrent mark-sweep generation total 460800K, used 34789K [0x00000000e3e00000, 0x0000000100000000, 0x0000000100000000)
 Metaspace       used 36167K, capacity 37028K, committed 37212K, reserved 1081344K
  class space    used 4951K, capacity 5178K, committed 5244K, reserved 1048576K
}
2022-02-07T22:08:49.676+0000: 3.994: Total time for which application threads were stopped: 0.0101201 seconds, Stopping threads took: 0.0000811 seconds
2022-02-07T22:08:49.863+0000: 4.180: Total time for which application threads were stopped: 0.0007415 seconds, Stopping threads took: 0.0000369 seconds
{Heap before GC invocations=11 (full 1):
 par new generation   total 46080K, used 46080K [0x00000000e0c00000, 0x00000000e3e00000, 0x00000000e3e00000)
  eden space 40960K, 100% used [0x00000000e0c00000, 0x00000000e3400000, 0x00000000e3400000)
  from space 5120K, 100% used [0x00000000e3900000, 0x00000000e3e00000, 0x00000000e3e00000)
  to   space 5120K,   0% used [0x00000000e3400000, 0x00000000e3400000, 0x00000000e3900000)
 concurrent mark-sweep generation total 460800K, used 34789K [0x00000000e3e00000, 0x0000000100000000, 0x0000000100000000)
 Metaspace       used 37370K, capacity 38224K, committed 38364K, reserved 1083392K
  class space    used 5102K, capacity 5320K, committed 5372K, reserved 1048576K
2022-02-07T22:08:49.913+0000: 4.230: [GC (Allocation Failure) 2022-02-07T22:08:49.913+0000: 4.230: [ParNew
Desired survivor size 2621440 bytes, new threshold 1 (max 1)
- age   1:    5031792 bytes,    5031792 total
: 46080K->5120K(46080K), 0.0250030 secs] 80869K->43517K(506880K), 0.0251388 secs] [Times: user=0.19 sys=0.02, real=0.02 secs] 
Heap after GC invocations=12 (full 1):
 par new generation   total 46080K, used 5120K [0x00000000e0c00000, 0x00000000e3e00000, 0x00000000e3e00000)
  eden space 40960K,   0% used [0x00000000e0c00000, 0x00000000e0c00000, 0x00000000e3400000)
  from space 5120K, 100% used [0x00000000e3400000, 0x00000000e3900000, 0x00000000e3900000)
  to   space 5120K,   0% used [0x00000000e3900000, 0x00000000e3900000, 0x00000000e3e00000)
 concurrent mark-sweep generation total 460800K, used 38397K [0x00000000e3e00000, 0x0000000100000000, 0x0000000100000000)
 Metaspace       used 37370K, capacity 38224K, committed 38364K, reserved 1083392K
  class space    used 5102K, capacity 5320K, committed 5372K, reserved 1048576K
}
2022-02-07T22:08:49.938+0000: 4.256: Total time for which application threads were stopped: 0.0255263 seconds, Stopping threads took: 0.0000434 seconds
2022-02-07T22:08:50.316+0000: 4.634: Total time for which application threads were stopped: 0.0004661 seconds, Stopping threads took: 0.0000836 seconds
{Heap before GC invocations=12 (full 1):
 par new generation   total 46080K, used 46080K [0x00000000e0c00000, 0x00000000e3e00000, 0x00000000e3e00000)
  eden space 40960K, 100% used [0x00000000e0c00000, 0x00000000e3400000, 0x00000000e3400000)
  from space 5120K, 100% used [0x00000000e3400000, 0x00000000e3900000, 0x00000000e3900000)
  to   space 5120K,   0% used [0x00000000e3900000, 0x00000000e3900000, 0x00000000e3e00000)
 concurrent mark-sweep generation total 460800K, used 38397K [0x00000000e3e00000, 0x0000000100000000, 0x0000000100000000)
 Metaspace       used 39481K, capacity 40516K, committed 40796K, reserved 1085440K
  class space    used 5381K, capacity 5638K, committed 5756K, reserved 1048576K
2022-02-07T22:08:50.343+0000: 4.661: [GC (Allocation Failure) 2022-02-07T22:08:50.343+0000: 4.661: [ParNew
Desired survivor size 2621440 bytes, new threshold 1 (max 1)
- age   1:    3846728 bytes,    3846728 total
: 46080K->5120K(46080K), 0.0447752 secs] 84477K->51048K(506880K), 0.0448838 secs] [Times: user=0.27 sys=0.05, real=0.05 secs] 
Heap after GC invocations=13 (full 1):
 par new generation   total 46080K, used 5120K [0x00000000e0c00000, 0x00000000e3e00000, 0x00000000e3e00000)
  eden space 40960K,   0% used [0x00000000e0c00000, 0x00000000e0c00000, 0x00000000e3400000)
  from space 5120K, 100% used [0x00000000e3900000, 0x00000000e3e00000, 0x00000000e3e00000)
  to   space 5120K,   0% used [0x00000000e3400000, 0x00000000e3400000, 0x00000000e3900000)
 concurrent mark-sweep generation total 460800K, used 45928K [0x00000000e3e00000, 0x0000000100000000, 0x0000000100000000)
 Metaspace       used 39481K, capacity 40516K, committed 40796K, reserved 1085440K
  class space    used 5381K, capacity 5638K, committed 5756K, reserved 1048576K
}
2022-02-07T22:08:50.388+0000: 4.706: Total time for which application threads were stopped: 0.0452380 seconds, Stopping threads took: 0.0000374 seconds
2022-02-07T22:08:50.610+0000: 4.928: Total time for which application threads were stopped: 0.0003369 seconds, Stopping threads took: 0.0000318 seconds
{Heap before GC invocations=13 (full 1):
 par new generation   total 46080K, used 45064K [0x00000000e0c00000, 0x00000000e3e00000, 0x00000000e3e00000)
  eden space 40960K,  97% used [0x00000000e0c00000, 0x00000000e33020a8, 0x00000000e3400000)
  from space 5120K, 100% used [0x00000000e3900000, 0x00000000e3e00000, 0x00000000e3e00000)
  to   space 5120K,   0% used [0x00000000e3400000, 0x00000000e3400000, 0x00000000e3900000)
 concurrent mark-sweep generation total 460800K, used 45928K [0x00000000e3e00000, 0x0000000100000000, 0x0000000100000000)
 Metaspace       used 40262K, capacity 41386K, committed 41692K, reserved 1085440K
  class space    used 5485K, capacity 5772K, committed 5884K, reserved 1048576K
2022-02-07T22:08:50.639+0000: 4.956: [GC (Allocation Failure) 2022-02-07T22:08:50.639+0000: 4.956: [ParNew
Desired survivor size 2621440 bytes, new threshold 1 (max 1)
- age   1:    3975296 bytes,    3975296 total
: 45064K->5120K(46080K), 0.0170249 secs] 90992K->63816K(506880K), 0.0171713 secs] [Times: user=0.15 sys=0.02, real=0.01 secs] 
Heap after GC invocations=14 (full 1):
 par new generation   total 46080K, used 5120K [0x00000000e0c00000, 0x00000000e3e00000, 0x00000000e3e00000)
  eden space 40960K,   0% used [0x00000000e0c00000, 0x00000000e0c00000, 0x00000000e3400000)
  from space 5120K, 100% used [0x00000000e3400000, 0x00000000e3900000, 0x00000000e3900000)
  to   space 5120K,   0% used [0x00000000e3900000, 0x00000000e3900000, 0x00000000e3e00000)
 concurrent mark-sweep generation total 460800K, used 58696K [0x00000000e3e00000, 0x0000000100000000, 0x0000000100000000)
 Metaspace       used 40262K, capacity 41386K, committed 41692K, reserved 1085440K
  class space    used 5485K, capacity 5772K, committed 5884K, reserved 1048576K
}
2022-02-07T22:08:50.656+0000: 4.974: Total time for which application threads were stopped: 0.0176127 seconds, Stopping threads took: 0.0000640 seconds
2022-02-07T22:08:50.781+0000: 5.098: Total time for which application threads were stopped: 0.0004487 seconds, Stopping threads took: 0.0000841 seconds
2022-02-07T22:08:50.794+0000: 5.112: Total time for which application threads were stopped: 0.0011391 seconds, Stopping threads took: 0.0000526 seconds
2022-02-07T22:08:50.818+0000: 5.136: Total time for which application threads were stopped: 0.0002889 seconds, Stopping threads took: 0.0000367 seconds
2022-02-07T22:08:51.013+0000: 5.331: Total time for which application threads were stopped: 0.0008741 seconds, Stopping threads took: 0.0000363 seconds
2022-02-07T22:08:51.670+0000: 5.988: Total time for which application threads were stopped: 0.0006376 seconds, Stopping threads took: 0.0000542 seconds
2022-02-07T22:08:51.710+0000: 6.028: Total time for which application threads were stopped: 0.0006580 seconds, Stopping threads took: 0.0000680 seconds
2022-02-07T22:08:51.740+0000: 6.057: Total time for which application threads were stopped: 0.0004859 seconds, Stopping threads took: 0.0000258 seconds
2022-02-07T22:08:51.763+0000: 6.081: Total time for which application threads were stopped: 0.0003312 seconds, Stopping threads took: 0.0000264 seconds
2022-02-07T22:08:51.792+0000: 6.110: Total time for which application threads were stopped: 0.0004969 seconds, Stopping threads took: 0.0000415 seconds
2022-02-07T22:08:51.814+0000: 6.132: Total time for which application threads were stopped: 0.0009539 seconds, Stopping threads took: 0.0000562 seconds
2022-02-07T22:08:51.826+0000: 6.143: Total time for which application threads were stopped: 0.0004734 seconds, Stopping threads took: 0.0000321 seconds
2022-02-07T22:08:51.887+0000: 6.205: Total time for which application threads were stopped: 0.0004028 seconds, Stopping threads took: 0.0000590 seconds
{Heap before GC invocations=14 (full 1):
 par new generation   total 46080K, used 46080K [0x00000000e0c00000, 0x00000000e3e00000, 0x00000000e3e00000)
  eden space 40960K, 100% used [0x00000000e0c00000, 0x00000000e3400000, 0x00000000e3400000)
  from space 5120K, 100% used [0x00000000e3400000, 0x00000000e3900000, 0x00000000e3900000)
  to   space 5120K,   0% used [0x00000000e3900000, 0x00000000e3900000, 0x00000000e3e00000)
 concurrent mark-sweep generation total 460800K, used 58696K [0x00000000e3e00000, 0x0000000100000000, 0x0000000100000000)
 Metaspace       used 44240K, capacity 45795K, committed 45896K, reserved 1089536K
  class space    used 6008K, capacity 6454K, committed 6496K, reserved 1048576K
2022-02-07T22:08:51.917+0000: 6.235: [GC (Allocation Failure) 2022-02-07T22:08:51.917+0000: 6.235: [ParNew
Desired survivor size 2621440 bytes, new threshold 1 (max 1)
- age   1:    3912176 bytes,    3912176 total
: 46080K->5120K(46080K), 0.0250951 secs] 104776K->73133K(506880K), 0.0252258 secs] [Times: user=0.13 sys=0.02, real=0.03 secs] 
Heap after GC invocations=15 (full 1):
 par new generation   total 46080K, used 5120K [0x00000000e0c00000, 0x00000000e3e00000, 0x00000000e3e00000)
  eden space 40960K,   0% used [0x00000000e0c00000, 0x00000000e0c00000, 0x00000000e3400000)
  from space 5120K, 100% used [0x00000000e3900000, 0x00000000e3e00000, 0x00000000e3e00000)
  to   space 5120K,   0% used [0x00000000e3400000, 0x00000000e3400000, 0x00000000e3900000)
 concurrent mark-sweep generation total 460800K, used 68013K [0x00000000e3e00000, 0x0000000100000000, 0x0000000100000000)
 Metaspace       used 44240K, capacity 45795K, committed 45896K, reserved 1089536K
  class space    used 6008K, capacity 6454K, committed 6496K, reserved 1048576K
}
2022-02-07T22:08:51.943+0000: 6.260: Total time for which application threads were stopped: 0.0257261 seconds, Stopping threads took: 0.0001332 seconds
2022-02-07T22:08:51.943+0000: 6.261: [GC (CMS Initial Mark) [1 CMS-initial-mark: 68013K(460800K)] 73545K(506880K), 0.0022962 secs] [Times: user=0.01 sys=0.01, real=0.00 secs] 
2022-02-07T22:08:51.945+0000: 6.263: Total time for which application threads were stopped: 0.0026936 seconds, Stopping threads took: 0.0001590 seconds
2022-02-07T22:08:51.945+0000: 6.263: [CMS-concurrent-mark-start]
2022-02-07T22:08:51.950+0000: 6.267: Total time for which application threads were stopped: 0.0004662 seconds, Stopping threads took: 0.0000320 seconds
2022-02-07T22:08:51.964+0000: 6.282: [CMS-concurrent-mark: 0.018/0.019 secs] [Times: user=0.16 sys=0.00, real=0.02 secs] 
2022-02-07T22:08:51.964+0000: 6.282: [CMS-concurrent-preclean-start]
2022-02-07T22:08:51.966+0000: 6.283: [CMS-concurrent-preclean: 0.001/0.001 secs] [Times: user=0.00 sys=0.00, real=0.00 secs] 
2022-02-07T22:08:51.966+0000: 6.284: [GC (CMS Final Remark) [YG occupancy: 6976 K (46080 K)]2022-02-07T22:08:51.966+0000: 6.284: [Rescan (parallel) , 0.0018969 secs]2022-02-07T22:08:51.968+0000: 6.286: [weak refs processing, 0.0007549 secs]2022-02-07T22:08:51.969+0000: 6.286: [class unloading, 0.0095026 secs]2022-02-07T22:08:51.978+0000: 6.296: [scrub symbol table, 0.0056276 secs]2022-02-07T22:08:51.984+0000: 6.302: [scrub string table, 0.0010625 secs][1 CMS-remark: 68013K(460800K)] 74989K(506880K), 0.0190280 secs] [Times: user=0.03 sys=0.01, real=0.02 secs] 
2022-02-07T22:08:51.985+0000: 6.303: Total time for which application threads were stopped: 0.0192711 seconds, Stopping threads took: 0.0000741 seconds
2022-02-07T22:08:51.985+0000: 6.303: [CMS-concurrent-sweep-start]
2022-02-07T22:08:52.021+0000: 6.339: [CMS-concurrent-sweep: 0.036/0.036 secs] [Times: user=0.09 sys=0.00, real=0.04 secs] 
2022-02-07T22:08:52.022+0000: 6.339: [CMS-concurrent-reset-start]
2022-02-07T22:08:52.023+0000: 6.340: [CMS-concurrent-reset: 0.001/0.001 secs] [Times: user=0.00 sys=0.01, real=0.00 secs] 
2022-02-07T22:08:52.066+0000: 6.384: Total time for which application threads were stopped: 0.0008490 seconds, Stopping threads took: 0.0000546 seconds
2022-02-07T22:08:52.069+0000: 6.387: Total time for which application threads were stopped: 0.0004573 seconds, Stopping threads took: 0.0000242 seconds
2022-02-07T22:08:53.070+0000: 7.388: Total time for which application threads were stopped: 0.0003929 seconds, Stopping threads took: 0.0000560 seconds
2022-02-07T22:08:54.071+0000: 8.388: Total time for which application threads were stopped: 0.0005470 seconds, Stopping threads took: 0.0000472 seconds
2022-02-07T22:08:54.390+0000: 8.708: Total time for which application threads were stopped: 0.0012494 seconds, Stopping threads took: 0.0000334 seconds
2022-02-07T22:08:55.391+0000: 9.708: Total time for which application threads were stopped: 0.0003144 seconds, Stopping threads took: 0.0000560 seconds
2022-02-07T22:08:56.391+0000: 10.709: Total time for which application threads were stopped: 0.0002996 seconds, Stopping threads took: 0.0000994 seconds
2022-02-07T22:08:57.391+0000: 11.709: Total time for which application threads were stopped: 0.0002485 seconds, Stopping threads took: 0.0000444 seconds
2022-02-07T22:08:58.392+0000: 12.709: Total time for which application threads were stopped: 0.0002140 seconds, Stopping threads took: 0.0000362 seconds
2022-02-07T22:08:59.392+0000: 13.710: Total time for which application threads were stopped: 0.0002596 seconds, Stopping threads took: 0.0000399 seconds
2022-02-07T22:09:00.392+0000: 14.710: Total time for which application threads were stopped: 0.0002732 seconds, Stopping threads took: 0.0000408 seconds
2022-02-07T22:09:01.393+0000: 15.711: Total time for which application threads were stopped: 0.0003513 seconds, Stopping threads took: 0.0000513 seconds
2022-02-07T22:09:01.489+0000: 15.806: Total time for which application threads were stopped: 0.0012093 seconds, Stopping threads took: 0.0000837 seconds
{Heap before GC invocations=15 (full 2):
 par new generation   total 46080K, used 46080K [0x00000000e0c00000, 0x00000000e3e00000, 0x00000000e3e00000)
  eden space 40960K, 100% used [0x00000000e0c00000, 0x00000000e3400000, 0x00000000e3400000)
  from space 5120K, 100% used [0x00000000e3900000, 0x00000000e3e00000, 0x00000000e3e00000)
  to   space 5120K,   0% used [0x00000000e3400000, 0x00000000e3400000, 0x00000000e3900000)
 concurrent mark-sweep generation total 460800K, used 39160K [0x00000000e3e00000, 0x0000000100000000, 0x0000000100000000)
 Metaspace       used 47187K, capacity 49257K, committed 49456K, reserved 1091584K
  class space    used 6447K, capacity 6925K, committed 7008K, reserved 1048576K
2022-02-07T22:09:01.511+0000: 15.829: [GC (Allocation Failure) 2022-02-07T22:09:01.511+0000: 15.829: [ParNew
Desired survivor size 2621440 bytes, new threshold 1 (max 1)
- age   1:    2512872 bytes,    2512872 total
: 46080K->5119K(46080K), 0.0106573 secs] 85240K->52928K(506880K), 0.0107485 secs] [Times: user=0.14 sys=0.01, real=0.01 secs] 
