OpenJDK 64-Bit Server VM (25.312-b07) for linux-amd64 JRE (1.8.0_312-8u312-b07-0ubuntu1~18.04-b07), built on Nov  3 2021 13:54:59 by "buildd" with gcc 7.5.0
Memory: 4k page, physical 164941188k(115037652k free), swap 3145724k(3145724k free)
CommandLine flags: -XX:+AlwaysPreTouch -XX:+CMSClassUnloadingEnabled -XX:+CMSEdenChunksRecordAlways -XX:CMSInitiatingOccupancyFraction=75 -XX:+CMSParallelInitialMarkEnabled -XX:+CMSParallelRemarkEnabled -XX:CMSWaitDuration=10000 -XX:CompileCommandFile=/tmp/dtest-4jd3e82j/test/node2/conf/hotspot_compiler -XX:GCLogFileSize=10485760 -XX:+HeapDumpOnOutOfMemoryError -XX:InitialHeapSize=524288000 -XX:InitialTenuringThreshold=1 -XX:+ManagementServer -XX:MaxHeapSize=524288000 -XX:MaxNewSize=52428800 -XX:MaxTenuringThreshold=1 -XX:NewSize=52428800 -XX:NumberOfGCLogFiles=10 -XX:OldPLABSize=16 -XX:OnOutOfMemoryError=kill -9 %p -XX:+PerfDisableSharedMem -XX:+PrintGC -XX:+PrintGCApplicationStoppedTime -XX:+PrintGCDateStamps -XX:+PrintGCDetails -XX:+PrintGCTimeStamps -XX:+PrintHeapAtGC -XX:+PrintPromotionFailure -XX:+PrintTenuringDistribution -XX:+ResizeTLAB -XX:SurvivorRatio=8 -XX:ThreadPriorityPolicy=42 -XX:ThreadStackSize=256 -XX:-UseBiasedLocking -XX:+UseCMSInitiatingOccupancyOnly -XX:+UseCompressedClassPointers -XX:+UseCompressedOops -XX:+UseConcMarkSweepGC -XX:+UseCondCardMark -XX:+UseGCLogFileRotation -XX:-UseNUMA -XX:+UseParNewGC -XX:+UseTLAB -XX:+UseThreadPriorities 
2022-02-07T22:08:56.211+0000: 0.548: Total time for which application threads were stopped: 0.0002292 seconds, Stopping threads took: 0.0000908 seconds
2022-02-07T22:08:56.273+0000: 0.610: Total time for which application threads were stopped: 0.0001306 seconds, Stopping threads took: 0.0000259 seconds
{Heap before GC invocations=0 (full 0):
 par new generation   total 46080K, used 40960K [0x00000000e0c00000, 0x00000000e3e00000, 0x00000000e3e00000)
  eden space 40960K, 100% used [0x00000000e0c00000, 0x00000000e3400000, 0x00000000e3400000)
  from space 5120K,   0% used [0x00000000e3400000, 0x00000000e3400000, 0x00000000e3900000)
  to   space 5120K,   0% used [0x00000000e3900000, 0x00000000e3900000, 0x00000000e3e00000)
 concurrent mark-sweep generation total 460800K, used 0K [0x00000000e3e00000, 0x0000000100000000, 0x0000000100000000)
 Metaspace       used 12570K, capacity 12710K, committed 13056K, reserved 1060864K
  class space    used 1433K, capacity 1485K, committed 1536K, reserved 1048576K
2022-02-07T22:08:56.590+0000: 0.927: [GC (Allocation Failure) 2022-02-07T22:08:56.590+0000: 0.927: [ParNew
Desired survivor size 2621440 bytes, new threshold 1 (max 1)
- age   1:    5102952 bytes,    5102952 total
: 40960K->5120K(46080K), 0.0059901 secs] 40960K->5557K(506880K), 0.0060975 secs] [Times: user=0.05 sys=0.03, real=0.00 secs] 
Heap after GC invocations=1 (full 0):
 par new generation   total 46080K, used 5120K [0x00000000e0c00000, 0x00000000e3e00000, 0x00000000e3e00000)
  eden space 40960K,   0% used [0x00000000e0c00000, 0x00000000e0c00000, 0x00000000e3400000)
  from space 5120K, 100% used [0x00000000e3900000, 0x00000000e3e00000, 0x00000000e3e00000)
  to   space 5120K,   0% used [0x00000000e3400000, 0x00000000e3400000, 0x00000000e3900000)
 concurrent mark-sweep generation total 460800K, used 437K [0x00000000e3e00000, 0x0000000100000000, 0x0000000100000000)
 Metaspace       used 12570K, capacity 12710K, committed 13056K, reserved 1060864K
  class space    used 1433K, capacity 1485K, committed 1536K, reserved 1048576K
}
2022-02-07T22:08:56.596+0000: 0.933: Total time for which application threads were stopped: 0.0064628 seconds, Stopping threads took: 0.0000328 seconds
2022-02-07T22:08:56.689+0000: 1.026: Total time for which application threads were stopped: 0.0002533 seconds, Stopping threads took: 0.0000143 seconds
2022-02-07T22:08:56.748+0000: 1.085: Total time for which application threads were stopped: 0.0002937 seconds, Stopping threads took: 0.0000183 seconds
2022-02-07T22:08:56.834+0000: 1.171: Total time for which application threads were stopped: 0.0003512 seconds, Stopping threads took: 0.0000307 seconds
2022-02-07T22:08:56.835+0000: 1.172: Total time for which application threads were stopped: 0.0001772 seconds, Stopping threads took: 0.0000228 seconds
2022-02-07T22:08:56.844+0000: 1.181: Total time for which application threads were stopped: 0.0001843 seconds, Stopping threads took: 0.0000282 seconds
2022-02-07T22:08:56.874+0000: 1.211: Total time for which application threads were stopped: 0.0003318 seconds, Stopping threads took: 0.0000710 seconds
2022-02-07T22:08:56.906+0000: 1.243: Total time for which application threads were stopped: 0.0002773 seconds, Stopping threads took: 0.0000283 seconds
2022-02-07T22:08:56.959+0000: 1.296: Total time for which application threads were stopped: 0.0002878 seconds, Stopping threads took: 0.0000280 seconds
2022-02-07T22:08:56.996+0000: 1.333: Total time for which application threads were stopped: 0.0002451 seconds, Stopping threads took: 0.0000300 seconds
{Heap before GC invocations=1 (full 0):
 par new generation   total 46080K, used 46080K [0x00000000e0c00000, 0x00000000e3e00000, 0x00000000e3e00000)
  eden space 40960K, 100% used [0x00000000e0c00000, 0x00000000e3400000, 0x00000000e3400000)
  from space 5120K, 100% used [0x00000000e3900000, 0x00000000e3e00000, 0x00000000e3e00000)
  to   space 5120K,   0% used [0x00000000e3400000, 0x00000000e3400000, 0x00000000e3900000)
 concurrent mark-sweep generation total 460800K, used 437K [0x00000000e3e00000, 0x0000000100000000, 0x0000000100000000)
 Metaspace       used 19240K, capacity 19488K, committed 19840K, reserved 1067008K
  class space    used 2248K, capacity 2360K, committed 2432K, reserved 1048576K
2022-02-07T22:08:57.034+0000: 1.371: [GC (Allocation Failure) 2022-02-07T22:08:57.034+0000: 1.371: [ParNew
Desired survivor size 2621440 bytes, new threshold 1 (max 1)
- age   1:    4105400 bytes,    4105400 total
: 46080K->5119K(46080K), 0.0484330 secs] 46517K->9360K(506880K), 0.0485487 secs] [Times: user=0.31 sys=0.03, real=0.05 secs] 
Heap after GC invocations=2 (full 0):
 par new generation   total 46080K, used 5119K [0x00000000e0c00000, 0x00000000e3e00000, 0x00000000e3e00000)
  eden space 40960K,   0% used [0x00000000e0c00000, 0x00000000e0c00000, 0x00000000e3400000)
  from space 5120K,  99% used [0x00000000e3400000, 0x00000000e38ffff8, 0x00000000e3900000)
  to   space 5120K,   0% used [0x00000000e3900000, 0x00000000e3900000, 0x00000000e3e00000)
 concurrent mark-sweep generation total 460800K, used 4240K [0x00000000e3e00000, 0x0000000100000000, 0x0000000100000000)
 Metaspace       used 19240K, capacity 19488K, committed 19840K, reserved 1067008K
  class space    used 2248K, capacity 2360K, committed 2432K, reserved 1048576K
}
2022-02-07T22:08:57.083+0000: 1.420: Total time for which application threads were stopped: 0.0487875 seconds, Stopping threads took: 0.0000198 seconds
2022-02-07T22:08:57.158+0000: 1.495: Total time for which application threads were stopped: 0.0004059 seconds, Stopping threads took: 0.0000314 seconds
2022-02-07T22:08:57.242+0000: 1.579: Total time for which application threads were stopped: 0.0003732 seconds, Stopping threads took: 0.0000232 seconds
2022-02-07T22:08:57.264+0000: 1.601: Total time for which application threads were stopped: 0.0003397 seconds, Stopping threads took: 0.0000264 seconds
2022-02-07T22:08:57.278+0000: 1.615: Total time for which application threads were stopped: 0.0003323 seconds, Stopping threads took: 0.0000261 seconds
2022-02-07T22:08:57.296+0000: 1.633: Total time for which application threads were stopped: 0.0003421 seconds, Stopping threads took: 0.0000274 seconds
2022-02-07T22:08:57.321+0000: 1.658: Total time for which application threads were stopped: 0.0003998 seconds, Stopping threads took: 0.0000306 seconds
2022-02-07T22:08:57.366+0000: 1.703: Total time for which application threads were stopped: 0.0002898 seconds, Stopping threads took: 0.0000307 seconds
2022-02-07T22:08:57.386+0000: 1.723: Total time for which application threads were stopped: 0.0003769 seconds, Stopping threads took: 0.0000281 seconds
2022-02-07T22:08:57.404+0000: 1.741: Total time for which application threads were stopped: 0.0003507 seconds, Stopping threads took: 0.0000221 seconds
2022-02-07T22:08:57.416+0000: 1.753: Total time for which application threads were stopped: 0.0003416 seconds, Stopping threads took: 0.0000216 seconds
2022-02-07T22:08:57.445+0000: 1.782: Total time for which application threads were stopped: 0.0003554 seconds, Stopping threads took: 0.0000295 seconds
2022-02-07T22:08:57.489+0000: 1.826: Total time for which application threads were stopped: 0.0003351 seconds, Stopping threads took: 0.0000208 seconds
2022-02-07T22:08:57.609+0000: 1.946: Total time for which application threads were stopped: 0.0004776 seconds, Stopping threads took: 0.0000252 seconds
2022-02-07T22:08:57.626+0000: 1.963: Total time for which application threads were stopped: 0.0003188 seconds, Stopping threads took: 0.0000288 seconds
2022-02-07T22:08:57.644+0000: 1.981: Total time for which application threads were stopped: 0.0004830 seconds, Stopping threads took: 0.0000875 seconds
{Heap before GC invocations=2 (full 0):
 par new generation   total 46080K, used 46079K [0x00000000e0c00000, 0x00000000e3e00000, 0x00000000e3e00000)
  eden space 40960K, 100% used [0x00000000e0c00000, 0x00000000e3400000, 0x00000000e3400000)
  from space 5120K,  99% used [0x00000000e3400000, 0x00000000e38ffff8, 0x00000000e3900000)
  to   space 5120K,   0% used [0x00000000e3900000, 0x00000000e3900000, 0x00000000e3e00000)
 concurrent mark-sweep generation total 460800K, used 4240K [0x00000000e3e00000, 0x0000000100000000, 0x0000000100000000)
 Metaspace       used 25258K, capacity 25556K, committed 25944K, reserved 1073152K
  class space    used 2876K, capacity 3012K, committed 3068K, reserved 1048576K
2022-02-07T22:08:57.649+0000: 1.986: [GC (Allocation Failure) 2022-02-07T22:08:57.649+0000: 1.986: [ParNew
Desired survivor size 2621440 bytes, new threshold 1 (max 1)
- age   1:    4253088 bytes,    4253088 total
: 46079K->5120K(46080K), 0.0185332 secs] 50320K->12776K(506880K), 0.0186384 secs] [Times: user=0.25 sys=0.01, real=0.02 secs] 
Heap after GC invocations=3 (full 0):
 par new generation   total 46080K, used 5120K [0x00000000e0c00000, 0x00000000e3e00000, 0x00000000e3e00000)
  eden space 40960K,   0% used [0x00000000e0c00000, 0x00000000e0c00000, 0x00000000e3400000)
  from space 5120K, 100% used [0x00000000e3900000, 0x00000000e3e00000, 0x00000000e3e00000)
  to   space 5120K,   0% used [0x00000000e3400000, 0x00000000e3400000, 0x00000000e3900000)
 concurrent mark-sweep generation total 460800K, used 7656K [0x00000000e3e00000, 0x0000000100000000, 0x0000000100000000)
 Metaspace       used 25258K, capacity 25556K, committed 25944K, reserved 1073152K
  class space    used 2876K, capacity 3012K, committed 3068K, reserved 1048576K
}
2022-02-07T22:08:57.668+0000: 2.005: Total time for which application threads were stopped: 0.0189419 seconds, Stopping threads took: 0.0000303 seconds
2022-02-07T22:08:57.668+0000: 2.005: [GC (CMS Initial Mark) [1 CMS-initial-mark: 7656K(460800K)] 13548K(506880K), 0.0019506 secs] [Times: user=0.01 sys=0.00, real=0.00 secs] 
2022-02-07T22:08:57.670+0000: 2.007: Total time for which application threads were stopped: 0.0021700 seconds, Stopping threads took: 0.0000645 seconds
2022-02-07T22:08:57.670+0000: 2.007: [CMS-concurrent-mark-start]
2022-02-07T22:08:57.675+0000: 2.012: [CMS-concurrent-mark: 0.005/0.005 secs] [Times: user=0.05 sys=0.00, real=0.00 secs] 
2022-02-07T22:08:57.675+0000: 2.012: [CMS-concurrent-preclean-start]
2022-02-07T22:08:57.676+0000: 2.013: [CMS-concurrent-preclean: 0.001/0.001 secs] [Times: user=0.00 sys=0.00, real=0.00 secs] 
2022-02-07T22:08:57.676+0000: 2.013: [GC (CMS Final Remark) [YG occupancy: 5891 K (46080 K)]2022-02-07T22:08:57.676+0000: 2.013: [Rescan (parallel) , 0.0020019 secs]2022-02-07T22:08:57.678+0000: 2.015: [weak refs processing, 0.0002335 secs]2022-02-07T22:08:57.678+0000: 2.015: [class unloading, 0.0096599 secs]2022-02-07T22:08:57.688+0000: 2.025: [scrub symbol table, 0.0035098 secs]2022-02-07T22:08:57.691+0000: 2.028: [scrub string table, 0.0004864 secs][1 CMS-remark: 7656K(460800K)] 13548K(506880K), 0.0160702 secs] [Times: user=0.05 sys=0.01, real=0.02 secs] 
2022-02-07T22:08:57.692+0000: 2.029: Total time for which application threads were stopped: 0.0162337 seconds, Stopping threads took: 0.0000535 seconds
2022-02-07T22:08:57.692+0000: 2.029: [CMS-concurrent-sweep-start]
2022-02-07T22:08:57.696+0000: 2.033: [CMS-concurrent-sweep: 0.004/0.004 secs] [Times: user=0.02 sys=0.00, real=0.00 secs] 
2022-02-07T22:08:57.696+0000: 2.033: [CMS-concurrent-reset-start]
2022-02-07T22:08:57.698+0000: 2.035: [CMS-concurrent-reset: 0.002/0.002 secs] [Times: user=0.00 sys=0.00, real=0.00 secs] 
2022-02-07T22:08:57.779+0000: 2.116: Total time for which application threads were stopped: 0.0005238 seconds, Stopping threads took: 0.0000770 seconds
2022-02-07T22:08:57.811+0000: 2.148: Total time for which application threads were stopped: 0.0002975 seconds, Stopping threads took: 0.0000304 seconds
2022-02-07T22:08:57.820+0000: 2.157: Total time for which application threads were stopped: 0.0002025 seconds, Stopping threads took: 0.0000300 seconds
2022-02-07T22:08:57.852+0000: 2.189: Total time for which application threads were stopped: 0.0002266 seconds, Stopping threads took: 0.0000433 seconds
2022-02-07T22:08:57.860+0000: 2.197: Total time for which application threads were stopped: 0.0001741 seconds, Stopping threads took: 0.0000250 seconds
2022-02-07T22:08:57.860+0000: 2.197: Total time for which application threads were stopped: 0.0001555 seconds, Stopping threads took: 0.0000193 seconds
2022-02-07T22:08:57.954+0000: 2.291: Total time for which application threads were stopped: 0.0002921 seconds, Stopping threads took: 0.0000292 seconds
{Heap before GC invocations=3 (full 1):
 par new generation   total 46080K, used 46080K [0x00000000e0c00000, 0x00000000e3e00000, 0x00000000e3e00000)
  eden space 40960K, 100% used [0x00000000e0c00000, 0x00000000e3400000, 0x00000000e3400000)
  from space 5120K, 100% used [0x00000000e3900000, 0x00000000e3e00000, 0x00000000e3e00000)
  to   space 5120K,   0% used [0x00000000e3400000, 0x00000000e3400000, 0x00000000e3900000)
 concurrent mark-sweep generation total 460800K, used 5885K [0x00000000e3e00000, 0x0000000100000000, 0x0000000100000000)
 Metaspace       used 30693K, capacity 31392K, committed 31708K, reserved 1077248K
  class space    used 3538K, capacity 3734K, committed 3836K, reserved 1048576K
2022-02-07T22:08:58.276+0000: 2.613: [GC (Allocation Failure) 2022-02-07T22:08:58.276+0000: 2.613: [ParNew
Desired survivor size 2621440 bytes, new threshold 1 (max 1)
- age   1:    5240784 bytes,    5240784 total
: 46080K->5120K(46080K), 0.0353759 secs] 51965K->17581K(506880K), 0.0354546 secs] [Times: user=0.23 sys=0.09, real=0.04 secs] 
Heap after GC invocations=4 (full 1):
 par new generation   total 46080K, used 5120K [0x00000000e0c00000, 0x00000000e3e00000, 0x00000000e3e00000)
  eden space 40960K,   0% used [0x00000000e0c00000, 0x00000000e0c00000, 0x00000000e3400000)
  from space 5120K, 100% used [0x00000000e3400000, 0x00000000e3900000, 0x00000000e3900000)
  to   space 5120K,   0% used [0x00000000e3900000, 0x00000000e3900000, 0x00000000e3e00000)
 concurrent mark-sweep generation total 460800K, used 12461K [0x00000000e3e00000, 0x0000000100000000, 0x0000000100000000)
 Metaspace       used 30693K, capacity 31392K, committed 31708K, reserved 1077248K
  class space    used 3538K, capacity 3734K, committed 3836K, reserved 1048576K
}
2022-02-07T22:08:58.311+0000: 2.648: Total time for which application threads were stopped: 0.0359189 seconds, Stopping threads took: 0.0000648 seconds
{Heap before GC invocations=4 (full 1):
 par new generation   total 46080K, used 46080K [0x00000000e0c00000, 0x00000000e3e00000, 0x00000000e3e00000)
  eden space 40960K, 100% used [0x00000000e0c00000, 0x00000000e3400000, 0x00000000e3400000)
  from space 5120K, 100% used [0x00000000e3400000, 0x00000000e3900000, 0x00000000e3900000)
  to   space 5120K,   0% used [0x00000000e3900000, 0x00000000e3900000, 0x00000000e3e00000)
 concurrent mark-sweep generation total 460800K, used 12461K [0x00000000e3e00000, 0x0000000100000000, 0x0000000100000000)
 Metaspace       used 30729K, capacity 31392K, committed 31708K, reserved 1077248K
  class space    used 3539K, capacity 3734K, committed 3836K, reserved 1048576K
2022-02-07T22:08:58.469+0000: 2.806: [GC (Allocation Failure) 2022-02-07T22:08:58.469+0000: 2.806: [ParNew
Desired survivor size 2621440 bytes, new threshold 1 (max 1)
- age   1:    3863472 bytes,    3863472 total
: 46080K->5120K(46080K), 0.0200554 secs] 58541K->23422K(506880K), 0.0202039 secs] [Times: user=0.23 sys=0.00, real=0.02 secs] 
Heap after GC invocations=5 (full 1):
 par new generation   total 46080K, used 5120K [0x00000000e0c00000, 0x00000000e3e00000, 0x00000000e3e00000)
  eden space 40960K,   0% used [0x00000000e0c00000, 0x00000000e0c00000, 0x00000000e3400000)
  from space 5120K, 100% used [0x00000000e3900000, 0x00000000e3e00000, 0x00000000e3e00000)
  to   space 5120K,   0% used [0x00000000e3400000, 0x00000000e3400000, 0x00000000e3900000)
 concurrent mark-sweep generation total 460800K, used 18302K [0x00000000e3e00000, 0x0000000100000000, 0x0000000100000000)
 Metaspace       used 30729K, capacity 31392K, committed 31708K, reserved 1077248K
  class space    used 3539K, capacity 3734K, committed 3836K, reserved 1048576K
}
2022-02-07T22:08:58.489+0000: 2.826: Total time for which application threads were stopped: 0.0205978 seconds, Stopping threads took: 0.0000526 seconds
{Heap before GC invocations=5 (full 1):
 par new generation   total 46080K, used 46080K [0x00000000e0c00000, 0x00000000e3e00000, 0x00000000e3e00000)
  eden space 40960K, 100% used [0x00000000e0c00000, 0x00000000e3400000, 0x00000000e3400000)
  from space 5120K, 100% used [0x00000000e3900000, 0x00000000e3e00000, 0x00000000e3e00000)
  to   space 5120K,   0% used [0x00000000e3400000, 0x00000000e3400000, 0x00000000e3900000)
 concurrent mark-sweep generation total 460800K, used 18302K [0x00000000e3e00000, 0x0000000100000000, 0x0000000100000000)
 Metaspace       used 30754K, capacity 31392K, committed 31708K, reserved 1077248K
  class space    used 3539K, capacity 3734K, committed 3836K, reserved 1048576K
2022-02-07T22:08:58.586+0000: 2.923: [GC (Allocation Failure) 2022-02-07T22:08:58.586+0000: 2.923: [ParNew
Desired survivor size 2621440 bytes, new threshold 1 (max 1)
- age   1:    2097384 bytes,    2097384 total
: 46080K->2727K(46080K), 0.0240437 secs] 64382K->24525K(506880K), 0.0241319 secs] [Times: user=0.45 sys=0.02, real=0.03 secs] 
Heap after GC invocations=6 (full 1):
 par new generation   total 46080K, used 2727K [0x00000000e0c00000, 0x00000000e3e00000, 0x00000000e3e00000)
  eden space 40960K,   0% used [0x00000000e0c00000, 0x00000000e0c00000, 0x00000000e3400000)
  from space 5120K,  53% used [0x00000000e3400000, 0x00000000e36a9ed0, 0x00000000e3900000)
  to   space 5120K,   0% used [0x00000000e3900000, 0x00000000e3900000, 0x00000000e3e00000)
 concurrent mark-sweep generation total 460800K, used 21797K [0x00000000e3e00000, 0x0000000100000000, 0x0000000100000000)
 Metaspace       used 30754K, capacity 31392K, committed 31708K, reserved 1077248K
  class space    used 3539K, capacity 3734K, committed 3836K, reserved 1048576K
}
2022-02-07T22:08:58.610+0000: 2.947: Total time for which application threads were stopped: 0.0244176 seconds, Stopping threads took: 0.0000419 seconds
{Heap before GC invocations=6 (full 1):
 par new generation   total 46080K, used 39962K [0x00000000e0c00000, 0x00000000e3e00000, 0x00000000e3e00000)
  eden space 40960K,  90% used [0x00000000e0c00000, 0x00000000e305cce8, 0x00000000e3400000)
  from space 5120K,  53% used [0x00000000e3400000, 0x00000000e36a9ed0, 0x00000000e3900000)
  to   space 5120K,   0% used [0x00000000e3900000, 0x00000000e3900000, 0x00000000e3e00000)
 concurrent mark-sweep generation total 460800K, used 21797K [0x00000000e3e00000, 0x0000000100000000, 0x0000000100000000)
 Metaspace       used 30755K, capacity 31392K, committed 31708K, reserved 1077248K
  class space    used 3539K, capacity 3734K, committed 3836K, reserved 1048576K
2022-02-07T22:08:58.645+0000: 2.982: [GC (Allocation Failure) 2022-02-07T22:08:58.645+0000: 2.982: [ParNew
Desired survivor size 2621440 bytes, new threshold 1 (max 1)
- age   1:        568 bytes,        568 total
: 39962K->113K(46080K), 0.0182242 secs] 61760K->23959K(506880K), 0.0182994 secs] [Times: user=0.49 sys=0.01, real=0.02 secs] 
Heap after GC invocations=7 (full 1):
 par new generation   total 46080K, used 113K [0x00000000e0c00000, 0x00000000e3e00000, 0x00000000e3e00000)
  eden space 40960K,   0% used [0x00000000e0c00000, 0x00000000e0c00000, 0x00000000e3400000)
  from space 5120K,   2% used [0x00000000e3900000, 0x00000000e391c520, 0x00000000e3e00000)
  to   space 5120K,   0% used [0x00000000e3400000, 0x00000000e3400000, 0x00000000e3900000)
 concurrent mark-sweep generation total 460800K, used 23846K [0x00000000e3e00000, 0x0000000100000000, 0x0000000100000000)
 Metaspace       used 30755K, capacity 31392K, committed 31708K, reserved 1077248K
  class space    used 3539K, capacity 3734K, committed 3836K, reserved 1048576K
}
2022-02-07T22:08:58.664+0000: 3.001: Total time for which application threads were stopped: 0.0186150 seconds, Stopping threads took: 0.0001184 seconds
{Heap before GC invocations=7 (full 1):
 par new generation   total 46080K, used 41073K [0x00000000e0c00000, 0x00000000e3e00000, 0x00000000e3e00000)
  eden space 40960K, 100% used [0x00000000e0c00000, 0x00000000e3400000, 0x00000000e3400000)
  from space 5120K,   2% used [0x00000000e3900000, 0x00000000e391c520, 0x00000000e3e00000)
  to   space 5120K,   0% used [0x00000000e3400000, 0x00000000e3400000, 0x00000000e3900000)
 concurrent mark-sweep generation total 460800K, used 23846K [0x00000000e3e00000, 0x0000000100000000, 0x0000000100000000)
 Metaspace       used 30755K, capacity 31392K, committed 31708K, reserved 1077248K
  class space    used 3539K, capacity 3734K, committed 3836K, reserved 1048576K
2022-02-07T22:08:58.712+0000: 3.049: [GC (Allocation Failure) 2022-02-07T22:08:58.713+0000: 3.049: [ParNew
Desired survivor size 2621440 bytes, new threshold 1 (max 1)
- age   1:    4194656 bytes,    4194656 total
: 41073K->4117K(46080K), 0.0332722 secs] 64919K->27963K(506880K), 0.0333890 secs] [Times: user=0.92 sys=0.00, real=0.03 secs] 
Heap after GC invocations=8 (full 1):
 par new generation   total 46080K, used 4117K [0x00000000e0c00000, 0x00000000e3e00000, 0x00000000e3e00000)
  eden space 40960K,   0% used [0x00000000e0c00000, 0x00000000e0c00000, 0x00000000e3400000)
  from space 5120K,  80% used [0x00000000e3400000, 0x00000000e3805500, 0x00000000e3900000)
  to   space 5120K,   0% used [0x00000000e3900000, 0x00000000e3900000, 0x00000000e3e00000)
 concurrent mark-sweep generation total 460800K, used 23846K [0x00000000e3e00000, 0x0000000100000000, 0x0000000100000000)
 Metaspace       used 30755K, capacity 31392K, committed 31708K, reserved 1077248K
  class space    used 3539K, capacity 3734K, committed 3836K, reserved 1048576K
}
2022-02-07T22:08:58.746+0000: 3.083: Total time for which application threads were stopped: 0.0336765 seconds, Stopping threads took: 0.0000440 seconds
{Heap before GC invocations=8 (full 1):
 par new generation   total 46080K, used 45077K [0x00000000e0c00000, 0x00000000e3e00000, 0x00000000e3e00000)
  eden space 40960K, 100% used [0x00000000e0c00000, 0x00000000e3400000, 0x00000000e3400000)
  from space 5120K,  80% used [0x00000000e3400000, 0x00000000e3805500, 0x00000000e3900000)
  to   space 5120K,   0% used [0x00000000e3900000, 0x00000000e3900000, 0x00000000e3e00000)
 concurrent mark-sweep generation total 460800K, used 23846K [0x00000000e3e00000, 0x0000000100000000, 0x0000000100000000)
 Metaspace       used 30755K, capacity 31392K, committed 31708K, reserved 1077248K
  class space    used 3539K, capacity 3734K, committed 3836K, reserved 1048576K
2022-02-07T22:08:58.788+0000: 3.125: [GC (Allocation Failure) 2022-02-07T22:08:58.788+0000: 3.125: [ParNew
Desired survivor size 2621440 bytes, new threshold 1 (max 1)
- age   1:        424 bytes,        424 total
: 45077K->8K(46080K), 0.0484434 secs] 68923K->27950K(506880K), 0.0485069 secs] [Times: user=1.31 sys=0.02, real=0.04 secs] 
Heap after GC invocations=9 (full 1):
 par new generation   total 46080K, used 8K [0x00000000e0c00000, 0x00000000e3e00000, 0x00000000e3e00000)
  eden space 40960K,   0% used [0x00000000e0c00000, 0x00000000e0c00000, 0x00000000e3400000)
  from space 5120K,   0% used [0x00000000e3900000, 0x00000000e3902040, 0x00000000e3e00000)
  to   space 5120K,   0% used [0x00000000e3400000, 0x00000000e3400000, 0x00000000e3900000)
 concurrent mark-sweep generation total 460800K, used 27942K [0x00000000e3e00000, 0x0000000100000000, 0x0000000100000000)
 Metaspace       used 30755K, capacity 31392K, committed 31708K, reserved 1077248K
  class space    used 3539K, capacity 3734K, committed 3836K, reserved 1048576K
}
2022-02-07T22:08:58.837+0000: 3.174: Total time for which application threads were stopped: 0.0487348 seconds, Stopping threads took: 0.0000245 seconds
2022-02-07T22:08:58.900+0000: 3.237: Total time for which application threads were stopped: 0.0012795 seconds, Stopping threads took: 0.0000620 seconds
{Heap before GC invocations=9 (full 1):
 par new generation   total 46080K, used 40968K [0x00000000e0c00000, 0x00000000e3e00000, 0x00000000e3e00000)
  eden space 40960K, 100% used [0x00000000e0c00000, 0x00000000e3400000, 0x00000000e3400000)
  from space 5120K,   0% used [0x00000000e3900000, 0x00000000e3902040, 0x00000000e3e00000)
  to   space 5120K,   0% used [0x00000000e3400000, 0x00000000e3400000, 0x00000000e3900000)
 concurrent mark-sweep generation total 460800K, used 27942K [0x00000000e3e00000, 0x0000000100000000, 0x0000000100000000)
 Metaspace       used 31266K, capacity 31986K, committed 32220K, reserved 1077248K
  class space    used 3596K, capacity 3805K, committed 3836K, reserved 1048576K
2022-02-07T22:08:58.937+0000: 3.274: [GC (Allocation Failure) 2022-02-07T22:08:58.937+0000: 3.274: [ParNew
Desired survivor size 2621440 bytes, new threshold 1 (max 1)
- age   1:     512160 bytes,     512160 total
: 40968K->529K(46080K), 0.0943450 secs] 68910K->36663K(506880K), 0.0944334 secs] [Times: user=2.57 sys=0.04, real=0.10 secs] 
Heap after GC invocations=10 (full 1):
 par new generation   total 46080K, used 529K [0x00000000e0c00000, 0x00000000e3e00000, 0x00000000e3e00000)
  eden space 40960K,   0% used [0x00000000e0c00000, 0x00000000e0c00000, 0x00000000e3400000)
  from space 5120K,  10% used [0x00000000e3400000, 0x00000000e3484570, 0x00000000e3900000)
  to   space 5120K,   0% used [0x00000000e3900000, 0x00000000e3900000, 0x00000000e3e00000)
 concurrent mark-sweep generation total 460800K, used 36134K [0x00000000e3e00000, 0x0000000100000000, 0x0000000100000000)
 Metaspace       used 31266K, capacity 31986K, committed 32220K, reserved 1077248K
  class space    used 3596K, capacity 3805K, committed 3836K, reserved 1048576K
}
2022-02-07T22:08:59.032+0000: 3.368: Total time for which application threads were stopped: 0.0947277 seconds, Stopping threads took: 0.0000320 seconds
{Heap before GC invocations=10 (full 1):
 par new generation   total 46080K, used 41489K [0x00000000e0c00000, 0x00000000e3e00000, 0x00000000e3e00000)
  eden space 40960K, 100% used [0x00000000e0c00000, 0x00000000e3400000, 0x00000000e3400000)
  from space 5120K,  10% used [0x00000000e3400000, 0x00000000e3484570, 0x00000000e3900000)
  to   space 5120K,   0% used [0x00000000e3900000, 0x00000000e3900000, 0x00000000e3e00000)
 concurrent mark-sweep generation total 460800K, used 36134K [0x00000000e3e00000, 0x0000000100000000, 0x0000000100000000)
 Metaspace       used 35790K, capacity 36656K, committed 36956K, reserved 1081344K
  class space    used 4911K, capacity 5146K, committed 5244K, reserved 1048576K
2022-02-07T22:08:59.462+0000: 3.799: [GC (Allocation Failure) 2022-02-07T22:08:59.462+0000: 3.799: [ParNew
Desired survivor size 2621440 bytes, new threshold 1 (max 1)
- age   1:    5167912 bytes,    5167912 total
: 41489K->5119K(46080K), 0.0131457 secs] 77623K->41876K(506880K), 0.0132274 secs] [Times: user=0.27 sys=0.01, real=0.01 secs] 
Heap after GC invocations=11 (full 1):
 par new generation   total 46080K, used 5119K [0x00000000e0c00000, 0x00000000e3e00000, 0x00000000e3e00000)
  eden space 40960K,   0% used [0x00000000e0c00000, 0x00000000e0c00000, 0x00000000e3400000)
  from space 5120K,  99% used [0x00000000e3900000, 0x00000000e3dffff8, 0x00000000e3e00000)
  to   space 5120K,   0% used [0x00000000e3400000, 0x00000000e3400000, 0x00000000e3900000)
 concurrent mark-sweep generation total 460800K, used 36756K [0x00000000e3e00000, 0x0000000100000000, 0x0000000100000000)
 Metaspace       used 35790K, capacity 36656K, committed 36956K, reserved 1081344K
  class space    used 4911K, capacity 5146K, committed 5244K, reserved 1048576K
}
2022-02-07T22:08:59.475+0000: 3.812: Total time for which application threads were stopped: 0.0139179 seconds, Stopping threads took: 0.0001584 seconds
{Heap before GC invocations=11 (full 1):
 par new generation   total 46080K, used 46079K [0x00000000e0c00000, 0x00000000e3e00000, 0x00000000e3e00000)
  eden space 40960K, 100% used [0x00000000e0c00000, 0x00000000e3400000, 0x00000000e3400000)
  from space 5120K,  99% used [0x00000000e3900000, 0x00000000e3dffff8, 0x00000000e3e00000)
  to   space 5120K,   0% used [0x00000000e3400000, 0x00000000e3400000, 0x00000000e3900000)
 concurrent mark-sweep generation total 460800K, used 36756K [0x00000000e3e00000, 0x0000000100000000, 0x0000000100000000)
 Metaspace       used 36457K, capacity 37320K, committed 37468K, reserved 1081344K
  class space    used 4976K, capacity 5192K, committed 5244K, reserved 1048576K
2022-02-07T22:08:59.639+0000: 3.976: [GC (Allocation Failure) 2022-02-07T22:08:59.640+0000: 3.977: [ParNew
Desired survivor size 2621440 bytes, new threshold 1 (max 1)
- age   1:    5177592 bytes,    5177592 total
: 46079K->5120K(46080K), 0.0167711 secs] 82836K->44939K(506880K), 0.0168667 secs] [Times: user=0.17 sys=0.01, real=0.01 secs] 
Heap after GC invocations=12 (full 1):
 par new generation   total 46080K, used 5120K [0x00000000e0c00000, 0x00000000e3e00000, 0x00000000e3e00000)
  eden space 40960K,   0% used [0x00000000e0c00000, 0x00000000e0c00000, 0x00000000e3400000)
  from space 5120K, 100% used [0x00000000e3400000, 0x00000000e3900000, 0x00000000e3900000)
  to   space 5120K,   0% used [0x00000000e3900000, 0x00000000e3900000, 0x00000000e3e00000)
 concurrent mark-sweep generation total 460800K, used 39819K [0x00000000e3e00000, 0x0000000100000000, 0x0000000100000000)
 Metaspace       used 36457K, capacity 37320K, committed 37468K, reserved 1081344K
  class space    used 4976K, capacity 5192K, committed 5244K, reserved 1048576K
}
2022-02-07T22:08:59.656+0000: 3.993: Total time for which application threads were stopped: 0.0172541 seconds, Stopping threads took: 0.0000359 seconds
2022-02-07T22:08:59.699+0000: 4.036: Total time for which application threads were stopped: 0.0007084 seconds, Stopping threads took: 0.0000341 seconds
{Heap before GC invocations=12 (full 1):
 par new generation   total 46080K, used 45665K [0x00000000e0c00000, 0x00000000e3e00000, 0x00000000e3e00000)
  eden space 40960K,  98% used [0x00000000e0c00000, 0x00000000e33985a8, 0x00000000e3400000)
  from space 5120K, 100% used [0x00000000e3400000, 0x00000000e3900000, 0x00000000e3900000)
  to   space 5120K,   0% used [0x00000000e3900000, 0x00000000e3900000, 0x00000000e3e00000)
 concurrent mark-sweep generation total 460800K, used 39819K [0x00000000e3e00000, 0x0000000100000000, 0x0000000100000000)
 Metaspace       used 38859K, capacity 39870K, committed 40156K, reserved 1083392K
  class space    used 5315K, capacity 5587K, committed 5628K, reserved 1048576K
2022-02-07T22:09:00.071+0000: 4.408: [GC (Allocation Failure) 2022-02-07T22:09:00.071+0000: 4.408: [ParNew
Desired survivor size 2621440 bytes, new threshold 1 (max 1)
- age   1:    3760784 bytes,    3760784 total
: 45665K->5120K(46080K), 0.0445526 secs] 85485K->52172K(506880K), 0.0446745 secs] [Times: user=0.26 sys=0.05, real=0.04 secs] 
Heap after GC invocations=13 (full 1):
 par new generation   total 46080K, used 5120K [0x00000000e0c00000, 0x00000000e3e00000, 0x00000000e3e00000)
  eden space 40960K,   0% used [0x00000000e0c00000, 0x00000000e0c00000, 0x00000000e3400000)
  from space 5120K, 100% used [0x00000000e3900000, 0x00000000e3e00000, 0x00000000e3e00000)
  to   space 5120K,   0% used [0x00000000e3400000, 0x00000000e3400000, 0x00000000e3900000)
 concurrent mark-sweep generation total 460800K, used 47052K [0x00000000e3e00000, 0x0000000100000000, 0x0000000100000000)
 Metaspace       used 38859K, capacity 39870K, committed 40156K, reserved 1083392K
  class space    used 5315K, capacity 5587K, committed 5628K, reserved 1048576K
}
2022-02-07T22:09:00.116+0000: 4.453: Total time for which application threads were stopped: 0.0451323 seconds, Stopping threads took: 0.0000417 seconds
2022-02-07T22:09:00.254+0000: 4.591: Total time for which application threads were stopped: 0.0003832 seconds, Stopping threads took: 0.0000417 seconds
2022-02-07T22:09:00.437+0000: 4.774: Total time for which application threads were stopped: 0.0005427 seconds, Stopping threads took: 0.0000884 seconds
{Heap before GC invocations=13 (full 1):
 par new generation   total 46080K, used 45903K [0x00000000e0c00000, 0x00000000e3e00000, 0x00000000e3e00000)
  eden space 40960K,  99% used [0x00000000e0c00000, 0x00000000e33d3e10, 0x00000000e3400000)
  from space 5120K, 100% used [0x00000000e3900000, 0x00000000e3e00000, 0x00000000e3e00000)
  to   space 5120K,   0% used [0x00000000e3400000, 0x00000000e3400000, 0x00000000e3900000)
 concurrent mark-sweep generation total 460800K, used 47052K [0x00000000e3e00000, 0x0000000100000000, 0x0000000100000000)
 Metaspace       used 40281K, capacity 41386K, committed 41692K, reserved 1085440K
  class space    used 5486K, capacity 5776K, committed 5884K, reserved 1048576K
2022-02-07T22:09:00.444+0000: 4.781: [GC (Allocation Failure) 2022-02-07T22:09:00.444+0000: 4.781: [ParNew
Desired survivor size 2621440 bytes, new threshold 1 (max 1)
- age   1:    4088552 bytes,    4088552 total
: 45903K->5120K(46080K), 0.0176715 secs] 92956K->60102K(506880K), 0.0177797 secs] [Times: user=0.18 sys=0.02, real=0.02 secs] 
Heap after GC invocations=14 (full 1):
 par new generation   total 46080K, used 5120K [0x00000000e0c00000, 0x00000000e3e00000, 0x00000000e3e00000)
  eden space 40960K,   0% used [0x00000000e0c00000, 0x00000000e0c00000, 0x00000000e3400000)
  from space 5120K, 100% used [0x00000000e3400000, 0x00000000e3900000, 0x00000000e3900000)
  to   space 5120K,   0% used [0x00000000e3900000, 0x00000000e3900000, 0x00000000e3e00000)
 concurrent mark-sweep generation total 460800K, used 54982K [0x00000000e3e00000, 0x0000000100000000, 0x0000000100000000)
 Metaspace       used 40281K, capacity 41386K, committed 41692K, reserved 1085440K
  class space    used 5486K, capacity 5776K, committed 5884K, reserved 1048576K
}
2022-02-07T22:09:00.462+0000: 4.799: Total time for which application threads were stopped: 0.0181602 seconds, Stopping threads took: 0.0001194 seconds
2022-02-07T22:09:00.519+0000: 4.856: Total time for which application threads were stopped: 0.0008379 seconds, Stopping threads took: 0.0000628 seconds
2022-02-07T22:09:00.605+0000: 4.942: Total time for which application threads were stopped: 0.0010432 seconds, Stopping threads took: 0.0000373 seconds
2022-02-07T22:09:00.626+0000: 4.963: Total time for which application threads were stopped: 0.0004762 seconds, Stopping threads took: 0.0000710 seconds
2022-02-07T22:09:00.817+0000: 5.154: Total time for which application threads were stopped: 0.0011274 seconds, Stopping threads took: 0.0000461 seconds
2022-02-07T22:09:01.183+0000: 5.520: Total time for which application threads were stopped: 0.0007083 seconds, Stopping threads took: 0.0001114 seconds
2022-02-07T22:09:01.219+0000: 5.556: Total time for which application threads were stopped: 0.0004753 seconds, Stopping threads took: 0.0000262 seconds
2022-02-07T22:09:01.242+0000: 5.579: Total time for which application threads were stopped: 0.0003584 seconds, Stopping threads took: 0.0000393 seconds
2022-02-07T22:09:01.260+0000: 5.597: Total time for which application threads were stopped: 0.0002869 seconds, Stopping threads took: 0.0000235 seconds
2022-02-07T22:09:01.297+0000: 5.634: Total time for which application threads were stopped: 0.0004539 seconds, Stopping threads took: 0.0000363 seconds
2022-02-07T22:09:01.311+0000: 5.648: Total time for which application threads were stopped: 0.0009748 seconds, Stopping threads took: 0.0000318 seconds
2022-02-07T22:09:01.323+0000: 5.660: Total time for which application threads were stopped: 0.0002463 seconds, Stopping threads took: 0.0000313 seconds
{Heap before GC invocations=14 (full 1):
 par new generation   total 46080K, used 46080K [0x00000000e0c00000, 0x00000000e3e00000, 0x00000000e3e00000)
  eden space 40960K, 100% used [0x00000000e0c00000, 0x00000000e3400000, 0x00000000e3400000)
  from space 5120K, 100% used [0x00000000e3400000, 0x00000000e3900000, 0x00000000e3900000)
  to   space 5120K,   0% used [0x00000000e3900000, 0x00000000e3900000, 0x00000000e3e00000)
 concurrent mark-sweep generation total 460800K, used 54982K [0x00000000e3e00000, 0x0000000100000000, 0x0000000100000000)
 Metaspace       used 43694K, capacity 45224K, committed 45300K, reserved 1087488K
  class space    used 5939K, capacity 6355K, committed 6420K, reserved 1048576K
2022-02-07T22:09:01.327+0000: 5.664: [GC (Allocation Failure) 2022-02-07T22:09:01.327+0000: 5.664: [ParNew
Desired survivor size 2621440 bytes, new threshold 1 (max 1)
- age   1:    3636944 bytes,    3636944 total
: 46080K->5120K(46080K), 0.0219001 secs] 101062K->73298K(506880K), 0.0220311 secs] [Times: user=0.15 sys=0.02, real=0.02 secs] 
Heap after GC invocations=15 (full 1):
 par new generation   total 46080K, used 5120K [0x00000000e0c00000, 0x00000000e3e00000, 0x00000000e3e00000)
  eden space 40960K,   0% used [0x00000000e0c00000, 0x00000000e0c00000, 0x00000000e3400000)
  from space 5120K, 100% used [0x00000000e3900000, 0x00000000e3e00000, 0x00000000e3e00000)
  to   space 5120K,   0% used [0x00000000e3400000, 0x00000000e3400000, 0x00000000e3900000)
 concurrent mark-sweep generation total 460800K, used 68178K [0x00000000e3e00000, 0x0000000100000000, 0x0000000100000000)
 Metaspace       used 43694K, capacity 45224K, committed 45300K, reserved 1087488K
  class space    used 5939K, capacity 6355K, committed 6420K, reserved 1048576K
}
2022-02-07T22:09:01.349+0000: 5.686: Total time for which application threads were stopped: 0.0223729 seconds, Stopping threads took: 0.0000402 seconds
2022-02-07T22:09:01.350+0000: 5.687: [GC (CMS Initial Mark) [1 CMS-initial-mark: 68178K(460800K)] 73726K(506880K), 0.0018438 secs] [Times: user=0.01 sys=0.00, real=0.00 secs] 
2022-02-07T22:09:01.352+0000: 5.689: Total time for which application threads were stopped: 0.0021282 seconds, Stopping threads took: 0.0001169 seconds
2022-02-07T22:09:01.352+0000: 5.689: [CMS-concurrent-mark-start]
2022-02-07T22:09:01.366+0000: 5.703: [CMS-concurrent-mark: 0.014/0.014 secs] [Times: user=0.13 sys=0.01, real=0.01 secs] 
2022-02-07T22:09:01.366+0000: 5.703: [CMS-concurrent-preclean-start]
2022-02-07T22:09:01.367+0000: 5.704: [CMS-concurrent-preclean: 0.001/0.001 secs] [Times: user=0.00 sys=0.00, real=0.01 secs] 
2022-02-07T22:09:01.368+0000: 5.705: [GC (CMS Final Remark) [YG occupancy: 6284 K (46080 K)]2022-02-07T22:09:01.368+0000: 5.705: [Rescan (parallel) , 0.0018815 secs]2022-02-07T22:09:01.370+0000: 5.707: [weak refs processing, 0.0009646 secs]2022-02-07T22:09:01.371+0000: 5.708: [class unloading, 0.0170494 secs]2022-02-07T22:09:01.388+0000: 5.725: [scrub symbol table, 0.0050785 secs]2022-02-07T22:09:01.393+0000: 5.730: [scrub string table, 0.0009120 secs][1 CMS-remark: 68178K(460800K)] 74463K(506880K), 0.0260601 secs] [Times: user=0.06 sys=0.01, real=0.02 secs] 
2022-02-07T22:09:01.394+0000: 5.731: Total time for which application threads were stopped: 0.0262177 seconds, Stopping threads took: 0.0000370 seconds
2022-02-07T22:09:01.394+0000: 5.731: [CMS-concurrent-sweep-start]
2022-02-07T22:09:01.427+0000: 5.764: Total time for which application threads were stopped: 0.0003608 seconds, Stopping threads took: 0.0000306 seconds
2022-02-07T22:09:01.430+0000: 5.767: [CMS-concurrent-sweep: 0.035/0.036 secs] [Times: user=0.11 sys=0.01, real=0.04 secs] 
2022-02-07T22:09:01.430+0000: 5.767: [CMS-concurrent-reset-start]
2022-02-07T22:09:01.433+0000: 5.770: [CMS-concurrent-reset: 0.003/0.003 secs] [Times: user=0.02 sys=0.00, real=0.00 secs] 
2022-02-07T22:09:01.515+0000: 5.852: Total time for which application threads were stopped: 0.0015363 seconds, Stopping threads took: 0.0000492 seconds
2022-02-07T22:09:01.519+0000: 5.856: Total time for which application threads were stopped: 0.0007077 seconds, Stopping threads took: 0.0000341 seconds
2022-02-07T22:09:02.520+0000: 6.857: Total time for which application threads were stopped: 0.0005253 seconds, Stopping threads took: 0.0001489 seconds
2022-02-07T22:09:02.869+0000: 7.206: Total time for which application threads were stopped: 0.0005695 seconds, Stopping threads took: 0.0000998 seconds
2022-02-07T22:09:03.869+0000: 8.206: Total time for which application threads were stopped: 0.0003746 seconds, Stopping threads took: 0.0000492 seconds
2022-02-07T22:09:04.870+0000: 9.207: Total time for which application threads were stopped: 0.0004965 seconds, Stopping threads took: 0.0001900 seconds
2022-02-07T22:09:05.870+0000: 10.207: Total time for which application threads were stopped: 0.0002741 seconds, Stopping threads took: 0.0000424 seconds
2022-02-07T22:09:06.871+0000: 11.208: Total time for which application threads were stopped: 0.0003162 seconds, Stopping threads took: 0.0000596 seconds
2022-02-07T22:09:07.871+0000: 12.208: Total time for which application threads were stopped: 0.0002518 seconds, Stopping threads took: 0.0000413 seconds
2022-02-07T22:09:08.871+0000: 13.208: Total time for which application threads were stopped: 0.0002558 seconds, Stopping threads took: 0.0000386 seconds
2022-02-07T22:09:09.872+0000: 14.209: Total time for which application threads were stopped: 0.0002906 seconds, Stopping threads took: 0.0000427 seconds
{Heap before GC invocations=15 (full 2):
 par new generation   total 46080K, used 46080K [0x00000000e0c00000, 0x00000000e3e00000, 0x00000000e3e00000)
  eden space 40960K, 100% used [0x00000000e0c00000, 0x00000000e3400000, 0x00000000e3400000)
  from space 5120K, 100% used [0x00000000e3900000, 0x00000000e3e00000, 0x00000000e3e00000)
  to   space 5120K,   0% used [0x00000000e3400000, 0x00000000e3400000, 0x00000000e3900000)
 concurrent mark-sweep generation total 460800K, used 36941K [0x00000000e3e00000, 0x0000000100000000, 0x0000000100000000)
 Metaspace       used 46596K, capacity 48674K, committed 48840K, reserved 1091584K
  class space    used 6352K, capacity 6838K, committed 6888K, reserved 1048576K
2022-02-07T22:09:10.929+0000: 15.266: [GC (Allocation Failure) 2022-02-07T22:09:10.929+0000: 15.266: [ParNew
Desired survivor size 2621440 bytes, new threshold 1 (max 1)
- age   1:    4826264 bytes,    4826264 total
: 46080K->5120K(46080K), 0.0103244 secs] 83021K->49278K(506880K), 0.0104361 secs] [Times: user=0.15 sys=0.00, real=0.01 secs] 
