OpenJDK 64-Bit Server VM (25.312-b07) for linux-amd64 JRE (1.8.0_312-8u312-b07-0ubuntu1~18.04-b07), built on Nov  3 2021 13:54:59 by "buildd" with gcc 7.5.0
Memory: 4k page, physical 164941188k(116461016k free), swap 3145724k(3145724k free)
CommandLine flags: -XX:+AlwaysPreTouch -XX:+CMSClassUnloadingEnabled -XX:+CMSEdenChunksRecordAlways -XX:CMSInitiatingOccupancyFraction=75 -XX:+CMSParallelInitialMarkEnabled -XX:+CMSParallelRemarkEnabled -XX:CMSWaitDuration=10000 -XX:CompileCommandFile=/tmp/dtest-4jd3e82j/test/node1/conf/hotspot_compiler -XX:GCLogFileSize=10485760 -XX:+HeapDumpOnOutOfMemoryError -XX:InitialHeapSize=524288000 -XX:InitialTenuringThreshold=1 -XX:+ManagementServer -XX:MaxHeapSize=524288000 -XX:MaxNewSize=52428800 -XX:MaxTenuringThreshold=1 -XX:NewSize=52428800 -XX:NumberOfGCLogFiles=10 -XX:OldPLABSize=16 -XX:OnOutOfMemoryError=kill -9 %p -XX:+PerfDisableSharedMem -XX:+PrintGC -XX:+PrintGCApplicationStoppedTime -XX:+PrintGCDateStamps -XX:+PrintGCDetails -XX:+PrintGCTimeStamps -XX:+PrintHeapAtGC -XX:+PrintPromotionFailure -XX:+PrintTenuringDistribution -XX:+ResizeTLAB -XX:SurvivorRatio=8 -XX:ThreadPriorityPolicy=42 -XX:ThreadStackSize=256 -XX:-UseBiasedLocking -XX:+UseCMSInitiatingOccupancyOnly -XX:+UseCompressedClassPointers -XX:+UseCompressedOops -XX:+UseConcMarkSweepGC -XX:+UseCondCardMark -XX:+UseGCLogFileRotation -XX:-UseNUMA -XX:+UseParNewGC -XX:+UseTLAB -XX:+UseThreadPriorities 
2022-02-07T22:08:45.322+0000: 0.558: Total time for which application threads were stopped: 0.0001900 seconds, Stopping threads took: 0.0001020 seconds
2022-02-07T22:08:45.379+0000: 0.616: Total time for which application threads were stopped: 0.0000675 seconds, Stopping threads took: 0.0000108 seconds
{Heap before GC invocations=0 (full 0):
 par new generation   total 46080K, used 40960K [0x00000000e0c00000, 0x00000000e3e00000, 0x00000000e3e00000)
  eden space 40960K, 100% used [0x00000000e0c00000, 0x00000000e3400000, 0x00000000e3400000)
  from space 5120K,   0% used [0x00000000e3400000, 0x00000000e3400000, 0x00000000e3900000)
  to   space 5120K,   0% used [0x00000000e3900000, 0x00000000e3900000, 0x00000000e3e00000)
 concurrent mark-sweep generation total 460800K, used 0K [0x00000000e3e00000, 0x0000000100000000, 0x0000000100000000)
 Metaspace       used 12570K, capacity 12710K, committed 13056K, reserved 1060864K
  class space    used 1434K, capacity 1485K, committed 1536K, reserved 1048576K
2022-02-07T22:08:45.713+0000: 0.950: [GC (Allocation Failure) 2022-02-07T22:08:45.713+0000: 0.950: [ParNew
Desired survivor size 2621440 bytes, new threshold 1 (max 1)
- age   1:    5113528 bytes,    5113528 total
: 40960K->5119K(46080K), 0.0066146 secs] 40960K->5548K(506880K), 0.0067395 secs] [Times: user=0.08 sys=0.02, real=0.01 secs] 
Heap after GC invocations=1 (full 0):
 par new generation   total 46080K, used 5119K [0x00000000e0c00000, 0x00000000e3e00000, 0x00000000e3e00000)
  eden space 40960K,   0% used [0x00000000e0c00000, 0x00000000e0c00000, 0x00000000e3400000)
  from space 5120K,  99% used [0x00000000e3900000, 0x00000000e3dffff8, 0x00000000e3e00000)
  to   space 5120K,   0% used [0x00000000e3400000, 0x00000000e3400000, 0x00000000e3900000)
 concurrent mark-sweep generation total 460800K, used 428K [0x00000000e3e00000, 0x0000000100000000, 0x0000000100000000)
 Metaspace       used 12570K, capacity 12710K, committed 13056K, reserved 1060864K
  class space    used 1434K, capacity 1485K, committed 1536K, reserved 1048576K
}
2022-02-07T22:08:45.720+0000: 0.957: Total time for which application threads were stopped: 0.0072461 seconds, Stopping threads took: 0.0000391 seconds
2022-02-07T22:08:45.793+0000: 1.030: Total time for which application threads were stopped: 0.0002286 seconds, Stopping threads took: 0.0000176 seconds
2022-02-07T22:08:45.843+0000: 1.080: Total time for which application threads were stopped: 0.0002665 seconds, Stopping threads took: 0.0000167 seconds
2022-02-07T22:08:45.923+0000: 1.160: Total time for which application threads were stopped: 0.0002407 seconds, Stopping threads took: 0.0000435 seconds
2022-02-07T22:08:45.924+0000: 1.161: Total time for which application threads were stopped: 0.0001154 seconds, Stopping threads took: 0.0000183 seconds
2022-02-07T22:08:45.932+0000: 1.168: Total time for which application threads were stopped: 0.0001643 seconds, Stopping threads took: 0.0000255 seconds
2022-02-07T22:08:45.960+0000: 1.197: Total time for which application threads were stopped: 0.0001532 seconds, Stopping threads took: 0.0000343 seconds
2022-02-07T22:08:45.991+0000: 1.228: Total time for which application threads were stopped: 0.0001943 seconds, Stopping threads took: 0.0000285 seconds
2022-02-07T22:08:46.044+0000: 1.280: Total time for which application threads were stopped: 0.0002014 seconds, Stopping threads took: 0.0000172 seconds
2022-02-07T22:08:46.079+0000: 1.316: Total time for which application threads were stopped: 0.0001678 seconds, Stopping threads took: 0.0000178 seconds
{Heap before GC invocations=1 (full 0):
 par new generation   total 46080K, used 46079K [0x00000000e0c00000, 0x00000000e3e00000, 0x00000000e3e00000)
  eden space 40960K, 100% used [0x00000000e0c00000, 0x00000000e3400000, 0x00000000e3400000)
  from space 5120K,  99% used [0x00000000e3900000, 0x00000000e3dffff8, 0x00000000e3e00000)
  to   space 5120K,   0% used [0x00000000e3400000, 0x00000000e3400000, 0x00000000e3900000)
 concurrent mark-sweep generation total 460800K, used 428K [0x00000000e3e00000, 0x0000000100000000, 0x0000000100000000)
 Metaspace       used 19241K, capacity 19488K, committed 19840K, reserved 1067008K
  class space    used 2248K, capacity 2360K, committed 2432K, reserved 1048576K
2022-02-07T22:08:46.117+0000: 1.354: [GC (Allocation Failure) 2022-02-07T22:08:46.117+0000: 1.354: [ParNew
Desired survivor size 2621440 bytes, new threshold 1 (max 1)
- age   1:    4016920 bytes,    4016920 total
: 46079K->5119K(46080K), 0.0407120 secs] 46508K->9436K(506880K), 0.0408125 secs] [Times: user=0.25 sys=0.04, real=0.04 secs] 
Heap after GC invocations=2 (full 0):
 par new generation   total 46080K, used 5119K [0x00000000e0c00000, 0x00000000e3e00000, 0x00000000e3e00000)
  eden space 40960K,   0% used [0x00000000e0c00000, 0x00000000e0c00000, 0x00000000e3400000)
  from space 5120K,  99% used [0x00000000e3400000, 0x00000000e38ffff0, 0x00000000e3900000)
  to   space 5120K,   0% used [0x00000000e3900000, 0x00000000e3900000, 0x00000000e3e00000)
 concurrent mark-sweep generation total 460800K, used 4316K [0x00000000e3e00000, 0x0000000100000000, 0x0000000100000000)
 Metaspace       used 19241K, capacity 19488K, committed 19840K, reserved 1067008K
  class space    used 2248K, capacity 2360K, committed 2432K, reserved 1048576K
}
2022-02-07T22:08:46.158+0000: 1.394: Total time for which application threads were stopped: 0.0410192 seconds, Stopping threads took: 0.0000170 seconds
2022-02-07T22:08:46.230+0000: 1.467: Total time for which application threads were stopped: 0.0003612 seconds, Stopping threads took: 0.0000337 seconds
2022-02-07T22:08:46.318+0000: 1.555: Total time for which application threads were stopped: 0.0003708 seconds, Stopping threads took: 0.0000243 seconds
2022-02-07T22:08:46.334+0000: 1.570: Total time for which application threads were stopped: 0.0003810 seconds, Stopping threads took: 0.0000291 seconds
2022-02-07T22:08:46.352+0000: 1.589: Total time for which application threads were stopped: 0.0003638 seconds, Stopping threads took: 0.0000304 seconds
2022-02-07T22:08:46.371+0000: 1.608: Total time for which application threads were stopped: 0.0003537 seconds, Stopping threads took: 0.0000274 seconds
2022-02-07T22:08:46.405+0000: 1.641: Total time for which application threads were stopped: 0.0004126 seconds, Stopping threads took: 0.0000321 seconds
2022-02-07T22:08:46.444+0000: 1.681: Total time for which application threads were stopped: 0.0002323 seconds, Stopping threads took: 0.0000269 seconds
2022-02-07T22:08:46.464+0000: 1.701: Total time for which application threads were stopped: 0.0003855 seconds, Stopping threads took: 0.0000267 seconds
2022-02-07T22:08:46.483+0000: 1.719: Total time for which application threads were stopped: 0.0004067 seconds, Stopping threads took: 0.0000275 seconds
2022-02-07T22:08:46.495+0000: 1.732: Total time for which application threads were stopped: 0.0003367 seconds, Stopping threads took: 0.0000197 seconds
2022-02-07T22:08:46.529+0000: 1.766: Total time for which application threads were stopped: 0.0003396 seconds, Stopping threads took: 0.0000193 seconds
2022-02-07T22:08:46.575+0000: 1.811: Total time for which application threads were stopped: 0.0003645 seconds, Stopping threads took: 0.0000196 seconds
2022-02-07T22:08:46.697+0000: 1.933: Total time for which application threads were stopped: 0.0004875 seconds, Stopping threads took: 0.0000265 seconds
2022-02-07T22:08:46.714+0000: 1.951: Total time for which application threads were stopped: 0.0003255 seconds, Stopping threads took: 0.0000291 seconds
2022-02-07T22:08:46.733+0000: 1.970: Total time for which application threads were stopped: 0.0003610 seconds, Stopping threads took: 0.0000326 seconds
{Heap before GC invocations=2 (full 0):
 par new generation   total 46080K, used 46079K [0x00000000e0c00000, 0x00000000e3e00000, 0x00000000e3e00000)
  eden space 40960K, 100% used [0x00000000e0c00000, 0x00000000e3400000, 0x00000000e3400000)
  from space 5120K,  99% used [0x00000000e3400000, 0x00000000e38ffff0, 0x00000000e3900000)
  to   space 5120K,   0% used [0x00000000e3900000, 0x00000000e3900000, 0x00000000e3e00000)
 concurrent mark-sweep generation total 460800K, used 4316K [0x00000000e3e00000, 0x0000000100000000, 0x0000000100000000)
 Metaspace       used 25253K, capacity 25556K, committed 25944K, reserved 1073152K
  class space    used 2876K, capacity 3012K, committed 3068K, reserved 1048576K
2022-02-07T22:08:46.738+0000: 1.975: [GC (Allocation Failure) 2022-02-07T22:08:46.738+0000: 1.975: [ParNew
Desired survivor size 2621440 bytes, new threshold 1 (max 1)
- age   1:    4669656 bytes,    4669656 total
: 46079K->5119K(46080K), 0.0181863 secs] 50396K->12439K(506880K), 0.0182807 secs] [Times: user=0.31 sys=0.03, real=0.02 secs] 
Heap after GC invocations=3 (full 0):
 par new generation   total 46080K, used 5119K [0x00000000e0c00000, 0x00000000e3e00000, 0x00000000e3e00000)
  eden space 40960K,   0% used [0x00000000e0c00000, 0x00000000e0c00000, 0x00000000e3400000)
  from space 5120K,  99% used [0x00000000e3900000, 0x00000000e3dffff8, 0x00000000e3e00000)
  to   space 5120K,   0% used [0x00000000e3400000, 0x00000000e3400000, 0x00000000e3900000)
 concurrent mark-sweep generation total 460800K, used 7319K [0x00000000e3e00000, 0x0000000100000000, 0x0000000100000000)
 Metaspace       used 25253K, capacity 25556K, committed 25944K, reserved 1073152K
  class space    used 2876K, capacity 3012K, committed 3068K, reserved 1048576K
}
2022-02-07T22:08:46.756+0000: 1.993: Total time for which application threads were stopped: 0.0185910 seconds, Stopping threads took: 0.0000813 seconds
2022-02-07T22:08:46.756+0000: 1.993: [GC (CMS Initial Mark) [1 CMS-initial-mark: 7319K(460800K)] 13219K(506880K), 0.0009053 secs] [Times: user=0.00 sys=0.00, real=0.00 secs] 
2022-02-07T22:08:46.757+0000: 1.994: Total time for which application threads were stopped: 0.0010065 seconds, Stopping threads took: 0.0000239 seconds
2022-02-07T22:08:46.757+0000: 1.994: [CMS-concurrent-mark-start]
2022-02-07T22:08:46.762+0000: 1.999: [CMS-concurrent-mark: 0.005/0.005 secs] [Times: user=0.07 sys=0.00, real=0.01 secs] 
2022-02-07T22:08:46.763+0000: 1.999: [CMS-concurrent-preclean-start]
2022-02-07T22:08:46.763+0000: 2.000: [CMS-concurrent-preclean: 0.001/0.001 secs] [Times: user=0.00 sys=0.00, real=0.00 secs] 
2022-02-07T22:08:46.764+0000: 2.000: [GC (CMS Final Remark) [YG occupancy: 5900 K (46080 K)]2022-02-07T22:08:46.764+0000: 2.000: [Rescan (parallel) , 0.0015219 secs]2022-02-07T22:08:46.765+0000: 2.002: [weak refs processing, 0.0002353 secs]2022-02-07T22:08:46.765+0000: 2.002: [class unloading, 0.0075701 secs]2022-02-07T22:08:46.773+0000: 2.010: [scrub symbol table, 0.0036734 secs]2022-02-07T22:08:46.777+0000: 2.013: [scrub string table, 0.0005336 secs][1 CMS-remark: 7319K(460800K)] 13219K(506880K), 0.0137049 secs] [Times: user=0.05 sys=0.01, real=0.01 secs] 
2022-02-07T22:08:46.777+0000: 2.014: Total time for which application threads were stopped: 0.0138478 seconds, Stopping threads took: 0.0000675 seconds
2022-02-07T22:08:46.777+0000: 2.014: [CMS-concurrent-sweep-start]
2022-02-07T22:08:46.782+0000: 2.018: [CMS-concurrent-sweep: 0.004/0.004 secs] [Times: user=0.02 sys=0.00, real=0.01 secs] 
2022-02-07T22:08:46.782+0000: 2.018: [CMS-concurrent-reset-start]
2022-02-07T22:08:46.787+0000: 2.024: [CMS-concurrent-reset: 0.005/0.005 secs] [Times: user=0.02 sys=0.00, real=0.01 secs] 
2022-02-07T22:08:46.858+0000: 2.094: Total time for which application threads were stopped: 0.0004114 seconds, Stopping threads took: 0.0000548 seconds
2022-02-07T22:08:46.893+0000: 2.129: Total time for which application threads were stopped: 0.0002606 seconds, Stopping threads took: 0.0000199 seconds
2022-02-07T22:08:46.901+0000: 2.138: Total time for which application threads were stopped: 0.0002688 seconds, Stopping threads took: 0.0000693 seconds
2022-02-07T22:08:46.934+0000: 2.171: Total time for which application threads were stopped: 0.0002023 seconds, Stopping threads took: 0.0000220 seconds
2022-02-07T22:08:46.942+0000: 2.179: Total time for which application threads were stopped: 0.0001688 seconds, Stopping threads took: 0.0000235 seconds
2022-02-07T22:08:46.942+0000: 2.179: Total time for which application threads were stopped: 0.0001402 seconds, Stopping threads took: 0.0000173 seconds
2022-02-07T22:08:47.032+0000: 2.268: Total time for which application threads were stopped: 0.0003715 seconds, Stopping threads took: 0.0000275 seconds
2022-02-07T22:08:47.226+0000: 2.463: Total time for which application threads were stopped: 0.0020719 seconds, Stopping threads took: 0.0000700 seconds
{Heap before GC invocations=3 (full 1):
 par new generation   total 46080K, used 46079K [0x00000000e0c00000, 0x00000000e3e00000, 0x00000000e3e00000)
  eden space 40960K, 100% used [0x00000000e0c00000, 0x00000000e3400000, 0x00000000e3400000)
  from space 5120K,  99% used [0x00000000e3900000, 0x00000000e3dffff8, 0x00000000e3e00000)
  to   space 5120K,   0% used [0x00000000e3400000, 0x00000000e3400000, 0x00000000e3900000)
 concurrent mark-sweep generation total 460800K, used 5474K [0x00000000e3e00000, 0x0000000100000000, 0x0000000100000000)
 Metaspace       used 30734K, capacity 31424K, committed 31708K, reserved 1077248K
  class space    used 3542K, capacity 3766K, committed 3836K, reserved 1048576K
2022-02-07T22:08:47.372+0000: 2.609: [GC (Allocation Failure) 2022-02-07T22:08:47.372+0000: 2.609: [ParNew
Desired survivor size 2621440 bytes, new threshold 1 (max 1)
- age   1:    5239888 bytes,    5239888 total
: 46079K->5120K(46080K), 0.0362253 secs] 51554K->17770K(506880K), 0.0363441 secs] [Times: user=0.22 sys=0.08, real=0.04 secs] 
Heap after GC invocations=4 (full 1):
 par new generation   total 46080K, used 5120K [0x00000000e0c00000, 0x00000000e3e00000, 0x00000000e3e00000)
  eden space 40960K,   0% used [0x00000000e0c00000, 0x00000000e0c00000, 0x00000000e3400000)
  from space 5120K, 100% used [0x00000000e3400000, 0x00000000e3900000, 0x00000000e3900000)
  to   space 5120K,   0% used [0x00000000e3900000, 0x00000000e3900000, 0x00000000e3e00000)
 concurrent mark-sweep generation total 460800K, used 12650K [0x00000000e3e00000, 0x0000000100000000, 0x0000000100000000)
 Metaspace       used 30734K, capacity 31424K, committed 31708K, reserved 1077248K
  class space    used 3542K, capacity 3766K, committed 3836K, reserved 1048576K
}
2022-02-07T22:08:47.409+0000: 2.645: Total time for which application threads were stopped: 0.0367648 seconds, Stopping threads took: 0.0000713 seconds
{Heap before GC invocations=4 (full 1):
 par new generation   total 46080K, used 46080K [0x00000000e0c00000, 0x00000000e3e00000, 0x00000000e3e00000)
  eden space 40960K, 100% used [0x00000000e0c00000, 0x00000000e3400000, 0x00000000e3400000)
  from space 5120K, 100% used [0x00000000e3400000, 0x00000000e3900000, 0x00000000e3900000)
  to   space 5120K,   0% used [0x00000000e3900000, 0x00000000e3900000, 0x00000000e3e00000)
 concurrent mark-sweep generation total 460800K, used 12650K [0x00000000e3e00000, 0x0000000100000000, 0x0000000100000000)
 Metaspace       used 30765K, capacity 31488K, committed 31708K, reserved 1077248K
  class space    used 3543K, capacity 3766K, committed 3836K, reserved 1048576K
2022-02-07T22:08:47.573+0000: 2.810: [GC (Allocation Failure) 2022-02-07T22:08:47.573+0000: 2.810: [ParNew
Desired survivor size 2621440 bytes, new threshold 1 (max 1)
- age   1:    3371792 bytes,    3371792 total
: 46080K->5120K(46080K), 0.0201170 secs] 58730K->23496K(506880K), 0.0202468 secs] [Times: user=0.21 sys=0.01, real=0.02 secs] 
Heap after GC invocations=5 (full 1):
 par new generation   total 46080K, used 5120K [0x00000000e0c00000, 0x00000000e3e00000, 0x00000000e3e00000)
  eden space 40960K,   0% used [0x00000000e0c00000, 0x00000000e0c00000, 0x00000000e3400000)
  from space 5120K, 100% used [0x00000000e3900000, 0x00000000e3e00000, 0x00000000e3e00000)
  to   space 5120K,   0% used [0x00000000e3400000, 0x00000000e3400000, 0x00000000e3900000)
 concurrent mark-sweep generation total 460800K, used 18376K [0x00000000e3e00000, 0x0000000100000000, 0x0000000100000000)
 Metaspace       used 30765K, capacity 31488K, committed 31708K, reserved 1077248K
  class space    used 3543K, capacity 3766K, committed 3836K, reserved 1048576K
}
2022-02-07T22:08:47.593+0000: 2.830: Total time for which application threads were stopped: 0.0205849 seconds, Stopping threads took: 0.0000356 seconds
{Heap before GC invocations=5 (full 1):
 par new generation   total 46080K, used 46080K [0x00000000e0c00000, 0x00000000e3e00000, 0x00000000e3e00000)
  eden space 40960K, 100% used [0x00000000e0c00000, 0x00000000e3400000, 0x00000000e3400000)
  from space 5120K, 100% used [0x00000000e3900000, 0x00000000e3e00000, 0x00000000e3e00000)
  to   space 5120K,   0% used [0x00000000e3400000, 0x00000000e3400000, 0x00000000e3900000)
 concurrent mark-sweep generation total 460800K, used 18376K [0x00000000e3e00000, 0x0000000100000000, 0x0000000100000000)
 Metaspace       used 30779K, capacity 31488K, committed 31708K, reserved 1077248K
  class space    used 3543K, capacity 3766K, committed 3836K, reserved 1048576K
2022-02-07T22:08:47.685+0000: 2.922: [GC (Allocation Failure) 2022-02-07T22:08:47.685+0000: 2.922: [ParNew
Desired survivor size 2621440 bytes, new threshold 1 (max 1)
- age   1:    2097392 bytes,    2097392 total
: 46080K->2325K(46080K), 0.0232207 secs] 64456K->23662K(506880K), 0.0233221 secs] [Times: user=0.40 sys=0.00, real=0.03 secs] 
Heap after GC invocations=6 (full 1):
 par new generation   total 46080K, used 2325K [0x00000000e0c00000, 0x00000000e3e00000, 0x00000000e3e00000)
  eden space 40960K,   0% used [0x00000000e0c00000, 0x00000000e0c00000, 0x00000000e3400000)
  from space 5120K,  45% used [0x00000000e3400000, 0x00000000e36455f0, 0x00000000e3900000)
  to   space 5120K,   0% used [0x00000000e3900000, 0x00000000e3900000, 0x00000000e3e00000)
 concurrent mark-sweep generation total 460800K, used 21337K [0x00000000e3e00000, 0x0000000100000000, 0x0000000100000000)
 Metaspace       used 30779K, capacity 31488K, committed 31708K, reserved 1077248K
  class space    used 3543K, capacity 3766K, committed 3836K, reserved 1048576K
}
2022-02-07T22:08:47.708+0000: 2.945: Total time for which application threads were stopped: 0.0237696 seconds, Stopping threads took: 0.0000442 seconds
{Heap before GC invocations=6 (full 1):
 par new generation   total 46080K, used 43285K [0x00000000e0c00000, 0x00000000e3e00000, 0x00000000e3e00000)
  eden space 40960K, 100% used [0x00000000e0c00000, 0x00000000e3400000, 0x00000000e3400000)
  from space 5120K,  45% used [0x00000000e3400000, 0x00000000e36455f0, 0x00000000e3900000)
  to   space 5120K,   0% used [0x00000000e3900000, 0x00000000e3900000, 0x00000000e3e00000)
 concurrent mark-sweep generation total 460800K, used 21337K [0x00000000e3e00000, 0x0000000100000000, 0x0000000100000000)
 Metaspace       used 30779K, capacity 31488K, committed 31708K, reserved 1077248K
  class space    used 3543K, capacity 3766K, committed 3836K, reserved 1048576K
2022-02-07T22:08:47.756+0000: 2.993: [GC (Allocation Failure) 2022-02-07T22:08:47.756+0000: 2.993: [ParNew
Desired survivor size 2621440 bytes, new threshold 1 (max 1)
- age   1:    4194448 bytes,    4194448 total
: 43285K->4165K(46080K), 0.0291664 secs] 64622K->25502K(506880K), 0.0292969 secs] [Times: user=0.83 sys=0.00, real=0.03 secs] 
Heap after GC invocations=7 (full 1):
 par new generation   total 46080K, used 4165K [0x00000000e0c00000, 0x00000000e3e00000, 0x00000000e3e00000)
  eden space 40960K,   0% used [0x00000000e0c00000, 0x00000000e0c00000, 0x00000000e3400000)
  from space 5120K,  81% used [0x00000000e3900000, 0x00000000e3d11570, 0x00000000e3e00000)
  to   space 5120K,   0% used [0x00000000e3400000, 0x00000000e3400000, 0x00000000e3900000)
 concurrent mark-sweep generation total 460800K, used 21337K [0x00000000e3e00000, 0x0000000100000000, 0x0000000100000000)
 Metaspace       used 30779K, capacity 31488K, committed 31708K, reserved 1077248K
  class space    used 3543K, capacity 3766K, committed 3836K, reserved 1048576K
}
2022-02-07T22:08:47.785+0000: 3.022: Total time for which application threads were stopped: 0.0296262 seconds, Stopping threads took: 0.0000329 seconds
{Heap before GC invocations=7 (full 1):
 par new generation   total 46080K, used 45125K [0x00000000e0c00000, 0x00000000e3e00000, 0x00000000e3e00000)
  eden space 40960K, 100% used [0x00000000e0c00000, 0x00000000e3400000, 0x00000000e3400000)
  from space 5120K,  81% used [0x00000000e3900000, 0x00000000e3d11570, 0x00000000e3e00000)
  to   space 5120K,   0% used [0x00000000e3400000, 0x00000000e3400000, 0x00000000e3900000)
 concurrent mark-sweep generation total 460800K, used 21337K [0x00000000e3e00000, 0x0000000100000000, 0x0000000100000000)
 Metaspace       used 30779K, capacity 31488K, committed 31708K, reserved 1077248K
  class space    used 3543K, capacity 3766K, committed 3836K, reserved 1048576K
2022-02-07T22:08:47.828+0000: 3.065: [GC (Allocation Failure) 2022-02-07T22:08:47.829+0000: 3.065: [ParNew
Desired survivor size 2621440 bytes, new threshold 1 (max 1)
- age   1:        208 bytes,        208 total
: 45125K->17K(46080K), 0.0314547 secs] 66462K->25450K(506880K), 0.0315243 secs] [Times: user=0.88 sys=0.00, real=0.03 secs] 
Heap after GC invocations=8 (full 1):
 par new generation   total 46080K, used 17K [0x00000000e0c00000, 0x00000000e3e00000, 0x00000000e3e00000)
  eden space 40960K,   0% used [0x00000000e0c00000, 0x00000000e0c00000, 0x00000000e3400000)
  from space 5120K,   0% used [0x00000000e3400000, 0x00000000e3404540, 0x00000000e3900000)
  to   space 5120K,   0% used [0x00000000e3900000, 0x00000000e3900000, 0x00000000e3e00000)
 concurrent mark-sweep generation total 460800K, used 25433K [0x00000000e3e00000, 0x0000000100000000, 0x0000000100000000)
 Metaspace       used 30779K, capacity 31488K, committed 31708K, reserved 1077248K
  class space    used 3543K, capacity 3766K, committed 3836K, reserved 1048576K
}
2022-02-07T22:08:47.860+0000: 3.097: Total time for which application threads were stopped: 0.0317656 seconds, Stopping threads took: 0.0000318 seconds
{Heap before GC invocations=8 (full 1):
 par new generation   total 46080K, used 40977K [0x00000000e0c00000, 0x00000000e3e00000, 0x00000000e3e00000)
  eden space 40960K, 100% used [0x00000000e0c00000, 0x00000000e3400000, 0x00000000e3400000)
  from space 5120K,   0% used [0x00000000e3400000, 0x00000000e3404540, 0x00000000e3900000)
  to   space 5120K,   0% used [0x00000000e3900000, 0x00000000e3900000, 0x00000000e3e00000)
 concurrent mark-sweep generation total 460800K, used 25433K [0x00000000e3e00000, 0x0000000100000000, 0x0000000100000000)
 Metaspace       used 30779K, capacity 31488K, committed 31708K, reserved 1077248K
  class space    used 3543K, capacity 3766K, committed 3836K, reserved 1048576K
2022-02-07T22:08:47.904+0000: 3.140: [GC (Allocation Failure) 2022-02-07T22:08:47.904+0000: 3.140: [ParNew
Desired survivor size 2621440 bytes, new threshold 1 (max 1)
- age   1:         64 bytes,         64 total
: 40977K->4K(46080K), 0.0021840 secs] 66410K->25437K(506880K), 0.0022795 secs] [Times: user=0.02 sys=0.00, real=0.00 secs] 
Heap after GC invocations=9 (full 1):
 par new generation   total 46080K, used 4K [0x00000000e0c00000, 0x00000000e3e00000, 0x00000000e3e00000)
  eden space 40960K,   0% used [0x00000000e0c00000, 0x00000000e0c00000, 0x00000000e3400000)
  from space 5120K,   0% used [0x00000000e3900000, 0x00000000e3901020, 0x00000000e3e00000)
  to   space 5120K,   0% used [0x00000000e3400000, 0x00000000e3400000, 0x00000000e3900000)
 concurrent mark-sweep generation total 460800K, used 25433K [0x00000000e3e00000, 0x0000000100000000, 0x0000000100000000)
 Metaspace       used 30779K, capacity 31488K, committed 31708K, reserved 1077248K
  class space    used 3543K, capacity 3766K, committed 3836K, reserved 1048576K
}
2022-02-07T22:08:47.906+0000: 3.143: Total time for which application threads were stopped: 0.0025064 seconds, Stopping threads took: 0.0000288 seconds
2022-02-07T22:08:47.936+0000: 3.172: Total time for which application threads were stopped: 0.0005533 seconds, Stopping threads took: 0.0000234 seconds
{Heap before GC invocations=9 (full 1):
 par new generation   total 46080K, used 40964K [0x00000000e0c00000, 0x00000000e3e00000, 0x00000000e3e00000)
  eden space 40960K, 100% used [0x00000000e0c00000, 0x00000000e3400000, 0x00000000e3400000)
  from space 5120K,   0% used [0x00000000e3900000, 0x00000000e3901020, 0x00000000e3e00000)
  to   space 5120K,   0% used [0x00000000e3400000, 0x00000000e3400000, 0x00000000e3900000)
 concurrent mark-sweep generation total 460800K, used 25433K [0x00000000e3e00000, 0x0000000100000000, 0x0000000100000000)
 Metaspace       used 32153K, capacity 32908K, committed 33116K, reserved 1079296K
  class space    used 3707K, capacity 3932K, committed 3964K, reserved 1048576K
2022-02-07T22:08:48.082+0000: 3.319: [GC (Allocation Failure) 2022-02-07T22:08:48.082+0000: 3.319: [ParNew
Desired survivor size 2621440 bytes, new threshold 1 (max 1)
- age   1:    2571792 bytes,    2571792 total
: 40964K->2564K(46080K), 0.0031407 secs] 66397K->27997K(506880K), 0.0032229 secs] [Times: user=0.04 sys=0.01, real=0.00 secs] 
Heap after GC invocations=10 (full 1):
 par new generation   total 46080K, used 2564K [0x00000000e0c00000, 0x00000000e3e00000, 0x00000000e3e00000)
  eden space 40960K,   0% used [0x00000000e0c00000, 0x00000000e0c00000, 0x00000000e3400000)
  from space 5120K,  50% used [0x00000000e3400000, 0x00000000e3681318, 0x00000000e3900000)
  to   space 5120K,   0% used [0x00000000e3900000, 0x00000000e3900000, 0x00000000e3e00000)
 concurrent mark-sweep generation total 460800K, used 25433K [0x00000000e3e00000, 0x0000000100000000, 0x0000000100000000)
 Metaspace       used 32153K, capacity 32908K, committed 33116K, reserved 1079296K
  class space    used 3707K, capacity 3932K, committed 3964K, reserved 1048576K
}
2022-02-07T22:08:48.085+0000: 3.322: Total time for which application threads were stopped: 0.0035597 seconds, Stopping threads took: 0.0000338 seconds
{Heap before GC invocations=10 (full 1):
 par new generation   total 46080K, used 43524K [0x00000000e0c00000, 0x00000000e3e00000, 0x00000000e3e00000)
  eden space 40960K, 100% used [0x00000000e0c00000, 0x00000000e3400000, 0x00000000e3400000)
  from space 5120K,  50% used [0x00000000e3400000, 0x00000000e3681318, 0x00000000e3900000)
  to   space 5120K,   0% used [0x00000000e3900000, 0x00000000e3900000, 0x00000000e3e00000)
 concurrent mark-sweep generation total 460800K, used 25433K [0x00000000e3e00000, 0x0000000100000000, 0x0000000100000000)
 Metaspace       used 36207K, capacity 37034K, committed 37212K, reserved 1081344K
  class space    used 4955K, capacity 5179K, committed 5244K, reserved 1048576K
2022-02-07T22:08:48.483+0000: 3.719: [GC (Allocation Failure) 2022-02-07T22:08:48.483+0000: 3.719: [ParNew
Desired survivor size 2621440 bytes, new threshold 1 (max 1)
- age   1:    4819472 bytes,    4819472 total
: 43524K->5120K(46080K), 0.0092030 secs] 68957K->32983K(506880K), 0.0092800 secs] [Times: user=0.09 sys=0.01, real=0.01 secs] 
Heap after GC invocations=11 (full 1):
 par new generation   total 46080K, used 5120K [0x00000000e0c00000, 0x00000000e3e00000, 0x00000000e3e00000)
  eden space 40960K,   0% used [0x00000000e0c00000, 0x00000000e0c00000, 0x00000000e3400000)
  from space 5120K, 100% used [0x00000000e3900000, 0x00000000e3e00000, 0x00000000e3e00000)
  to   space 5120K,   0% used [0x00000000e3400000, 0x00000000e3400000, 0x00000000e3900000)
 concurrent mark-sweep generation total 460800K, used 27863K [0x00000000e3e00000, 0x0000000100000000, 0x0000000100000000)
 Metaspace       used 36207K, capacity 37034K, committed 37212K, reserved 1081344K
  class space    used 4955K, capacity 5179K, committed 5244K, reserved 1048576K
}
2022-02-07T22:08:48.492+0000: 3.729: Total time for which application threads were stopped: 0.0096814 seconds, Stopping threads took: 0.0000362 seconds
2022-02-07T22:08:48.636+0000: 3.872: Total time for which application threads were stopped: 0.0006969 seconds, Stopping threads took: 0.0000408 seconds
{Heap before GC invocations=11 (full 1):
 par new generation   total 46080K, used 46080K [0x00000000e0c00000, 0x00000000e3e00000, 0x00000000e3e00000)
  eden space 40960K, 100% used [0x00000000e0c00000, 0x00000000e3400000, 0x00000000e3400000)
  from space 5120K, 100% used [0x00000000e3900000, 0x00000000e3e00000, 0x00000000e3e00000)
  to   space 5120K,   0% used [0x00000000e3400000, 0x00000000e3400000, 0x00000000e3900000)
 concurrent mark-sweep generation total 460800K, used 27863K [0x00000000e3e00000, 0x0000000100000000, 0x0000000100000000)
 Metaspace       used 38202K, capacity 39148K, committed 39260K, reserved 1083392K
  class space    used 5238K, capacity 5498K, committed 5500K, reserved 1048576K
2022-02-07T22:08:48.814+0000: 4.051: [GC (Allocation Failure) 2022-02-07T22:08:48.814+0000: 4.051: [ParNew
Desired survivor size 2621440 bytes, new threshold 1 (max 1)
- age   1:    4727792 bytes,    4727792 total
: 46080K->5120K(46080K), 0.0131407 secs] 73943K->37137K(506880K), 0.0132263 secs] [Times: user=0.10 sys=0.01, real=0.02 secs] 
Heap after GC invocations=12 (full 1):
 par new generation   total 46080K, used 5120K [0x00000000e0c00000, 0x00000000e3e00000, 0x00000000e3e00000)
  eden space 40960K,   0% used [0x00000000e0c00000, 0x00000000e0c00000, 0x00000000e3400000)
  from space 5120K, 100% used [0x00000000e3400000, 0x00000000e3900000, 0x00000000e3900000)
  to   space 5120K,   0% used [0x00000000e3900000, 0x00000000e3900000, 0x00000000e3e00000)
 concurrent mark-sweep generation total 460800K, used 32017K [0x00000000e3e00000, 0x0000000100000000, 0x0000000100000000)
 Metaspace       used 38202K, capacity 39148K, committed 39260K, reserved 1083392K
  class space    used 5238K, capacity 5498K, committed 5500K, reserved 1048576K
}
2022-02-07T22:08:48.828+0000: 4.064: Total time for which application threads were stopped: 0.0135636 seconds, Stopping threads took: 0.0000643 seconds
2022-02-07T22:08:49.099+0000: 4.336: Total time for which application threads were stopped: 0.0004166 seconds, Stopping threads took: 0.0000772 seconds
{Heap before GC invocations=12 (full 1):
 par new generation   total 46080K, used 46080K [0x00000000e0c00000, 0x00000000e3e00000, 0x00000000e3e00000)
  eden space 40960K, 100% used [0x00000000e0c00000, 0x00000000e3400000, 0x00000000e3400000)
  from space 5120K, 100% used [0x00000000e3400000, 0x00000000e3900000, 0x00000000e3900000)
  to   space 5120K,   0% used [0x00000000e3900000, 0x00000000e3900000, 0x00000000e3e00000)
 concurrent mark-sweep generation total 460800K, used 32017K [0x00000000e3e00000, 0x0000000100000000, 0x0000000100000000)
 Metaspace       used 39764K, capacity 40862K, committed 41052K, reserved 1085440K
  class space    used 5419K, capacity 5729K, committed 5756K, reserved 1048576K
2022-02-07T22:08:49.215+0000: 4.452: [GC (Allocation Failure) 2022-02-07T22:08:49.215+0000: 4.452: [ParNew
Desired survivor size 2621440 bytes, new threshold 1 (max 1)
- age   1:    3918984 bytes,    3918984 total
: 46080K->5120K(46080K), 0.0263995 secs] 78097K->44092K(506880K), 0.0264861 secs] [Times: user=0.19 sys=0.03, real=0.03 secs] 
Heap after GC invocations=13 (full 1):
 par new generation   total 46080K, used 5120K [0x00000000e0c00000, 0x00000000e3e00000, 0x00000000e3e00000)
  eden space 40960K,   0% used [0x00000000e0c00000, 0x00000000e0c00000, 0x00000000e3400000)
  from space 5120K, 100% used [0x00000000e3900000, 0x00000000e3e00000, 0x00000000e3e00000)
  to   space 5120K,   0% used [0x00000000e3400000, 0x00000000e3400000, 0x00000000e3900000)
 concurrent mark-sweep generation total 460800K, used 38972K [0x00000000e3e00000, 0x0000000100000000, 0x0000000100000000)
 Metaspace       used 39764K, capacity 40862K, committed 41052K, reserved 1085440K
  class space    used 5419K, capacity 5729K, committed 5756K, reserved 1048576K
}
2022-02-07T22:08:49.242+0000: 4.478: Total time for which application threads were stopped: 0.0269206 seconds, Stopping threads took: 0.0000630 seconds
2022-02-07T22:08:49.429+0000: 4.666: Total time for which application threads were stopped: 0.0004014 seconds, Stopping threads took: 0.0000769 seconds
2022-02-07T22:08:49.499+0000: 4.736: Total time for which application threads were stopped: 0.0009608 seconds, Stopping threads took: 0.0000296 seconds
{Heap before GC invocations=13 (full 1):
 par new generation   total 46080K, used 45348K [0x00000000e0c00000, 0x00000000e3e00000, 0x00000000e3e00000)
  eden space 40960K,  98% used [0x00000000e0c00000, 0x00000000e33491e0, 0x00000000e3400000)
  from space 5120K, 100% used [0x00000000e3900000, 0x00000000e3e00000, 0x00000000e3e00000)
  to   space 5120K,   0% used [0x00000000e3400000, 0x00000000e3400000, 0x00000000e3900000)
 concurrent mark-sweep generation total 460800K, used 38972K [0x00000000e3e00000, 0x0000000100000000, 0x0000000100000000)
 Metaspace       used 41433K, capacity 42708K, committed 42844K, reserved 1085440K
  class space    used 5609K, capacity 5937K, committed 6012K, reserved 1048576K
2022-02-07T22:08:49.501+0000: 4.738: [GC (Allocation Failure) 2022-02-07T22:08:49.501+0000: 4.738: [ParNew
Desired survivor size 2621440 bytes, new threshold 1 (max 1)
- age   1:    3605768 bytes,    3605768 total
: 45348K->5120K(46080K), 0.0281088 secs] 84321K->59048K(506880K), 0.0282144 secs] [Times: user=0.18 sys=0.01, real=0.03 secs] 
Heap after GC invocations=14 (full 1):
 par new generation   total 46080K, used 5120K [0x00000000e0c00000, 0x00000000e3e00000, 0x00000000e3e00000)
  eden space 40960K,   0% used [0x00000000e0c00000, 0x00000000e0c00000, 0x00000000e3400000)
  from space 5120K, 100% used [0x00000000e3400000, 0x00000000e3900000, 0x00000000e3900000)
  to   space 5120K,   0% used [0x00000000e3900000, 0x00000000e3900000, 0x00000000e3e00000)
 concurrent mark-sweep generation total 460800K, used 53928K [0x00000000e3e00000, 0x0000000100000000, 0x0000000100000000)
 Metaspace       used 41433K, capacity 42708K, committed 42844K, reserved 1085440K
  class space    used 5609K, capacity 5937K, committed 6012K, reserved 1048576K
}
2022-02-07T22:08:49.529+0000: 4.766: Total time for which application threads were stopped: 0.0284891 seconds, Stopping threads took: 0.0000157 seconds
2022-02-07T22:08:49.608+0000: 4.844: Total time for which application threads were stopped: 0.0005194 seconds, Stopping threads took: 0.0000810 seconds
2022-02-07T22:08:49.751+0000: 4.988: Total time for which application threads were stopped: 0.0010154 seconds, Stopping threads took: 0.0000632 seconds
2022-02-07T22:08:50.147+0000: 5.384: Total time for which application threads were stopped: 0.0005407 seconds, Stopping threads took: 0.0000577 seconds
2022-02-07T22:08:50.183+0000: 5.419: Total time for which application threads were stopped: 0.0004745 seconds, Stopping threads took: 0.0000347 seconds
2022-02-07T22:08:50.211+0000: 5.448: Total time for which application threads were stopped: 0.0004981 seconds, Stopping threads took: 0.0000287 seconds
2022-02-07T22:08:50.230+0000: 5.467: Total time for which application threads were stopped: 0.0002926 seconds, Stopping threads took: 0.0000238 seconds
2022-02-07T22:08:50.288+0000: 5.525: Total time for which application threads were stopped: 0.0010355 seconds, Stopping threads took: 0.0001484 seconds
2022-02-07T22:08:50.311+0000: 5.548: Total time for which application threads were stopped: 0.0021482 seconds, Stopping threads took: 0.0001102 seconds
2022-02-07T22:08:50.327+0000: 5.564: Total time for which application threads were stopped: 0.0003306 seconds, Stopping threads took: 0.0000419 seconds
2022-02-07T22:08:50.387+0000: 5.623: Total time for which application threads were stopped: 0.0004255 seconds, Stopping threads took: 0.0000357 seconds
2022-02-07T22:08:50.414+0000: 5.651: Total time for which application threads were stopped: 0.0004330 seconds, Stopping threads took: 0.0000370 seconds
2022-02-07T22:08:50.468+0000: 5.705: Total time for which application threads were stopped: 0.0004875 seconds, Stopping threads took: 0.0000440 seconds
{Heap before GC invocations=14 (full 1):
 par new generation   total 46080K, used 46080K [0x00000000e0c00000, 0x00000000e3e00000, 0x00000000e3e00000)
  eden space 40960K, 100% used [0x00000000e0c00000, 0x00000000e3400000, 0x00000000e3400000)
  from space 5120K, 100% used [0x00000000e3400000, 0x00000000e3900000, 0x00000000e3900000)
  to   space 5120K,   0% used [0x00000000e3900000, 0x00000000e3900000, 0x00000000e3e00000)
 concurrent mark-sweep generation total 460800K, used 53928K [0x00000000e3e00000, 0x0000000100000000, 0x0000000100000000)
 Metaspace       used 44725K, capacity 46306K, committed 46484K, reserved 1089536K
  class space    used 6078K, capacity 6494K, committed 6496K, reserved 1048576K
2022-02-07T22:08:50.739+0000: 5.976: [GC (Allocation Failure) 2022-02-07T22:08:50.739+0000: 5.976: [ParNew
Desired survivor size 2621440 bytes, new threshold 1 (max 1)
- age   1:    4859040 bytes,    4859040 total
: 46080K->5120K(46080K), 0.0289292 secs] 100008K->65895K(506880K), 0.0290357 secs] [Times: user=0.11 sys=0.02, real=0.03 secs] 
Heap after GC invocations=15 (full 1):
 par new generation   total 46080K, used 5120K [0x00000000e0c00000, 0x00000000e3e00000, 0x00000000e3e00000)
  eden space 40960K,   0% used [0x00000000e0c00000, 0x00000000e0c00000, 0x00000000e3400000)
  from space 5120K, 100% used [0x00000000e3900000, 0x00000000e3e00000, 0x00000000e3e00000)
  to   space 5120K,   0% used [0x00000000e3400000, 0x00000000e3400000, 0x00000000e3900000)
 concurrent mark-sweep generation total 460800K, used 60775K [0x00000000e3e00000, 0x0000000100000000, 0x0000000100000000)
 Metaspace       used 44725K, capacity 46306K, committed 46484K, reserved 1089536K
  class space    used 6078K, capacity 6494K, committed 6496K, reserved 1048576K
}
2022-02-07T22:08:50.769+0000: 6.005: Total time for which application threads were stopped: 0.0294443 seconds, Stopping threads took: 0.0000293 seconds
2022-02-07T22:08:50.769+0000: 6.006: [GC (CMS Initial Mark) [1 CMS-initial-mark: 60775K(460800K)] 66305K(506880K), 0.0019642 secs] [Times: user=0.01 sys=0.00, real=0.00 secs] 
2022-02-07T22:08:50.771+0000: 6.008: Total time for which application threads were stopped: 0.0022737 seconds, Stopping threads took: 0.0000947 seconds
2022-02-07T22:08:50.771+0000: 6.008: [CMS-concurrent-mark-start]
2022-02-07T22:08:50.786+0000: 6.023: [CMS-concurrent-mark: 0.015/0.015 secs] [Times: user=0.14 sys=0.01, real=0.01 secs] 
2022-02-07T22:08:50.786+0000: 6.023: [CMS-concurrent-preclean-start]
2022-02-07T22:08:50.788+0000: 6.024: [CMS-concurrent-preclean: 0.001/0.001 secs] [Times: user=0.03 sys=0.01, real=0.01 secs] 
2022-02-07T22:08:50.788+0000: 6.025: [GC (CMS Final Remark) [YG occupancy: 6298 K (46080 K)]2022-02-07T22:08:50.788+0000: 6.025: [Rescan (parallel) , 0.0014142 secs]2022-02-07T22:08:50.789+0000: 6.026: [weak refs processing, 0.0006470 secs]2022-02-07T22:08:50.790+0000: 6.027: [class unloading, 0.0075292 secs]2022-02-07T22:08:50.798+0000: 6.034: [scrub symbol table, 0.0054486 secs]2022-02-07T22:08:50.803+0000: 6.040: [scrub string table, 0.0009204 secs][1 CMS-remark: 60775K(460800K)] 67073K(506880K), 0.0161098 secs] [Times: user=0.05 sys=0.00, real=0.01 secs] 
2022-02-07T22:08:50.804+0000: 6.041: Total time for which application threads were stopped: 0.0163342 seconds, Stopping threads took: 0.0000503 seconds
2022-02-07T22:08:50.804+0000: 6.041: [CMS-concurrent-sweep-start]
2022-02-07T22:08:50.833+0000: 6.069: [CMS-concurrent-sweep: 0.028/0.028 secs] [Times: user=0.12 sys=0.02, real=0.03 secs] 
2022-02-07T22:08:50.833+0000: 6.069: [CMS-concurrent-reset-start]
2022-02-07T22:08:50.834+0000: 6.071: [CMS-concurrent-reset: 0.001/0.001 secs] [Times: user=0.00 sys=0.00, real=0.00 secs] 
2022-02-07T22:08:50.895+0000: 6.131: Total time for which application threads were stopped: 0.0009688 seconds, Stopping threads took: 0.0001187 seconds
2022-02-07T22:08:50.949+0000: 6.186: Total time for which application threads were stopped: 0.0008514 seconds, Stopping threads took: 0.0000315 seconds
2022-02-07T22:08:50.956+0000: 6.193: Total time for which application threads were stopped: 0.0005202 seconds, Stopping threads took: 0.0000164 seconds
2022-02-07T22:08:51.957+0000: 7.194: Total time for which application threads were stopped: 0.0003421 seconds, Stopping threads took: 0.0000423 seconds
2022-02-07T22:08:52.226+0000: 7.463: Total time for which application threads were stopped: 0.0011942 seconds, Stopping threads took: 0.0000400 seconds
2022-02-07T22:08:53.226+0000: 8.463: Total time for which application threads were stopped: 0.0003150 seconds, Stopping threads took: 0.0000503 seconds
2022-02-07T22:08:55.227+0000: 10.464: Total time for which application threads were stopped: 0.0003210 seconds, Stopping threads took: 0.0000462 seconds
2022-02-07T22:08:56.227+0000: 11.464: Total time for which application threads were stopped: 0.0002365 seconds, Stopping threads took: 0.0000397 seconds
2022-02-07T22:08:58.228+0000: 13.464: Total time for which application threads were stopped: 0.0002020 seconds, Stopping threads took: 0.0000325 seconds
2022-02-07T22:08:59.228+0000: 14.465: Total time for which application threads were stopped: 0.0001938 seconds, Stopping threads took: 0.0000376 seconds
2022-02-07T22:09:00.228+0000: 15.465: Total time for which application threads were stopped: 0.0002077 seconds, Stopping threads took: 0.0000391 seconds
{Heap before GC invocations=15 (full 2):
 par new generation   total 46080K, used 46073K [0x00000000e0c00000, 0x00000000e3e00000, 0x00000000e3e00000)
  eden space 40960K,  99% used [0x00000000e0c00000, 0x00000000e33fe478, 0x00000000e3400000)
  from space 5120K, 100% used [0x00000000e3900000, 0x00000000e3e00000, 0x00000000e3e00000)
  to   space 5120K,   0% used [0x00000000e3400000, 0x00000000e3400000, 0x00000000e3900000)
 concurrent mark-sweep generation total 460800K, used 38535K [0x00000000e3e00000, 0x0000000100000000, 0x0000000100000000)
 Metaspace       used 47399K, capacity 49530K, committed 49788K, reserved 1091584K
  class space    used 6483K, capacity 7008K, committed 7084K, reserved 1048576K
2022-02-07T22:09:00.885+0000: 16.121: [GC (Allocation Failure) 2022-02-07T22:09:00.885+0000: 16.122: [ParNew
Desired survivor size 2621440 bytes, new threshold 1 (max 1)
- age   1:    4626656 bytes,    4626656 total
: 46073K->5120K(46080K), 0.0186580 secs] 84608K->56520K(506880K), 0.0188376 secs] [Times: user=0.14 sys=0.03, real=0.02 secs] 
