OpenJDK 64-Bit Server VM (25.312-b07) for linux-amd64 JRE (1.8.0_312-8u312-b07-0ubuntu1~18.04-b07), built on Nov  3 2021 13:54:59 by "buildd" with gcc 7.5.0
Memory: 4k page, physical 164941188k(113615400k free), swap 3145724k(3145724k free)
CommandLine flags: -XX:+AlwaysPreTouch -XX:+CMSClassUnloadingEnabled -XX:+CMSEdenChunksRecordAlways -XX:CMSInitiatingOccupancyFraction=75 -XX:+CMSParallelInitialMarkEnabled -XX:+CMSParallelRemarkEnabled -XX:CMSWaitDuration=10000 -XX:CompileCommandFile=/tmp/dtest-4fwk1my5/test/node2/conf/hotspot_compiler -XX:GCLogFileSize=10485760 -XX:+HeapDumpOnOutOfMemoryError -XX:InitialHeapSize=524288000 -XX:InitialTenuringThreshold=1 -XX:+ManagementServer -XX:MaxHeapSize=524288000 -XX:MaxNewSize=52428800 -XX:MaxTenuringThreshold=1 -XX:NewSize=52428800 -XX:NumberOfGCLogFiles=10 -XX:OldPLABSize=16 -XX:OnOutOfMemoryError=kill -9 %p -XX:-PerfDisableSharedMem -XX:+PrintGC -XX:+PrintGCApplicationStoppedTime -XX:+PrintGCDateStamps -XX:+PrintGCDetails -XX:+PrintGCTimeStamps -XX:+PrintHeapAtGC -XX:+PrintPromotionFailure -XX:+PrintTenuringDistribution -XX:+ResizeTLAB -XX:SurvivorRatio=8 -XX:ThreadPriorityPolicy=42 -XX:ThreadStackSize=256 -XX:-UseBiasedLocking -XX:+UseCMSInitiatingOccupancyOnly -XX:+UseCompressedClassPointers -XX:+UseCompressedOops -XX:+UseConcMarkSweepGC -XX:+UseCondCardMark -XX:+UseGCLogFileRotation -XX:-UseNUMA -XX:+UseParNewGC -XX:+UseTLAB -XX:+UseThreadPriorities 
2022-02-08T17:22:58.686+0000: 0.546: Total time for which application threads were stopped: 0.0002249 seconds, Stopping threads took: 0.0000514 seconds
2022-02-08T17:22:58.744+0000: 0.605: Total time for which application threads were stopped: 0.0001801 seconds, Stopping threads took: 0.0000337 seconds
{Heap before GC invocations=0 (full 0):
 par new generation   total 46080K, used 40960K [0x00000000e0c00000, 0x00000000e3e00000, 0x00000000e3e00000)
  eden space 40960K, 100% used [0x00000000e0c00000, 0x00000000e3400000, 0x00000000e3400000)
  from space 5120K,   0% used [0x00000000e3400000, 0x00000000e3400000, 0x00000000e3900000)
  to   space 5120K,   0% used [0x00000000e3900000, 0x00000000e3900000, 0x00000000e3e00000)
 concurrent mark-sweep generation total 460800K, used 0K [0x00000000e3e00000, 0x0000000100000000, 0x0000000100000000)
 Metaspace       used 12566K, capacity 12710K, committed 13056K, reserved 1060864K
  class space    used 1434K, capacity 1485K, committed 1536K, reserved 1048576K
2022-02-08T17:22:59.085+0000: 0.946: [GC (Allocation Failure) 2022-02-08T17:22:59.085+0000: 0.946: [ParNew
Desired survivor size 2621440 bytes, new threshold 1 (max 1)
- age   1:    5092704 bytes,    5092704 total
: 40960K->5120K(46080K), 0.0069270 secs] 40960K->5597K(506880K), 0.0070257 secs] [Times: user=0.10 sys=0.00, real=0.01 secs] 
Heap after GC invocations=1 (full 0):
 par new generation   total 46080K, used 5120K [0x00000000e0c00000, 0x00000000e3e00000, 0x00000000e3e00000)
  eden space 40960K,   0% used [0x00000000e0c00000, 0x00000000e0c00000, 0x00000000e3400000)
  from space 5120K, 100% used [0x00000000e3900000, 0x00000000e3e00000, 0x00000000e3e00000)
  to   space 5120K,   0% used [0x00000000e3400000, 0x00000000e3400000, 0x00000000e3900000)
 concurrent mark-sweep generation total 460800K, used 477K [0x00000000e3e00000, 0x0000000100000000, 0x0000000100000000)
 Metaspace       used 12566K, capacity 12710K, committed 13056K, reserved 1060864K
  class space    used 1434K, capacity 1485K, committed 1536K, reserved 1048576K
}
2022-02-08T17:22:59.092+0000: 0.953: Total time for which application threads were stopped: 0.0073432 seconds, Stopping threads took: 0.0000286 seconds
2022-02-08T17:22:59.171+0000: 1.032: Total time for which application threads were stopped: 0.0003289 seconds, Stopping threads took: 0.0000258 seconds
2022-02-08T17:22:59.222+0000: 1.083: Total time for which application threads were stopped: 0.0005419 seconds, Stopping threads took: 0.0000366 seconds
2022-02-08T17:22:59.302+0000: 1.163: Total time for which application threads were stopped: 0.0003500 seconds, Stopping threads took: 0.0000329 seconds
2022-02-08T17:22:59.303+0000: 1.164: Total time for which application threads were stopped: 0.0001621 seconds, Stopping threads took: 0.0000259 seconds
2022-02-08T17:22:59.311+0000: 1.172: Total time for which application threads were stopped: 0.0001878 seconds, Stopping threads took: 0.0000303 seconds
2022-02-08T17:22:59.342+0000: 1.203: Total time for which application threads were stopped: 0.0003014 seconds, Stopping threads took: 0.0000381 seconds
2022-02-08T17:22:59.374+0000: 1.235: Total time for which application threads were stopped: 0.0003399 seconds, Stopping threads took: 0.0000580 seconds
2022-02-08T17:22:59.426+0000: 1.286: Total time for which application threads were stopped: 0.0003426 seconds, Stopping threads took: 0.0000268 seconds
2022-02-08T17:22:59.462+0000: 1.322: Total time for which application threads were stopped: 0.0003547 seconds, Stopping threads took: 0.0000299 seconds
{Heap before GC invocations=1 (full 0):
 par new generation   total 46080K, used 46080K [0x00000000e0c00000, 0x00000000e3e00000, 0x00000000e3e00000)
  eden space 40960K, 100% used [0x00000000e0c00000, 0x00000000e3400000, 0x00000000e3400000)
  from space 5120K, 100% used [0x00000000e3900000, 0x00000000e3e00000, 0x00000000e3e00000)
  to   space 5120K,   0% used [0x00000000e3400000, 0x00000000e3400000, 0x00000000e3900000)
 concurrent mark-sweep generation total 460800K, used 477K [0x00000000e3e00000, 0x0000000100000000, 0x0000000100000000)
 Metaspace       used 19245K, capacity 19488K, committed 19840K, reserved 1067008K
  class space    used 2251K, capacity 2360K, committed 2432K, reserved 1048576K
2022-02-08T17:22:59.503+0000: 1.363: [GC (Allocation Failure) 2022-02-08T17:22:59.503+0000: 1.363: [ParNew
Desired survivor size 2621440 bytes, new threshold 1 (max 1)
- age   1:    3934688 bytes,    3934688 total
: 46080K->5120K(46080K), 0.0482788 secs] 46557K->9567K(506880K), 0.0484015 secs] [Times: user=0.33 sys=0.05, real=0.05 secs] 
Heap after GC invocations=2 (full 0):
 par new generation   total 46080K, used 5120K [0x00000000e0c00000, 0x00000000e3e00000, 0x00000000e3e00000)
  eden space 40960K,   0% used [0x00000000e0c00000, 0x00000000e0c00000, 0x00000000e3400000)
  from space 5120K, 100% used [0x00000000e3400000, 0x00000000e3900000, 0x00000000e3900000)
  to   space 5120K,   0% used [0x00000000e3900000, 0x00000000e3900000, 0x00000000e3e00000)
 concurrent mark-sweep generation total 460800K, used 4447K [0x00000000e3e00000, 0x0000000100000000, 0x0000000100000000)
 Metaspace       used 19245K, capacity 19488K, committed 19840K, reserved 1067008K
  class space    used 2251K, capacity 2360K, committed 2432K, reserved 1048576K
}
2022-02-08T17:22:59.551+0000: 1.412: Total time for which application threads were stopped: 0.0486244 seconds, Stopping threads took: 0.0000294 seconds
2022-02-08T17:22:59.631+0000: 1.492: Total time for which application threads were stopped: 0.0003895 seconds, Stopping threads took: 0.0000398 seconds
2022-02-08T17:22:59.730+0000: 1.591: Total time for which application threads were stopped: 0.0004135 seconds, Stopping threads took: 0.0000243 seconds
2022-02-08T17:22:59.751+0000: 1.611: Total time for which application threads were stopped: 0.0003791 seconds, Stopping threads took: 0.0000385 seconds
2022-02-08T17:22:59.770+0000: 1.631: Total time for which application threads were stopped: 0.0003330 seconds, Stopping threads took: 0.0000189 seconds
2022-02-08T17:22:59.803+0000: 1.663: Total time for which application threads were stopped: 0.0002752 seconds, Stopping threads took: 0.0000550 seconds
2022-02-08T17:22:59.823+0000: 1.684: Total time for which application threads were stopped: 0.0001438 seconds, Stopping threads took: 0.0000103 seconds
2022-02-08T17:22:59.848+0000: 1.708: Total time for which application threads were stopped: 0.0002813 seconds, Stopping threads took: 0.0000886 seconds
2022-02-08T17:22:59.886+0000: 1.747: Total time for which application threads were stopped: 0.0003182 seconds, Stopping threads took: 0.0000292 seconds
2022-02-08T17:22:59.896+0000: 1.756: Total time for which application threads were stopped: 0.0002210 seconds, Stopping threads took: 0.0000248 seconds
2022-02-08T17:22:59.905+0000: 1.766: Total time for which application threads were stopped: 0.0002976 seconds, Stopping threads took: 0.0000197 seconds
2022-02-08T17:22:59.906+0000: 1.767: Total time for which application threads were stopped: 0.0003444 seconds, Stopping threads took: 0.0000208 seconds
2022-02-08T17:22:59.916+0000: 1.777: Total time for which application threads were stopped: 0.0002559 seconds, Stopping threads took: 0.0000443 seconds
2022-02-08T17:22:59.926+0000: 1.787: Total time for which application threads were stopped: 0.0004187 seconds, Stopping threads took: 0.0000358 seconds
2022-02-08T17:22:59.950+0000: 1.810: Total time for which application threads were stopped: 0.0002771 seconds, Stopping threads took: 0.0000526 seconds
2022-02-08T17:22:59.952+0000: 1.812: Total time for which application threads were stopped: 0.0002614 seconds, Stopping threads took: 0.0000205 seconds
2022-02-08T17:22:59.961+0000: 1.822: Total time for which application threads were stopped: 0.0001888 seconds, Stopping threads took: 0.0000500 seconds
2022-02-08T17:22:59.994+0000: 1.855: Total time for which application threads were stopped: 0.0002607 seconds, Stopping threads took: 0.0000149 seconds
2022-02-08T17:23:00.026+0000: 1.886: Total time for which application threads were stopped: 0.0002237 seconds, Stopping threads took: 0.0000288 seconds
2022-02-08T17:23:00.059+0000: 1.920: Total time for which application threads were stopped: 0.0004051 seconds, Stopping threads took: 0.0000342 seconds
2022-02-08T17:23:00.066+0000: 1.926: Total time for which application threads were stopped: 0.0003498 seconds, Stopping threads took: 0.0000313 seconds
2022-02-08T17:23:00.087+0000: 1.947: Total time for which application threads were stopped: 0.0003799 seconds, Stopping threads took: 0.0000340 seconds
2022-02-08T17:23:00.112+0000: 1.973: Total time for which application threads were stopped: 0.0003764 seconds, Stopping threads took: 0.0000314 seconds
{Heap before GC invocations=2 (full 0):
 par new generation   total 46080K, used 46080K [0x00000000e0c00000, 0x00000000e3e00000, 0x00000000e3e00000)
  eden space 40960K, 100% used [0x00000000e0c00000, 0x00000000e3400000, 0x00000000e3400000)
  from space 5120K, 100% used [0x00000000e3400000, 0x00000000e3900000, 0x00000000e3900000)
  to   space 5120K,   0% used [0x00000000e3900000, 0x00000000e3900000, 0x00000000e3e00000)
 concurrent mark-sweep generation total 460800K, used 4447K [0x00000000e3e00000, 0x0000000100000000, 0x0000000100000000)
 Metaspace       used 25890K, capacity 26244K, committed 26532K, reserved 1073152K
  class space    used 2997K, capacity 3128K, committed 3144K, reserved 1048576K
2022-02-08T17:23:00.121+0000: 1.982: [GC (Allocation Failure) 2022-02-08T17:23:00.121+0000: 1.982: [ParNew
Desired survivor size 2621440 bytes, new threshold 1 (max 1)
- age   1:    4626640 bytes,    4626640 total
: 46080K->5120K(46080K), 0.0136647 secs] 50527K->12256K(506880K), 0.0137562 secs] [Times: user=0.15 sys=0.01, real=0.01 secs] 
Heap after GC invocations=3 (full 0):
 par new generation   total 46080K, used 5120K [0x00000000e0c00000, 0x00000000e3e00000, 0x00000000e3e00000)
  eden space 40960K,   0% used [0x00000000e0c00000, 0x00000000e0c00000, 0x00000000e3400000)
  from space 5120K, 100% used [0x00000000e3900000, 0x00000000e3e00000, 0x00000000e3e00000)
  to   space 5120K,   0% used [0x00000000e3400000, 0x00000000e3400000, 0x00000000e3900000)
 concurrent mark-sweep generation total 460800K, used 7136K [0x00000000e3e00000, 0x0000000100000000, 0x0000000100000000)
 Metaspace       used 25890K, capacity 26244K, committed 26532K, reserved 1073152K
  class space    used 2997K, capacity 3128K, committed 3144K, reserved 1048576K
}
2022-02-08T17:23:00.135+0000: 1.995: Total time for which application threads were stopped: 0.0140437 seconds, Stopping threads took: 0.0000638 seconds
2022-02-08T17:23:00.135+0000: 1.996: [GC (CMS Initial Mark) [1 CMS-initial-mark: 7136K(460800K)] 13019K(506880K), 0.0016756 secs] [Times: user=0.01 sys=0.00, real=0.00 secs] 
2022-02-08T17:23:00.137+0000: 1.997: Total time for which application threads were stopped: 0.0018586 seconds, Stopping threads took: 0.0000498 seconds
2022-02-08T17:23:00.137+0000: 1.997: [CMS-concurrent-mark-start]
2022-02-08T17:23:00.141+0000: 2.002: [CMS-concurrent-mark: 0.004/0.004 secs] [Times: user=0.04 sys=0.00, real=0.01 secs] 
2022-02-08T17:23:00.141+0000: 2.002: [CMS-concurrent-preclean-start]
2022-02-08T17:23:00.143+0000: 2.003: [CMS-concurrent-preclean: 0.002/0.002 secs] [Times: user=0.01 sys=0.00, real=0.00 secs] 
2022-02-08T17:23:00.143+0000: 2.004: [GC (CMS Final Remark) [YG occupancy: 6702 K (46080 K)]2022-02-08T17:23:00.143+0000: 2.004: [Rescan (parallel) , 0.0017092 secs]2022-02-08T17:23:00.145+0000: 2.005: [weak refs processing, 0.0003828 secs]2022-02-08T17:23:00.145+0000: 2.006: [class unloading, 0.0046523 secs]2022-02-08T17:23:00.150+0000: 2.010: [scrub symbol table, 0.0035765 secs]2022-02-08T17:23:00.154+0000: 2.014: [scrub string table, 0.0006589 secs][1 CMS-remark: 7136K(460800K)] 13838K(506880K), 0.0112429 secs] [Times: user=0.03 sys=0.01, real=0.01 secs] 
2022-02-08T17:23:00.154+0000: 2.015: Total time for which application threads were stopped: 0.0113949 seconds, Stopping threads took: 0.0000633 seconds
2022-02-08T17:23:00.155+0000: 2.015: [CMS-concurrent-sweep-start]
2022-02-08T17:23:00.160+0000: 2.020: [CMS-concurrent-sweep: 0.005/0.005 secs] [Times: user=0.01 sys=0.00, real=0.01 secs] 
2022-02-08T17:23:00.160+0000: 2.020: [CMS-concurrent-reset-start]
2022-02-08T17:23:00.161+0000: 2.022: [CMS-concurrent-reset: 0.001/0.001 secs] [Times: user=0.00 sys=0.00, real=0.00 secs] 
2022-02-08T17:23:00.573+0000: 2.433: Total time for which application threads were stopped: 0.0015898 seconds, Stopping threads took: 0.0000554 seconds
{Heap before GC invocations=3 (full 1):
 par new generation   total 46080K, used 46080K [0x00000000e0c00000, 0x00000000e3e00000, 0x00000000e3e00000)
  eden space 40960K, 100% used [0x00000000e0c00000, 0x00000000e3400000, 0x00000000e3400000)
  from space 5120K, 100% used [0x00000000e3900000, 0x00000000e3e00000, 0x00000000e3e00000)
  to   space 5120K,   0% used [0x00000000e3400000, 0x00000000e3400000, 0x00000000e3900000)
 concurrent mark-sweep generation total 460800K, used 5178K [0x00000000e3e00000, 0x0000000100000000, 0x0000000100000000)
 Metaspace       used 30582K, capacity 31256K, committed 31372K, reserved 1077248K
  class space    used 3533K, capacity 3730K, committed 3784K, reserved 1048576K
2022-02-08T17:23:00.802+0000: 2.662: [GC (Allocation Failure) 2022-02-08T17:23:00.802+0000: 2.662: [ParNew
Desired survivor size 2621440 bytes, new threshold 1 (max 1)
- age   1:    5235424 bytes,    5235424 total
: 46080K->5120K(46080K), 0.0342608 secs] 51258K->18138K(506880K), 0.0343355 secs] [Times: user=0.21 sys=0.04, real=0.03 secs] 
Heap after GC invocations=4 (full 1):
 par new generation   total 46080K, used 5120K [0x00000000e0c00000, 0x00000000e3e00000, 0x00000000e3e00000)
  eden space 40960K,   0% used [0x00000000e0c00000, 0x00000000e0c00000, 0x00000000e3400000)
  from space 5120K, 100% used [0x00000000e3400000, 0x00000000e3900000, 0x00000000e3900000)
  to   space 5120K,   0% used [0x00000000e3900000, 0x00000000e3900000, 0x00000000e3e00000)
 concurrent mark-sweep generation total 460800K, used 13018K [0x00000000e3e00000, 0x0000000100000000, 0x0000000100000000)
 Metaspace       used 30582K, capacity 31256K, committed 31372K, reserved 1077248K
  class space    used 3533K, capacity 3730K, committed 3784K, reserved 1048576K
}
2022-02-08T17:23:00.836+0000: 2.697: Total time for which application threads were stopped: 0.0346193 seconds, Stopping threads took: 0.0000264 seconds
{Heap before GC invocations=4 (full 1):
 par new generation   total 46080K, used 46080K [0x00000000e0c00000, 0x00000000e3e00000, 0x00000000e3e00000)
  eden space 40960K, 100% used [0x00000000e0c00000, 0x00000000e3400000, 0x00000000e3400000)
  from space 5120K, 100% used [0x00000000e3400000, 0x00000000e3900000, 0x00000000e3900000)
  to   space 5120K,   0% used [0x00000000e3900000, 0x00000000e3900000, 0x00000000e3e00000)
 concurrent mark-sweep generation total 460800K, used 13018K [0x00000000e3e00000, 0x0000000100000000, 0x0000000100000000)
 Metaspace       used 30604K, capacity 31256K, committed 31372K, reserved 1077248K
  class space    used 3534K, capacity 3730K, committed 3784K, reserved 1048576K
2022-02-08T17:23:01.021+0000: 2.882: [GC (Allocation Failure) 2022-02-08T17:23:01.021+0000: 2.882: [ParNew
Desired survivor size 2621440 bytes, new threshold 1 (max 1)
- age   1:    2885368 bytes,    2885368 total
: 46080K->5120K(46080K), 0.0236406 secs] 59098K->23933K(506880K), 0.0237575 secs] [Times: user=0.20 sys=0.01, real=0.02 secs] 
Heap after GC invocations=5 (full 1):
 par new generation   total 46080K, used 5120K [0x00000000e0c00000, 0x00000000e3e00000, 0x00000000e3e00000)
  eden space 40960K,   0% used [0x00000000e0c00000, 0x00000000e0c00000, 0x00000000e3400000)
  from space 5120K, 100% used [0x00000000e3900000, 0x00000000e3e00000, 0x00000000e3e00000)
  to   space 5120K,   0% used [0x00000000e3400000, 0x00000000e3400000, 0x00000000e3900000)
 concurrent mark-sweep generation total 460800K, used 18813K [0x00000000e3e00000, 0x0000000100000000, 0x0000000100000000)
 Metaspace       used 30604K, capacity 31256K, committed 31372K, reserved 1077248K
  class space    used 3534K, capacity 3730K, committed 3784K, reserved 1048576K
}
2022-02-08T17:23:01.045+0000: 2.905: Total time for which application threads were stopped: 0.0240128 seconds, Stopping threads took: 0.0000364 seconds
{Heap before GC invocations=5 (full 1):
 par new generation   total 46080K, used 46080K [0x00000000e0c00000, 0x00000000e3e00000, 0x00000000e3e00000)
  eden space 40960K, 100% used [0x00000000e0c00000, 0x00000000e3400000, 0x00000000e3400000)
  from space 5120K, 100% used [0x00000000e3900000, 0x00000000e3e00000, 0x00000000e3e00000)
  to   space 5120K,   0% used [0x00000000e3400000, 0x00000000e3400000, 0x00000000e3900000)
 concurrent mark-sweep generation total 460800K, used 18813K [0x00000000e3e00000, 0x0000000100000000, 0x0000000100000000)
 Metaspace       used 30604K, capacity 31256K, committed 31372K, reserved 1077248K
  class space    used 3534K, capacity 3730K, committed 3784K, reserved 1048576K
2022-02-08T17:23:01.156+0000: 3.017: [GC (Allocation Failure) 2022-02-08T17:23:01.157+0000: 3.017: [ParNew
Desired survivor size 2621440 bytes, new threshold 1 (max 1)
- age   1:    2097824 bytes,    2097824 total
: 46080K->2301K(46080K), 0.0187211 secs] 64893K->23480K(506880K), 0.0188255 secs] [Times: user=0.38 sys=0.01, real=0.02 secs] 
Heap after GC invocations=6 (full 1):
 par new generation   total 46080K, used 2301K [0x00000000e0c00000, 0x00000000e3e00000, 0x00000000e3e00000)
  eden space 40960K,   0% used [0x00000000e0c00000, 0x00000000e0c00000, 0x00000000e3400000)
  from space 5120K,  44% used [0x00000000e3400000, 0x00000000e363f450, 0x00000000e3900000)
  to   space 5120K,   0% used [0x00000000e3900000, 0x00000000e3900000, 0x00000000e3e00000)
 concurrent mark-sweep generation total 460800K, used 21179K [0x00000000e3e00000, 0x0000000100000000, 0x0000000100000000)
 Metaspace       used 30604K, capacity 31256K, committed 31372K, reserved 1077248K
  class space    used 3534K, capacity 3730K, committed 3784K, reserved 1048576K
}
2022-02-08T17:23:01.175+0000: 3.036: Total time for which application threads were stopped: 0.0192258 seconds, Stopping threads took: 0.0000535 seconds
{Heap before GC invocations=6 (full 1):
 par new generation   total 46080K, used 43261K [0x00000000e0c00000, 0x00000000e3e00000, 0x00000000e3e00000)
  eden space 40960K, 100% used [0x00000000e0c00000, 0x00000000e3400000, 0x00000000e3400000)
  from space 5120K,  44% used [0x00000000e3400000, 0x00000000e363f450, 0x00000000e3900000)
  to   space 5120K,   0% used [0x00000000e3900000, 0x00000000e3900000, 0x00000000e3e00000)
 concurrent mark-sweep generation total 460800K, used 21179K [0x00000000e3e00000, 0x0000000100000000, 0x0000000100000000)
 Metaspace       used 30606K, capacity 31256K, committed 31372K, reserved 1077248K
  class space    used 3534K, capacity 3730K, committed 3784K, reserved 1048576K
2022-02-08T17:23:01.287+0000: 3.148: [GC (Allocation Failure) 2022-02-08T17:23:01.287+0000: 3.148: [ParNew
Desired survivor size 2621440 bytes, new threshold 1 (max 1)
- age   1:    4194440 bytes,    4194440 total
: 43261K->4127K(46080K), 0.0311383 secs] 64440K->25307K(506880K), 0.0312733 secs] [Times: user=0.85 sys=0.01, real=0.03 secs] 
Heap after GC invocations=7 (full 1):
 par new generation   total 46080K, used 4127K [0x00000000e0c00000, 0x00000000e3e00000, 0x00000000e3e00000)
  eden space 40960K,   0% used [0x00000000e0c00000, 0x00000000e0c00000, 0x00000000e3400000)
  from space 5120K,  80% used [0x00000000e3900000, 0x00000000e3d07e90, 0x00000000e3e00000)
  to   space 5120K,   0% used [0x00000000e3400000, 0x00000000e3400000, 0x00000000e3900000)
 concurrent mark-sweep generation total 460800K, used 21180K [0x00000000e3e00000, 0x0000000100000000, 0x0000000100000000)
 Metaspace       used 30606K, capacity 31256K, committed 31372K, reserved 1077248K
  class space    used 3534K, capacity 3730K, committed 3784K, reserved 1048576K
}
2022-02-08T17:23:01.319+0000: 3.179: Total time for which application threads were stopped: 0.0315474 seconds, Stopping threads took: 0.0000496 seconds
{Heap before GC invocations=7 (full 1):
 par new generation   total 46080K, used 45087K [0x00000000e0c00000, 0x00000000e3e00000, 0x00000000e3e00000)
  eden space 40960K, 100% used [0x00000000e0c00000, 0x00000000e3400000, 0x00000000e3400000)
  from space 5120K,  80% used [0x00000000e3900000, 0x00000000e3d07e90, 0x00000000e3e00000)
  to   space 5120K,   0% used [0x00000000e3400000, 0x00000000e3400000, 0x00000000e3900000)
 concurrent mark-sweep generation total 460800K, used 21180K [0x00000000e3e00000, 0x0000000100000000, 0x0000000100000000)
 Metaspace       used 30606K, capacity 31256K, committed 31372K, reserved 1077248K
  class space    used 3534K, capacity 3730K, committed 3784K, reserved 1048576K
2022-02-08T17:23:01.364+0000: 3.225: [GC (Allocation Failure) 2022-02-08T17:23:01.364+0000: 3.225: [ParNew
Desired survivor size 2621440 bytes, new threshold 1 (max 1)
- age   1:        200 bytes,        200 total
: 45087K->15K(46080K), 0.0328746 secs] 66267K->25291K(506880K), 0.0329633 secs] [Times: user=0.88 sys=0.00, real=0.03 secs] 
Heap after GC invocations=8 (full 1):
 par new generation   total 46080K, used 15K [0x00000000e0c00000, 0x00000000e3e00000, 0x00000000e3e00000)
  eden space 40960K,   0% used [0x00000000e0c00000, 0x00000000e0c00000, 0x00000000e3400000)
  from space 5120K,   0% used [0x00000000e3400000, 0x00000000e3403f40, 0x00000000e3900000)
  to   space 5120K,   0% used [0x00000000e3900000, 0x00000000e3900000, 0x00000000e3e00000)
 concurrent mark-sweep generation total 460800K, used 25276K [0x00000000e3e00000, 0x0000000100000000, 0x0000000100000000)
 Metaspace       used 30606K, capacity 31256K, committed 31372K, reserved 1077248K
  class space    used 3534K, capacity 3730K, committed 3784K, reserved 1048576K
}
2022-02-08T17:23:01.397+0000: 3.258: Total time for which application threads were stopped: 0.0332042 seconds, Stopping threads took: 0.0000334 seconds
{Heap before GC invocations=8 (full 1):
 par new generation   total 46080K, used 40975K [0x00000000e0c00000, 0x00000000e3e00000, 0x00000000e3e00000)
  eden space 40960K, 100% used [0x00000000e0c00000, 0x00000000e3400000, 0x00000000e3400000)
  from space 5120K,   0% used [0x00000000e3400000, 0x00000000e3403f40, 0x00000000e3900000)
  to   space 5120K,   0% used [0x00000000e3900000, 0x00000000e3900000, 0x00000000e3e00000)
 concurrent mark-sweep generation total 460800K, used 25276K [0x00000000e3e00000, 0x0000000100000000, 0x0000000100000000)
 Metaspace       used 30606K, capacity 31256K, committed 31372K, reserved 1077248K
  class space    used 3534K, capacity 3730K, committed 3784K, reserved 1048576K
2022-02-08T17:23:01.440+0000: 3.301: [GC (Allocation Failure) 2022-02-08T17:23:01.440+0000: 3.301: [ParNew
Desired survivor size 2621440 bytes, new threshold 1 (max 1)
- age   1:        392 bytes,        392 total
: 40975K->6K(46080K), 0.0023746 secs] 66251K->25282K(506880K), 0.0024529 secs] [Times: user=0.02 sys=0.00, real=0.00 secs] 
Heap after GC invocations=9 (full 1):
 par new generation   total 46080K, used 6K [0x00000000e0c00000, 0x00000000e3e00000, 0x00000000e3e00000)
  eden space 40960K,   0% used [0x00000000e0c00000, 0x00000000e0c00000, 0x00000000e3400000)
  from space 5120K,   0% used [0x00000000e3900000, 0x00000000e3901830, 0x00000000e3e00000)
  to   space 5120K,   0% used [0x00000000e3400000, 0x00000000e3400000, 0x00000000e3900000)
 concurrent mark-sweep generation total 460800K, used 25276K [0x00000000e3e00000, 0x0000000100000000, 0x0000000100000000)
 Metaspace       used 30606K, capacity 31256K, committed 31372K, reserved 1077248K
  class space    used 3534K, capacity 3730K, committed 3784K, reserved 1048576K
}
2022-02-08T17:23:01.443+0000: 3.303: Total time for which application threads were stopped: 0.0026549 seconds, Stopping threads took: 0.0000212 seconds
2022-02-08T17:23:01.498+0000: 3.358: Total time for which application threads were stopped: 0.0006653 seconds, Stopping threads took: 0.0000324 seconds
{Heap before GC invocations=9 (full 1):
 par new generation   total 46080K, used 40966K [0x00000000e0c00000, 0x00000000e3e00000, 0x00000000e3e00000)
  eden space 40960K, 100% used [0x00000000e0c00000, 0x00000000e3400000, 0x00000000e3400000)
  from space 5120K,   0% used [0x00000000e3900000, 0x00000000e3901830, 0x00000000e3e00000)
  to   space 5120K,   0% used [0x00000000e3400000, 0x00000000e3400000, 0x00000000e3900000)
 concurrent mark-sweep generation total 460800K, used 25276K [0x00000000e3e00000, 0x0000000100000000, 0x0000000100000000)
 Metaspace       used 31735K, capacity 32520K, committed 32780K, reserved 1079296K
  class space    used 3673K, capacity 3890K, committed 3912K, reserved 1048576K
2022-02-08T17:23:01.599+0000: 3.460: [GC (Allocation Failure) 2022-02-08T17:23:01.600+0000: 3.460: [ParNew
Desired survivor size 2621440 bytes, new threshold 1 (max 1)
- age   1:    1336320 bytes,    1336320 total
: 40966K->1339K(46080K), 0.0885974 secs] 66242K->34807K(506880K), 0.0887093 secs] [Times: user=2.39 sys=0.03, real=0.09 secs] 
Heap after GC invocations=10 (full 1):
 par new generation   total 46080K, used 1339K [0x00000000e0c00000, 0x00000000e3e00000, 0x00000000e3e00000)
  eden space 40960K,   0% used [0x00000000e0c00000, 0x00000000e0c00000, 0x00000000e3400000)
  from space 5120K,  26% used [0x00000000e3400000, 0x00000000e354ed88, 0x00000000e3900000)
  to   space 5120K,   0% used [0x00000000e3900000, 0x00000000e3900000, 0x00000000e3e00000)
 concurrent mark-sweep generation total 460800K, used 33468K [0x00000000e3e00000, 0x0000000100000000, 0x0000000100000000)
 Metaspace       used 31735K, capacity 32520K, committed 32780K, reserved 1079296K
  class space    used 3673K, capacity 3890K, committed 3912K, reserved 1048576K
}
2022-02-08T17:23:01.688+0000: 3.549: Total time for which application threads were stopped: 0.0890288 seconds, Stopping threads took: 0.0000410 seconds
{Heap before GC invocations=10 (full 1):
 par new generation   total 46080K, used 42299K [0x00000000e0c00000, 0x00000000e3e00000, 0x00000000e3e00000)
  eden space 40960K, 100% used [0x00000000e0c00000, 0x00000000e3400000, 0x00000000e3400000)
  from space 5120K,  26% used [0x00000000e3400000, 0x00000000e354ed88, 0x00000000e3900000)
  to   space 5120K,   0% used [0x00000000e3900000, 0x00000000e3900000, 0x00000000e3e00000)
 concurrent mark-sweep generation total 460800K, used 33468K [0x00000000e3e00000, 0x0000000100000000, 0x0000000100000000)
 Metaspace       used 32025K, capacity 32856K, committed 33164K, reserved 1079296K
  class space    used 3694K, capacity 3930K, committed 4040K, reserved 1048576K
2022-02-08T17:23:01.826+0000: 3.686: [GC (Allocation Failure) 2022-02-08T17:23:01.826+0000: 3.686: [ParNew
Desired survivor size 2621440 bytes, new threshold 1 (max 1)
- age   1:    5221824 bytes,    5221824 total
: 42299K->5120K(46080K), 0.0117759 secs] 75767K->40081K(506880K), 0.0118761 secs] [Times: user=0.17 sys=0.00, real=0.01 secs] 
Heap after GC invocations=11 (full 1):
 par new generation   total 46080K, used 5120K [0x00000000e0c00000, 0x00000000e3e00000, 0x00000000e3e00000)
  eden space 40960K,   0% used [0x00000000e0c00000, 0x00000000e0c00000, 0x00000000e3400000)
  from space 5120K, 100% used [0x00000000e3900000, 0x00000000e3e00000, 0x00000000e3e00000)
  to   space 5120K,   0% used [0x00000000e3400000, 0x00000000e3400000, 0x00000000e3900000)
 concurrent mark-sweep generation total 460800K, used 34961K [0x00000000e3e00000, 0x0000000100000000, 0x0000000100000000)
 Metaspace       used 32025K, capacity 32856K, committed 33164K, reserved 1079296K
  class space    used 3694K, capacity 3930K, committed 4040K, reserved 1048576K
}
2022-02-08T17:23:01.838+0000: 3.698: Total time for which application threads were stopped: 0.0123245 seconds, Stopping threads took: 0.0001662 seconds
2022-02-08T17:23:02.121+0000: 3.982: Total time for which application threads were stopped: 0.0006722 seconds, Stopping threads took: 0.0000334 seconds
{Heap before GC invocations=11 (full 1):
 par new generation   total 46080K, used 46080K [0x00000000e0c00000, 0x00000000e3e00000, 0x00000000e3e00000)
  eden space 40960K, 100% used [0x00000000e0c00000, 0x00000000e3400000, 0x00000000e3400000)
  from space 5120K, 100% used [0x00000000e3900000, 0x00000000e3e00000, 0x00000000e3e00000)
  to   space 5120K,   0% used [0x00000000e3400000, 0x00000000e3400000, 0x00000000e3900000)
 concurrent mark-sweep generation total 460800K, used 34961K [0x00000000e3e00000, 0x0000000100000000, 0x0000000100000000)
 Metaspace       used 36118K, capacity 36954K, committed 37260K, reserved 1081344K
  class space    used 4970K, capacity 5209K, committed 5320K, reserved 1048576K
2022-02-08T17:23:02.228+0000: 4.089: [GC (Allocation Failure) 2022-02-08T17:23:02.228+0000: 4.089: [ParNew
Desired survivor size 2621440 bytes, new threshold 1 (max 1)
- age   1:    3549680 bytes,    3549680 total
: 46080K->5120K(46080K), 0.0338058 secs] 81041K->47768K(506880K), 0.0339160 secs] [Times: user=0.20 sys=0.02, real=0.03 secs] 
Heap after GC invocations=12 (full 1):
 par new generation   total 46080K, used 5120K [0x00000000e0c00000, 0x00000000e3e00000, 0x00000000e3e00000)
  eden space 40960K,   0% used [0x00000000e0c00000, 0x00000000e0c00000, 0x00000000e3400000)
  from space 5120K, 100% used [0x00000000e3400000, 0x00000000e3900000, 0x00000000e3900000)
  to   space 5120K,   0% used [0x00000000e3900000, 0x00000000e3900000, 0x00000000e3e00000)
 concurrent mark-sweep generation total 460800K, used 42648K [0x00000000e3e00000, 0x0000000100000000, 0x0000000100000000)
 Metaspace       used 36118K, capacity 36954K, committed 37260K, reserved 1081344K
  class space    used 4970K, capacity 5209K, committed 5320K, reserved 1048576K
}
2022-02-08T17:23:02.262+0000: 4.123: Total time for which application threads were stopped: 0.0343326 seconds, Stopping threads took: 0.0001114 seconds
2022-02-08T17:23:02.610+0000: 4.470: Total time for which application threads were stopped: 0.0004399 seconds, Stopping threads took: 0.0000850 seconds
{Heap before GC invocations=12 (full 1):
 par new generation   total 46080K, used 46080K [0x00000000e0c00000, 0x00000000e3e00000, 0x00000000e3e00000)
  eden space 40960K, 100% used [0x00000000e0c00000, 0x00000000e3400000, 0x00000000e3400000)
  from space 5120K, 100% used [0x00000000e3400000, 0x00000000e3900000, 0x00000000e3900000)
  to   space 5120K,   0% used [0x00000000e3900000, 0x00000000e3900000, 0x00000000e3e00000)
 concurrent mark-sweep generation total 460800K, used 42648K [0x00000000e3e00000, 0x0000000100000000, 0x0000000100000000)
 Metaspace       used 38923K, capacity 39978K, committed 40204K, reserved 1083392K
  class space    used 5297K, capacity 5582K, committed 5704K, reserved 1048576K
2022-02-08T17:23:02.661+0000: 4.521: [GC (Allocation Failure) 2022-02-08T17:23:02.661+0000: 4.521: [ParNew
Desired survivor size 2621440 bytes, new threshold 1 (max 1)
- age   1:    3928880 bytes,    3928880 total
: 46080K->5119K(46080K), 0.0284864 secs] 88728K->61965K(506880K), 0.0285739 secs] [Times: user=0.41 sys=0.04, real=0.03 secs] 
Heap after GC invocations=13 (full 1):
 par new generation   total 46080K, used 5119K [0x00000000e0c00000, 0x00000000e3e00000, 0x00000000e3e00000)
  eden space 40960K,   0% used [0x00000000e0c00000, 0x00000000e0c00000, 0x00000000e3400000)
  from space 5120K,  99% used [0x00000000e3900000, 0x00000000e3dffff8, 0x00000000e3e00000)
  to   space 5120K,   0% used [0x00000000e3400000, 0x00000000e3400000, 0x00000000e3900000)
 concurrent mark-sweep generation total 460800K, used 56845K [0x00000000e3e00000, 0x0000000100000000, 0x0000000100000000)
 Metaspace       used 38923K, capacity 39978K, committed 40204K, reserved 1083392K
  class space    used 5297K, capacity 5582K, committed 5704K, reserved 1048576K
}
2022-02-08T17:23:02.690+0000: 4.550: Total time for which application threads were stopped: 0.0289130 seconds, Stopping threads took: 0.0000363 seconds
2022-02-08T17:23:02.736+0000: 4.597: Total time for which application threads were stopped: 0.0007389 seconds, Stopping threads took: 0.0000366 seconds
2022-02-08T17:23:02.738+0000: 4.598: Total time for which application threads were stopped: 0.0003932 seconds, Stopping threads took: 0.0000304 seconds
2022-02-08T17:23:02.759+0000: 4.619: Total time for which application threads were stopped: 0.0008677 seconds, Stopping threads took: 0.0000419 seconds
2022-02-08T17:23:02.762+0000: 4.623: Total time for which application threads were stopped: 0.0004530 seconds, Stopping threads took: 0.0000667 seconds
2022-02-08T17:23:03.022+0000: 4.882: Total time for which application threads were stopped: 0.0009347 seconds, Stopping threads took: 0.0000574 seconds
2022-02-08T17:23:03.684+0000: 5.545: Total time for which application threads were stopped: 0.0008925 seconds, Stopping threads took: 0.0000291 seconds
2022-02-08T17:23:03.796+0000: 5.657: Total time for which application threads were stopped: 0.0009178 seconds, Stopping threads took: 0.0000430 seconds
2022-02-08T17:23:03.873+0000: 5.734: Total time for which application threads were stopped: 0.0004719 seconds, Stopping threads took: 0.0000402 seconds
{Heap before GC invocations=13 (full 1):
 par new generation   total 46080K, used 46079K [0x00000000e0c00000, 0x00000000e3e00000, 0x00000000e3e00000)
  eden space 40960K, 100% used [0x00000000e0c00000, 0x00000000e3400000, 0x00000000e3400000)
  from space 5120K,  99% used [0x00000000e3900000, 0x00000000e3dffff8, 0x00000000e3e00000)
  to   space 5120K,   0% used [0x00000000e3400000, 0x00000000e3400000, 0x00000000e3900000)
 concurrent mark-sweep generation total 460800K, used 56845K [0x00000000e3e00000, 0x0000000100000000, 0x0000000100000000)
 Metaspace       used 42975K, capacity 44372K, committed 44552K, reserved 1087488K
  class space    used 5866K, capacity 6254K, committed 6344K, reserved 1048576K
2022-02-08T17:23:03.898+0000: 5.759: [GC (Allocation Failure) 2022-02-08T17:23:03.899+0000: 5.759: [ParNew
Desired survivor size 2621440 bytes, new threshold 1 (max 1)
- age   1:    4495616 bytes,    4495616 total
: 46079K->5120K(46080K), 0.0234256 secs] 102925K->68861K(506880K), 0.0235451 secs] [Times: user=0.12 sys=0.01, real=0.03 secs] 
Heap after GC invocations=14 (full 1):
 par new generation   total 46080K, used 5120K [0x00000000e0c00000, 0x00000000e3e00000, 0x00000000e3e00000)
  eden space 40960K,   0% used [0x00000000e0c00000, 0x00000000e0c00000, 0x00000000e3400000)
  from space 5120K, 100% used [0x00000000e3400000, 0x00000000e3900000, 0x00000000e3900000)
  to   space 5120K,   0% used [0x00000000e3900000, 0x00000000e3900000, 0x00000000e3e00000)
 concurrent mark-sweep generation total 460800K, used 63741K [0x00000000e3e00000, 0x0000000100000000, 0x0000000100000000)
 Metaspace       used 42975K, capacity 44372K, committed 44552K, reserved 1087488K
  class space    used 5866K, capacity 6254K, committed 6344K, reserved 1048576K
}
2022-02-08T17:23:03.922+0000: 5.783: Total time for which application threads were stopped: 0.0238728 seconds, Stopping threads took: 0.0000361 seconds
2022-02-08T17:23:03.922+0000: 5.783: [GC (CMS Initial Mark) [1 CMS-initial-mark: 63741K(460800K)] 69992K(506880K), 0.0018630 secs] [Times: user=0.01 sys=0.00, real=0.00 secs] 
2022-02-08T17:23:03.924+0000: 5.785: Total time for which application threads were stopped: 0.0021918 seconds, Stopping threads took: 0.0000946 seconds
2022-02-08T17:23:03.924+0000: 5.785: [CMS-concurrent-mark-start]
2022-02-08T17:23:03.931+0000: 5.791: Total time for which application threads were stopped: 0.0004314 seconds, Stopping threads took: 0.0000394 seconds
2022-02-08T17:23:03.937+0000: 5.798: [CMS-concurrent-mark: 0.011/0.013 secs] [Times: user=0.10 sys=0.00, real=0.01 secs] 
2022-02-08T17:23:03.937+0000: 5.798: [CMS-concurrent-preclean-start]
2022-02-08T17:23:03.939+0000: 5.800: [CMS-concurrent-preclean: 0.002/0.002 secs] [Times: user=0.02 sys=0.00, real=0.01 secs] 
2022-02-08T17:23:03.940+0000: 5.800: [GC (CMS Final Remark) [YG occupancy: 6969 K (46080 K)]2022-02-08T17:23:03.940+0000: 5.800: [Rescan (parallel) , 0.0022822 secs]2022-02-08T17:23:03.942+0000: 5.802: [weak refs processing, 0.0009226 secs]2022-02-08T17:23:03.943+0000: 5.803: [class unloading, 0.0143338 secs]2022-02-08T17:23:03.957+0000: 5.818: [scrub symbol table, 0.0054068 secs]2022-02-08T17:23:03.963+0000: 5.823: [scrub string table, 0.0008895 secs][1 CMS-remark: 63741K(460800K)] 70711K(506880K), 0.0240276 secs] [Times: user=0.05 sys=0.01, real=0.02 secs] 
2022-02-08T17:23:03.964+0000: 5.824: Total time for which application threads were stopped: 0.0242363 seconds, Stopping threads took: 0.0000330 seconds
2022-02-08T17:23:03.964+0000: 5.824: [CMS-concurrent-sweep-start]
2022-02-08T17:23:03.997+0000: 5.857: [CMS-concurrent-sweep: 0.033/0.033 secs] [Times: user=0.10 sys=0.01, real=0.03 secs] 
2022-02-08T17:23:03.997+0000: 5.857: [CMS-concurrent-reset-start]
2022-02-08T17:23:04.000+0000: 5.861: [CMS-concurrent-reset: 0.004/0.004 secs] [Times: user=0.02 sys=0.00, real=0.01 secs] 
2022-02-08T17:23:04.047+0000: 5.908: Total time for which application threads were stopped: 0.0006824 seconds, Stopping threads took: 0.0000241 seconds
2022-02-08T17:23:04.050+0000: 5.911: Total time for which application threads were stopped: 0.0003190 seconds, Stopping threads took: 0.0000157 seconds
2022-02-08T17:23:05.051+0000: 6.911: Total time for which application threads were stopped: 0.0003347 seconds, Stopping threads took: 0.0000524 seconds
2022-02-08T17:23:05.723+0000: 7.584: Total time for which application threads were stopped: 0.0004169 seconds, Stopping threads took: 0.0000728 seconds
2022-02-08T17:23:06.724+0000: 8.584: Total time for which application threads were stopped: 0.0003458 seconds, Stopping threads took: 0.0000663 seconds
{Heap before GC invocations=14 (full 2):
 par new generation   total 46080K, used 45908K [0x00000000e0c00000, 0x00000000e3e00000, 0x00000000e3e00000)
  eden space 40960K,  99% used [0x00000000e0c00000, 0x00000000e33d51e8, 0x00000000e3400000)
  from space 5120K, 100% used [0x00000000e3400000, 0x00000000e3900000, 0x00000000e3900000)
  to   space 5120K,   0% used [0x00000000e3900000, 0x00000000e3900000, 0x00000000e3e00000)
 concurrent mark-sweep generation total 460800K, used 34696K [0x00000000e3e00000, 0x0000000100000000, 0x0000000100000000)
 Metaspace       used 45171K, capacity 47028K, committed 47316K, reserved 1089536K
  class space    used 6190K, capacity 6670K, committed 6728K, reserved 1048576K
2022-02-08T17:23:07.702+0000: 9.563: [GC (Allocation Failure) 2022-02-08T17:23:07.702+0000: 9.563: [ParNew
Desired survivor size 2621440 bytes, new threshold 1 (max 1)
- age   1:    3081616 bytes,    3081616 total
: 45908K->5119K(46080K), 0.0183524 secs] 80604K->44938K(506880K), 0.0184896 secs] [Times: user=0.13 sys=0.02, real=0.02 secs] 
Heap after GC invocations=15 (full 2):
 par new generation   total 46080K, used 5119K [0x00000000e0c00000, 0x00000000e3e00000, 0x00000000e3e00000)
  eden space 40960K,   0% used [0x00000000e0c00000, 0x00000000e0c00000, 0x00000000e3400000)
  from space 5120K,  99% used [0x00000000e3900000, 0x00000000e3dffff8, 0x00000000e3e00000)
  to   space 5120K,   0% used [0x00000000e3400000, 0x00000000e3400000, 0x00000000e3900000)
 concurrent mark-sweep generation total 460800K, used 39818K [0x00000000e3e00000, 0x0000000100000000, 0x0000000100000000)
 Metaspace       used 45171K, capacity 47028K, committed 47316K, reserved 1089536K
  class space    used 6190K, capacity 6670K, committed 6728K, reserved 1048576K
}
2022-02-08T17:23:07.721+0000: 9.582: Total time for which application threads were stopped: 0.0189440 seconds, Stopping threads took: 0.0000623 seconds
2022-02-08T17:23:08.723+0000: 10.583: Total time for which application threads were stopped: 0.0017361 seconds, Stopping threads took: 0.0003876 seconds
{Heap before GC invocations=15 (full 2):
 par new generation   total 46080K, used 46079K [0x00000000e0c00000, 0x00000000e3e00000, 0x00000000e3e00000)
  eden space 40960K, 100% used [0x00000000e0c00000, 0x00000000e3400000, 0x00000000e3400000)
  from space 5120K,  99% used [0x00000000e3900000, 0x00000000e3dffff8, 0x00000000e3e00000)
  to   space 5120K,   0% used [0x00000000e3400000, 0x00000000e3400000, 0x00000000e3900000)
 concurrent mark-sweep generation total 460800K, used 39818K [0x00000000e3e00000, 0x0000000100000000, 0x0000000100000000)
 Metaspace       used 45734K, capacity 47686K, committed 47956K, reserved 1091584K
  class space    used 6265K, capacity 6743K, committed 6856K, reserved 1048576K
2022-02-08T17:23:09.683+0000: 11.543: [GC (Allocation Failure) 2022-02-08T17:23:09.683+0000: 11.543: [ParNew
Desired survivor size 2621440 bytes, new threshold 1 (max 1)
- age   1:    4891080 bytes,    4891080 total
: 46079K->5120K(46080K), 0.0187172 secs] 85898K->48462K(506880K), 0.0188534 secs] [Times: user=0.34 sys=0.02, real=0.02 secs] 
Heap after GC invocations=16 (full 2):
 par new generation   total 46080K, used 5120K [0x00000000e0c00000, 0x00000000e3e00000, 0x00000000e3e00000)
  eden space 40960K,   0% used [0x00000000e0c00000, 0x00000000e0c00000, 0x00000000e3400000)
  from space 5120K, 100% used [0x00000000e3400000, 0x00000000e3900000, 0x00000000e3900000)
  to   space 5120K,   0% used [0x00000000e3900000, 0x00000000e3900000, 0x00000000e3e00000)
 concurrent mark-sweep generation total 460800K, used 43342K [0x00000000e3e00000, 0x0000000100000000, 0x0000000100000000)
 Metaspace       used 45734K, capacity 47686K, committed 47956K, reserved 1091584K
  class space    used 6265K, capacity 6743K, committed 6856K, reserved 1048576K
}
2022-02-08T17:23:09.702+0000: 11.562: Total time for which application threads were stopped: 0.0194070 seconds, Stopping threads took: 0.0000726 seconds
2022-02-08T17:23:10.702+0000: 12.563: Total time for which application threads were stopped: 0.0005169 seconds, Stopping threads took: 0.0000492 seconds
2022-02-08T17:23:11.703+0000: 13.563: Total time for which application threads were stopped: 0.0003574 seconds, Stopping threads took: 0.0000540 seconds
2022-02-08T17:23:12.703+0000: 14.564: Total time for which application threads were stopped: 0.0002516 seconds, Stopping threads took: 0.0000433 seconds
2022-02-08T17:23:13.704+0000: 15.564: Total time for which application threads were stopped: 0.0001814 seconds, Stopping threads took: 0.0000414 seconds
2022-02-08T17:23:18.379+0000: 20.240: Total time for which application threads were stopped: 0.0012663 seconds, Stopping threads took: 0.0000460 seconds
2022-02-08T17:23:19.380+0000: 21.240: Total time for which application threads were stopped: 0.0003979 seconds, Stopping threads took: 0.0000533 seconds
{Heap before GC invocations=16 (full 2):
 par new generation   total 46080K, used 46080K [0x00000000e0c00000, 0x00000000e3e00000, 0x00000000e3e00000)
  eden space 40960K, 100% used [0x00000000e0c00000, 0x00000000e3400000, 0x00000000e3400000)
  from space 5120K, 100% used [0x00000000e3400000, 0x00000000e3900000, 0x00000000e3900000)
  to   space 5120K,   0% used [0x00000000e3900000, 0x00000000e3900000, 0x00000000e3e00000)
 concurrent mark-sweep generation total 460800K, used 43342K [0x00000000e3e00000, 0x0000000100000000, 0x0000000100000000)
 Metaspace       used 47464K, capacity 49730K, committed 50004K, reserved 1091584K
  class space    used 6508K, capacity 7049K, committed 7112K, reserved 1048576K
2022-02-08T17:23:20.212+0000: 22.072: [GC (Allocation Failure) 2022-02-08T17:23:20.212+0000: 22.072: [ParNew
Desired survivor size 2621440 bytes, new threshold 1 (max 1)
- age   1:    4037768 bytes,    4037768 total
: 46080K->5120K(46080K), 0.0183791 secs] 89422K->56834K(506880K), 0.0185286 secs] [Times: user=0.11 sys=0.02, real=0.02 secs] 
Heap after GC invocations=17 (full 2):
 par new generation   total 46080K, used 5120K [0x00000000e0c00000, 0x00000000e3e00000, 0x00000000e3e00000)
  eden space 40960K,   0% used [0x00000000e0c00000, 0x00000000e0c00000, 0x00000000e3400000)
  from space 5120K, 100% used [0x00000000e3900000, 0x00000000e3e00000, 0x00000000e3e00000)
  to   space 5120K,   0% used [0x00000000e3400000, 0x00000000e3400000, 0x00000000e3900000)
 concurrent mark-sweep generation total 460800K, used 51714K [0x00000000e3e00000, 0x0000000100000000, 0x0000000100000000)
 Metaspace       used 47464K, capacity 49730K, committed 50004K, reserved 1091584K
  class space    used 6508K, capacity 7049K, committed 7112K, reserved 1048576K
}
2022-02-08T17:23:20.230+0000: 22.091: Total time for which application threads were stopped: 0.0190315 seconds, Stopping threads took: 0.0000481 seconds
2022-02-08T17:23:21.231+0000: 23.092: Total time for which application threads were stopped: 0.0010814 seconds, Stopping threads took: 0.0002503 seconds
2022-02-08T17:23:22.232+0000: 24.093: Total time for which application threads were stopped: 0.0004788 seconds, Stopping threads took: 0.0000757 seconds
2022-02-08T17:23:23.233+0000: 25.094: Total time for which application threads were stopped: 0.0009200 seconds, Stopping threads took: 0.0002575 seconds
2022-02-08T17:23:24.234+0000: 26.094: Total time for which application threads were stopped: 0.0003929 seconds, Stopping threads took: 0.0000740 seconds
{Heap before GC invocations=17 (full 2):
 par new generation   total 46080K, used 46080K [0x00000000e0c00000, 0x00000000e3e00000, 0x00000000e3e00000)
  eden space 40960K, 100% used [0x00000000e0c00000, 0x00000000e3400000, 0x00000000e3400000)
  from space 5120K, 100% used [0x00000000e3900000, 0x00000000e3e00000, 0x00000000e3e00000)
  to   space 5120K,   0% used [0x00000000e3400000, 0x00000000e3400000, 0x00000000e3900000)
 concurrent mark-sweep generation total 460800K, used 51714K [0x00000000e3e00000, 0x0000000100000000, 0x0000000100000000)
 Metaspace       used 48593K, capacity 51116K, committed 51284K, reserved 1093632K
  class space    used 6671K, capacity 7264K, committed 7368K, reserved 1048576K
2022-02-08T17:23:24.799+0000: 26.660: [GC (Allocation Failure) 2022-02-08T17:23:24.799+0000: 26.660: [ParNew
Desired survivor size 2621440 bytes, new threshold 1 (max 1)
- age   1:    3235440 bytes,    3235440 total
: 46080K->5119K(46080K), 0.0205730 secs] 97794K->68363K(506880K), 0.0207510 secs] [Times: user=0.18 sys=0.07, real=0.02 secs] 
