OpenJDK 64-Bit Server VM (25.312-b07) for linux-amd64 JRE (1.8.0_312-8u312-b07-0ubuntu1~18.04-b07), built on Nov  3 2021 13:54:59 by "buildd" with gcc 7.5.0
Memory: 4k page, physical 164941188k(114182316k free), swap 3145724k(3145724k free)
CommandLine flags: -XX:+AlwaysPreTouch -XX:+CMSClassUnloadingEnabled -XX:+CMSEdenChunksRecordAlways -XX:CMSInitiatingOccupancyFraction=75 -XX:+CMSParallelInitialMarkEnabled -XX:+CMSParallelRemarkEnabled -XX:CMSWaitDuration=10000 -XX:CompileCommandFile=/tmp/dtest-4fwk1my5/test/node1/conf/hotspot_compiler -XX:GCLogFileSize=10485760 -XX:+HeapDumpOnOutOfMemoryError -XX:InitialHeapSize=524288000 -XX:InitialTenuringThreshold=1 -XX:+ManagementServer -XX:MaxHeapSize=524288000 -XX:MaxNewSize=52428800 -XX:MaxTenuringThreshold=1 -XX:NewSize=52428800 -XX:NumberOfGCLogFiles=10 -XX:OldPLABSize=16 -XX:OnOutOfMemoryError=kill -9 %p -XX:-PerfDisableSharedMem -XX:+PrintGC -XX:+PrintGCApplicationStoppedTime -XX:+PrintGCDateStamps -XX:+PrintGCDetails -XX:+PrintGCTimeStamps -XX:+PrintHeapAtGC -XX:+PrintPromotionFailure -XX:+PrintTenuringDistribution -XX:+ResizeTLAB -XX:SurvivorRatio=8 -XX:ThreadPriorityPolicy=42 -XX:ThreadStackSize=256 -XX:-UseBiasedLocking -XX:+UseCMSInitiatingOccupancyOnly -XX:+UseCompressedClassPointers -XX:+UseCompressedOops -XX:+UseConcMarkSweepGC -XX:+UseCondCardMark -XX:+UseGCLogFileRotation -XX:-UseNUMA -XX:+UseParNewGC -XX:+UseTLAB -XX:+UseThreadPriorities 
2022-02-08T17:22:58.185+0000: 0.561: Total time for which application threads were stopped: 0.0001935 seconds, Stopping threads took: 0.0000428 seconds
2022-02-08T17:22:58.250+0000: 0.626: Total time for which application threads were stopped: 0.0001019 seconds, Stopping threads took: 0.0000157 seconds
{Heap before GC invocations=0 (full 0):
 par new generation   total 46080K, used 40960K [0x00000000e0c00000, 0x00000000e3e00000, 0x00000000e3e00000)
  eden space 40960K, 100% used [0x00000000e0c00000, 0x00000000e3400000, 0x00000000e3400000)
  from space 5120K,   0% used [0x00000000e3400000, 0x00000000e3400000, 0x00000000e3900000)
  to   space 5120K,   0% used [0x00000000e3900000, 0x00000000e3900000, 0x00000000e3e00000)
 concurrent mark-sweep generation total 460800K, used 0K [0x00000000e3e00000, 0x0000000100000000, 0x0000000100000000)
 Metaspace       used 12563K, capacity 12710K, committed 13056K, reserved 1060864K
  class space    used 1431K, capacity 1485K, committed 1536K, reserved 1048576K
2022-02-08T17:22:58.575+0000: 0.951: [GC (Allocation Failure) 2022-02-08T17:22:58.575+0000: 0.951: [ParNew
Desired survivor size 2621440 bytes, new threshold 1 (max 1)
- age   1:    5092576 bytes,    5092576 total
- age   2:         16 bytes,    5092592 total
: 40960K->5119K(46080K), 0.0095538 secs] 40960K->5567K(506880K), 0.0096837 secs] [Times: user=0.13 sys=0.00, real=0.01 secs] 
Heap after GC invocations=1 (full 0):
 par new generation   total 46080K, used 5119K [0x00000000e0c00000, 0x00000000e3e00000, 0x00000000e3e00000)
  eden space 40960K,   0% used [0x00000000e0c00000, 0x00000000e0c00000, 0x00000000e3400000)
  from space 5120K,  99% used [0x00000000e3900000, 0x00000000e3dffff8, 0x00000000e3e00000)
  to   space 5120K,   0% used [0x00000000e3400000, 0x00000000e3400000, 0x00000000e3900000)
 concurrent mark-sweep generation total 460800K, used 447K [0x00000000e3e00000, 0x0000000100000000, 0x0000000100000000)
 Metaspace       used 12563K, capacity 12710K, committed 13056K, reserved 1060864K
  class space    used 1431K, capacity 1485K, committed 1536K, reserved 1048576K
}
2022-02-08T17:22:58.585+0000: 0.961: Total time for which application threads were stopped: 0.0100706 seconds, Stopping threads took: 0.0000326 seconds
2022-02-08T17:22:58.666+0000: 1.042: Total time for which application threads were stopped: 0.0003372 seconds, Stopping threads took: 0.0000263 seconds
2022-02-08T17:22:58.716+0000: 1.092: Total time for which application threads were stopped: 0.0006203 seconds, Stopping threads took: 0.0000211 seconds
2022-02-08T17:22:58.801+0000: 1.177: Total time for which application threads were stopped: 0.0003153 seconds, Stopping threads took: 0.0000389 seconds
2022-02-08T17:22:58.801+0000: 1.177: Total time for which application threads were stopped: 0.0001608 seconds, Stopping threads took: 0.0000254 seconds
2022-02-08T17:22:58.809+0000: 1.185: Total time for which application threads were stopped: 0.0001989 seconds, Stopping threads took: 0.0000300 seconds
2022-02-08T17:22:58.840+0000: 1.216: Total time for which application threads were stopped: 0.0002731 seconds, Stopping threads took: 0.0000391 seconds
2022-02-08T17:22:58.871+0000: 1.247: Total time for which application threads were stopped: 0.0002274 seconds, Stopping threads took: 0.0000298 seconds
2022-02-08T17:22:58.922+0000: 1.298: Total time for which application threads were stopped: 0.0002906 seconds, Stopping threads took: 0.0000300 seconds
2022-02-08T17:22:58.955+0000: 1.331: Total time for which application threads were stopped: 0.0001850 seconds, Stopping threads took: 0.0000253 seconds
2022-02-08T17:22:58.988+0000: 1.364: Total time for which application threads were stopped: 0.0002928 seconds, Stopping threads took: 0.0000256 seconds
{Heap before GC invocations=1 (full 0):
 par new generation   total 46080K, used 46079K [0x00000000e0c00000, 0x00000000e3e00000, 0x00000000e3e00000)
  eden space 40960K, 100% used [0x00000000e0c00000, 0x00000000e3400000, 0x00000000e3400000)
  from space 5120K,  99% used [0x00000000e3900000, 0x00000000e3dffff8, 0x00000000e3e00000)
  to   space 5120K,   0% used [0x00000000e3400000, 0x00000000e3400000, 0x00000000e3900000)
 concurrent mark-sweep generation total 460800K, used 447K [0x00000000e3e00000, 0x0000000100000000, 0x0000000100000000)
 Metaspace       used 19239K, capacity 19488K, committed 19840K, reserved 1067008K
  class space    used 2246K, capacity 2360K, committed 2432K, reserved 1048576K
2022-02-08T17:22:59.000+0000: 1.376: [GC (Allocation Failure) 2022-02-08T17:22:59.000+0000: 1.376: [ParNew
Desired survivor size 2621440 bytes, new threshold 1 (max 1)
- age   1:    4146248 bytes,    4146248 total
: 46079K->5120K(46080K), 0.0525962 secs] 46527K->9322K(506880K), 0.0527378 secs] [Times: user=0.36 sys=0.03, real=0.05 secs] 
Heap after GC invocations=2 (full 0):
 par new generation   total 46080K, used 5120K [0x00000000e0c00000, 0x00000000e3e00000, 0x00000000e3e00000)
  eden space 40960K,   0% used [0x00000000e0c00000, 0x00000000e0c00000, 0x00000000e3400000)
  from space 5120K, 100% used [0x00000000e3400000, 0x00000000e3900000, 0x00000000e3900000)
  to   space 5120K,   0% used [0x00000000e3900000, 0x00000000e3900000, 0x00000000e3e00000)
 concurrent mark-sweep generation total 460800K, used 4202K [0x00000000e3e00000, 0x0000000100000000, 0x0000000100000000)
 Metaspace       used 19239K, capacity 19488K, committed 19840K, reserved 1067008K
  class space    used 2246K, capacity 2360K, committed 2432K, reserved 1048576K
}
2022-02-08T17:22:59.053+0000: 1.429: Total time for which application threads were stopped: 0.0529570 seconds, Stopping threads took: 0.0000208 seconds
2022-02-08T17:22:59.128+0000: 1.504: Total time for which application threads were stopped: 0.0004208 seconds, Stopping threads took: 0.0000490 seconds
2022-02-08T17:22:59.214+0000: 1.590: Total time for which application threads were stopped: 0.0003890 seconds, Stopping threads took: 0.0000314 seconds
2022-02-08T17:22:59.234+0000: 1.610: Total time for which application threads were stopped: 0.0002396 seconds, Stopping threads took: 0.0000219 seconds
2022-02-08T17:22:59.247+0000: 1.623: Total time for which application threads were stopped: 0.0002002 seconds, Stopping threads took: 0.0000116 seconds
2022-02-08T17:22:59.266+0000: 1.642: Total time for which application threads were stopped: 0.0002495 seconds, Stopping threads took: 0.0000186 seconds
2022-02-08T17:22:59.290+0000: 1.666: Total time for which application threads were stopped: 0.0002474 seconds, Stopping threads took: 0.0000241 seconds
2022-02-08T17:22:59.331+0000: 1.707: Total time for which application threads were stopped: 0.0003118 seconds, Stopping threads took: 0.0000246 seconds
2022-02-08T17:22:59.353+0000: 1.729: Total time for which application threads were stopped: 0.0002574 seconds, Stopping threads took: 0.0000247 seconds
2022-02-08T17:22:59.362+0000: 1.738: Total time for which application threads were stopped: 0.0001596 seconds, Stopping threads took: 0.0000221 seconds
2022-02-08T17:22:59.370+0000: 1.746: Total time for which application threads were stopped: 0.0002241 seconds, Stopping threads took: 0.0000149 seconds
2022-02-08T17:22:59.371+0000: 1.747: Total time for which application threads were stopped: 0.0004178 seconds, Stopping threads took: 0.0000110 seconds
2022-02-08T17:22:59.380+0000: 1.756: Total time for which application threads were stopped: 0.0001917 seconds, Stopping threads took: 0.0000339 seconds
2022-02-08T17:22:59.389+0000: 1.765: Total time for which application threads were stopped: 0.0002514 seconds, Stopping threads took: 0.0000222 seconds
2022-02-08T17:22:59.411+0000: 1.787: Total time for which application threads were stopped: 0.0002521 seconds, Stopping threads took: 0.0000279 seconds
2022-02-08T17:22:59.413+0000: 1.789: Total time for which application threads were stopped: 0.0002847 seconds, Stopping threads took: 0.0000238 seconds
2022-02-08T17:22:59.421+0000: 1.797: Total time for which application threads were stopped: 0.0002011 seconds, Stopping threads took: 0.0000395 seconds
2022-02-08T17:22:59.455+0000: 1.831: Total time for which application threads were stopped: 0.0012209 seconds, Stopping threads took: 0.0002982 seconds
2022-02-08T17:22:59.498+0000: 1.874: Total time for which application threads were stopped: 0.0002370 seconds, Stopping threads took: 0.0000166 seconds
2022-02-08T17:22:59.524+0000: 1.900: Total time for which application threads were stopped: 0.0016046 seconds, Stopping threads took: 0.0000302 seconds
2022-02-08T17:22:59.537+0000: 1.913: Total time for which application threads were stopped: 0.0002666 seconds, Stopping threads took: 0.0000231 seconds
2022-02-08T17:22:59.553+0000: 1.929: Total time for which application threads were stopped: 0.0002600 seconds, Stopping threads took: 0.0000452 seconds
{Heap before GC invocations=2 (full 0):
 par new generation   total 46080K, used 46080K [0x00000000e0c00000, 0x00000000e3e00000, 0x00000000e3e00000)
  eden space 40960K, 100% used [0x00000000e0c00000, 0x00000000e3400000, 0x00000000e3400000)
  from space 5120K, 100% used [0x00000000e3400000, 0x00000000e3900000, 0x00000000e3900000)
  to   space 5120K,   0% used [0x00000000e3900000, 0x00000000e3900000, 0x00000000e3e00000)
 concurrent mark-sweep generation total 460800K, used 4202K [0x00000000e3e00000, 0x0000000100000000, 0x0000000100000000)
 Metaspace       used 25729K, capacity 26116K, committed 26276K, reserved 1073152K
  class space    used 2989K, capacity 3128K, committed 3164K, reserved 1048576K
2022-02-08T17:22:59.574+0000: 1.950: [GC (Allocation Failure) 2022-02-08T17:22:59.574+0000: 1.950: [ParNew
Desired survivor size 2621440 bytes, new threshold 1 (max 1)
- age   1:    4256064 bytes,    4256064 total
: 46080K->5120K(46080K), 0.0159195 secs] 50282K->12298K(506880K), 0.0159980 secs] [Times: user=0.26 sys=0.01, real=0.02 secs] 
Heap after GC invocations=3 (full 0):
 par new generation   total 46080K, used 5120K [0x00000000e0c00000, 0x00000000e3e00000, 0x00000000e3e00000)
  eden space 40960K,   0% used [0x00000000e0c00000, 0x00000000e0c00000, 0x00000000e3400000)
  from space 5120K, 100% used [0x00000000e3900000, 0x00000000e3e00000, 0x00000000e3e00000)
  to   space 5120K,   0% used [0x00000000e3400000, 0x00000000e3400000, 0x00000000e3900000)
 concurrent mark-sweep generation total 460800K, used 7178K [0x00000000e3e00000, 0x0000000100000000, 0x0000000100000000)
 Metaspace       used 25729K, capacity 26116K, committed 26276K, reserved 1073152K
  class space    used 2989K, capacity 3128K, committed 3164K, reserved 1048576K
}
2022-02-08T17:22:59.590+0000: 1.966: Total time for which application threads were stopped: 0.0163077 seconds, Stopping threads took: 0.0000254 seconds
2022-02-08T17:22:59.590+0000: 1.966: [GC (CMS Initial Mark) [1 CMS-initial-mark: 7178K(460800K)] 12298K(506880K), 0.0008365 secs] [Times: user=0.00 sys=0.01, real=0.00 secs] 
2022-02-08T17:22:59.591+0000: 1.967: Total time for which application threads were stopped: 0.0010412 seconds, Stopping threads took: 0.0001055 seconds
2022-02-08T17:22:59.591+0000: 1.967: [CMS-concurrent-mark-start]
2022-02-08T17:22:59.596+0000: 1.972: [CMS-concurrent-mark: 0.005/0.005 secs] [Times: user=0.04 sys=0.01, real=0.00 secs] 
2022-02-08T17:22:59.596+0000: 1.972: [CMS-concurrent-preclean-start]
2022-02-08T17:22:59.598+0000: 1.974: [CMS-concurrent-preclean: 0.001/0.001 secs] [Times: user=0.00 sys=0.00, real=0.00 secs] 
2022-02-08T17:22:59.598+0000: 1.974: [GC (CMS Final Remark) [YG occupancy: 6707 K (46080 K)]2022-02-08T17:22:59.598+0000: 1.974: [Rescan (parallel) , 0.0009671 secs]2022-02-08T17:22:59.599+0000: 1.975: [weak refs processing, 0.0002617 secs]2022-02-08T17:22:59.600+0000: 1.976: [class unloading, 0.0080093 secs]2022-02-08T17:22:59.608+0000: 1.984: [scrub symbol table, 0.0037879 secs]2022-02-08T17:22:59.611+0000: 1.987: [scrub string table, 0.0004997 secs][1 CMS-remark: 7178K(460800K)] 13885K(506880K), 0.0137243 secs] [Times: user=0.02 sys=0.00, real=0.02 secs] 
2022-02-08T17:22:59.612+0000: 1.988: Total time for which application threads were stopped: 0.0144386 seconds, Stopping threads took: 0.0006307 seconds
2022-02-08T17:22:59.612+0000: 1.988: [CMS-concurrent-sweep-start]
2022-02-08T17:22:59.613+0000: 1.989: Total time for which application threads were stopped: 0.0002653 seconds, Stopping threads took: 0.0000414 seconds
2022-02-08T17:22:59.613+0000: 1.989: Total time for which application threads were stopped: 0.0000449 seconds, Stopping threads took: 0.0000162 seconds
2022-02-08T17:22:59.617+0000: 1.993: [CMS-concurrent-sweep: 0.004/0.004 secs] [Times: user=0.01 sys=0.01, real=0.00 secs] 
2022-02-08T17:22:59.617+0000: 1.993: [CMS-concurrent-reset-start]
2022-02-08T17:22:59.631+0000: 2.007: [CMS-concurrent-reset: 0.014/0.014 secs] [Times: user=0.02 sys=0.01, real=0.02 secs] 
2022-02-08T17:23:00.029+0000: 2.405: Total time for which application threads were stopped: 0.0005586 seconds, Stopping threads took: 0.0000430 seconds
2022-02-08T17:23:00.174+0000: 2.550: Total time for which application threads were stopped: 0.0005172 seconds, Stopping threads took: 0.0000268 seconds
{Heap before GC invocations=3 (full 1):
 par new generation   total 46080K, used 46080K [0x00000000e0c00000, 0x00000000e3e00000, 0x00000000e3e00000)
  eden space 40960K, 100% used [0x00000000e0c00000, 0x00000000e3400000, 0x00000000e3400000)
  from space 5120K, 100% used [0x00000000e3900000, 0x00000000e3e00000, 0x00000000e3e00000)
  to   space 5120K,   0% used [0x00000000e3400000, 0x00000000e3400000, 0x00000000e3900000)
 concurrent mark-sweep generation total 460800K, used 5439K [0x00000000e3e00000, 0x0000000100000000, 0x0000000100000000)
 Metaspace       used 30612K, capacity 31320K, committed 31448K, reserved 1077248K
  class space    used 3532K, capacity 3730K, committed 3804K, reserved 1048576K
2022-02-08T17:23:00.238+0000: 2.614: [GC (Allocation Failure) 2022-02-08T17:23:00.238+0000: 2.614: [ParNew
Desired survivor size 2621440 bytes, new threshold 1 (max 1)
- age   1:    5240208 bytes,    5240208 total
: 46080K->5120K(46080K), 0.0412322 secs] 51519K->18060K(506880K), 0.0413425 secs] [Times: user=0.22 sys=0.04, real=0.05 secs] 
Heap after GC invocations=4 (full 1):
 par new generation   total 46080K, used 5120K [0x00000000e0c00000, 0x00000000e3e00000, 0x00000000e3e00000)
  eden space 40960K,   0% used [0x00000000e0c00000, 0x00000000e0c00000, 0x00000000e3400000)
  from space 5120K, 100% used [0x00000000e3400000, 0x00000000e3900000, 0x00000000e3900000)
  to   space 5120K,   0% used [0x00000000e3900000, 0x00000000e3900000, 0x00000000e3e00000)
 concurrent mark-sweep generation total 460800K, used 12940K [0x00000000e3e00000, 0x0000000100000000, 0x0000000100000000)
 Metaspace       used 30612K, capacity 31320K, committed 31448K, reserved 1077248K
  class space    used 3532K, capacity 3730K, committed 3804K, reserved 1048576K
}
2022-02-08T17:23:00.280+0000: 2.656: Total time for which application threads were stopped: 0.0416371 seconds, Stopping threads took: 0.0000490 seconds
{Heap before GC invocations=4 (full 1):
 par new generation   total 46080K, used 46080K [0x00000000e0c00000, 0x00000000e3e00000, 0x00000000e3e00000)
  eden space 40960K, 100% used [0x00000000e0c00000, 0x00000000e3400000, 0x00000000e3400000)
  from space 5120K, 100% used [0x00000000e3400000, 0x00000000e3900000, 0x00000000e3900000)
  to   space 5120K,   0% used [0x00000000e3900000, 0x00000000e3900000, 0x00000000e3e00000)
 concurrent mark-sweep generation total 460800K, used 12940K [0x00000000e3e00000, 0x0000000100000000, 0x0000000100000000)
 Metaspace       used 30632K, capacity 31320K, committed 31448K, reserved 1077248K
  class space    used 3533K, capacity 3730K, committed 3804K, reserved 1048576K
2022-02-08T17:23:00.445+0000: 2.821: [GC (Allocation Failure) 2022-02-08T17:23:00.445+0000: 2.821: [ParNew
Desired survivor size 2621440 bytes, new threshold 1 (max 1)
- age   1:    2551400 bytes,    2551400 total
: 46080K->5120K(46080K), 0.0209227 secs] 59020K->24513K(506880K), 0.0210306 secs] [Times: user=0.21 sys=0.01, real=0.02 secs] 
Heap after GC invocations=5 (full 1):
 par new generation   total 46080K, used 5120K [0x00000000e0c00000, 0x00000000e3e00000, 0x00000000e3e00000)
  eden space 40960K,   0% used [0x00000000e0c00000, 0x00000000e0c00000, 0x00000000e3400000)
  from space 5120K, 100% used [0x00000000e3900000, 0x00000000e3e00000, 0x00000000e3e00000)
  to   space 5120K,   0% used [0x00000000e3400000, 0x00000000e3400000, 0x00000000e3900000)
 concurrent mark-sweep generation total 460800K, used 19393K [0x00000000e3e00000, 0x0000000100000000, 0x0000000100000000)
 Metaspace       used 30632K, capacity 31320K, committed 31448K, reserved 1077248K
  class space    used 3533K, capacity 3730K, committed 3804K, reserved 1048576K
}
2022-02-08T17:23:00.466+0000: 2.842: Total time for which application threads were stopped: 0.0212962 seconds, Stopping threads took: 0.0000323 seconds
{Heap before GC invocations=5 (full 1):
 par new generation   total 46080K, used 46080K [0x00000000e0c00000, 0x00000000e3e00000, 0x00000000e3e00000)
  eden space 40960K, 100% used [0x00000000e0c00000, 0x00000000e3400000, 0x00000000e3400000)
  from space 5120K, 100% used [0x00000000e3900000, 0x00000000e3e00000, 0x00000000e3e00000)
  to   space 5120K,   0% used [0x00000000e3400000, 0x00000000e3400000, 0x00000000e3900000)
 concurrent mark-sweep generation total 460800K, used 19393K [0x00000000e3e00000, 0x0000000100000000, 0x0000000100000000)
 Metaspace       used 30632K, capacity 31320K, committed 31448K, reserved 1077248K
  class space    used 3533K, capacity 3730K, committed 3804K, reserved 1048576K
2022-02-08T17:23:00.558+0000: 2.934: [GC (Allocation Failure) 2022-02-08T17:23:00.558+0000: 2.934: [ParNew
Desired survivor size 2621440 bytes, new threshold 1 (max 1)
- age   1:    2097360 bytes,    2097360 total
: 46080K->2339K(46080K), 0.0253544 secs] 65473K->25030K(506880K), 0.0254477 secs] [Times: user=0.47 sys=0.02, real=0.03 secs] 
Heap after GC invocations=6 (full 1):
 par new generation   total 46080K, used 2339K [0x00000000e0c00000, 0x00000000e3e00000, 0x00000000e3e00000)
  eden space 40960K,   0% used [0x00000000e0c00000, 0x00000000e0c00000, 0x00000000e3400000)
  from space 5120K,  45% used [0x00000000e3400000, 0x00000000e3648e70, 0x00000000e3900000)
  to   space 5120K,   0% used [0x00000000e3900000, 0x00000000e3900000, 0x00000000e3e00000)
 concurrent mark-sweep generation total 460800K, used 22690K [0x00000000e3e00000, 0x0000000100000000, 0x0000000100000000)
 Metaspace       used 30632K, capacity 31320K, committed 31448K, reserved 1077248K
  class space    used 3533K, capacity 3730K, committed 3804K, reserved 1048576K
}
2022-02-08T17:23:00.584+0000: 2.960: Total time for which application threads were stopped: 0.0257018 seconds, Stopping threads took: 0.0000393 seconds
{Heap before GC invocations=6 (full 1):
 par new generation   total 46080K, used 43299K [0x00000000e0c00000, 0x00000000e3e00000, 0x00000000e3e00000)
  eden space 40960K, 100% used [0x00000000e0c00000, 0x00000000e3400000, 0x00000000e3400000)
  from space 5120K,  45% used [0x00000000e3400000, 0x00000000e3648e70, 0x00000000e3900000)
  to   space 5120K,   0% used [0x00000000e3900000, 0x00000000e3900000, 0x00000000e3e00000)
 concurrent mark-sweep generation total 460800K, used 22690K [0x00000000e3e00000, 0x0000000100000000, 0x0000000100000000)
 Metaspace       used 30632K, capacity 31320K, committed 31448K, reserved 1077248K
  class space    used 3533K, capacity 3730K, committed 3804K, reserved 1048576K
2022-02-08T17:23:00.641+0000: 3.017: [GC (Allocation Failure) 2022-02-08T17:23:00.641+0000: 3.017: [ParNew
Desired survivor size 2621440 bytes, new threshold 1 (max 1)
- age   1:    4194528 bytes,    4194528 total
: 43299K->4168K(46080K), 0.0334868 secs] 65990K->26859K(506880K), 0.0335792 secs] [Times: user=0.97 sys=0.00, real=0.03 secs] 
Heap after GC invocations=7 (full 1):
 par new generation   total 46080K, used 4168K [0x00000000e0c00000, 0x00000000e3e00000, 0x00000000e3e00000)
  eden space 40960K,   0% used [0x00000000e0c00000, 0x00000000e0c00000, 0x00000000e3400000)
  from space 5120K,  81% used [0x00000000e3900000, 0x00000000e3d12390, 0x00000000e3e00000)
  to   space 5120K,   0% used [0x00000000e3400000, 0x00000000e3400000, 0x00000000e3900000)
 concurrent mark-sweep generation total 460800K, used 22690K [0x00000000e3e00000, 0x0000000100000000, 0x0000000100000000)
 Metaspace       used 30632K, capacity 31320K, committed 31448K, reserved 1077248K
  class space    used 3533K, capacity 3730K, committed 3804K, reserved 1048576K
}
2022-02-08T17:23:00.674+0000: 3.050: Total time for which application threads were stopped: 0.0338446 seconds, Stopping threads took: 0.0000361 seconds
{Heap before GC invocations=7 (full 1):
 par new generation   total 46080K, used 45128K [0x00000000e0c00000, 0x00000000e3e00000, 0x00000000e3e00000)
  eden space 40960K, 100% used [0x00000000e0c00000, 0x00000000e3400000, 0x00000000e3400000)
  from space 5120K,  81% used [0x00000000e3900000, 0x00000000e3d12390, 0x00000000e3e00000)
  to   space 5120K,   0% used [0x00000000e3400000, 0x00000000e3400000, 0x00000000e3900000)
 concurrent mark-sweep generation total 460800K, used 22690K [0x00000000e3e00000, 0x0000000100000000, 0x0000000100000000)
 Metaspace       used 30632K, capacity 31320K, committed 31448K, reserved 1077248K
  class space    used 3533K, capacity 3730K, committed 3804K, reserved 1048576K
2022-02-08T17:23:00.721+0000: 3.097: [GC (Allocation Failure) 2022-02-08T17:23:00.721+0000: 3.097: [ParNew
Desired survivor size 2621440 bytes, new threshold 1 (max 1)
- age   1:         96 bytes,         96 total
: 45128K->13K(46080K), 0.0486525 secs] 67819K->26800K(506880K), 0.0487278 secs] [Times: user=1.32 sys=0.01, real=0.05 secs] 
Heap after GC invocations=8 (full 1):
 par new generation   total 46080K, used 13K [0x00000000e0c00000, 0x00000000e3e00000, 0x00000000e3e00000)
  eden space 40960K,   0% used [0x00000000e0c00000, 0x00000000e0c00000, 0x00000000e3400000)
  from space 5120K,   0% used [0x00000000e3400000, 0x00000000e34036a8, 0x00000000e3900000)
  to   space 5120K,   0% used [0x00000000e3900000, 0x00000000e3900000, 0x00000000e3e00000)
 concurrent mark-sweep generation total 460800K, used 26787K [0x00000000e3e00000, 0x0000000100000000, 0x0000000100000000)
 Metaspace       used 30632K, capacity 31320K, committed 31448K, reserved 1077248K
  class space    used 3533K, capacity 3730K, committed 3804K, reserved 1048576K
}
2022-02-08T17:23:00.770+0000: 3.146: Total time for which application threads were stopped: 0.0489765 seconds, Stopping threads took: 0.0000376 seconds
{Heap before GC invocations=8 (full 1):
 par new generation   total 46080K, used 40973K [0x00000000e0c00000, 0x00000000e3e00000, 0x00000000e3e00000)
  eden space 40960K, 100% used [0x00000000e0c00000, 0x00000000e3400000, 0x00000000e3400000)
  from space 5120K,   0% used [0x00000000e3400000, 0x00000000e34036a8, 0x00000000e3900000)
  to   space 5120K,   0% used [0x00000000e3900000, 0x00000000e3900000, 0x00000000e3e00000)
 concurrent mark-sweep generation total 460800K, used 26787K [0x00000000e3e00000, 0x0000000100000000, 0x0000000100000000)
 Metaspace       used 30632K, capacity 31320K, committed 31448K, reserved 1077248K
  class space    used 3533K, capacity 3730K, committed 3804K, reserved 1048576K
2022-02-08T17:23:00.817+0000: 3.193: [GC (Allocation Failure) 2022-02-08T17:23:00.817+0000: 3.193: [ParNew
Desired survivor size 2621440 bytes, new threshold 1 (max 1)
- age   1:         96 bytes,         96 total
: 40973K->6K(46080K), 0.0024896 secs] 67760K->26793K(506880K), 0.0025672 secs] [Times: user=0.03 sys=0.00, real=0.01 secs] 
Heap after GC invocations=9 (full 1):
 par new generation   total 46080K, used 6K [0x00000000e0c00000, 0x00000000e3e00000, 0x00000000e3e00000)
  eden space 40960K,   0% used [0x00000000e0c00000, 0x00000000e0c00000, 0x00000000e3400000)
  from space 5120K,   0% used [0x00000000e3900000, 0x00000000e3901830, 0x00000000e3e00000)
  to   space 5120K,   0% used [0x00000000e3400000, 0x00000000e3400000, 0x00000000e3900000)
 concurrent mark-sweep generation total 460800K, used 26787K [0x00000000e3e00000, 0x0000000100000000, 0x0000000100000000)
 Metaspace       used 30632K, capacity 31320K, committed 31448K, reserved 1077248K
  class space    used 3533K, capacity 3730K, committed 3804K, reserved 1048576K
}
2022-02-08T17:23:00.820+0000: 3.196: Total time for which application threads were stopped: 0.0027780 seconds, Stopping threads took: 0.0000265 seconds
2022-02-08T17:23:00.878+0000: 3.254: Total time for which application threads were stopped: 0.0006895 seconds, Stopping threads took: 0.0000435 seconds
{Heap before GC invocations=9 (full 1):
 par new generation   total 46080K, used 40966K [0x00000000e0c00000, 0x00000000e3e00000, 0x00000000e3e00000)
  eden space 40960K, 100% used [0x00000000e0c00000, 0x00000000e3400000, 0x00000000e3400000)
  from space 5120K,   0% used [0x00000000e3900000, 0x00000000e3901830, 0x00000000e3e00000)
  to   space 5120K,   0% used [0x00000000e3400000, 0x00000000e3400000, 0x00000000e3900000)
 concurrent mark-sweep generation total 460800K, used 26787K [0x00000000e3e00000, 0x0000000100000000, 0x0000000100000000)
 Metaspace       used 31751K, capacity 32462K, committed 32600K, reserved 1077248K
  class space    used 3673K, capacity 3891K, committed 3932K, reserved 1048576K
2022-02-08T17:23:00.977+0000: 3.353: [GC (Allocation Failure) 2022-02-08T17:23:00.977+0000: 3.353: [ParNew
Desired survivor size 2621440 bytes, new threshold 1 (max 1)
- age   1:    1388784 bytes,    1388784 total
: 40966K->1397K(46080K), 0.0650628 secs] 67753K->36376K(506880K), 0.0651801 secs] [Times: user=1.77 sys=0.00, real=0.07 secs] 
Heap after GC invocations=10 (full 1):
 par new generation   total 46080K, used 1397K [0x00000000e0c00000, 0x00000000e3e00000, 0x00000000e3e00000)
  eden space 40960K,   0% used [0x00000000e0c00000, 0x00000000e0c00000, 0x00000000e3400000)
  from space 5120K,  27% used [0x00000000e3400000, 0x00000000e355d4c0, 0x00000000e3900000)
  to   space 5120K,   0% used [0x00000000e3900000, 0x00000000e3900000, 0x00000000e3e00000)
 concurrent mark-sweep generation total 460800K, used 34979K [0x00000000e3e00000, 0x0000000100000000, 0x0000000100000000)
 Metaspace       used 31751K, capacity 32462K, committed 32600K, reserved 1077248K
  class space    used 3673K, capacity 3891K, committed 3932K, reserved 1048576K
}
2022-02-08T17:23:01.042+0000: 3.418: Total time for which application threads were stopped: 0.0655682 seconds, Stopping threads took: 0.0000491 seconds
{Heap before GC invocations=10 (full 1):
 par new generation   total 46080K, used 42357K [0x00000000e0c00000, 0x00000000e3e00000, 0x00000000e3e00000)
  eden space 40960K, 100% used [0x00000000e0c00000, 0x00000000e3400000, 0x00000000e3400000)
  from space 5120K,  27% used [0x00000000e3400000, 0x00000000e355d4c0, 0x00000000e3900000)
  to   space 5120K,   0% used [0x00000000e3900000, 0x00000000e3900000, 0x00000000e3e00000)
 concurrent mark-sweep generation total 460800K, used 34979K [0x00000000e3e00000, 0x0000000100000000, 0x0000000100000000)
 Metaspace       used 32039K, capacity 32824K, committed 33112K, reserved 1079296K
  class space    used 3692K, capacity 3898K, committed 3932K, reserved 1048576K
2022-02-08T17:23:01.177+0000: 3.553: [GC (Allocation Failure) 2022-02-08T17:23:01.177+0000: 3.553: [ParNew
Desired survivor size 2621440 bytes, new threshold 1 (max 1)
- age   1:    5221808 bytes,    5221808 total
: 42357K->5120K(46080K), 0.0072819 secs] 77336K->41634K(506880K), 0.0073716 secs] [Times: user=0.11 sys=0.00, real=0.01 secs] 
Heap after GC invocations=11 (full 1):
 par new generation   total 46080K, used 5120K [0x00000000e0c00000, 0x00000000e3e00000, 0x00000000e3e00000)
  eden space 40960K,   0% used [0x00000000e0c00000, 0x00000000e0c00000, 0x00000000e3400000)
  from space 5120K, 100% used [0x00000000e3900000, 0x00000000e3e00000, 0x00000000e3e00000)
  to   space 5120K,   0% used [0x00000000e3400000, 0x00000000e3400000, 0x00000000e3900000)
 concurrent mark-sweep generation total 460800K, used 36514K [0x00000000e3e00000, 0x0000000100000000, 0x0000000100000000)
 Metaspace       used 32039K, capacity 32824K, committed 33112K, reserved 1079296K
  class space    used 3692K, capacity 3898K, committed 3932K, reserved 1048576K
}
2022-02-08T17:23:01.184+0000: 3.560: Total time for which application threads were stopped: 0.0076542 seconds, Stopping threads took: 0.0000374 seconds
2022-02-08T17:23:01.462+0000: 3.838: Total time for which application threads were stopped: 0.0006558 seconds, Stopping threads took: 0.0000359 seconds
{Heap before GC invocations=11 (full 1):
 par new generation   total 46080K, used 46080K [0x00000000e0c00000, 0x00000000e3e00000, 0x00000000e3e00000)
  eden space 40960K, 100% used [0x00000000e0c00000, 0x00000000e3400000, 0x00000000e3400000)
  from space 5120K, 100% used [0x00000000e3900000, 0x00000000e3e00000, 0x00000000e3e00000)
  to   space 5120K,   0% used [0x00000000e3400000, 0x00000000e3400000, 0x00000000e3900000)
 concurrent mark-sweep generation total 460800K, used 36514K [0x00000000e3e00000, 0x0000000100000000, 0x0000000100000000)
 Metaspace       used 36123K, capacity 36954K, committed 37208K, reserved 1081344K
  class space    used 4970K, capacity 5209K, committed 5212K, reserved 1048576K
2022-02-08T17:23:01.565+0000: 3.941: [GC (Allocation Failure) 2022-02-08T17:23:01.565+0000: 3.941: [ParNew
Desired survivor size 2621440 bytes, new threshold 1 (max 1)
- age   1:    3786992 bytes,    3786992 total
: 46080K->5120K(46080K), 0.0381245 secs] 82594K->49089K(506880K), 0.0382265 secs] [Times: user=0.24 sys=0.03, real=0.04 secs] 
Heap after GC invocations=12 (full 1):
 par new generation   total 46080K, used 5120K [0x00000000e0c00000, 0x00000000e3e00000, 0x00000000e3e00000)
  eden space 40960K,   0% used [0x00000000e0c00000, 0x00000000e0c00000, 0x00000000e3400000)
  from space 5120K, 100% used [0x00000000e3400000, 0x00000000e3900000, 0x00000000e3900000)
  to   space 5120K,   0% used [0x00000000e3900000, 0x00000000e3900000, 0x00000000e3e00000)
 concurrent mark-sweep generation total 460800K, used 43969K [0x00000000e3e00000, 0x0000000100000000, 0x0000000100000000)
 Metaspace       used 36123K, capacity 36954K, committed 37208K, reserved 1081344K
  class space    used 4970K, capacity 5209K, committed 5212K, reserved 1048576K
}
2022-02-08T17:23:01.603+0000: 3.979: Total time for which application threads were stopped: 0.0386310 seconds, Stopping threads took: 0.0000979 seconds
2022-02-08T17:23:01.973+0000: 4.349: Total time for which application threads were stopped: 0.0003626 seconds, Stopping threads took: 0.0000448 seconds
{Heap before GC invocations=12 (full 1):
 par new generation   total 46080K, used 46080K [0x00000000e0c00000, 0x00000000e3e00000, 0x00000000e3e00000)
  eden space 40960K, 100% used [0x00000000e0c00000, 0x00000000e3400000, 0x00000000e3400000)
  from space 5120K, 100% used [0x00000000e3400000, 0x00000000e3900000, 0x00000000e3900000)
  to   space 5120K,   0% used [0x00000000e3900000, 0x00000000e3900000, 0x00000000e3e00000)
 concurrent mark-sweep generation total 460800K, used 43969K [0x00000000e3e00000, 0x0000000100000000, 0x0000000100000000)
 Metaspace       used 38964K, capacity 40042K, committed 40152K, reserved 1083392K
  class space    used 5299K, capacity 5582K, committed 5596K, reserved 1048576K
2022-02-08T17:23:02.025+0000: 4.401: [GC (Allocation Failure) 2022-02-08T17:23:02.025+0000: 4.401: [ParNew
Desired survivor size 2621440 bytes, new threshold 1 (max 1)
- age   1:    3789184 bytes,    3789184 total
: 46080K->5119K(46080K), 0.0171991 secs] 90049K->63389K(506880K), 0.0173024 secs] [Times: user=0.17 sys=0.02, real=0.02 secs] 
Heap after GC invocations=13 (full 1):
 par new generation   total 46080K, used 5119K [0x00000000e0c00000, 0x00000000e3e00000, 0x00000000e3e00000)
  eden space 40960K,   0% used [0x00000000e0c00000, 0x00000000e0c00000, 0x00000000e3400000)
  from space 5120K,  99% used [0x00000000e3900000, 0x00000000e3dffff8, 0x00000000e3e00000)
  to   space 5120K,   0% used [0x00000000e3400000, 0x00000000e3400000, 0x00000000e3900000)
 concurrent mark-sweep generation total 460800K, used 58269K [0x00000000e3e00000, 0x0000000100000000, 0x0000000100000000)
 Metaspace       used 38964K, capacity 40042K, committed 40152K, reserved 1083392K
  class space    used 5299K, capacity 5582K, committed 5596K, reserved 1048576K
}
2022-02-08T17:23:02.043+0000: 4.419: Total time for which application threads were stopped: 0.0176871 seconds, Stopping threads took: 0.0000606 seconds
2022-02-08T17:23:02.094+0000: 4.470: Total time for which application threads were stopped: 0.0009152 seconds, Stopping threads took: 0.0000533 seconds
2022-02-08T17:23:02.095+0000: 4.471: Total time for which application threads were stopped: 0.0003240 seconds, Stopping threads took: 0.0000236 seconds
2022-02-08T17:23:02.115+0000: 4.491: Total time for which application threads were stopped: 0.0009940 seconds, Stopping threads took: 0.0000485 seconds
2022-02-08T17:23:02.117+0000: 4.493: Total time for which application threads were stopped: 0.0003449 seconds, Stopping threads took: 0.0000253 seconds
2022-02-08T17:23:02.363+0000: 4.739: Total time for which application threads were stopped: 0.0008996 seconds, Stopping threads took: 0.0000304 seconds
2022-02-08T17:23:02.817+0000: 5.193: Total time for which application threads were stopped: 0.0009846 seconds, Stopping threads took: 0.0000428 seconds
2022-02-08T17:23:02.924+0000: 5.300: Total time for which application threads were stopped: 0.0008261 seconds, Stopping threads took: 0.0000467 seconds
2022-02-08T17:23:02.994+0000: 5.370: Total time for which application threads were stopped: 0.0002740 seconds, Stopping threads took: 0.0000360 seconds
2022-02-08T17:23:03.017+0000: 5.393: Total time for which application threads were stopped: 0.0004181 seconds, Stopping threads took: 0.0000294 seconds
{Heap before GC invocations=13 (full 1):
 par new generation   total 46080K, used 46079K [0x00000000e0c00000, 0x00000000e3e00000, 0x00000000e3e00000)
  eden space 40960K, 100% used [0x00000000e0c00000, 0x00000000e3400000, 0x00000000e3400000)
  from space 5120K,  99% used [0x00000000e3900000, 0x00000000e3dffff8, 0x00000000e3e00000)
  to   space 5120K,   0% used [0x00000000e3400000, 0x00000000e3400000, 0x00000000e3900000)
 concurrent mark-sweep generation total 460800K, used 58269K [0x00000000e3e00000, 0x0000000100000000, 0x0000000100000000)
 Metaspace       used 43018K, capacity 44468K, committed 44808K, reserved 1087488K
  class space    used 5869K, capacity 6286K, committed 6364K, reserved 1048576K
2022-02-08T17:23:03.018+0000: 5.394: [GC (Allocation Failure) 2022-02-08T17:23:03.018+0000: 5.394: [ParNew
Desired survivor size 2621440 bytes, new threshold 1 (max 1)
- age   1:    4377552 bytes,    4377552 total
: 46079K->5120K(46080K), 0.0204596 secs] 104349K->70360K(506880K), 0.0206059 secs] [Times: user=0.12 sys=0.02, real=0.03 secs] 
Heap after GC invocations=14 (full 1):
 par new generation   total 46080K, used 5120K [0x00000000e0c00000, 0x00000000e3e00000, 0x00000000e3e00000)
  eden space 40960K,   0% used [0x00000000e0c00000, 0x00000000e0c00000, 0x00000000e3400000)
  from space 5120K, 100% used [0x00000000e3400000, 0x00000000e3900000, 0x00000000e3900000)
  to   space 5120K,   0% used [0x00000000e3900000, 0x00000000e3900000, 0x00000000e3e00000)
 concurrent mark-sweep generation total 460800K, used 65240K [0x00000000e3e00000, 0x0000000100000000, 0x0000000100000000)
 Metaspace       used 43018K, capacity 44468K, committed 44808K, reserved 1087488K
  class space    used 5869K, capacity 6286K, committed 6364K, reserved 1048576K
}
2022-02-08T17:23:03.039+0000: 5.415: Total time for which application threads were stopped: 0.0209301 seconds, Stopping threads took: 0.0000305 seconds
2022-02-08T17:23:03.039+0000: 5.415: [GC (CMS Initial Mark) [1 CMS-initial-mark: 65240K(460800K)] 71487K(506880K), 0.0023313 secs] [Times: user=0.01 sys=0.00, real=0.00 secs] 
2022-02-08T17:23:03.042+0000: 5.418: Total time for which application threads were stopped: 0.0026506 seconds, Stopping threads took: 0.0001051 seconds
2022-02-08T17:23:03.042+0000: 5.418: [CMS-concurrent-mark-start]
2022-02-08T17:23:03.055+0000: 5.431: [CMS-concurrent-mark: 0.013/0.013 secs] [Times: user=0.13 sys=0.00, real=0.01 secs] 
2022-02-08T17:23:03.055+0000: 5.431: [CMS-concurrent-preclean-start]
2022-02-08T17:23:03.056+0000: 5.432: [CMS-concurrent-preclean: 0.001/0.001 secs] [Times: user=0.00 sys=0.00, real=0.00 secs] 
2022-02-08T17:23:03.056+0000: 5.432: [GC (CMS Final Remark) [YG occupancy: 6973 K (46080 K)]2022-02-08T17:23:03.056+0000: 5.432: [Rescan (parallel) , 0.0015757 secs]2022-02-08T17:23:03.058+0000: 5.434: [weak refs processing, 0.0006936 secs]2022-02-08T17:23:03.058+0000: 5.434: [class unloading, 0.0069442 secs]2022-02-08T17:23:03.065+0000: 5.441: [scrub symbol table, 0.0050552 secs]2022-02-08T17:23:03.070+0000: 5.446: [scrub string table, 0.0009204 secs][1 CMS-remark: 65240K(460800K)] 72213K(506880K), 0.0153506 secs] [Times: user=0.05 sys=0.00, real=0.02 secs] 
2022-02-08T17:23:03.071+0000: 5.447: Total time for which application threads were stopped: 0.0155789 seconds, Stopping threads took: 0.0000361 seconds
2022-02-08T17:23:03.071+0000: 5.448: [CMS-concurrent-sweep-start]
2022-02-08T17:23:03.100+0000: 5.476: [CMS-concurrent-sweep: 0.028/0.028 secs] [Times: user=0.07 sys=0.01, real=0.03 secs] 
2022-02-08T17:23:03.100+0000: 5.476: [CMS-concurrent-reset-start]
2022-02-08T17:23:03.101+0000: 5.477: [CMS-concurrent-reset: 0.001/0.001 secs] [Times: user=0.00 sys=0.00, real=0.00 secs] 
2022-02-08T17:23:03.711+0000: 6.087: Total time for which application threads were stopped: 0.0003994 seconds, Stopping threads took: 0.0000441 seconds
2022-02-08T17:23:04.218+0000: 6.594: Total time for which application threads were stopped: 0.0008927 seconds, Stopping threads took: 0.0000321 seconds
2022-02-08T17:23:04.222+0000: 6.598: Total time for which application threads were stopped: 0.0004782 seconds, Stopping threads took: 0.0000264 seconds
{Heap before GC invocations=14 (full 2):
 par new generation   total 46080K, used 46080K [0x00000000e0c00000, 0x00000000e3e00000, 0x00000000e3e00000)
  eden space 40960K, 100% used [0x00000000e0c00000, 0x00000000e3400000, 0x00000000e3400000)
  from space 5120K, 100% used [0x00000000e3400000, 0x00000000e3900000, 0x00000000e3900000)
  to   space 5120K,   0% used [0x00000000e3900000, 0x00000000e3900000, 0x00000000e3e00000)
 concurrent mark-sweep generation total 460800K, used 35042K [0x00000000e3e00000, 0x0000000100000000, 0x0000000100000000)
 Metaspace       used 45103K, capacity 46898K, committed 47192K, reserved 1089536K
  class space    used 6177K, capacity 6631K, committed 6748K, reserved 1048576K
2022-02-08T17:23:04.747+0000: 7.123: [GC (Allocation Failure) 2022-02-08T17:23:04.747+0000: 7.123: [ParNew
Desired survivor size 2621440 bytes, new threshold 1 (max 1)
- age   1:    2869392 bytes,    2869392 total
: 46080K->5119K(46080K), 0.0173707 secs] 81122K->47345K(506880K), 0.0175068 secs] [Times: user=0.07 sys=0.07, real=0.01 secs] 
Heap after GC invocations=15 (full 2):
 par new generation   total 46080K, used 5119K [0x00000000e0c00000, 0x00000000e3e00000, 0x00000000e3e00000)
  eden space 40960K,   0% used [0x00000000e0c00000, 0x00000000e0c00000, 0x00000000e3400000)
  from space 5120K,  99% used [0x00000000e3900000, 0x00000000e3dffff8, 0x00000000e3e00000)
  to   space 5120K,   0% used [0x00000000e3400000, 0x00000000e3400000, 0x00000000e3900000)
 concurrent mark-sweep generation total 460800K, used 42225K [0x00000000e3e00000, 0x0000000100000000, 0x0000000100000000)
 Metaspace       used 45103K, capacity 46898K, committed 47192K, reserved 1089536K
  class space    used 6177K, capacity 6631K, committed 6748K, reserved 1048576K
}
2022-02-08T17:23:04.765+0000: 7.141: Total time for which application threads were stopped: 0.0186556 seconds, Stopping threads took: 0.0002861 seconds
2022-02-08T17:23:05.765+0000: 8.141: Total time for which application threads were stopped: 0.0002602 seconds, Stopping threads took: 0.0000456 seconds
2022-02-08T17:23:06.765+0000: 9.142: Total time for which application threads were stopped: 0.0003236 seconds, Stopping threads took: 0.0000511 seconds
{Heap before GC invocations=15 (full 2):
 par new generation   total 46080K, used 46079K [0x00000000e0c00000, 0x00000000e3e00000, 0x00000000e3e00000)
  eden space 40960K, 100% used [0x00000000e0c00000, 0x00000000e3400000, 0x00000000e3400000)
  from space 5120K,  99% used [0x00000000e3900000, 0x00000000e3dffff8, 0x00000000e3e00000)
  to   space 5120K,   0% used [0x00000000e3400000, 0x00000000e3400000, 0x00000000e3900000)
 concurrent mark-sweep generation total 460800K, used 42225K [0x00000000e3e00000, 0x0000000100000000, 0x0000000100000000)
 Metaspace       used 45529K, capacity 47416K, committed 47704K, reserved 1089536K
  class space    used 6223K, capacity 6696K, committed 6748K, reserved 1048576K
2022-02-08T17:23:07.185+0000: 9.561: [GC (Allocation Failure) 2022-02-08T17:23:07.185+0000: 9.561: [ParNew
Desired survivor size 2621440 bytes, new threshold 1 (max 1)
- age   1:    4489376 bytes,    4489376 total
: 46079K->5063K(46080K), 0.0087614 secs] 88305K->49478K(506880K), 0.0089066 secs] [Times: user=0.12 sys=0.00, real=0.01 secs] 
Heap after GC invocations=16 (full 2):
 par new generation   total 46080K, used 5063K [0x00000000e0c00000, 0x00000000e3e00000, 0x00000000e3e00000)
  eden space 40960K,   0% used [0x00000000e0c00000, 0x00000000e0c00000, 0x00000000e3400000)
  from space 5120K,  98% used [0x00000000e3400000, 0x00000000e38f1d00, 0x00000000e3900000)
  to   space 5120K,   0% used [0x00000000e3900000, 0x00000000e3900000, 0x00000000e3e00000)
 concurrent mark-sweep generation total 460800K, used 44415K [0x00000000e3e00000, 0x0000000100000000, 0x0000000100000000)
 Metaspace       used 45529K, capacity 47416K, committed 47704K, reserved 1089536K
  class space    used 6223K, capacity 6696K, committed 6748K, reserved 1048576K
}
2022-02-08T17:23:07.194+0000: 9.570: Total time for which application threads were stopped: 0.0094956 seconds, Stopping threads took: 0.0000581 seconds
2022-02-08T17:23:08.177+0000: 10.553: Total time for which application threads were stopped: 0.0007999 seconds, Stopping threads took: 0.0000738 seconds
2022-02-08T17:23:08.302+0000: 10.678: Total time for which application threads were stopped: 0.0013354 seconds, Stopping threads took: 0.0000473 seconds
2022-02-08T17:23:09.302+0000: 11.678: Total time for which application threads were stopped: 0.0003811 seconds, Stopping threads took: 0.0000475 seconds
2022-02-08T17:23:11.303+0000: 13.679: Total time for which application threads were stopped: 0.0003863 seconds, Stopping threads took: 0.0000633 seconds
2022-02-08T17:23:12.303+0000: 14.679: Total time for which application threads were stopped: 0.0003124 seconds, Stopping threads took: 0.0000604 seconds
2022-02-08T17:23:13.304+0000: 15.680: Total time for which application threads were stopped: 0.0003487 seconds, Stopping threads took: 0.0000651 seconds
2022-02-08T17:23:18.305+0000: 20.681: Total time for which application threads were stopped: 0.0003313 seconds, Stopping threads took: 0.0000829 seconds
{Heap before GC invocations=16 (full 2):
 par new generation   total 46080K, used 45513K [0x00000000e0c00000, 0x00000000e3e00000, 0x00000000e3e00000)
  eden space 40960K,  98% used [0x00000000e0c00000, 0x00000000e3380a28, 0x00000000e3400000)
  from space 5120K,  98% used [0x00000000e3400000, 0x00000000e38f1d00, 0x00000000e3900000)
  to   space 5120K,   0% used [0x00000000e3900000, 0x00000000e3900000, 0x00000000e3e00000)
 concurrent mark-sweep generation total 460800K, used 44415K [0x00000000e3e00000, 0x0000000100000000, 0x0000000100000000)
 Metaspace       used 47725K, capacity 49980K, committed 50136K, reserved 1091584K
  class space    used 6547K, capacity 7100K, committed 7132K, reserved 1048576K
2022-02-08T17:23:18.436+0000: 20.812: [GC (Allocation Failure) 2022-02-08T17:23:18.436+0000: 20.812: [ParNew
Desired survivor size 2621440 bytes, new threshold 1 (max 1)
- age   1:    4675968 bytes,    4675968 total
: 45513K->5120K(46080K), 0.0269083 secs] 89929K->59091K(506880K), 0.0271010 secs] [Times: user=0.12 sys=0.05, real=0.03 secs] 
Heap after GC invocations=17 (full 2):
 par new generation   total 46080K, used 5120K [0x00000000e0c00000, 0x00000000e3e00000, 0x00000000e3e00000)
  eden space 40960K,   0% used [0x00000000e0c00000, 0x00000000e0c00000, 0x00000000e3400000)
  from space 5120K, 100% used [0x00000000e3900000, 0x00000000e3e00000, 0x00000000e3e00000)
  to   space 5120K,   0% used [0x00000000e3400000, 0x00000000e3400000, 0x00000000e3900000)
 concurrent mark-sweep generation total 460800K, used 53971K [0x00000000e3e00000, 0x0000000100000000, 0x0000000100000000)
 Metaspace       used 47725K, capacity 49980K, committed 50136K, reserved 1091584K
  class space    used 6547K, capacity 7100K, committed 7132K, reserved 1048576K
}
2022-02-08T17:23:18.463+0000: 20.839: Total time for which application threads were stopped: 0.0278313 seconds, Stopping threads took: 0.0001271 seconds
2022-02-08T17:23:18.467+0000: 20.843: Total time for which application threads were stopped: 0.0012678 seconds, Stopping threads took: 0.0000767 seconds
2022-02-08T17:23:19.468+0000: 21.844: Total time for which application threads were stopped: 0.0011396 seconds, Stopping threads took: 0.0004402 seconds
2022-02-08T17:23:20.469+0000: 22.845: Total time for which application threads were stopped: 0.0005551 seconds, Stopping threads took: 0.0000828 seconds
2022-02-08T17:23:20.786+0000: 23.162: Total time for which application threads were stopped: 0.0027596 seconds, Stopping threads took: 0.0000650 seconds
2022-02-08T17:23:21.787+0000: 24.163: Total time for which application threads were stopped: 0.0006493 seconds, Stopping threads took: 0.0001311 seconds
{Heap before GC invocations=17 (full 2):
 par new generation   total 46080K, used 45813K [0x00000000e0c00000, 0x00000000e3e00000, 0x00000000e3e00000)
  eden space 40960K,  99% used [0x00000000e0c00000, 0x00000000e33bd678, 0x00000000e3400000)
  from space 5120K, 100% used [0x00000000e3900000, 0x00000000e3e00000, 0x00000000e3e00000)
  to   space 5120K,   0% used [0x00000000e3400000, 0x00000000e3400000, 0x00000000e3900000)
 concurrent mark-sweep generation total 460800K, used 53971K [0x00000000e3e00000, 0x0000000100000000, 0x0000000100000000)
 Metaspace       used 49018K, capacity 51742K, committed 51928K, reserved 1093632K
  class space    used 6744K, capacity 7355K, committed 7388K, reserved 1048576K
2022-02-08T17:23:22.002+0000: 24.378: [GC (Allocation Failure) 2022-02-08T17:23:22.002+0000: 24.378: [ParNew
Desired survivor size 2621440 bytes, new threshold 1 (max 1)
- age   1:    3616600 bytes,    3616600 total
: 45813K->5120K(46080K), 0.0228549 secs] 99785K->73926K(506880K), 0.0230823 secs] [Times: user=0.17 sys=0.07, real=0.02 secs] 
